# ggml-rd L1, 2026-09-23T07:17:19Z, 2026.13.1-1-g84792eb15
== fixed-layout check on the built kernels (must pass): add_f32 mul_f32 mul_mat_tiled_f32_f32 mul_mat_tiled_f16_f32 mul_mat_tiled_bf16_f32 mul_mat_tiled_f16_f16 mul_mat_vec_f32_f32 mul_mat_vec_f16_f32 mul_mat_vec_bf16_f32 mul_mat_vec_f16_f16 mul_mat_serial_tiled_f32_f32 mul_mat_serial_tiled_f16_f32 mul_mat_serial_tiled_bf16_f32 mul_mat_serial_tiled_f16_f16 mul_mat_serial_vec_f32_f32 mul_mat_serial_vec_f16_f32 mul_mat_serial_vec_bf16_f32 mul_mat_serial_vec_f16_f16 
layout ok: add_f32, mul_f32, mul_mat_tiled_f32_f32, mul_mat_tiled_f16_f32, mul_mat_tiled_bf16_f32, mul_mat_tiled_f16_f16, mul_mat_vec_f32_f32, mul_mat_vec_f16_f32, mul_mat_vec_bf16_f32, mul_mat_vec_f16_f16, mul_mat_serial_tiled_f32_f32, mul_mat_serial_tiled_f16_f32, mul_mat_serial_tiled_bf16_f32, mul_mat_serial_tiled_f16_f16, mul_mat_serial_vec_f32_f32, mul_mat_serial_vec_f16_f32, mul_mat_serial_vec_bf16_f32, mul_mat_serial_vec_f16_f16
PASS layout
== negative: add_f32 at slangc's default -O1 with -preserve-params (must fail)
layout error: add_f32_o1: SPIR-V layout differs: missing ['s2'], extra [], wrong []
PASS the -O1 build is refused
== negative: kernels/avbd saxpby, another layout (must fail)
layout error: saxpby: SPIR-V layout differs: missing ['s0', 's1', 's2', 'slot'], extra ['x', 'y'], wrong ["dst=(0, 3, 'storage', True) want (0, 4, 'storage', True)", "params=(0, 0, 'uniform', None) want (0, 0, 'storage', False)"]
PASS saxpby is refused
== negative: slangc -target cpp on a kernel with a group barrier, mul_mat_tiled_f16_f32 (must fail)
PASS refused: error[E36107]: unavailable features in entry point, at see using of 'GroupMemoryBarrierWithGroupSync'
== negative: a cpp_siblings pair with different thread groups, mul_mat_tiled_f16_f32 -> mul_mat_serial_vec_f16_f32 (must fail)
layout error: sibling pair mul_mat_tiled_f16_f32 -> mul_mat_serial_vec_f16_f32: thread groups [16, 16, 1] and [32, 8, 1] differ
PASS the mismatched pair is refused
== cpp emits compiled for riscv64 (clang version 23.1.1 (https://github.com/llvm/llvm-project 6dfe1677ab8dffbc6ec13d53a1e0215d75147689))
PASS riscv64 add_f32 (3784 bytes of object)
PASS riscv64 mul_f32 (3784 bytes of object)
SKIP riscv64 mul_mat_tiled_f32_f32 (GPU-only: cpp_siblings.txt names its sibling)
SKIP riscv64 mul_mat_tiled_f16_f32 (GPU-only: cpp_siblings.txt names its sibling)
SKIP riscv64 mul_mat_tiled_bf16_f32 (GPU-only: cpp_siblings.txt names its sibling)
SKIP riscv64 mul_mat_tiled_f16_f16 (GPU-only: cpp_siblings.txt names its sibling)
SKIP riscv64 mul_mat_vec_f32_f32 (GPU-only: cpp_siblings.txt names its sibling)
SKIP riscv64 mul_mat_vec_f16_f32 (GPU-only: cpp_siblings.txt names its sibling)
SKIP riscv64 mul_mat_vec_bf16_f32 (GPU-only: cpp_siblings.txt names its sibling)
SKIP riscv64 mul_mat_vec_f16_f16 (GPU-only: cpp_siblings.txt names its sibling)
PASS riscv64 mul_mat_serial_tiled_f32_f32 (8048 bytes of object)
PASS riscv64 mul_mat_serial_tiled_f16_f32 (9792 bytes of object)
PASS riscv64 mul_mat_serial_tiled_bf16_f32 (8464 bytes of object)
PASS riscv64 mul_mat_serial_tiled_f16_f16 (11480 bytes of object)
PASS riscv64 mul_mat_serial_vec_f32_f32 (6504 bytes of object)
PASS riscv64 mul_mat_serial_vec_f16_f32 (6952 bytes of object)
PASS riscv64 mul_mat_serial_vec_bf16_f32 (6536 bytes of object)
PASS riscv64 mul_mat_serial_vec_f16_f16 (8688 bytes of object)
RESULT: PASS
