ggml-rd L2: 157 cases, 8 packers, 17 kernels, control=none
OK   CPY f32->f32 [256,4,4,4]                     out=[256,4,4,4]        dispatches=1 nmse=0.000e+00 (max 0e+00) exact=16384/16384
OK   CPY f32->f32 [256,2,3,4] psrc[0,2,1,3]       out=[256,3,2,4]        dispatches=1 nmse=0.000e+00 (max 0e+00) exact=6144/6144
OK   CPY f32->f16 [256,4,4,4]                     out=[256,4,4,4]        dispatches=1 nmse=0.000e+00 (max 1e-06) exact=16384/16384
OK   CPY f32->f16 [256,2,3,4] psrc[0,2,1,3]       out=[256,3,2,4]        dispatches=1 nmse=0.000e+00 (max 1e-06) exact=6144/6144
OK   CPY f32->bf16 [256,4,4,4]                    out=[256,4,4,4]        dispatches=1 nmse=0.000e+00 (max 1e-06) exact=16384/16384
OK   CPY f32->bf16 [256,2,3,4] psrc[0,2,1,3]      out=[256,3,2,4]        dispatches=1 nmse=0.000e+00 (max 1e-06) exact=6144/6144
OK   CPY f16->f32 [256,4,4,4]                     out=[256,4,4,4]        dispatches=1 nmse=0.000e+00 (max 1e-06) exact=16384/16384
OK   CPY f16->f32 [256,2,3,4] psrc[0,2,1,3]       out=[256,3,2,4]        dispatches=1 nmse=0.000e+00 (max 1e-06) exact=6144/6144
OK   CPY f16->f16 [256,4,4,4]                     out=[256,4,4,4]        dispatches=1 nmse=0.000e+00 (max 0e+00) exact=16384/16384
OK   CPY f16->f16 [256,2,3,4] psrc[0,2,1,3]       out=[256,3,2,4]        dispatches=1 nmse=0.000e+00 (max 0e+00) exact=6144/6144
OK   CPY f16->bf16 [256,4,4,4]                    out=[256,4,4,4]        dispatches=1 nmse=0.000e+00 (max 1e-06) exact=16384/16384
OK   CPY f16->bf16 [256,2,3,4] psrc[0,2,1,3]      out=[256,3,2,4]        dispatches=1 nmse=0.000e+00 (max 1e-06) exact=6144/6144
OK   CPY bf16->f32 [256,4,4,4]                    out=[256,4,4,4]        dispatches=1 nmse=0.000e+00 (max 1e-06) exact=16384/16384
OK   CPY bf16->f32 [256,2,3,4] psrc[0,2,1,3]      out=[256,3,2,4]        dispatches=1 nmse=0.000e+00 (max 1e-06) exact=6144/6144
OK   CPY bf16->f16 [256,4,4,4]                    out=[256,4,4,4]        dispatches=1 nmse=0.000e+00 (max 1e-06) exact=16384/16384
OK   CPY bf16->f16 [256,2,3,4] psrc[0,2,1,3]      out=[256,3,2,4]        dispatches=1 nmse=0.000e+00 (max 1e-06) exact=6144/6144
OK   CPY bf16->bf16 [256,4,4,4]                   out=[256,4,4,4]        dispatches=1 nmse=0.000e+00 (max 0e+00) exact=16384/16384
OK   CPY bf16->bf16 [256,2,3,4] psrc[0,2,1,3]     out=[256,3,2,4]        dispatches=1 nmse=0.000e+00 (max 0e+00) exact=6144/6144
OK   CPY f32->f32 [256,2,3,4] psrc[1,0,2,3]       out=[2,256,3,4]        dispatches=1 nmse=0.000e+00 (max 0e+00) exact=6144/6144
OK   CPY f32->f16 [256,2,3,4] psrc[1,0,2,3]       out=[2,256,3,4]        dispatches=1 nmse=0.000e+00 (max 1e-06) exact=6144/6144
OK   CPY f16->f32 [256,2,3,4] psrc[1,0,2,3]       out=[2,256,3,4]        dispatches=1 nmse=0.000e+00 (max 1e-06) exact=6144/6144
OK   CPY f16->f16 [256,2,3,4] psrc[1,0,2,3]       out=[2,256,3,4]        dispatches=1 nmse=0.000e+00 (max 0e+00) exact=6144/6144
OK   CPY f32->f32 [1,2,3,4] psrc[0,3,1,2] pdst[0,2,1,3] out=[1,4,3,2]          dispatches=1 nmse=0.000e+00 (max 0e+00) exact=24/24
OK   CPY f32->f32 [2,2,3,4] psrc[0,3,1,2] pdst[0,2,1,3] out=[2,4,3,2]          dispatches=1 nmse=0.000e+00 (max 0e+00) exact=48/48
OK   CPY f32->f32 [3,2,3,4] psrc[0,3,1,2] pdst[0,2,1,3] out=[3,4,3,2]          dispatches=1 nmse=0.000e+00 (max 0e+00) exact=72/72
OK   CPY f16->f16 [1,2,3,4] psrc[0,3,1,2] pdst[0,2,1,3] out=[1,4,3,2]          dispatches=1 nmse=0.000e+00 (max 0e+00) exact=24/24
OK   CPY f16->f16 [2,2,3,4] psrc[0,3,1,2] pdst[0,2,1,3] out=[2,4,3,2]          dispatches=1 nmse=0.000e+00 (max 0e+00) exact=48/48
OK   CPY f16->f16 [3,2,3,4] psrc[0,3,1,2] pdst[0,2,1,3] out=[3,4,3,2]          dispatches=1 nmse=0.000e+00 (max 0e+00) exact=72/72
OK   CPY bf16->bf16 [1,2,3,4] psrc[0,3,1,2] pdst[0,2,1,3] out=[1,4,3,2]          dispatches=1 nmse=0.000e+00 (max 0e+00) exact=24/24
OK   CPY bf16->bf16 [2,2,3,4] psrc[0,3,1,2] pdst[0,2,1,3] out=[2,4,3,2]          dispatches=1 nmse=0.000e+00 (max 0e+00) exact=48/48
OK   CPY bf16->bf16 [3,2,3,4] psrc[0,3,1,2] pdst[0,2,1,3] out=[3,4,3,2]          dispatches=1 nmse=0.000e+00 (max 0e+00) exact=72/72
OK   CPY f16->f16 [256,4,3,1] T                   out=[4,256,3,1]        dispatches=1 nmse=0.000e+00 (max 0e+00) exact=3072/3072
OK   CPY bf16->bf16 [256,4,3,1] T                 out=[4,256,3,1]        dispatches=1 nmse=0.000e+00 (max 0e+00) exact=3072/3072
OK   CPY f32->f32 [256,4,3,3] T                   out=[4,256,3,3]        dispatches=1 nmse=0.000e+00 (max 0e+00) exact=9216/9216
OK   CPY f16->f16 [128,2,3,1] to [128,2,3,1] alloc[128,4,3,1] out=[128,2,3,1]        dispatches=1 nmse=0.000e+00 (max 0e+00) exact=768/768
OK   CPY f32->f16 [7,5,3,1] to [7,5,3,1] alloc[9,5,3,1] out=[7,5,3,1]          dispatches=1 nmse=0.000e+00 (max 1e-06) exact=105/105
OK   CPY f32->bf16 [3,5,7,1] pdst[2,0,1,3]        out=[5,7,3,1]          dispatches=1 nmse=0.000e+00 (max 1e-06) exact=105/105
OK   CPY f32->f32 [5,7,32,3] to [3,5,7,32]        out=[3,5,7,32]         dispatches=1 nmse=0.000e+00 (max 0e+00) exact=3360/3360
OK   CPY f16->f16 [7,3,32,5] to [32,7,5,3]        out=[32,7,5,3]         dispatches=1 nmse=0.000e+00 (max 0e+00) exact=3360/3360
OK   CPY f32->f16 [32,3,7,5] to [3,5,7,32] psrc[1,0,2,3] out=[3,5,7,32]         dispatches=1 nmse=0.000e+00 (max 1e-06) exact=3360/3360
OK   CPY f32->f32 [128,8,2,514] psrc[0,2,1,3]     out=[128,2,8,514]      dispatches=1 nmse=0.000e+00 (max 0e+00) exact=1052672/1052672
OK   CPY f16->f16 [1024,1024,1,1] psrc[0,2,1,3]   out=[1024,1,1024,1]    dispatches=1 nmse=0.000e+00 (max 0e+00) exact=1048576/1048576
OK   CPY bf16->f32 [1536,7,1,1]                   out=[1536,7,1,1]       dispatches=1 nmse=0.000e+00 (max 1e-06) exact=10752/10752
OK   CPY f32->f16->f32 wide range [4099,3]        out=[4099,3,1,1]       dispatches=2 nmse=0.000e+00 (max 1e-06) exact=12297/12297
OK   CPY f32->f16->f32 subnormal range [4099,3]   out=[4099,3,1,1]       dispatches=2 nmse=0.000e+00 (max 1e-04) exact=12297/12297
OK   DUP f32 [10,10,5,1] perm [1,0,2,3]           out=[10,10,5,1]        dispatches=1 nmse=0.000e+00 (max 0e+00) exact=500/500
OK   DUP f16 [10,10,5,1] perm [1,0,2,3]           out=[10,10,5,1]        dispatches=1 nmse=0.000e+00 (max 0e+00) exact=500/500
OK   CONT f32 transpose [1,8,17,1]                out=[8,1,17,1]         dispatches=1 nmse=0.000e+00 (max 0e+00) exact=136/136
OK   CONT f16 transpose [1,8,17,1]                out=[8,1,17,1]         dispatches=1 nmse=0.000e+00 (max 0e+00) exact=136/136
OK   CONT bf16 transpose [1,8,17,1]               out=[8,1,17,1]         dispatches=1 nmse=0.000e+00 (max 0e+00) exact=136/136
OK   CONT f32 view slice [2,3,5,7]                out=[2,1,5,7]          dispatches=1 nmse=0.000e+00 (max 0e+00) exact=70/70
OK   GET_ROWS f32 n=256 m=5 r=4 b=1,1             out=[256,4,1,1]        dispatches=1 nmse=0.000e+00 (max 1e-07) exact=1024/1024
OK   GET_ROWS f32 n=256 m=5 r=4 b=1,1 view        out=[256,2,1,1]        dispatches=1 nmse=0.000e+00 (max 1e-07) exact=512/512
OK   GET_ROWS f32 n=256 m=5 r=4 b=7,1             out=[256,4,7,1]        dispatches=1 nmse=0.000e+00 (max 1e-07) exact=7168/7168
OK   GET_ROWS f32 n=256 m=5 r=4 b=7,1 view        out=[256,2,7,1]        dispatches=1 nmse=0.000e+00 (max 1e-07) exact=3584/3584
OK   GET_ROWS f16 n=256 m=5 r=4 b=1,1             out=[256,4,1,1]        dispatches=1 nmse=0.000e+00 (max 1e-07) exact=1024/1024
OK   GET_ROWS f16 n=256 m=5 r=4 b=1,1 view        out=[256,2,1,1]        dispatches=1 nmse=0.000e+00 (max 1e-07) exact=512/512
OK   GET_ROWS f16 n=256 m=5 r=4 b=7,1             out=[256,4,7,1]        dispatches=1 nmse=0.000e+00 (max 1e-07) exact=7168/7168
OK   GET_ROWS f16 n=256 m=5 r=4 b=7,1 view        out=[256,2,7,1]        dispatches=1 nmse=0.000e+00 (max 1e-07) exact=3584/3584
OK   GET_ROWS bf16 n=256 m=5 r=4 b=1,1            out=[256,4,1,1]        dispatches=1 nmse=0.000e+00 (max 1e-07) exact=1024/1024
OK   GET_ROWS bf16 n=256 m=5 r=4 b=1,1 view       out=[256,2,1,1]        dispatches=1 nmse=0.000e+00 (max 1e-07) exact=512/512
OK   GET_ROWS bf16 n=256 m=5 r=4 b=7,1            out=[256,4,7,1]        dispatches=1 nmse=0.000e+00 (max 1e-07) exact=7168/7168
OK   GET_ROWS bf16 n=256 m=5 r=4 b=7,1 view       out=[256,2,7,1]        dispatches=1 nmse=0.000e+00 (max 1e-07) exact=3584/3584
OK   GET_ROWS f32 n=896 m=3304 r=18 b=1,1         out=[896,18,1,1]       dispatches=1 nmse=0.000e+00 (max 1e-07) exact=16128/16128
OK   GET_ROWS bf16 n=33 m=17 r=9 b=2,3            out=[33,9,2,3]         dispatches=1 nmse=0.000e+00 (max 1e-07) exact=1782/1782
OK   GET_ROWS i32 n=13 m=5 r=4 b=2,1 view         out=[13,2,2,1]         dispatches=1 nmse=0.000e+00 (max 1e-07) exact=52/52
OK   CONCAT f32 a=[11,12,13,14] b_d=7 dim=0 v=0   out=[18,12,13,14]      dispatches=1 nmse=0.000e+00 (max 0e+00) exact=39312/39312
OK   CONCAT f16 a=[11,12,13,14] b_d=7 dim=0 v=0   out=[18,12,13,14]      dispatches=1 nmse=0.000e+00 (max 0e+00) exact=39312/39312
OK   CONCAT f32 a=[11,12,13,14] b_d=7 dim=1 v=0   out=[11,19,13,14]      dispatches=1 nmse=0.000e+00 (max 0e+00) exact=38038/38038
OK   CONCAT f16 a=[11,12,13,14] b_d=7 dim=1 v=0   out=[11,19,13,14]      dispatches=1 nmse=0.000e+00 (max 0e+00) exact=38038/38038
OK   CONCAT f32 a=[11,12,13,14] b_d=7 dim=2 v=0   out=[11,12,20,14]      dispatches=1 nmse=0.000e+00 (max 0e+00) exact=36960/36960
OK   CONCAT f16 a=[11,12,13,14] b_d=7 dim=2 v=0   out=[11,12,20,14]      dispatches=1 nmse=0.000e+00 (max 0e+00) exact=36960/36960
OK   CONCAT f32 a=[11,12,13,14] b_d=7 dim=3 v=0   out=[11,12,13,21]      dispatches=1 nmse=0.000e+00 (max 0e+00) exact=36036/36036
OK   CONCAT f16 a=[11,12,13,14] b_d=7 dim=3 v=0   out=[11,12,13,21]      dispatches=1 nmse=0.000e+00 (max 0e+00) exact=36036/36036
OK   CONCAT f32 a=[11,12,13,14] b_d=7 dim=0 v=1   out=[18,12,13,14]      dispatches=1 nmse=0.000e+00 (max 0e+00) exact=39312/39312
OK   CONCAT f16 a=[11,12,13,14] b_d=7 dim=0 v=1   out=[18,12,13,14]      dispatches=1 nmse=0.000e+00 (max 0e+00) exact=39312/39312
OK   CONCAT f32 a=[11,12,13,14] b_d=7 dim=1 v=1   out=[11,19,13,14]      dispatches=1 nmse=0.000e+00 (max 0e+00) exact=38038/38038
OK   CONCAT f16 a=[11,12,13,14] b_d=7 dim=1 v=1   out=[11,19,13,14]      dispatches=1 nmse=0.000e+00 (max 0e+00) exact=38038/38038
OK   CONCAT f32 a=[11,12,13,14] b_d=7 dim=2 v=1   out=[11,12,20,14]      dispatches=1 nmse=0.000e+00 (max 0e+00) exact=36960/36960
OK   CONCAT f16 a=[11,12,13,14] b_d=7 dim=2 v=1   out=[11,12,20,14]      dispatches=1 nmse=0.000e+00 (max 0e+00) exact=36960/36960
OK   CONCAT f32 a=[11,12,13,14] b_d=7 dim=3 v=1   out=[11,12,13,21]      dispatches=1 nmse=0.000e+00 (max 0e+00) exact=36036/36036
OK   CONCAT f16 a=[11,12,13,14] b_d=7 dim=3 v=1   out=[11,12,13,21]      dispatches=1 nmse=0.000e+00 (max 0e+00) exact=36036/36036
OK   CONCAT f32 a=[11,12,13,14] b_d=7 dim=0 v=2   out=[18,12,13,14]      dispatches=1 nmse=0.000e+00 (max 0e+00) exact=39312/39312
OK   CONCAT f16 a=[11,12,13,14] b_d=7 dim=0 v=2   out=[18,12,13,14]      dispatches=1 nmse=0.000e+00 (max 0e+00) exact=39312/39312
OK   CONCAT f32 a=[11,12,13,14] b_d=7 dim=1 v=2   out=[11,19,13,14]      dispatches=1 nmse=0.000e+00 (max 0e+00) exact=38038/38038
OK   CONCAT f16 a=[11,12,13,14] b_d=7 dim=1 v=2   out=[11,19,13,14]      dispatches=1 nmse=0.000e+00 (max 0e+00) exact=38038/38038
OK   CONCAT f32 a=[11,12,13,14] b_d=7 dim=2 v=2   out=[11,12,20,14]      dispatches=1 nmse=0.000e+00 (max 0e+00) exact=36960/36960
OK   CONCAT f16 a=[11,12,13,14] b_d=7 dim=2 v=2   out=[11,12,20,14]      dispatches=1 nmse=0.000e+00 (max 0e+00) exact=36960/36960
OK   CONCAT f32 a=[11,12,13,14] b_d=7 dim=3 v=2   out=[11,12,13,21]      dispatches=1 nmse=0.000e+00 (max 0e+00) exact=36036/36036
OK   CONCAT f16 a=[11,12,13,14] b_d=7 dim=3 v=2   out=[11,12,13,21]      dispatches=1 nmse=0.000e+00 (max 0e+00) exact=36036/36036
OK   CONCAT f32 a=[11,12,13,14] b_d=7 dim=0 v=3   out=[18,12,13,14]      dispatches=1 nmse=0.000e+00 (max 0e+00) exact=39312/39312
OK   CONCAT f16 a=[11,12,13,14] b_d=7 dim=0 v=3   out=[18,12,13,14]      dispatches=1 nmse=0.000e+00 (max 0e+00) exact=39312/39312
OK   CONCAT f32 a=[11,12,13,14] b_d=7 dim=1 v=3   out=[11,19,13,14]      dispatches=1 nmse=0.000e+00 (max 0e+00) exact=38038/38038
OK   CONCAT f16 a=[11,12,13,14] b_d=7 dim=1 v=3   out=[11,19,13,14]      dispatches=1 nmse=0.000e+00 (max 0e+00) exact=38038/38038
OK   CONCAT f32 a=[11,12,13,14] b_d=7 dim=2 v=3   out=[11,12,20,14]      dispatches=1 nmse=0.000e+00 (max 0e+00) exact=36960/36960
OK   CONCAT f16 a=[11,12,13,14] b_d=7 dim=2 v=3   out=[11,12,20,14]      dispatches=1 nmse=0.000e+00 (max 0e+00) exact=36960/36960
OK   CONCAT f32 a=[11,12,13,14] b_d=7 dim=3 v=3   out=[11,12,13,21]      dispatches=1 nmse=0.000e+00 (max 0e+00) exact=36036/36036
OK   CONCAT f16 a=[11,12,13,14] b_d=7 dim=3 v=3   out=[11,12,13,21]      dispatches=1 nmse=0.000e+00 (max 0e+00) exact=36036/36036
OK   CONCAT bf16 a=[11,12,13,14] b_d=7 dim=0 v=3  out=[18,12,13,14]      dispatches=1 nmse=0.000e+00 (max 0e+00) exact=39312/39312
OK   CONCAT f32 a=[128,8,514,1] b_d=1 dim=2 v=0   out=[128,8,515,1]      dispatches=1 nmse=0.000e+00 (max 0e+00) exact=527360/527360
OK   CONCAT f32 a=[128,8,515,1] b_d=1 dim=3 v=0   out=[128,8,515,2]      dispatches=1 nmse=0.000e+00 (max 0e+00) exact=1054720/1054720
OK   CONCAT f32 a=[1,64,12,40] b_d=1 dim=0 v=0    out=[2,64,12,40]       dispatches=1 nmse=0.000e+00 (max 0e+00) exact=61440/61440
OK   REPEAT f32 ne=[10,5,4,1] nr=[2,1,1,1]        out=[20,5,4,1]         dispatches=1 nmse=0.000e+00 (max 0e+00) exact=400/400
OK   REPEAT f32 ne=[10,5,4,1] nr=[1,2,1,1]        out=[10,10,4,1]        dispatches=1 nmse=0.000e+00 (max 0e+00) exact=400/400
OK   REPEAT f32 ne=[10,5,4,1] nr=[1,1,2,1]        out=[10,5,8,1]         dispatches=1 nmse=0.000e+00 (max 0e+00) exact=400/400
OK   REPEAT f32 ne=[10,5,4,1] nr=[1,1,1,2]        out=[10,5,4,2]         dispatches=1 nmse=0.000e+00 (max 0e+00) exact=400/400
OK   REPEAT f16 ne=[10,5,4,1] nr=[2,1,1,1]        out=[20,5,4,1]         dispatches=1 nmse=0.000e+00 (max 0e+00) exact=400/400
OK   REPEAT bf16 ne=[9,5,3,1] nr=[1,3,1,1]        out=[9,15,3,1]         dispatches=1 nmse=0.000e+00 (max 0e+00) exact=405/405
OK   REPEAT f32 ne=[10,5,4,3] nr=[2,1,1,1]        out=[20,5,4,3]         dispatches=1 nmse=0.000e+00 (max 0e+00) exact=1200/1200
OK   REPEAT f32 ne=[10,5,4,3] nr=[1,2,1,1]        out=[10,10,4,3]        dispatches=1 nmse=0.000e+00 (max 0e+00) exact=1200/1200
OK   REPEAT f32 ne=[10,5,4,3] nr=[1,1,2,1]        out=[10,5,8,3]         dispatches=1 nmse=0.000e+00 (max 0e+00) exact=1200/1200
OK   REPEAT f32 ne=[10,5,4,3] nr=[1,1,1,2]        out=[10,5,4,6]         dispatches=1 nmse=0.000e+00 (max 0e+00) exact=1200/1200
OK   REPEAT f16 ne=[10,5,4,3] nr=[2,1,1,1]        out=[20,5,4,3]         dispatches=1 nmse=0.000e+00 (max 0e+00) exact=1200/1200
OK   REPEAT bf16 ne=[9,5,3,3] nr=[1,3,1,1]        out=[9,15,3,3]         dispatches=1 nmse=0.000e+00 (max 0e+00) exact=1215/1215
OK   REPEAT f32 ne=[128,8,1,514] nr=[1,1,2,1]     out=[128,8,2,514]      dispatches=1 nmse=0.000e+00 (max 0e+00) exact=1052672/1052672
OK   REPEAT f32 ne=[128,1,1,1] nr=[1,8,514,1]     out=[128,8,514,1]      dispatches=1 nmse=0.000e+00 (max 0e+00) exact=526336/526336
OK   ADD ne=[1,1,8,1] nr=[1,1,1,1]                out=[1,1,8,1]          dispatches=1 nmse=0.000e+00 (max 1e-07) exact=8/8
OK   MUL ne=[1,1,8,1] nr=[1,1,1,1]                out=[1,1,8,1]          dispatches=1 nmse=0.000e+00 (max 1e-07) exact=8/8
OK   ADD ne=[1,1,1,1] nr=[32,1,1,1]               out=[32,1,1,1]         dispatches=1 nmse=0.000e+00 (max 1e-07) exact=32/32
OK   MUL ne=[1,1,1,1] nr=[32,1,1,1]               out=[32,1,1,1]         dispatches=1 nmse=0.000e+00 (max 1e-07) exact=32/32
OK   ADD ne=[10,5,1,1] nr=[1,1,1,1]               out=[10,5,1,1]         dispatches=1 nmse=0.000e+00 (max 1e-07) exact=50/50
OK   MUL ne=[10,5,1,1] nr=[1,1,1,1]               out=[10,5,1,1]         dispatches=1 nmse=0.000e+00 (max 1e-07) exact=50/50
OK   ADD ne=[10,5,4,1] nr=[1,1,1,1]               out=[10,5,4,1]         dispatches=1 nmse=0.000e+00 (max 1e-07) exact=200/200
OK   MUL ne=[10,5,4,1] nr=[1,1,1,1]               out=[10,5,4,1]         dispatches=1 nmse=0.000e+00 (max 1e-07) exact=200/200
OK   ADD ne=[10,5,4,3] nr=[1,1,1,1]               out=[10,5,4,3]         dispatches=1 nmse=0.000e+00 (max 1e-07) exact=600/600
OK   MUL ne=[10,5,4,3] nr=[1,1,1,1]               out=[10,5,4,3]         dispatches=1 nmse=0.000e+00 (max 1e-07) exact=600/600
OK   ADD ne=[10,5,4,3] nr=[2,1,1,1]               out=[20,5,4,3]         dispatches=1 nmse=0.000e+00 (max 1e-07) exact=1200/1200
OK   MUL ne=[10,5,4,3] nr=[2,1,1,1]               out=[20,5,4,3]         dispatches=1 nmse=0.000e+00 (max 1e-07) exact=1200/1200
OK   ADD ne=[10,5,4,3] nr=[1,2,1,1]               out=[10,10,4,3]        dispatches=1 nmse=0.000e+00 (max 1e-07) exact=1200/1200
OK   MUL ne=[10,5,4,3] nr=[1,2,1,1]               out=[10,10,4,3]        dispatches=1 nmse=0.000e+00 (max 1e-07) exact=1200/1200
OK   ADD ne=[10,5,4,3] nr=[1,1,2,1]               out=[10,5,8,3]         dispatches=1 nmse=0.000e+00 (max 1e-07) exact=1200/1200
OK   MUL ne=[10,5,4,3] nr=[1,1,2,1]               out=[10,5,8,3]         dispatches=1 nmse=0.000e+00 (max 1e-07) exact=1200/1200
OK   ADD ne=[10,5,4,3] nr=[1,1,1,2]               out=[10,5,4,6]         dispatches=1 nmse=0.000e+00 (max 1e-07) exact=1200/1200
OK   MUL ne=[10,5,4,3] nr=[1,1,1,2]               out=[10,5,4,6]         dispatches=1 nmse=0.000e+00 (max 1e-07) exact=1200/1200
OK   ADD ne=[10,5,4,3] nr=[1,1,2,2]               out=[10,5,8,6]         dispatches=1 nmse=0.000e+00 (max 1e-07) exact=2400/2400
OK   MUL ne=[10,5,4,3] nr=[1,1,2,2]               out=[10,5,8,6]         dispatches=1 nmse=0.000e+00 (max 1e-07) exact=2400/2400
OK   ADD ne=[10,5,4,3] nr=[1,2,2,2]               out=[10,10,8,6]        dispatches=1 nmse=0.000e+00 (max 1e-07) exact=4800/4800
OK   MUL ne=[10,5,4,3] nr=[1,2,2,2]               out=[10,10,8,6]        dispatches=1 nmse=0.000e+00 (max 1e-07) exact=4800/4800
OK   ADD ne=[10,5,4,3] nr=[2,2,2,2]               out=[20,10,8,6]        dispatches=1 nmse=0.000e+00 (max 1e-07) exact=9600/9600
OK   MUL ne=[10,5,4,3] nr=[2,2,2,2]               out=[20,10,8,6]        dispatches=1 nmse=0.000e+00 (max 1e-07) exact=9600/9600
OK   ADD ne=[10,5,4,3] nr=[1,1,1,1] perm1         out=[10,5,4,3]         dispatches=1 nmse=0.000e+00 (max 1e-07) exact=600/600
OK   MUL ne=[10,5,4,3] nr=[1,1,1,1] perm1         out=[10,5,4,3]         dispatches=1 nmse=0.000e+00 (max 1e-07) exact=600/600
OK   ADD ne=[10,5,4,3] nr=[2,2,2,2] perm1         out=[20,10,8,6]        dispatches=1 nmse=0.000e+00 (max 1e-07) exact=9600/9600
OK   MUL ne=[10,5,4,3] nr=[2,2,2,2] perm1         out=[20,10,8,6]        dispatches=1 nmse=0.000e+00 (max 1e-07) exact=9600/9600
OK   ADD ne=[10,5,4,6] nr=[1,1,1,1] overlap       out=[10,5,4,4]         dispatches=1 nmse=0.000e+00 (max 1e-07) exact=800/800
OK   MUL ne=[10,5,4,6] nr=[1,1,1,1] overlap       out=[10,5,4,4]         dispatches=1 nmse=0.000e+00 (max 1e-07) exact=800/800
OK   ADD ne=[7,3,5,2] nr=[3,1,1,1]                out=[21,3,5,2]         dispatches=1 nmse=0.000e+00 (max 1e-07) exact=630/630
OK   MUL ne=[7,3,5,2] nr=[3,1,1,1]                out=[21,3,5,2]         dispatches=1 nmse=0.000e+00 (max 1e-07) exact=630/630
OK   ADD ne=[13,1,1,1] nr=[1,11,1,1]              out=[13,11,1,1]        dispatches=1 nmse=0.000e+00 (max 1e-07) exact=143/143
OK   MUL ne=[13,1,1,1] nr=[1,11,1,1]              out=[13,11,1,1]        dispatches=1 nmse=0.000e+00 (max 1e-07) exact=143/143
OK   ADD ne=[1280,1,1,1] nr=[1,16,16,1]           out=[1280,16,16,1]     dispatches=1 nmse=0.000e+00 (max 1e-07) exact=327680/327680
OK   MUL ne=[1280,1,1,1] nr=[1,16,16,1]           out=[1280,16,16,1]     dispatches=1 nmse=0.000e+00 (max 1e-07) exact=327680/327680
OK   ADD ne=[1,1,640,1] nr=[32,32,1,1]            out=[32,32,640,1]      dispatches=1 nmse=0.000e+00 (max 1e-07) exact=655360/655360
OK   MUL ne=[1,1,640,1] nr=[32,32,1,1]            out=[32,32,640,1]      dispatches=1 nmse=0.000e+00 (max 1e-07) exact=655360/655360
OK   ADD inplace on permute(a,0,2,1,3) [6,4,3,2]  out=[6,3,4,2]          dispatches=1 nmse=0.000e+00 (max 1e-07) exact=144/144
OK   MUL inplace on permute(a,0,2,1,3) [6,4,3,2]  out=[6,3,4,2]          dispatches=1 nmse=0.000e+00 (max 1e-07) exact=144/144
OK   ADD then MUL chain [9,7,5,3]                 out=[9,7,5,3]          dispatches=2 nmse=0.000e+00 (max 1e-07) exact=945/945
summary: 157/157 cases OK
RESULT: PASS
