# ggml-rd L0, 2026-09-23T07:44:05Z
== lake build Ggml
✔ [12/16] Built Ggml.SlangCodegen.Rows (1.6s)
✔ [13/16] Built Ggml.SlangCodegen.Norm (2.0s)
✔ [14/16] Built Ggml.SlangCodegen.SoftMax (1.0s)
✔ [15/16] Built Ggml (1.1s)
Build completed successfully (16 jobs).
PASS lake build Ggml
== kernels/ggml/gen.sh (check mode: Lean's emission vs the committed files)
== emitting Slang from Lean at <checkout>/lean ==
✔ [29/31] Built EmitGgml (1.3s)
== 16 kernels, 1 control(s) and the params header match Lean ==
== slangc -target cpp ==
norm_f32: group-shared, no cpp (host tests run norm_f32_serial)
rms_norm_f32: group-shared, no cpp (host tests run rms_norm_f32_serial)
mean_f32: group-shared, no cpp (host tests run mean_f32_serial)
soft_max_f32: group-shared, no cpp (host tests run soft_max_f32_serial)
norm_f32_t64: group-shared, no cpp (host tests run norm_f32_t64_serial)
rms_norm_f32_t64: group-shared, no cpp (host tests run rms_norm_f32_t64_serial)
soft_max_f32_t64: group-shared, no cpp (host tests run soft_max_f32_t64_serial)
== slangc -target spirv -O0 -preserve-params (+ reflection), spirv-val ==
== fixed-layout check + kernel table ==
wrote <checkout>/kernels/ggml/GgmlKernelTable.inc: 16 kernels, all on the fixed layout
== embedding SPIR-V ==
embedded 16 kernels, 134804 bytes -> <tmp>/build/ggml_kernels.inc
== controls: compiled alike, the layout check must refuse each ==
control ctl_add_f32_rosrc: refused by the layout check, as it must be
embedded 1 kernels, 4240 bytes -> <tmp>/build/ggml_controls.inc
PASS gen.sh check
RESULT: PASS
