Testing 2 devices

Backend 1/2: CPU
  Skipping
Backend 2/2: RD0
  Device description: Godot RenderingDevice (NVIDIA GeForce RTX 4090)
  Device memory: 24576 MB (24576 MB free)

[GET_ROWS] ERR = 1.248222533 > 0.000000100   GET_ROWS(type=f32,n=76800,m=5,r=4,be1=1,be2=2,v=0): FAIL
[GET_ROWS] ERR = 2.000089013 > 0.000000100   GET_ROWS(type=f32,n=256,m=80000,r=70000,be1=2,be2=1,v=0): FAIL
[GET_ROWS] ERR = 1.598292630 > 0.000000100   GET_ROWS(type=f32,n=256,m=5,r=4,be1=700,be2=100,v=0): FAIL
  GET_ROWS(type=q4_0,n=76800,m=5,r=4,be1=1,be2=2,v=0): not supported [RD0] 
  GET_ROWS(type=q4_0,n=256,m=80000,r=70000,be1=2,be2=1,v=0): not supported [RD0] 
  GET_ROWS(type=q4_0,n=256,m=5,r=4,be1=700,be2=100,v=0): not supported [RD0] 
[GET_ROWS] ERR = 55.838641065 > 0.000000100   GET_ROWS(type=f32,n=1,m=8,r=2,be1=1,be2=1,v=0): FAIL
[GET_ROWS] ERR = 0.971379262 > 0.000000100   GET_ROWS(type=f32,n=256,m=5,r=4,be1=1,be2=1,v=0): FAIL
[GET_ROWS] ERR = 1.835772109 > 0.000000100   GET_ROWS(type=f32,n=256,m=5,r=4,be1=1,be2=1,v=1): FAIL
[GET_ROWS] ERR = 1.616872506 > 0.000000100   GET_ROWS(type=f32,n=256,m=5,r=4,be1=7,be2=1,v=0): FAIL
[GET_ROWS] ERR = 1.678265343 > 0.000000100   GET_ROWS(type=f32,n=256,m=5,r=4,be1=7,be2=1,v=1): FAIL
[GET_ROWS] ERR = 1.004144411 > 0.000000100   GET_ROWS(type=f16,n=256,m=5,r=4,be1=1,be2=1,v=0): FAIL
[GET_ROWS] ERR = 1.928437882 > 0.000000100   GET_ROWS(type=f16,n=256,m=5,r=4,be1=1,be2=1,v=1): FAIL
[GET_ROWS] ERR = 1.381416165 > 0.000000100   GET_ROWS(type=f16,n=256,m=5,r=4,be1=7,be2=1,v=0): FAIL
[GET_ROWS] ERR = 1.726474737 > 0.000000100   GET_ROWS(type=f16,n=256,m=5,r=4,be1=7,be2=1,v=1): FAIL
[GET_ROWS] ERR = 1.498604193 > 0.000000100   GET_ROWS(type=bf16,n=256,m=5,r=4,be1=1,be2=1,v=0): FAIL
[GET_ROWS] ERR = 2.074548192 > 0.000000100   GET_ROWS(type=bf16,n=256,m=5,r=4,be1=1,be2=1,v=1): FAIL
[GET_ROWS] ERR = 1.471955471 > 0.000000100   GET_ROWS(type=bf16,n=256,m=5,r=4,be1=7,be2=1,v=0): FAIL
[GET_ROWS] ERR = 1.855754621 > 0.000000100   GET_ROWS(type=bf16,n=256,m=5,r=4,be1=7,be2=1,v=1): FAIL
  GET_ROWS(type=q4_0,n=256,m=5,r=4,be1=1,be2=1,v=0): not supported [RD0] 
  GET_ROWS(type=q4_0,n=256,m=5,r=4,be1=1,be2=1,v=1): not supported [RD0] 
  GET_ROWS(type=q4_0,n=256,m=5,r=4,be1=7,be2=1,v=0): not supported [RD0] 
  GET_ROWS(type=q4_0,n=256,m=5,r=4,be1=7,be2=1,v=1): not supported [RD0] 
  GET_ROWS(type=q4_1,n=256,m=5,r=4,be1=1,be2=1,v=0): not supported [RD0] 
  GET_ROWS(type=q4_1,n=256,m=5,r=4,be1=1,be2=1,v=1): not supported [RD0] 
  GET_ROWS(type=q4_1,n=256,m=5,r=4,be1=7,be2=1,v=0): not supported [RD0] 
  GET_ROWS(type=q4_1,n=256,m=5,r=4,be1=7,be2=1,v=1): not supported [RD0] 
  GET_ROWS(type=q5_0,n=256,m=5,r=4,be1=1,be2=1,v=0): not supported [RD0] 
  GET_ROWS(type=q5_0,n=256,m=5,r=4,be1=1,be2=1,v=1): not supported [RD0] 
  GET_ROWS(type=q5_0,n=256,m=5,r=4,be1=7,be2=1,v=0): not supported [RD0] 
  GET_ROWS(type=q5_0,n=256,m=5,r=4,be1=7,be2=1,v=1): not supported [RD0] 
  GET_ROWS(type=q5_1,n=256,m=5,r=4,be1=1,be2=1,v=0): not supported [RD0] 
  GET_ROWS(type=q5_1,n=256,m=5,r=4,be1=1,be2=1,v=1): not supported [RD0] 
  GET_ROWS(type=q5_1,n=256,m=5,r=4,be1=7,be2=1,v=0): not supported [RD0] 
  GET_ROWS(type=q5_1,n=256,m=5,r=4,be1=7,be2=1,v=1): not supported [RD0] 
  GET_ROWS(type=q8_0,n=256,m=5,r=4,be1=1,be2=1,v=0): not supported [RD0] 
  GET_ROWS(type=q8_0,n=256,m=5,r=4,be1=1,be2=1,v=1): not supported [RD0] 
  GET_ROWS(type=q8_0,n=256,m=5,r=4,be1=7,be2=1,v=0): not supported [RD0] 
  GET_ROWS(type=q8_0,n=256,m=5,r=4,be1=7,be2=1,v=1): not supported [RD0] 
  GET_ROWS(type=q1_0,n=256,m=5,r=4,be1=1,be2=1,v=0): not supported [RD0] 
  GET_ROWS(type=q1_0,n=256,m=5,r=4,be1=1,be2=1,v=1): not supported [RD0] 
  GET_ROWS(type=q1_0,n=256,m=5,r=4,be1=7,be2=1,v=0): not supported [RD0] 
  GET_ROWS(type=q1_0,n=256,m=5,r=4,be1=7,be2=1,v=1): not supported [RD0] 
  GET_ROWS(type=q2_0,n=256,m=5,r=4,be1=1,be2=1,v=0): not supported [RD0] 
  GET_ROWS(type=q2_0,n=256,m=5,r=4,be1=1,be2=1,v=1): not supported [RD0] 
  GET_ROWS(type=q2_0,n=256,m=5,r=4,be1=7,be2=1,v=0): not supported [RD0] 
  GET_ROWS(type=q2_0,n=256,m=5,r=4,be1=7,be2=1,v=1): not supported [RD0] 
  GET_ROWS(type=mxfp4,n=256,m=5,r=4,be1=1,be2=1,v=0): not supported [RD0] 
  GET_ROWS(type=mxfp4,n=256,m=5,r=4,be1=1,be2=1,v=1): not supported [RD0] 
  GET_ROWS(type=mxfp4,n=256,m=5,r=4,be1=7,be2=1,v=0): not supported [RD0] 
  GET_ROWS(type=mxfp4,n=256,m=5,r=4,be1=7,be2=1,v=1): not supported [RD0] 
  GET_ROWS(type=nvfp4,n=256,m=5,r=4,be1=1,be2=1,v=0): not supported [RD0] 
  GET_ROWS(type=nvfp4,n=256,m=5,r=4,be1=1,be2=1,v=1): not supported [RD0] 
  GET_ROWS(type=nvfp4,n=256,m=5,r=4,be1=7,be2=1,v=0): not supported [RD0] 
  GET_ROWS(type=nvfp4,n=256,m=5,r=4,be1=7,be2=1,v=1): not supported [RD0] 
  GET_ROWS(type=q2_K,n=256,m=5,r=4,be1=1,be2=1,v=0): not supported [RD0] 
  GET_ROWS(type=q2_K,n=256,m=5,r=4,be1=1,be2=1,v=1): not supported [RD0] 
  GET_ROWS(type=q2_K,n=256,m=5,r=4,be1=7,be2=1,v=0): not supported [RD0] 
  GET_ROWS(type=q2_K,n=256,m=5,r=4,be1=7,be2=1,v=1): not supported [RD0] 
  GET_ROWS(type=q3_K,n=256,m=5,r=4,be1=1,be2=1,v=0): not supported [RD0] 
  GET_ROWS(type=q3_K,n=256,m=5,r=4,be1=1,be2=1,v=1): not supported [RD0] 
  GET_ROWS(type=q3_K,n=256,m=5,r=4,be1=7,be2=1,v=0): not supported [RD0] 
  GET_ROWS(type=q3_K,n=256,m=5,r=4,be1=7,be2=1,v=1): not supported [RD0] 
  GET_ROWS(type=q4_K,n=256,m=5,r=4,be1=1,be2=1,v=0): not supported [RD0] 
  GET_ROWS(type=q4_K,n=256,m=5,r=4,be1=1,be2=1,v=1): not supported [RD0] 
  GET_ROWS(type=q4_K,n=256,m=5,r=4,be1=7,be2=1,v=0): not supported [RD0] 
  GET_ROWS(type=q4_K,n=256,m=5,r=4,be1=7,be2=1,v=1): not supported [RD0] 
  GET_ROWS(type=q5_K,n=256,m=5,r=4,be1=1,be2=1,v=0): not supported [RD0] 
  GET_ROWS(type=q5_K,n=256,m=5,r=4,be1=1,be2=1,v=1): not supported [RD0] 
  GET_ROWS(type=q5_K,n=256,m=5,r=4,be1=7,be2=1,v=0): not supported [RD0] 
  GET_ROWS(type=q5_K,n=256,m=5,r=4,be1=7,be2=1,v=1): not supported [RD0] 
  GET_ROWS(type=q6_K,n=256,m=5,r=4,be1=1,be2=1,v=0): not supported [RD0] 
  GET_ROWS(type=q6_K,n=256,m=5,r=4,be1=1,be2=1,v=1): not supported [RD0] 
  GET_ROWS(type=q6_K,n=256,m=5,r=4,be1=7,be2=1,v=0): not supported [RD0] 
  GET_ROWS(type=q6_K,n=256,m=5,r=4,be1=7,be2=1,v=1): not supported [RD0] 
  GET_ROWS(type=iq2_xxs,n=256,m=5,r=4,be1=1,be2=1,v=0): not supported [RD0] 
  GET_ROWS(type=iq2_xxs,n=256,m=5,r=4,be1=1,be2=1,v=1): not supported [RD0] 
  GET_ROWS(type=iq2_xxs,n=256,m=5,r=4,be1=7,be2=1,v=0): not supported [RD0] 
  GET_ROWS(type=iq2_xxs,n=256,m=5,r=4,be1=7,be2=1,v=1): not supported [RD0] 
  GET_ROWS(type=iq2_xs,n=256,m=5,r=4,be1=1,be2=1,v=0): not supported [RD0] 
  GET_ROWS(type=iq2_xs,n=256,m=5,r=4,be1=1,be2=1,v=1): not supported [RD0] 
  GET_ROWS(type=iq2_xs,n=256,m=5,r=4,be1=7,be2=1,v=0): not supported [RD0] 
  GET_ROWS(type=iq2_xs,n=256,m=5,r=4,be1=7,be2=1,v=1): not supported [RD0] 
  GET_ROWS(type=iq2_s,n=256,m=5,r=4,be1=1,be2=1,v=0): not supported [RD0] 
  GET_ROWS(type=iq2_s,n=256,m=5,r=4,be1=1,be2=1,v=1): not supported [RD0] 
  GET_ROWS(type=iq2_s,n=256,m=5,r=4,be1=7,be2=1,v=0): not supported [RD0] 
  GET_ROWS(type=iq2_s,n=256,m=5,r=4,be1=7,be2=1,v=1): not supported [RD0] 
  GET_ROWS(type=iq3_xxs,n=256,m=5,r=4,be1=1,be2=1,v=0): not supported [RD0] 
  GET_ROWS(type=iq3_xxs,n=256,m=5,r=4,be1=1,be2=1,v=1): not supported [RD0] 
  GET_ROWS(type=iq3_xxs,n=256,m=5,r=4,be1=7,be2=1,v=0): not supported [RD0] 
  GET_ROWS(type=iq3_xxs,n=256,m=5,r=4,be1=7,be2=1,v=1): not supported [RD0] 
  GET_ROWS(type=iq1_s,n=256,m=5,r=4,be1=1,be2=1,v=0): not supported [RD0] 
  GET_ROWS(type=iq1_s,n=256,m=5,r=4,be1=1,be2=1,v=1): not supported [RD0] 
  GET_ROWS(type=iq1_s,n=256,m=5,r=4,be1=7,be2=1,v=0): not supported [RD0] 
  GET_ROWS(type=iq1_s,n=256,m=5,r=4,be1=7,be2=1,v=1): not supported [RD0] 
  GET_ROWS(type=iq1_m,n=256,m=5,r=4,be1=1,be2=1,v=0): not supported [RD0] 
  GET_ROWS(type=iq1_m,n=256,m=5,r=4,be1=1,be2=1,v=1): not supported [RD0] 
  GET_ROWS(type=iq1_m,n=256,m=5,r=4,be1=7,be2=1,v=0): not supported [RD0] 
  GET_ROWS(type=iq1_m,n=256,m=5,r=4,be1=7,be2=1,v=1): not supported [RD0] 
  GET_ROWS(type=iq4_nl,n=256,m=5,r=4,be1=1,be2=1,v=0): not supported [RD0] 
  GET_ROWS(type=iq4_nl,n=256,m=5,r=4,be1=1,be2=1,v=1): not supported [RD0] 
  GET_ROWS(type=iq4_nl,n=256,m=5,r=4,be1=7,be2=1,v=0): not supported [RD0] 
  GET_ROWS(type=iq4_nl,n=256,m=5,r=4,be1=7,be2=1,v=1): not supported [RD0] 
  GET_ROWS(type=iq3_s,n=256,m=5,r=4,be1=1,be2=1,v=0): not supported [RD0] 
  GET_ROWS(type=iq3_s,n=256,m=5,r=4,be1=1,be2=1,v=1): not supported [RD0] 
  GET_ROWS(type=iq3_s,n=256,m=5,r=4,be1=7,be2=1,v=0): not supported [RD0] 
  GET_ROWS(type=iq3_s,n=256,m=5,r=4,be1=7,be2=1,v=1): not supported [RD0] 
  GET_ROWS(type=iq4_xs,n=256,m=5,r=4,be1=1,be2=1,v=0): not supported [RD0] 
  GET_ROWS(type=iq4_xs,n=256,m=5,r=4,be1=1,be2=1,v=1): not supported [RD0] 
  GET_ROWS(type=iq4_xs,n=256,m=5,r=4,be1=7,be2=1,v=0): not supported [RD0] 
  GET_ROWS(type=iq4_xs,n=256,m=5,r=4,be1=7,be2=1,v=1): not supported [RD0] 
[REPEAT] ERR = 2.044995917 > 0.000000100   REPEAT(type=f32,ne=[10,5,4,1],nr=[1,1,1,1]): FAIL
[REPEAT] ERR = 2.078963475 > 0.000000100   REPEAT(type=f32,ne=[10,5,4,1],nr=[2,1,1,1]): FAIL
[REPEAT] ERR = 1.704714396 > 0.000000100   REPEAT(type=f32,ne=[10,5,4,1],nr=[1,2,1,1]): FAIL
[REPEAT] ERR = 2.096419201 > 0.000000100   REPEAT(type=f32,ne=[10,5,4,1],nr=[1,1,2,1]): FAIL
[REPEAT] ERR = 2.204726471 > 0.000000100   REPEAT(type=f32,ne=[10,5,4,1],nr=[1,1,1,2]): FAIL
[REPEAT] ERR = 1.920285508 > 0.000000100   REPEAT(type=f16,ne=[10,5,4,1],nr=[2,1,1,1]): FAIL
[REPEAT] ERR = 1.997773232 > 0.000000100   REPEAT(type=i16,ne=[10,5,4,1],nr=[1,1,1,2]): FAIL
[REPEAT] ERR = 2.005132857 > 0.000000100   REPEAT(type=bf16,ne=[10,5,4,1],nr=[2,1,1,1]): FAIL
[REPEAT] ERR = 2.002493717 > 0.000000100   REPEAT(type=f32,ne=[10,5,4,3],nr=[1,1,1,1]): FAIL
[REPEAT] ERR = 1.960269881 > 0.000000100   REPEAT(type=f32,ne=[10,5,4,3],nr=[2,1,1,1]): FAIL
[REPEAT] ERR = 2.020774407 > 0.000000100   REPEAT(type=f32,ne=[10,5,4,3],nr=[1,2,1,1]): FAIL
[REPEAT] ERR = 1.894005526 > 0.000000100   REPEAT(type=f32,ne=[10,5,4,3],nr=[1,1,2,1]): FAIL
[REPEAT] ERR = 2.074255629 > 0.000000100   REPEAT(type=f32,ne=[10,5,4,3],nr=[1,1,1,2]): FAIL
[REPEAT] ERR = 2.053082404 > 0.000000100   REPEAT(type=f16,ne=[10,5,4,3],nr=[2,1,1,1]): FAIL
[REPEAT] ERR = 1.994818265 > 0.000000100   REPEAT(type=i16,ne=[10,5,4,3],nr=[1,1,1,2]): FAIL
[REPEAT] ERR = 1.878945435 > 0.000000100   REPEAT(type=bf16,ne=[10,5,4,3],nr=[2,1,1,1]): FAIL
[DUP] ERR = 2.034128424 > 0.000000100   DUP(type=f32,ne=[10,10,20,1]): FAIL
[DUP] ERR = 2.090100147 > 0.000000100   DUP(type=f16,ne=[10,10,20,1]): FAIL
[DUP] ERR = 2.024638231 > 0.000000100   DUP(type=i16,ne=[10,10,20,1]): FAIL
[DUP] ERR = 1.933096651 > 0.000000100   DUP(type=f32,ne=[10,10,5,1],permute=[0,2,1,3]): FAIL
[DUP] ERR = 1.960243806 > 0.000000100   DUP(type=f16,ne=[10,10,5,1],permute=[0,2,1,3]): FAIL
[DUP] ERR = 1.936909994 > 0.000000100   DUP(type=f32,ne=[10,10,5,1],permute=[1,0,2,3]): FAIL
[DUP] ERR = 2.158499138 > 0.000000100   DUP(type=f16,ne=[10,10,5,1],permute=[1,0,2,3]): FAIL
[DUP] ERR = 2.129378257 > 0.000000100   DUP(type=i16,ne=[10,8,3,1],permute=[0,2,1,3]): FAIL
[DUP] ERR = 1.935626101 > 0.000000100   DUP(type=i16,ne=[10,8,3,1],permute=[1,2,0,3]): FAIL
[CONT] ERR = 2.681925775 > 0.000000100   CONT(type=f32,ne=[2,1,1,1],use_view_slice=1): FAIL
[CONT] ERR = 2.089923127 > 0.000000100   CONT(type=f32,ne=[2,1,3,5],use_view_slice=1): FAIL
[CONT] ERR = 2.296607496 > 0.000000100   CONT(type=f32,ne=[2,3,5,7],use_view_slice=1): FAIL
[CONT] ERR = 4.179529213 > 0.000000100   CONT(type=f32,ne=[1,4,4,1],use_view_slice=1): FAIL
[CONT] ERR = 2.749863124 > 0.000000100   CONT(type=f32,ne=[1,8,17,1],use_view_slice=1): FAIL
[CONT] ERR = 2.081155383 > 0.000000100   CONT(type=f32,ne=[10,10,10,1],use_view_slice=1): FAIL
[CONT] ERR = 1.638023602 > 0.000000100   CONT(type=f32,ne=[2,1,1,1],use_view_slice=0): FAIL
[CONT] ERR = 2.598927112 > 0.000000100   CONT(type=f32,ne=[2,1,3,5],use_view_slice=0): FAIL
[CONT] ERR = 1.651461389 > 0.000000100   CONT(type=f32,ne=[2,3,5,7],use_view_slice=0): FAIL
[CONT] ERR = 2.651361339 > 0.000000100   CONT(type=f32,ne=[1,4,4,1],use_view_slice=0): FAIL
[CONT] ERR = 2.123467820 > 0.000000100   CONT(type=f32,ne=[1,8,17,1],use_view_slice=0): FAIL
[CONT] ERR = 2.074771527 > 0.000000100   CONT(type=f32,ne=[10,10,10,1],use_view_slice=0): FAIL
[CONT] ERR = 3.314608204 > 0.000000100   CONT(type=f16,ne=[2,1,1,1],use_view_slice=0): FAIL
[CONT] ERR = 1.952199282 > 0.000000100   CONT(type=f16,ne=[2,1,3,5],use_view_slice=0): FAIL
[CONT] ERR = 1.992882560 > 0.000000100   CONT(type=f16,ne=[2,3,5,7],use_view_slice=0): FAIL
[CONT] ERR = 2.164159466 > 0.000000100   CONT(type=f16,ne=[1,4,4,1],use_view_slice=0): FAIL
[CONT] ERR = 2.171449887 > 0.000000100   CONT(type=f16,ne=[1,8,17,1],use_view_slice=0): FAIL
[CONT] ERR = 1.948368535 > 0.000000100   CONT(type=f16,ne=[10,10,10,1],use_view_slice=0): FAIL
[CONT] ERR = 30.287197232 > 0.000000100   CONT(type=bf16,ne=[2,1,1,1],use_view_slice=0): FAIL
[CONT] ERR = 1.576860235 > 0.000000100   CONT(type=bf16,ne=[2,1,3,5],use_view_slice=0): FAIL
[CONT] ERR = 2.085884406 > 0.000000100   CONT(type=bf16,ne=[2,3,5,7],use_view_slice=0): FAIL
[CONT] ERR = 2.241996157 > 0.000000100   CONT(type=bf16,ne=[1,4,4,1],use_view_slice=0): FAIL
[CONT] ERR = 2.084372271 > 0.000000100   CONT(type=bf16,ne=[1,8,17,1],use_view_slice=0): FAIL
[CONT] ERR = 2.026104217 > 0.000000100   CONT(type=bf16,ne=[10,10,10,1],use_view_slice=0): FAIL
[CONCAT] ERR = 0.753061787 > 0.000000100   CONCAT(type=f32,ne_a=[11,12,13,14],ne_b_d=7,dim=0,v=0): FAIL
[CONCAT] ERR = 0.774675288 > 0.000000100   CONCAT(type=f16,ne_a=[11,12,13,14],ne_b_d=7,dim=0,v=0): FAIL
[CONCAT] ERR = 0.784512446 > 0.000000100   CONCAT(type=bf16,ne_a=[11,12,13,14],ne_b_d=7,dim=0,v=0): FAIL
  CONCAT(type=i8,ne_a=[11,12,13,14],ne_b_d=7,dim=0,v=0): not supported [RD0] 
[CONCAT] ERR = 0.782075169 > 0.000000100   CONCAT(type=i16,ne_a=[11,12,13,14],ne_b_d=7,dim=0,v=0): FAIL
  CONCAT(type=i64,ne_a=[11,12,13,14],ne_b_d=7,dim=0,v=0): not supported [RD0] 
[CONCAT] ERR = 0.743126252 > 0.000000100   CONCAT(type=f32,ne_a=[11,12,13,14],ne_b_d=7,dim=1,v=0): FAIL
[CONCAT] ERR = 0.734619672 > 0.000000100   CONCAT(type=f16,ne_a=[11,12,13,14],ne_b_d=7,dim=1,v=0): FAIL
[CONCAT] ERR = 0.745961557 > 0.000000100   CONCAT(type=bf16,ne_a=[11,12,13,14],ne_b_d=7,dim=1,v=0): FAIL
  CONCAT(type=i8,ne_a=[11,12,13,14],ne_b_d=7,dim=1,v=0): not supported [RD0] 
[CONCAT] ERR = 0.732990514 > 0.000000100   CONCAT(type=i16,ne_a=[11,12,13,14],ne_b_d=7,dim=1,v=0): FAIL
  CONCAT(type=i64,ne_a=[11,12,13,14],ne_b_d=7,dim=1,v=0): not supported [RD0] 
[CONCAT] ERR = 0.701518088 > 0.000000100   CONCAT(type=f32,ne_a=[11,12,13,14],ne_b_d=7,dim=2,v=0): FAIL
[CONCAT] ERR = 0.688801781 > 0.000000100   CONCAT(type=f16,ne_a=[11,12,13,14],ne_b_d=7,dim=2,v=0): FAIL
[CONCAT] ERR = 0.695762293 > 0.000000100   CONCAT(type=bf16,ne_a=[11,12,13,14],ne_b_d=7,dim=2,v=0): FAIL
  CONCAT(type=i8,ne_a=[11,12,13,14],ne_b_d=7,dim=2,v=0): not supported [RD0] 
[CONCAT] ERR = 0.717719693 > 0.000000100   CONCAT(type=i16,ne_a=[11,12,13,14],ne_b_d=7,dim=2,v=0): FAIL
  CONCAT(type=i64,ne_a=[11,12,13,14],ne_b_d=7,dim=2,v=0): not supported [RD0] 
[CONCAT] ERR = 0.671671776 > 0.000000100   CONCAT(type=f32,ne_a=[11,12,13,14],ne_b_d=7,dim=3,v=0): FAIL
[CONCAT] ERR = 0.664369242 > 0.000000100   CONCAT(type=f16,ne_a=[11,12,13,14],ne_b_d=7,dim=3,v=0): FAIL
[CONCAT] ERR = 0.654213776 > 0.000000100   CONCAT(type=bf16,ne_a=[11,12,13,14],ne_b_d=7,dim=3,v=0): FAIL
  CONCAT(type=i8,ne_a=[11,12,13,14],ne_b_d=7,dim=3,v=0): not supported [RD0] 
[CONCAT] ERR = 0.683368707 > 0.000000100   CONCAT(type=i16,ne_a=[11,12,13,14],ne_b_d=7,dim=3,v=0): FAIL
  CONCAT(type=i64,ne_a=[11,12,13,14],ne_b_d=7,dim=3,v=0): not supported [RD0] 
[CONCAT] ERR = 0.782715082 > 0.000000100   CONCAT(type=f32,ne_a=[11,12,13,14],ne_b_d=7,dim=0,v=1): FAIL
[CONCAT] ERR = 0.770233172 > 0.000000100   CONCAT(type=f16,ne_a=[11,12,13,14],ne_b_d=7,dim=0,v=1): FAIL
[CONCAT] ERR = 0.771752277 > 0.000000100   CONCAT(type=bf16,ne_a=[11,12,13,14],ne_b_d=7,dim=0,v=1): FAIL
  CONCAT(type=i8,ne_a=[11,12,13,14],ne_b_d=7,dim=0,v=1): not supported [RD0] 
[CONCAT] ERR = 0.777325965 > 0.000000100   CONCAT(type=i16,ne_a=[11,12,13,14],ne_b_d=7,dim=0,v=1): FAIL
  CONCAT(type=i64,ne_a=[11,12,13,14],ne_b_d=7,dim=0,v=1): not supported [RD0] 
[CONCAT] ERR = 0.742373745 > 0.000000100   CONCAT(type=f32,ne_a=[11,12,13,14],ne_b_d=7,dim=1,v=1): FAIL
[CONCAT] ERR = 0.735477967 > 0.000000100   CONCAT(type=f16,ne_a=[11,12,13,14],ne_b_d=7,dim=1,v=1): FAIL
[CONCAT] ERR = 0.731606325 > 0.000000100   CONCAT(type=bf16,ne_a=[11,12,13,14],ne_b_d=7,dim=1,v=1): FAIL
  CONCAT(type=i8,ne_a=[11,12,13,14],ne_b_d=7,dim=1,v=1): not supported [RD0] 
[CONCAT] ERR = 0.736467589 > 0.000000100   CONCAT(type=i16,ne_a=[11,12,13,14],ne_b_d=7,dim=1,v=1): FAIL
  CONCAT(type=i64,ne_a=[11,12,13,14],ne_b_d=7,dim=1,v=1): not supported [RD0] 
[CONCAT] ERR = 0.703452317 > 0.000000100   CONCAT(type=f32,ne_a=[11,12,13,14],ne_b_d=7,dim=2,v=1): FAIL
[CONCAT] ERR = 0.701927527 > 0.000000100   CONCAT(type=f16,ne_a=[11,12,13,14],ne_b_d=7,dim=2,v=1): FAIL
[CONCAT] ERR = 0.691728461 > 0.000000100   CONCAT(type=bf16,ne_a=[11,12,13,14],ne_b_d=7,dim=2,v=1): FAIL
  CONCAT(type=i8,ne_a=[11,12,13,14],ne_b_d=7,dim=2,v=1): not supported [RD0] 
[CONCAT] ERR = 0.700825752 > 0.000000100   CONCAT(type=i16,ne_a=[11,12,13,14],ne_b_d=7,dim=2,v=1): FAIL
  CONCAT(type=i64,ne_a=[11,12,13,14],ne_b_d=7,dim=2,v=1): not supported [RD0] 
[CONCAT] ERR = 0.667550236 > 0.000000100   CONCAT(type=f32,ne_a=[11,12,13,14],ne_b_d=7,dim=3,v=1): FAIL
[CONCAT] ERR = 0.667845050 > 0.000000100   CONCAT(type=f16,ne_a=[11,12,13,14],ne_b_d=7,dim=3,v=1): FAIL
[CONCAT] ERR = 0.669381691 > 0.000000100   CONCAT(type=bf16,ne_a=[11,12,13,14],ne_b_d=7,dim=3,v=1): FAIL
  CONCAT(type=i8,ne_a=[11,12,13,14],ne_b_d=7,dim=3,v=1): not supported [RD0] 
[CONCAT] ERR = 0.657566492 > 0.000000100   CONCAT(type=i16,ne_a=[11,12,13,14],ne_b_d=7,dim=3,v=1): FAIL
  CONCAT(type=i64,ne_a=[11,12,13,14],ne_b_d=7,dim=3,v=1): not supported [RD0] 
[CONCAT] ERR = 0.786421763 > 0.000000100   CONCAT(type=f32,ne_a=[11,12,13,14],ne_b_d=7,dim=0,v=2): FAIL
[CONCAT] ERR = 0.783988773 > 0.000000100   CONCAT(type=f16,ne_a=[11,12,13,14],ne_b_d=7,dim=0,v=2): FAIL
[CONCAT] ERR = 0.773197171 > 0.000000100   CONCAT(type=bf16,ne_a=[11,12,13,14],ne_b_d=7,dim=0,v=2): FAIL
  CONCAT(type=i8,ne_a=[11,12,13,14],ne_b_d=7,dim=0,v=2): not supported [RD0] 
[CONCAT] ERR = 0.793968618 > 0.000000100   CONCAT(type=i16,ne_a=[11,12,13,14],ne_b_d=7,dim=0,v=2): FAIL
  CONCAT(type=i64,ne_a=[11,12,13,14],ne_b_d=7,dim=0,v=2): not supported [RD0] 
[CONCAT] ERR = 0.733493026 > 0.000000100   CONCAT(type=f32,ne_a=[11,12,13,14],ne_b_d=7,dim=1,v=2): FAIL
[CONCAT] ERR = 0.746820225 > 0.000000100   CONCAT(type=f16,ne_a=[11,12,13,14],ne_b_d=7,dim=1,v=2): FAIL
[CONCAT] ERR = 0.732551139 > 0.000000100   CONCAT(type=bf16,ne_a=[11,12,13,14],ne_b_d=7,dim=1,v=2): FAIL
  CONCAT(type=i8,ne_a=[11,12,13,14],ne_b_d=7,dim=1,v=2): not supported [RD0] 
[CONCAT] ERR = 0.739019571 > 0.000000100   CONCAT(type=i16,ne_a=[11,12,13,14],ne_b_d=7,dim=1,v=2): FAIL
  CONCAT(type=i64,ne_a=[11,12,13,14],ne_b_d=7,dim=1,v=2): not supported [RD0] 
[CONCAT] ERR = 0.714083460 > 0.000000100   CONCAT(type=f32,ne_a=[11,12,13,14],ne_b_d=7,dim=2,v=2): FAIL
[CONCAT] ERR = 0.681930150 > 0.000000100   CONCAT(type=f16,ne_a=[11,12,13,14],ne_b_d=7,dim=2,v=2): FAIL
[CONCAT] ERR = 0.700399972 > 0.000000100   CONCAT(type=bf16,ne_a=[11,12,13,14],ne_b_d=7,dim=2,v=2): FAIL
  CONCAT(type=i8,ne_a=[11,12,13,14],ne_b_d=7,dim=2,v=2): not supported [RD0] 
[CONCAT] ERR = 0.694629432 > 0.000000100   CONCAT(type=i16,ne_a=[11,12,13,14],ne_b_d=7,dim=2,v=2): FAIL
  CONCAT(type=i64,ne_a=[11,12,13,14],ne_b_d=7,dim=2,v=2): not supported [RD0] 
[CONCAT] ERR = 0.664979336 > 0.000000100   CONCAT(type=f32,ne_a=[11,12,13,14],ne_b_d=7,dim=3,v=2): FAIL
[CONCAT] ERR = 0.667708843 > 0.000000100   CONCAT(type=f16,ne_a=[11,12,13,14],ne_b_d=7,dim=3,v=2): FAIL
[CONCAT] ERR = 0.671635567 > 0.000000100   CONCAT(type=bf16,ne_a=[11,12,13,14],ne_b_d=7,dim=3,v=2): FAIL
  CONCAT(type=i8,ne_a=[11,12,13,14],ne_b_d=7,dim=3,v=2): not supported [RD0] 
[CONCAT] ERR = 0.656217494 > 0.000000100   CONCAT(type=i16,ne_a=[11,12,13,14],ne_b_d=7,dim=3,v=2): FAIL
  CONCAT(type=i64,ne_a=[11,12,13,14],ne_b_d=7,dim=3,v=2): not supported [RD0] 
[CONCAT] ERR = 0.762998070 > 0.000000100   CONCAT(type=f32,ne_a=[11,12,13,14],ne_b_d=7,dim=0,v=3): FAIL
[CONCAT] ERR = 0.769855610 > 0.000000100   CONCAT(type=f16,ne_a=[11,12,13,14],ne_b_d=7,dim=0,v=3): FAIL
[CONCAT] ERR = 0.783078353 > 0.000000100   CONCAT(type=bf16,ne_a=[11,12,13,14],ne_b_d=7,dim=0,v=3): FAIL
  CONCAT(type=i8,ne_a=[11,12,13,14],ne_b_d=7,dim=0,v=3): not supported [RD0] 
[CONCAT] ERR = 0.773214561 > 0.000000100   CONCAT(type=i16,ne_a=[11,12,13,14],ne_b_d=7,dim=0,v=3): FAIL
  CONCAT(type=i64,ne_a=[11,12,13,14],ne_b_d=7,dim=0,v=3): not supported [RD0] 
[CONCAT] ERR = 0.730240924 > 0.000000100   CONCAT(type=f32,ne_a=[11,12,13,14],ne_b_d=7,dim=1,v=3): FAIL
[CONCAT] ERR = 0.729616961 > 0.000000100   CONCAT(type=f16,ne_a=[11,12,13,14],ne_b_d=7,dim=1,v=3): FAIL
[CONCAT] ERR = 0.727184983 > 0.000000100   CONCAT(type=bf16,ne_a=[11,12,13,14],ne_b_d=7,dim=1,v=3): FAIL
  CONCAT(type=i8,ne_a=[11,12,13,14],ne_b_d=7,dim=1,v=3): not supported [RD0] 
[CONCAT] ERR = 0.733625894 > 0.000000100   CONCAT(type=i16,ne_a=[11,12,13,14],ne_b_d=7,dim=1,v=3): FAIL
  CONCAT(type=i64,ne_a=[11,12,13,14],ne_b_d=7,dim=1,v=3): not supported [RD0] 
[CONCAT] ERR = 0.692522464 > 0.000000100   CONCAT(type=f32,ne_a=[11,12,13,14],ne_b_d=7,dim=2,v=3): FAIL
[CONCAT] ERR = 0.700440023 > 0.000000100   CONCAT(type=f16,ne_a=[11,12,13,14],ne_b_d=7,dim=2,v=3): FAIL
[CONCAT] ERR = 0.688454002 > 0.000000100   CONCAT(type=bf16,ne_a=[11,12,13,14],ne_b_d=7,dim=2,v=3): FAIL
  CONCAT(type=i8,ne_a=[11,12,13,14],ne_b_d=7,dim=2,v=3): not supported [RD0] 
[CONCAT] ERR = 0.693895373 > 0.000000100   CONCAT(type=i16,ne_a=[11,12,13,14],ne_b_d=7,dim=2,v=3): FAIL
  CONCAT(type=i64,ne_a=[11,12,13,14],ne_b_d=7,dim=2,v=3): not supported [RD0] 
[CONCAT] ERR = 0.666497047 > 0.000000100   CONCAT(type=f32,ne_a=[11,12,13,14],ne_b_d=7,dim=3,v=3): FAIL
[CONCAT] ERR = 0.665601653 > 0.000000100   CONCAT(type=f16,ne_a=[11,12,13,14],ne_b_d=7,dim=3,v=3): FAIL
[CONCAT] ERR = 0.657447466 > 0.000000100   CONCAT(type=bf16,ne_a=[11,12,13,14],ne_b_d=7,dim=3,v=3): FAIL
  CONCAT(type=i8,ne_a=[11,12,13,14],ne_b_d=7,dim=3,v=3): not supported [RD0] 
[CONCAT] ERR = 0.666461409 > 0.000000100   CONCAT(type=i16,ne_a=[11,12,13,14],ne_b_d=7,dim=3,v=3): FAIL
  CONCAT(type=i64,ne_a=[11,12,13,14],ne_b_d=7,dim=3,v=3): not supported [RD0] 
  CONCAT(type=q4_0,ne_a=[128,12,13,14],ne_b_d=256,dim=0,v=0): not supported [RD0] 
  CONCAT(type=q4_0,ne_a=[128,12,13,14],ne_b_d=7,dim=1,v=0): not supported [RD0] 
  CONCAT(type=q4_0,ne_a=[128,12,13,14],ne_b_d=7,dim=2,v=0): not supported [RD0] 
  CONCAT(type=q4_0,ne_a=[128,12,13,14],ne_b_d=7,dim=3,v=0): not supported [RD0] 
  CONCAT(type=q4_0,ne_a=[128,12,13,14],ne_b_d=256,dim=0,v=4): not supported [RD0] 
  CONCAT(type=q4_0,ne_a=[128,12,13,14],ne_b_d=7,dim=1,v=4): not supported [RD0] 
  CONCAT(type=q4_0,ne_a=[128,12,13,14],ne_b_d=7,dim=2,v=4): not supported [RD0] 
  CONCAT(type=q4_0,ne_a=[128,12,13,14],ne_b_d=7,dim=3,v=4): not supported [RD0] 
  CONCAT(type=q4_0,ne_a=[128,12,13,14],ne_b_d=256,dim=0,v=8): not supported [RD0] 
  CONCAT(type=q4_0,ne_a=[128,12,13,14],ne_b_d=7,dim=1,v=8): not supported [RD0] 
  CONCAT(type=q4_0,ne_a=[128,12,13,14],ne_b_d=7,dim=2,v=8): not supported [RD0] 
  CONCAT(type=q4_0,ne_a=[128,12,13,14],ne_b_d=7,dim=3,v=8): not supported [RD0] 
  CONCAT(type=q4_0,ne_a=[128,12,13,14],ne_b_d=256,dim=0,v=12): not supported [RD0] 
  CONCAT(type=q4_0,ne_a=[128,12,13,14],ne_b_d=7,dim=1,v=12): not supported [RD0] 
  CONCAT(type=q4_0,ne_a=[128,12,13,14],ne_b_d=7,dim=2,v=12): not supported [RD0] 
  CONCAT(type=q4_0,ne_a=[128,12,13,14],ne_b_d=7,dim=3,v=12): not supported [RD0] 
  CONCAT(type=q4_1,ne_a=[128,12,13,14],ne_b_d=256,dim=0,v=0): not supported [RD0] 
  CONCAT(type=q4_1,ne_a=[128,12,13,14],ne_b_d=7,dim=1,v=0): not supported [RD0] 
  CONCAT(type=q4_1,ne_a=[128,12,13,14],ne_b_d=7,dim=2,v=0): not supported [RD0] 
  CONCAT(type=q4_1,ne_a=[128,12,13,14],ne_b_d=7,dim=3,v=0): not supported [RD0] 
  CONCAT(type=q4_1,ne_a=[128,12,13,14],ne_b_d=256,dim=0,v=4): not supported [RD0] 
  CONCAT(type=q4_1,ne_a=[128,12,13,14],ne_b_d=7,dim=1,v=4): not supported [RD0] 
  CONCAT(type=q4_1,ne_a=[128,12,13,14],ne_b_d=7,dim=2,v=4): not supported [RD0] 
  CONCAT(type=q4_1,ne_a=[128,12,13,14],ne_b_d=7,dim=3,v=4): not supported [RD0] 
  CONCAT(type=q4_1,ne_a=[128,12,13,14],ne_b_d=256,dim=0,v=8): not supported [RD0] 
  CONCAT(type=q4_1,ne_a=[128,12,13,14],ne_b_d=7,dim=1,v=8): not supported [RD0] 
  CONCAT(type=q4_1,ne_a=[128,12,13,14],ne_b_d=7,dim=2,v=8): not supported [RD0] 
  CONCAT(type=q4_1,ne_a=[128,12,13,14],ne_b_d=7,dim=3,v=8): not supported [RD0] 
  CONCAT(type=q4_1,ne_a=[128,12,13,14],ne_b_d=256,dim=0,v=12): not supported [RD0] 
  CONCAT(type=q4_1,ne_a=[128,12,13,14],ne_b_d=7,dim=1,v=12): not supported [RD0] 
  CONCAT(type=q4_1,ne_a=[128,12,13,14],ne_b_d=7,dim=2,v=12): not supported [RD0] 
  CONCAT(type=q4_1,ne_a=[128,12,13,14],ne_b_d=7,dim=3,v=12): not supported [RD0] 
  CONCAT(type=q5_0,ne_a=[128,12,13,14],ne_b_d=256,dim=0,v=0): not supported [RD0] 
  CONCAT(type=q5_0,ne_a=[128,12,13,14],ne_b_d=7,dim=1,v=0): not supported [RD0] 
  CONCAT(type=q5_0,ne_a=[128,12,13,14],ne_b_d=7,dim=2,v=0): not supported [RD0] 
  CONCAT(type=q5_0,ne_a=[128,12,13,14],ne_b_d=7,dim=3,v=0): not supported [RD0] 
  CONCAT(type=q5_0,ne_a=[128,12,13,14],ne_b_d=256,dim=0,v=4): not supported [RD0] 
  CONCAT(type=q5_0,ne_a=[128,12,13,14],ne_b_d=7,dim=1,v=4): not supported [RD0] 
  CONCAT(type=q5_0,ne_a=[128,12,13,14],ne_b_d=7,dim=2,v=4): not supported [RD0] 
  CONCAT(type=q5_0,ne_a=[128,12,13,14],ne_b_d=7,dim=3,v=4): not supported [RD0] 
  CONCAT(type=q5_0,ne_a=[128,12,13,14],ne_b_d=256,dim=0,v=8): not supported [RD0] 
  CONCAT(type=q5_0,ne_a=[128,12,13,14],ne_b_d=7,dim=1,v=8): not supported [RD0] 
  CONCAT(type=q5_0,ne_a=[128,12,13,14],ne_b_d=7,dim=2,v=8): not supported [RD0] 
  CONCAT(type=q5_0,ne_a=[128,12,13,14],ne_b_d=7,dim=3,v=8): not supported [RD0] 
  CONCAT(type=q5_0,ne_a=[128,12,13,14],ne_b_d=256,dim=0,v=12): not supported [RD0] 
  CONCAT(type=q5_0,ne_a=[128,12,13,14],ne_b_d=7,dim=1,v=12): not supported [RD0] 
  CONCAT(type=q5_0,ne_a=[128,12,13,14],ne_b_d=7,dim=2,v=12): not supported [RD0] 
  CONCAT(type=q5_0,ne_a=[128,12,13,14],ne_b_d=7,dim=3,v=12): not supported [RD0] 
  CONCAT(type=q5_1,ne_a=[128,12,13,14],ne_b_d=256,dim=0,v=0): not supported [RD0] 
  CONCAT(type=q5_1,ne_a=[128,12,13,14],ne_b_d=7,dim=1,v=0): not supported [RD0] 
  CONCAT(type=q5_1,ne_a=[128,12,13,14],ne_b_d=7,dim=2,v=0): not supported [RD0] 
  CONCAT(type=q5_1,ne_a=[128,12,13,14],ne_b_d=7,dim=3,v=0): not supported [RD0] 
  CONCAT(type=q5_1,ne_a=[128,12,13,14],ne_b_d=256,dim=0,v=4): not supported [RD0] 
  CONCAT(type=q5_1,ne_a=[128,12,13,14],ne_b_d=7,dim=1,v=4): not supported [RD0] 
  CONCAT(type=q5_1,ne_a=[128,12,13,14],ne_b_d=7,dim=2,v=4): not supported [RD0] 
  CONCAT(type=q5_1,ne_a=[128,12,13,14],ne_b_d=7,dim=3,v=4): not supported [RD0] 
  CONCAT(type=q5_1,ne_a=[128,12,13,14],ne_b_d=256,dim=0,v=8): not supported [RD0] 
  CONCAT(type=q5_1,ne_a=[128,12,13,14],ne_b_d=7,dim=1,v=8): not supported [RD0] 
  CONCAT(type=q5_1,ne_a=[128,12,13,14],ne_b_d=7,dim=2,v=8): not supported [RD0] 
  CONCAT(type=q5_1,ne_a=[128,12,13,14],ne_b_d=7,dim=3,v=8): not supported [RD0] 
  CONCAT(type=q5_1,ne_a=[128,12,13,14],ne_b_d=256,dim=0,v=12): not supported [RD0] 
  CONCAT(type=q5_1,ne_a=[128,12,13,14],ne_b_d=7,dim=1,v=12): not supported [RD0] 
  CONCAT(type=q5_1,ne_a=[128,12,13,14],ne_b_d=7,dim=2,v=12): not supported [RD0] 
  CONCAT(type=q5_1,ne_a=[128,12,13,14],ne_b_d=7,dim=3,v=12): not supported [RD0] 
  CONCAT(type=q8_0,ne_a=[128,12,13,14],ne_b_d=256,dim=0,v=0): not supported [RD0] 
  CONCAT(type=q8_0,ne_a=[128,12,13,14],ne_b_d=7,dim=1,v=0): not supported [RD0] 
  CONCAT(type=q8_0,ne_a=[128,12,13,14],ne_b_d=7,dim=2,v=0): not supported [RD0] 
  CONCAT(type=q8_0,ne_a=[128,12,13,14],ne_b_d=7,dim=3,v=0): not supported [RD0] 
  CONCAT(type=q8_0,ne_a=[128,12,13,14],ne_b_d=256,dim=0,v=4): not supported [RD0] 
  CONCAT(type=q8_0,ne_a=[128,12,13,14],ne_b_d=7,dim=1,v=4): not supported [RD0] 
  CONCAT(type=q8_0,ne_a=[128,12,13,14],ne_b_d=7,dim=2,v=4): not supported [RD0] 
  CONCAT(type=q8_0,ne_a=[128,12,13,14],ne_b_d=7,dim=3,v=4): not supported [RD0] 
  CONCAT(type=q8_0,ne_a=[128,12,13,14],ne_b_d=256,dim=0,v=8): not supported [RD0] 
  CONCAT(type=q8_0,ne_a=[128,12,13,14],ne_b_d=7,dim=1,v=8): not supported [RD0] 
  CONCAT(type=q8_0,ne_a=[128,12,13,14],ne_b_d=7,dim=2,v=8): not supported [RD0] 
  CONCAT(type=q8_0,ne_a=[128,12,13,14],ne_b_d=7,dim=3,v=8): not supported [RD0] 
  CONCAT(type=q8_0,ne_a=[128,12,13,14],ne_b_d=256,dim=0,v=12): not supported [RD0] 
  CONCAT(type=q8_0,ne_a=[128,12,13,14],ne_b_d=7,dim=1,v=12): not supported [RD0] 
  CONCAT(type=q8_0,ne_a=[128,12,13,14],ne_b_d=7,dim=2,v=12): not supported [RD0] 
  CONCAT(type=q8_0,ne_a=[128,12,13,14],ne_b_d=7,dim=3,v=12): not supported [RD0] 
  0/129 tests passed

Failing tests:
  GET_ROWS(type=f32,n=76800,m=5,r=4,be1=1,be2=2,v=0)
  GET_ROWS(type=f32,n=256,m=80000,r=70000,be1=2,be2=1,v=0)
  GET_ROWS(type=f32,n=256,m=5,r=4,be1=700,be2=100,v=0)
  GET_ROWS(type=f32,n=1,m=8,r=2,be1=1,be2=1,v=0)
  GET_ROWS(type=f32,n=256,m=5,r=4,be1=1,be2=1,v=0)
  GET_ROWS(type=f32,n=256,m=5,r=4,be1=1,be2=1,v=1)
  GET_ROWS(type=f32,n=256,m=5,r=4,be1=7,be2=1,v=0)
  GET_ROWS(type=f32,n=256,m=5,r=4,be1=7,be2=1,v=1)
  GET_ROWS(type=f16,n=256,m=5,r=4,be1=1,be2=1,v=0)
  GET_ROWS(type=f16,n=256,m=5,r=4,be1=1,be2=1,v=1)
  GET_ROWS(type=f16,n=256,m=5,r=4,be1=7,be2=1,v=0)
  GET_ROWS(type=f16,n=256,m=5,r=4,be1=7,be2=1,v=1)
  GET_ROWS(type=bf16,n=256,m=5,r=4,be1=1,be2=1,v=0)
  GET_ROWS(type=bf16,n=256,m=5,r=4,be1=1,be2=1,v=1)
  GET_ROWS(type=bf16,n=256,m=5,r=4,be1=7,be2=1,v=0)
  GET_ROWS(type=bf16,n=256,m=5,r=4,be1=7,be2=1,v=1)
  REPEAT(type=f32,ne=[10,5,4,1],nr=[1,1,1,1])
  REPEAT(type=f32,ne=[10,5,4,1],nr=[2,1,1,1])
  REPEAT(type=f32,ne=[10,5,4,1],nr=[1,2,1,1])
  REPEAT(type=f32,ne=[10,5,4,1],nr=[1,1,2,1])
  REPEAT(type=f32,ne=[10,5,4,1],nr=[1,1,1,2])
  REPEAT(type=f16,ne=[10,5,4,1],nr=[2,1,1,1])
  REPEAT(type=i16,ne=[10,5,4,1],nr=[1,1,1,2])
  REPEAT(type=bf16,ne=[10,5,4,1],nr=[2,1,1,1])
  REPEAT(type=f32,ne=[10,5,4,3],nr=[1,1,1,1])
  REPEAT(type=f32,ne=[10,5,4,3],nr=[2,1,1,1])
  REPEAT(type=f32,ne=[10,5,4,3],nr=[1,2,1,1])
  REPEAT(type=f32,ne=[10,5,4,3],nr=[1,1,2,1])
  REPEAT(type=f32,ne=[10,5,4,3],nr=[1,1,1,2])
  REPEAT(type=f16,ne=[10,5,4,3],nr=[2,1,1,1])
  REPEAT(type=i16,ne=[10,5,4,3],nr=[1,1,1,2])
  REPEAT(type=bf16,ne=[10,5,4,3],nr=[2,1,1,1])
  DUP(type=f32,ne=[10,10,20,1])
  DUP(type=f16,ne=[10,10,20,1])
  DUP(type=i16,ne=[10,10,20,1])
  DUP(type=f32,ne=[10,10,5,1],permute=[0,2,1,3])
  DUP(type=f16,ne=[10,10,5,1],permute=[0,2,1,3])
  DUP(type=f32,ne=[10,10,5,1],permute=[1,0,2,3])
  DUP(type=f16,ne=[10,10,5,1],permute=[1,0,2,3])
  DUP(type=i16,ne=[10,8,3,1],permute=[0,2,1,3])
  DUP(type=i16,ne=[10,8,3,1],permute=[1,2,0,3])
  CONT(type=f32,ne=[2,1,1,1],use_view_slice=1)
  CONT(type=f32,ne=[2,1,3,5],use_view_slice=1)
  CONT(type=f32,ne=[2,3,5,7],use_view_slice=1)
  CONT(type=f32,ne=[1,4,4,1],use_view_slice=1)
  CONT(type=f32,ne=[1,8,17,1],use_view_slice=1)
  CONT(type=f32,ne=[10,10,10,1],use_view_slice=1)
  CONT(type=f32,ne=[2,1,1,1],use_view_slice=0)
  CONT(type=f32,ne=[2,1,3,5],use_view_slice=0)
  CONT(type=f32,ne=[2,3,5,7],use_view_slice=0)
  CONT(type=f32,ne=[1,4,4,1],use_view_slice=0)
  CONT(type=f32,ne=[1,8,17,1],use_view_slice=0)
  CONT(type=f32,ne=[10,10,10,1],use_view_slice=0)
  CONT(type=f16,ne=[2,1,1,1],use_view_slice=0)
  CONT(type=f16,ne=[2,1,3,5],use_view_slice=0)
  CONT(type=f16,ne=[2,3,5,7],use_view_slice=0)
  CONT(type=f16,ne=[1,4,4,1],use_view_slice=0)
  CONT(type=f16,ne=[1,8,17,1],use_view_slice=0)
  CONT(type=f16,ne=[10,10,10,1],use_view_slice=0)
  CONT(type=bf16,ne=[2,1,1,1],use_view_slice=0)
  CONT(type=bf16,ne=[2,1,3,5],use_view_slice=0)
  CONT(type=bf16,ne=[2,3,5,7],use_view_slice=0)
  CONT(type=bf16,ne=[1,4,4,1],use_view_slice=0)
  CONT(type=bf16,ne=[1,8,17,1],use_view_slice=0)
  CONT(type=bf16,ne=[10,10,10,1],use_view_slice=0)
  CONCAT(type=f32,ne_a=[11,12,13,14],ne_b_d=7,dim=0,v=0)
  CONCAT(type=f16,ne_a=[11,12,13,14],ne_b_d=7,dim=0,v=0)
  CONCAT(type=bf16,ne_a=[11,12,13,14],ne_b_d=7,dim=0,v=0)
  CONCAT(type=i16,ne_a=[11,12,13,14],ne_b_d=7,dim=0,v=0)
  CONCAT(type=f32,ne_a=[11,12,13,14],ne_b_d=7,dim=1,v=0)
  CONCAT(type=f16,ne_a=[11,12,13,14],ne_b_d=7,dim=1,v=0)
  CONCAT(type=bf16,ne_a=[11,12,13,14],ne_b_d=7,dim=1,v=0)
  CONCAT(type=i16,ne_a=[11,12,13,14],ne_b_d=7,dim=1,v=0)
  CONCAT(type=f32,ne_a=[11,12,13,14],ne_b_d=7,dim=2,v=0)
  CONCAT(type=f16,ne_a=[11,12,13,14],ne_b_d=7,dim=2,v=0)
  CONCAT(type=bf16,ne_a=[11,12,13,14],ne_b_d=7,dim=2,v=0)
  CONCAT(type=i16,ne_a=[11,12,13,14],ne_b_d=7,dim=2,v=0)
  CONCAT(type=f32,ne_a=[11,12,13,14],ne_b_d=7,dim=3,v=0)
  CONCAT(type=f16,ne_a=[11,12,13,14],ne_b_d=7,dim=3,v=0)
  CONCAT(type=bf16,ne_a=[11,12,13,14],ne_b_d=7,dim=3,v=0)
  CONCAT(type=i16,ne_a=[11,12,13,14],ne_b_d=7,dim=3,v=0)
  CONCAT(type=f32,ne_a=[11,12,13,14],ne_b_d=7,dim=0,v=1)
  CONCAT(type=f16,ne_a=[11,12,13,14],ne_b_d=7,dim=0,v=1)
  CONCAT(type=bf16,ne_a=[11,12,13,14],ne_b_d=7,dim=0,v=1)
  CONCAT(type=i16,ne_a=[11,12,13,14],ne_b_d=7,dim=0,v=1)
  CONCAT(type=f32,ne_a=[11,12,13,14],ne_b_d=7,dim=1,v=1)
  CONCAT(type=f16,ne_a=[11,12,13,14],ne_b_d=7,dim=1,v=1)
  CONCAT(type=bf16,ne_a=[11,12,13,14],ne_b_d=7,dim=1,v=1)
  CONCAT(type=i16,ne_a=[11,12,13,14],ne_b_d=7,dim=1,v=1)
  CONCAT(type=f32,ne_a=[11,12,13,14],ne_b_d=7,dim=2,v=1)
  CONCAT(type=f16,ne_a=[11,12,13,14],ne_b_d=7,dim=2,v=1)
  CONCAT(type=bf16,ne_a=[11,12,13,14],ne_b_d=7,dim=2,v=1)
  CONCAT(type=i16,ne_a=[11,12,13,14],ne_b_d=7,dim=2,v=1)
  CONCAT(type=f32,ne_a=[11,12,13,14],ne_b_d=7,dim=3,v=1)
  CONCAT(type=f16,ne_a=[11,12,13,14],ne_b_d=7,dim=3,v=1)
  CONCAT(type=bf16,ne_a=[11,12,13,14],ne_b_d=7,dim=3,v=1)
  CONCAT(type=i16,ne_a=[11,12,13,14],ne_b_d=7,dim=3,v=1)
  CONCAT(type=f32,ne_a=[11,12,13,14],ne_b_d=7,dim=0,v=2)
  CONCAT(type=f16,ne_a=[11,12,13,14],ne_b_d=7,dim=0,v=2)
  CONCAT(type=bf16,ne_a=[11,12,13,14],ne_b_d=7,dim=0,v=2)
  CONCAT(type=i16,ne_a=[11,12,13,14],ne_b_d=7,dim=0,v=2)
  CONCAT(type=f32,ne_a=[11,12,13,14],ne_b_d=7,dim=1,v=2)
  CONCAT(type=f16,ne_a=[11,12,13,14],ne_b_d=7,dim=1,v=2)
  CONCAT(type=bf16,ne_a=[11,12,13,14],ne_b_d=7,dim=1,v=2)
  CONCAT(type=i16,ne_a=[11,12,13,14],ne_b_d=7,dim=1,v=2)
  CONCAT(type=f32,ne_a=[11,12,13,14],ne_b_d=7,dim=2,v=2)
  CONCAT(type=f16,ne_a=[11,12,13,14],ne_b_d=7,dim=2,v=2)
  CONCAT(type=bf16,ne_a=[11,12,13,14],ne_b_d=7,dim=2,v=2)
  CONCAT(type=i16,ne_a=[11,12,13,14],ne_b_d=7,dim=2,v=2)
  CONCAT(type=f32,ne_a=[11,12,13,14],ne_b_d=7,dim=3,v=2)
  CONCAT(type=f16,ne_a=[11,12,13,14],ne_b_d=7,dim=3,v=2)
  CONCAT(type=bf16,ne_a=[11,12,13,14],ne_b_d=7,dim=3,v=2)
  CONCAT(type=i16,ne_a=[11,12,13,14],ne_b_d=7,dim=3,v=2)
  CONCAT(type=f32,ne_a=[11,12,13,14],ne_b_d=7,dim=0,v=3)
  CONCAT(type=f16,ne_a=[11,12,13,14],ne_b_d=7,dim=0,v=3)
  CONCAT(type=bf16,ne_a=[11,12,13,14],ne_b_d=7,dim=0,v=3)
  CONCAT(type=i16,ne_a=[11,12,13,14],ne_b_d=7,dim=0,v=3)
  CONCAT(type=f32,ne_a=[11,12,13,14],ne_b_d=7,dim=1,v=3)
  CONCAT(type=f16,ne_a=[11,12,13,14],ne_b_d=7,dim=1,v=3)
  CONCAT(type=bf16,ne_a=[11,12,13,14],ne_b_d=7,dim=1,v=3)
  CONCAT(type=i16,ne_a=[11,12,13,14],ne_b_d=7,dim=1,v=3)
  CONCAT(type=f32,ne_a=[11,12,13,14],ne_b_d=7,dim=2,v=3)
  CONCAT(type=f16,ne_a=[11,12,13,14],ne_b_d=7,dim=2,v=3)
  CONCAT(type=bf16,ne_a=[11,12,13,14],ne_b_d=7,dim=2,v=3)
  CONCAT(type=i16,ne_a=[11,12,13,14],ne_b_d=7,dim=2,v=3)
  CONCAT(type=f32,ne_a=[11,12,13,14],ne_b_d=7,dim=3,v=3)
  CONCAT(type=f16,ne_a=[11,12,13,14],ne_b_d=7,dim=3,v=3)
  CONCAT(type=bf16,ne_a=[11,12,13,14],ne_b_d=7,dim=3,v=3)
  CONCAT(type=i16,ne_a=[11,12,13,14],ne_b_d=7,dim=3,v=3)
  Backend RD0: FAIL
1/2 backends passed
FAIL
ggml_test: test-backend-ops returned 1
ggml_test: rd stats graphs=23846 nodes=30897 dispatches=9556 skipped=21341 barriers=2613 failed_graphs=0 last{nodes=1 dispatches=0 barriers=0 skipped=1} pipelines=48 set0_created=3686 slots_created=256 coop_yields=15 waits=3752 faults=241 params_bytes=2446336 set_bytes=15240098964 get_bytes=19694099144 copies=0 clears=0 buffers_live=0 bytes_live=0
