Testing 2 devices

Backend 1/2: CPU
  Skipping
Backend 2/2: RD0
  Device description: Godot RenderingDevice (NVIDIA GeForce RTX 4090)
  Device memory: 24576 MB (24576 MB free)

  NEG(type=f16,ne_a=[128,2,2,2],v=0): not supported [RD0] 
  NEG(type=f16,ne_a=[5,7,11,13],v=0): not supported [RD0] 
  SIGMOID(type=f16,ne_a=[128,2,2,2],v=0): not supported [RD0] 
  SIGMOID(type=f16,ne_a=[5,7,11,13],v=0): not supported [RD0] 
  GELU(type=f16,ne_a=[128,2,2,2],v=0): not supported [RD0] 
  GELU(type=f16,ne_a=[5,7,11,13],v=0): not supported [RD0] 
  SILU(type=f16,ne_a=[128,2,2,2],v=0): not supported [RD0] 
  SILU(type=f16,ne_a=[5,7,11,13],v=0): not supported [RD0] 
  GELU_ERF(type=f16,ne_a=[128,2,2,2],v=0): not supported [RD0] 
  GELU_ERF(type=f16,ne_a=[5,7,11,13],v=0): not supported [RD0] 
  NEG(type=f16,ne_a=[128,2,2,2],v=1): not supported [RD0] 
  NEG(type=f16,ne_a=[5,7,11,13],v=1): not supported [RD0] 
  SIGMOID(type=f16,ne_a=[128,2,2,2],v=1): not supported [RD0] 
  SIGMOID(type=f16,ne_a=[5,7,11,13],v=1): not supported [RD0] 
  GELU(type=f16,ne_a=[128,2,2,2],v=1): not supported [RD0] 
  GELU(type=f16,ne_a=[5,7,11,13],v=1): not supported [RD0] 
  SILU(type=f16,ne_a=[128,2,2,2],v=1): not supported [RD0] 
  SILU(type=f16,ne_a=[5,7,11,13],v=1): not supported [RD0] 
  GELU_ERF(type=f16,ne_a=[128,2,2,2],v=1): not supported [RD0] 
  GELU_ERF(type=f16,ne_a=[5,7,11,13],v=1): not supported [RD0] 
  NEG(type=f32,ne_a=[128,2,2,2],v=0): OK
  NEG(type=f32,ne_a=[5,7,11,13],v=0): OK
  SIGMOID(type=f32,ne_a=[128,2,2,2],v=0): OK
  SIGMOID(type=f32,ne_a=[5,7,11,13],v=0): OK
  GELU(type=f32,ne_a=[128,2,2,2],v=0): OK
  GELU(type=f32,ne_a=[5,7,11,13],v=0): OK
  SILU(type=f32,ne_a=[128,2,2,2],v=0): OK
  SILU(type=f32,ne_a=[5,7,11,13],v=0): OK
  GELU_ERF(type=f32,ne_a=[128,2,2,2],v=0): OK
  GELU_ERF(type=f32,ne_a=[5,7,11,13],v=0): OK
  NEG(type=f32,ne_a=[128,2,2,2],v=1): OK
  NEG(type=f32,ne_a=[5,7,11,13],v=1): OK
  SIGMOID(type=f32,ne_a=[128,2,2,2],v=1): OK
  SIGMOID(type=f32,ne_a=[5,7,11,13],v=1): OK
  GELU(type=f32,ne_a=[128,2,2,2],v=1): OK
  GELU(type=f32,ne_a=[5,7,11,13],v=1): OK
  SILU(type=f32,ne_a=[128,2,2,2],v=1): OK
  SILU(type=f32,ne_a=[5,7,11,13],v=1): OK
  GELU_ERF(type=f32,ne_a=[128,2,2,2],v=1): OK
  GELU_ERF(type=f32,ne_a=[5,7,11,13],v=1): OK
  SCALE(type=f32,ne=[10,10,10,10],scale=2.000000,bias=0.000000,inplace=0): OK
  SCALE(type=f32,ne=[10,10,10,10],scale=2.000000,bias=1.000000,inplace=0): OK
  SCALE(type=f32,ne=[10,10,10,10],scale=2.000000,bias=1.000000,inplace=1): OK
  SCALE(type=f32,ne=[100,10,10,10],scale=2.000000,bias=1.000000,inplace=0): OK
  DIAG_MASK_INF(type=f32,ne=[10,10,1,1],n_past=5): OK
  DIAG_MASK_INF(type=f32,ne=[10,10,3,1],n_past=5): OK
  DIAG_MASK_INF(type=f32,ne=[10,10,3,2],n_past=5): OK
  ROPE(type=f32,ne_a=[128,32,2,1],n_dims=128,mode=0,n_ctx=512,fs=1.000000,ef=0.000000,af=1.000000,ff=0,v=0,inplace=0): not supported [RD0] 
  ROPE(type=f32,ne_a=[128,40,2,1],n_dims=128,mode=0,n_ctx=512,fs=1.000000,ef=0.000000,af=1.000000,ff=0,v=0,inplace=0): not supported [RD0] 
  ROPE(type=f32,ne_a=[128,52,2,1],n_dims=128,mode=0,n_ctx=512,fs=1.000000,ef=0.000000,af=1.000000,ff=0,v=0,inplace=0): not supported [RD0] 
  ROPE(type=f32,ne_a=[128,64,2,1],n_dims=128,mode=0,n_ctx=512,fs=1.000000,ef=0.000000,af=1.000000,ff=0,v=0,inplace=0): not supported [RD0] 
  ROPE(type=f32,ne_a=[16,16,8192,1],n_dims=16,mode=0,n_ctx=512,fs=1.000000,ef=0.000000,af=1.000000,ff=0,v=0,inplace=0): not supported [RD0] 
  ROPE(type=f32,ne_a=[64,1,2,1],n_dims=64,mode=2,n_ctx=512,fs=1.000000,ef=0.000000,af=1.000000,ff=0,v=0,inplace=0): OK
  ROPE(type=f32,ne_a=[64,71,2,1],n_dims=64,mode=2,n_ctx=512,fs=1.000000,ef=0.000000,af=1.000000,ff=0,v=0,inplace=0): OK
  ROPE(type=f32,ne_a=[64,8,2,1],n_dims=64,mode=2,n_ctx=512,fs=1.000000,ef=0.000000,af=1.000000,ff=0,v=0,inplace=0): OK
  ROPE(type=f32,ne_a=[80,32,2,1],n_dims=20,mode=0,n_ctx=512,fs=1.000000,ef=0.000000,af=1.000000,ff=0,v=0,inplace=0): not supported [RD0] 
  ROPE(type=f32,ne_a=[80,32,2,1],n_dims=32,mode=0,n_ctx=512,fs=1.000000,ef=0.000000,af=1.000000,ff=0,v=0,inplace=0): not supported [RD0] 
  ROPE(type=f32,ne_a=[80,32,4,1],n_dims=32,mode=0,n_ctx=512,fs=1.000000,ef=0.000000,af=1.000000,ff=0,v=0,inplace=0): not supported [RD0] 
  ROPE(type=f32,ne_a=[80,32,2,1],n_dims=20,mode=2,n_ctx=512,fs=1.000000,ef=0.000000,af=1.000000,ff=0,v=0,inplace=0): OK
  ROPE(type=f32,ne_a=[80,32,2,1],n_dims=32,mode=2,n_ctx=512,fs=1.000000,ef=0.000000,af=1.000000,ff=0,v=0,inplace=0): OK
  ROPE(type=f32,ne_a=[80,32,4,1],n_dims=32,mode=2,n_ctx=512,fs=1.000000,ef=0.000000,af=1.000000,ff=0,v=0,inplace=0): OK
  ROPE(type=f32,ne_a=[16,16,8192,1],n_dims=16,mode=2,n_ctx=512,fs=1.000000,ef=0.000000,af=1.000000,ff=0,v=0,inplace=0): OK
  ROPE(type=f32,ne_a=[128,12,2,1],n_dims=128,mode=8,n_ctx=512,fs=1.000000,ef=0.000000,af=1.000000,ff=0,v=0,inplace=0): not supported [RD0] 
  ROPE(type=f32,ne_a=[128,28,2,1],n_dims=128,mode=8,n_ctx=512,fs=1.000000,ef=0.000000,af=1.000000,ff=0,v=0,inplace=0): not supported [RD0] 
  ROPE(type=f32,ne_a=[128,12,2,1],n_dims=20,mode=8,n_ctx=512,fs=1.000000,ef=0.000000,af=1.000000,ff=0,v=0,inplace=0): not supported [RD0] 
  ROPE(type=f32,ne_a=[128,28,2,1],n_dims=32,mode=8,n_ctx=512,fs=1.000000,ef=0.000000,af=1.000000,ff=0,v=0,inplace=0): not supported [RD0] 
  ROPE(type=f32,ne_a=[128,12,2,1],n_dims=128,mode=40,n_ctx=512,fs=1.000000,ef=0.000000,af=1.000000,ff=0,v=0,inplace=0): not supported [RD0] 
  ROPE(type=f32,ne_a=[128,28,2,1],n_dims=128,mode=40,n_ctx=512,fs=1.000000,ef=0.000000,af=1.000000,ff=0,v=0,inplace=0): not supported [RD0] 
  ROPE(type=f32,ne_a=[128,12,2,1],n_dims=20,mode=40,n_ctx=512,fs=1.000000,ef=0.000000,af=1.000000,ff=0,v=0,inplace=0): not supported [RD0] 
  ROPE(type=f32,ne_a=[128,28,2,1],n_dims=32,mode=40,n_ctx=512,fs=1.000000,ef=0.000000,af=1.000000,ff=0,v=0,inplace=0): not supported [RD0] 
  ROPE(type=f32,ne_a=[80,16,2,1],n_dims=80,mode=24,n_ctx=512,fs=1.000000,ef=0.000000,af=1.000000,ff=0,v=0,inplace=0): not supported [RD0] 
  ROPE(type=f32,ne_a=[128,16,2,1],n_dims=128,mode=40,n_ctx=512,fs=1.000000,ef=0.000000,af=1.000000,ff=0,v=0,inplace=0): not supported [RD0] 
  ROPE(type=f32,ne_a=[16,16,8192,1],n_dims=16,mode=40,n_ctx=512,fs=1.000000,ef=0.000000,af=1.000000,ff=0,v=0,inplace=0): not supported [RD0] 
  ROPE(type=f32,ne_a=[64,128,2,1],n_dims=64,mode=2,n_ctx=512,fs=1.000000,ef=0.000000,af=1.000000,ff=0,v=0,inplace=0): OK
  ROPE(type=f32,ne_a=[128,32,2,1],n_dims=128,mode=0,n_ctx=512,fs=1.000000,ef=0.000000,af=1.000000,ff=0,v=1,inplace=0): not supported [RD0] 
  ROPE(type=f32,ne_a=[128,40,2,1],n_dims=128,mode=0,n_ctx=512,fs=1.000000,ef=0.000000,af=1.000000,ff=0,v=1,inplace=0): not supported [RD0] 
  ROPE(type=f32,ne_a=[128,52,2,1],n_dims=128,mode=0,n_ctx=512,fs=1.000000,ef=0.000000,af=1.000000,ff=0,v=1,inplace=0): not supported [RD0] 
  ROPE(type=f32,ne_a=[128,64,2,1],n_dims=128,mode=0,n_ctx=512,fs=1.000000,ef=0.000000,af=1.000000,ff=0,v=1,inplace=0): not supported [RD0] 
  ROPE(type=f32,ne_a=[16,16,8192,1],n_dims=16,mode=0,n_ctx=512,fs=1.000000,ef=0.000000,af=1.000000,ff=0,v=1,inplace=0): not supported [RD0] 
  ROPE(type=f32,ne_a=[64,1,2,1],n_dims=64,mode=2,n_ctx=512,fs=1.000000,ef=0.000000,af=1.000000,ff=0,v=1,inplace=0): OK
  ROPE(type=f32,ne_a=[64,71,2,1],n_dims=64,mode=2,n_ctx=512,fs=1.000000,ef=0.000000,af=1.000000,ff=0,v=1,inplace=0): OK
  ROPE(type=f32,ne_a=[64,8,2,1],n_dims=64,mode=2,n_ctx=512,fs=1.000000,ef=0.000000,af=1.000000,ff=0,v=1,inplace=0): OK
  ROPE(type=f32,ne_a=[80,32,2,1],n_dims=20,mode=0,n_ctx=512,fs=1.000000,ef=0.000000,af=1.000000,ff=0,v=1,inplace=0): not supported [RD0] 
  ROPE(type=f32,ne_a=[80,32,2,1],n_dims=32,mode=0,n_ctx=512,fs=1.000000,ef=0.000000,af=1.000000,ff=0,v=1,inplace=0): not supported [RD0] 
  ROPE(type=f32,ne_a=[80,32,4,1],n_dims=32,mode=0,n_ctx=512,fs=1.000000,ef=0.000000,af=1.000000,ff=0,v=1,inplace=0): not supported [RD0] 
  ROPE(type=f32,ne_a=[80,32,2,1],n_dims=20,mode=2,n_ctx=512,fs=1.000000,ef=0.000000,af=1.000000,ff=0,v=1,inplace=0): OK
  ROPE(type=f32,ne_a=[80,32,2,1],n_dims=32,mode=2,n_ctx=512,fs=1.000000,ef=0.000000,af=1.000000,ff=0,v=1,inplace=0): OK
  ROPE(type=f32,ne_a=[80,32,4,1],n_dims=32,mode=2,n_ctx=512,fs=1.000000,ef=0.000000,af=1.000000,ff=0,v=1,inplace=0): OK
  ROPE(type=f32,ne_a=[16,16,8192,1],n_dims=16,mode=2,n_ctx=512,fs=1.000000,ef=0.000000,af=1.000000,ff=0,v=1,inplace=0): OK
  ROPE(type=f32,ne_a=[128,12,2,1],n_dims=128,mode=8,n_ctx=512,fs=1.000000,ef=0.000000,af=1.000000,ff=0,v=1,inplace=0): not supported [RD0] 
  ROPE(type=f32,ne_a=[128,28,2,1],n_dims=128,mode=8,n_ctx=512,fs=1.000000,ef=0.000000,af=1.000000,ff=0,v=1,inplace=0): not supported [RD0] 
  ROPE(type=f32,ne_a=[128,12,2,1],n_dims=20,mode=8,n_ctx=512,fs=1.000000,ef=0.000000,af=1.000000,ff=0,v=1,inplace=0): not supported [RD0] 
  ROPE(type=f32,ne_a=[128,28,2,1],n_dims=32,mode=8,n_ctx=512,fs=1.000000,ef=0.000000,af=1.000000,ff=0,v=1,inplace=0): not supported [RD0] 
  ROPE(type=f32,ne_a=[128,12,2,1],n_dims=128,mode=40,n_ctx=512,fs=1.000000,ef=0.000000,af=1.000000,ff=0,v=1,inplace=0): not supported [RD0] 
  ROPE(type=f32,ne_a=[128,28,2,1],n_dims=128,mode=40,n_ctx=512,fs=1.000000,ef=0.000000,af=1.000000,ff=0,v=1,inplace=0): not supported [RD0] 
  ROPE(type=f32,ne_a=[128,12,2,1],n_dims=20,mode=40,n_ctx=512,fs=1.000000,ef=0.000000,af=1.000000,ff=0,v=1,inplace=0): not supported [RD0] 
  ROPE(type=f32,ne_a=[128,28,2,1],n_dims=32,mode=40,n_ctx=512,fs=1.000000,ef=0.000000,af=1.000000,ff=0,v=1,inplace=0): not supported [RD0] 
  ROPE(type=f32,ne_a=[80,16,2,1],n_dims=80,mode=24,n_ctx=512,fs=1.000000,ef=0.000000,af=1.000000,ff=0,v=1,inplace=0): not supported [RD0] 
  ROPE(type=f32,ne_a=[128,16,2,1],n_dims=128,mode=40,n_ctx=512,fs=1.000000,ef=0.000000,af=1.000000,ff=0,v=1,inplace=0): not supported [RD0] 
  ROPE(type=f32,ne_a=[16,16,8192,1],n_dims=16,mode=40,n_ctx=512,fs=1.000000,ef=0.000000,af=1.000000,ff=0,v=1,inplace=0): not supported [RD0] 
  ROPE(type=f32,ne_a=[64,128,2,1],n_dims=64,mode=2,n_ctx=512,fs=1.000000,ef=0.000000,af=1.000000,ff=0,v=1,inplace=0): OK
  ROPE(type=f32,ne_a=[36,16,2457,1],n_dims=36,mode=0,n_ctx=512,fs=1.000000,ef=0.000000,af=1.000000,ff=0,v=2,inplace=0): not supported [RD0] 
  ROPE(type=f32,ne_a=[36,16,2457,1],n_dims=36,mode=2,n_ctx=512,fs=1.000000,ef=0.000000,af=1.000000,ff=0,v=2,inplace=0): OK
  ROPE(type=f32,ne_a=[36,16,2457,1],n_dims=36,mode=8,n_ctx=512,fs=1.000000,ef=0.000000,af=1.000000,ff=0,v=2,inplace=0): not supported [RD0] 
  ROPE(type=f32,ne_a=[36,16,2457,1],n_dims=36,mode=40,n_ctx=512,fs=1.000000,ef=0.000000,af=1.000000,ff=0,v=2,inplace=0): not supported [RD0] 
  ROPE(type=f32,ne_a=[36,16,2457,1],n_dims=36,mode=24,n_ctx=512,fs=1.000000,ef=0.000000,af=1.000000,ff=0,v=2,inplace=0): not supported [RD0] 
  ROPE(type=f32,ne_a=[128,32,2,1],n_dims=128,mode=0,n_ctx=512,fs=1.000000,ef=0.000000,af=1.000000,ff=1,v=0,inplace=0): not supported [RD0] 
  ROPE(type=f32,ne_a=[128,40,2,1],n_dims=128,mode=0,n_ctx=512,fs=1.000000,ef=0.000000,af=1.000000,ff=1,v=0,inplace=0): not supported [RD0] 
  ROPE(type=f32,ne_a=[128,52,2,1],n_dims=128,mode=0,n_ctx=512,fs=1.000000,ef=0.000000,af=1.000000,ff=1,v=0,inplace=0): not supported [RD0] 
  ROPE(type=f32,ne_a=[128,64,2,1],n_dims=128,mode=0,n_ctx=512,fs=1.000000,ef=0.000000,af=1.000000,ff=1,v=0,inplace=0): not supported [RD0] 
  ROPE(type=f32,ne_a=[16,16,8192,1],n_dims=16,mode=0,n_ctx=512,fs=1.000000,ef=0.000000,af=1.000000,ff=1,v=0,inplace=0): not supported [RD0] 
  ROPE(type=f32,ne_a=[64,1,2,1],n_dims=64,mode=2,n_ctx=512,fs=1.000000,ef=0.000000,af=1.000000,ff=1,v=0,inplace=0): not supported [RD0] 
  ROPE(type=f32,ne_a=[64,71,2,1],n_dims=64,mode=2,n_ctx=512,fs=1.000000,ef=0.000000,af=1.000000,ff=1,v=0,inplace=0): not supported [RD0] 
  ROPE(type=f32,ne_a=[64,8,2,1],n_dims=64,mode=2,n_ctx=512,fs=1.000000,ef=0.000000,af=1.000000,ff=1,v=0,inplace=0): not supported [RD0] 
  ROPE(type=f32,ne_a=[80,32,2,1],n_dims=20,mode=0,n_ctx=512,fs=1.000000,ef=0.000000,af=1.000000,ff=1,v=0,inplace=0): not supported [RD0] 
  ROPE(type=f32,ne_a=[80,32,2,1],n_dims=32,mode=0,n_ctx=512,fs=1.000000,ef=0.000000,af=1.000000,ff=1,v=0,inplace=0): not supported [RD0] 
  ROPE(type=f32,ne_a=[80,32,4,1],n_dims=32,mode=0,n_ctx=512,fs=1.000000,ef=0.000000,af=1.000000,ff=1,v=0,inplace=0): not supported [RD0] 
  ROPE(type=f32,ne_a=[80,32,2,1],n_dims=20,mode=2,n_ctx=512,fs=1.000000,ef=0.000000,af=1.000000,ff=1,v=0,inplace=0): not supported [RD0] 
  ROPE(type=f32,ne_a=[80,32,2,1],n_dims=32,mode=2,n_ctx=512,fs=1.000000,ef=0.000000,af=1.000000,ff=1,v=0,inplace=0): not supported [RD0] 
  ROPE(type=f32,ne_a=[80,32,4,1],n_dims=32,mode=2,n_ctx=512,fs=1.000000,ef=0.000000,af=1.000000,ff=1,v=0,inplace=0): not supported [RD0] 
  ROPE(type=f32,ne_a=[16,16,8192,1],n_dims=16,mode=2,n_ctx=512,fs=1.000000,ef=0.000000,af=1.000000,ff=1,v=0,inplace=0): not supported [RD0] 
  ROPE(type=f32,ne_a=[128,12,2,1],n_dims=128,mode=8,n_ctx=512,fs=1.000000,ef=0.000000,af=1.000000,ff=1,v=0,inplace=0): not supported [RD0] 
  ROPE(type=f32,ne_a=[128,28,2,1],n_dims=128,mode=8,n_ctx=512,fs=1.000000,ef=0.000000,af=1.000000,ff=1,v=0,inplace=0): not supported [RD0] 
  ROPE(type=f32,ne_a=[128,12,2,1],n_dims=20,mode=8,n_ctx=512,fs=1.000000,ef=0.000000,af=1.000000,ff=1,v=0,inplace=0): not supported [RD0] 
  ROPE(type=f32,ne_a=[128,28,2,1],n_dims=32,mode=8,n_ctx=512,fs=1.000000,ef=0.000000,af=1.000000,ff=1,v=0,inplace=0): not supported [RD0] 
  ROPE(type=f32,ne_a=[128,12,2,1],n_dims=128,mode=40,n_ctx=512,fs=1.000000,ef=0.000000,af=1.000000,ff=1,v=0,inplace=0): not supported [RD0] 
  ROPE(type=f32,ne_a=[128,28,2,1],n_dims=128,mode=40,n_ctx=512,fs=1.000000,ef=0.000000,af=1.000000,ff=1,v=0,inplace=0): not supported [RD0] 
  ROPE(type=f32,ne_a=[128,12,2,1],n_dims=20,mode=40,n_ctx=512,fs=1.000000,ef=0.000000,af=1.000000,ff=1,v=0,inplace=0): not supported [RD0] 
  ROPE(type=f32,ne_a=[128,28,2,1],n_dims=32,mode=40,n_ctx=512,fs=1.000000,ef=0.000000,af=1.000000,ff=1,v=0,inplace=0): not supported [RD0] 
  ROPE(type=f32,ne_a=[80,16,2,1],n_dims=80,mode=24,n_ctx=512,fs=1.000000,ef=0.000000,af=1.000000,ff=1,v=0,inplace=0): not supported [RD0] 
  ROPE(type=f32,ne_a=[128,16,2,1],n_dims=128,mode=40,n_ctx=512,fs=1.000000,ef=0.000000,af=1.000000,ff=1,v=0,inplace=0): not supported [RD0] 
  ROPE(type=f32,ne_a=[16,16,8192,1],n_dims=16,mode=40,n_ctx=512,fs=1.000000,ef=0.000000,af=1.000000,ff=1,v=0,inplace=0): not supported [RD0] 
  ROPE(type=f32,ne_a=[64,128,2,1],n_dims=64,mode=2,n_ctx=512,fs=1.000000,ef=0.000000,af=1.000000,ff=1,v=0,inplace=0): not supported [RD0] 
  ROPE(type=f32,ne_a=[128,32,2,1],n_dims=128,mode=0,n_ctx=512,fs=1.000000,ef=0.000000,af=1.000000,ff=1,v=1,inplace=0): not supported [RD0] 
  ROPE(type=f32,ne_a=[128,40,2,1],n_dims=128,mode=0,n_ctx=512,fs=1.000000,ef=0.000000,af=1.000000,ff=1,v=1,inplace=0): not supported [RD0] 
  ROPE(type=f32,ne_a=[128,52,2,1],n_dims=128,mode=0,n_ctx=512,fs=1.000000,ef=0.000000,af=1.000000,ff=1,v=1,inplace=0): not supported [RD0] 
  ROPE(type=f32,ne_a=[128,64,2,1],n_dims=128,mode=0,n_ctx=512,fs=1.000000,ef=0.000000,af=1.000000,ff=1,v=1,inplace=0): not supported [RD0] 
  ROPE(type=f32,ne_a=[16,16,8192,1],n_dims=16,mode=0,n_ctx=512,fs=1.000000,ef=0.000000,af=1.000000,ff=1,v=1,inplace=0): not supported [RD0] 
  ROPE(type=f32,ne_a=[64,1,2,1],n_dims=64,mode=2,n_ctx=512,fs=1.000000,ef=0.000000,af=1.000000,ff=1,v=1,inplace=0): not supported [RD0] 
  ROPE(type=f32,ne_a=[64,71,2,1],n_dims=64,mode=2,n_ctx=512,fs=1.000000,ef=0.000000,af=1.000000,ff=1,v=1,inplace=0): not supported [RD0] 
  ROPE(type=f32,ne_a=[64,8,2,1],n_dims=64,mode=2,n_ctx=512,fs=1.000000,ef=0.000000,af=1.000000,ff=1,v=1,inplace=0): not supported [RD0] 
  ROPE(type=f32,ne_a=[80,32,2,1],n_dims=20,mode=0,n_ctx=512,fs=1.000000,ef=0.000000,af=1.000000,ff=1,v=1,inplace=0): not supported [RD0] 
  ROPE(type=f32,ne_a=[80,32,2,1],n_dims=32,mode=0,n_ctx=512,fs=1.000000,ef=0.000000,af=1.000000,ff=1,v=1,inplace=0): not supported [RD0] 
  ROPE(type=f32,ne_a=[80,32,4,1],n_dims=32,mode=0,n_ctx=512,fs=1.000000,ef=0.000000,af=1.000000,ff=1,v=1,inplace=0): not supported [RD0] 
  ROPE(type=f32,ne_a=[80,32,2,1],n_dims=20,mode=2,n_ctx=512,fs=1.000000,ef=0.000000,af=1.000000,ff=1,v=1,inplace=0): not supported [RD0] 
  ROPE(type=f32,ne_a=[80,32,2,1],n_dims=32,mode=2,n_ctx=512,fs=1.000000,ef=0.000000,af=1.000000,ff=1,v=1,inplace=0): not supported [RD0] 
  ROPE(type=f32,ne_a=[80,32,4,1],n_dims=32,mode=2,n_ctx=512,fs=1.000000,ef=0.000000,af=1.000000,ff=1,v=1,inplace=0): not supported [RD0] 
  ROPE(type=f32,ne_a=[16,16,8192,1],n_dims=16,mode=2,n_ctx=512,fs=1.000000,ef=0.000000,af=1.000000,ff=1,v=1,inplace=0): not supported [RD0] 
  ROPE(type=f32,ne_a=[128,12,2,1],n_dims=128,mode=8,n_ctx=512,fs=1.000000,ef=0.000000,af=1.000000,ff=1,v=1,inplace=0): not supported [RD0] 
  ROPE(type=f32,ne_a=[128,28,2,1],n_dims=128,mode=8,n_ctx=512,fs=1.000000,ef=0.000000,af=1.000000,ff=1,v=1,inplace=0): not supported [RD0] 
  ROPE(type=f32,ne_a=[128,12,2,1],n_dims=20,mode=8,n_ctx=512,fs=1.000000,ef=0.000000,af=1.000000,ff=1,v=1,inplace=0): not supported [RD0] 
  ROPE(type=f32,ne_a=[128,28,2,1],n_dims=32,mode=8,n_ctx=512,fs=1.000000,ef=0.000000,af=1.000000,ff=1,v=1,inplace=0): not supported [RD0] 
  ROPE(type=f32,ne_a=[128,12,2,1],n_dims=128,mode=40,n_ctx=512,fs=1.000000,ef=0.000000,af=1.000000,ff=1,v=1,inplace=0): not supported [RD0] 
  ROPE(type=f32,ne_a=[128,28,2,1],n_dims=128,mode=40,n_ctx=512,fs=1.000000,ef=0.000000,af=1.000000,ff=1,v=1,inplace=0): not supported [RD0] 
  ROPE(type=f32,ne_a=[128,12,2,1],n_dims=20,mode=40,n_ctx=512,fs=1.000000,ef=0.000000,af=1.000000,ff=1,v=1,inplace=0): not supported [RD0] 
  ROPE(type=f32,ne_a=[128,28,2,1],n_dims=32,mode=40,n_ctx=512,fs=1.000000,ef=0.000000,af=1.000000,ff=1,v=1,inplace=0): not supported [RD0] 
  ROPE(type=f32,ne_a=[80,16,2,1],n_dims=80,mode=24,n_ctx=512,fs=1.000000,ef=0.000000,af=1.000000,ff=1,v=1,inplace=0): not supported [RD0] 
  ROPE(type=f32,ne_a=[128,16,2,1],n_dims=128,mode=40,n_ctx=512,fs=1.000000,ef=0.000000,af=1.000000,ff=1,v=1,inplace=0): not supported [RD0] 
  ROPE(type=f32,ne_a=[16,16,8192,1],n_dims=16,mode=40,n_ctx=512,fs=1.000000,ef=0.000000,af=1.000000,ff=1,v=1,inplace=0): not supported [RD0] 
  ROPE(type=f32,ne_a=[64,128,2,1],n_dims=64,mode=2,n_ctx=512,fs=1.000000,ef=0.000000,af=1.000000,ff=1,v=1,inplace=0): not supported [RD0] 
  ROPE(type=f32,ne_a=[36,16,2457,1],n_dims=36,mode=0,n_ctx=512,fs=1.000000,ef=0.000000,af=1.000000,ff=1,v=2,inplace=0): not supported [RD0] 
  ROPE(type=f32,ne_a=[36,16,2457,1],n_dims=36,mode=2,n_ctx=512,fs=1.000000,ef=0.000000,af=1.000000,ff=1,v=2,inplace=0): not supported [RD0] 
  ROPE(type=f32,ne_a=[36,16,2457,1],n_dims=36,mode=8,n_ctx=512,fs=1.000000,ef=0.000000,af=1.000000,ff=1,v=2,inplace=0): not supported [RD0] 
  ROPE(type=f32,ne_a=[36,16,2457,1],n_dims=36,mode=40,n_ctx=512,fs=1.000000,ef=0.000000,af=1.000000,ff=1,v=2,inplace=0): not supported [RD0] 
  ROPE(type=f32,ne_a=[36,16,2457,1],n_dims=36,mode=24,n_ctx=512,fs=1.000000,ef=0.000000,af=1.000000,ff=1,v=2,inplace=0): not supported [RD0] 
  ROPE(type=f16,ne_a=[128,32,2,1],n_dims=128,mode=0,n_ctx=512,fs=1.000000,ef=0.000000,af=1.000000,ff=0,v=0,inplace=0): not supported [RD0] 
  ROPE(type=f16,ne_a=[64,128,2,1],n_dims=64,mode=2,n_ctx=512,fs=1.000000,ef=0.000000,af=1.000000,ff=0,v=0,inplace=0): not supported [RD0] 
  ROPE(type=f16,ne_a=[128,32,2,1],n_dims=128,mode=0,n_ctx=512,fs=1.000000,ef=0.000000,af=1.000000,ff=0,v=1,inplace=0): not supported [RD0] 
  ROPE(type=f16,ne_a=[64,128,2,1],n_dims=64,mode=2,n_ctx=512,fs=1.000000,ef=0.000000,af=1.000000,ff=0,v=1,inplace=0): not supported [RD0] 
  ROPE(type=f16,ne_a=[36,16,2457,1],n_dims=36,mode=0,n_ctx=512,fs=1.000000,ef=0.000000,af=1.000000,ff=0,v=2,inplace=0): not supported [RD0] 
  ROPE(type=f16,ne_a=[36,16,2457,1],n_dims=36,mode=2,n_ctx=512,fs=1.000000,ef=0.000000,af=1.000000,ff=0,v=2,inplace=0): not supported [RD0] 
  ROPE(type=f16,ne_a=[36,16,2457,1],n_dims=36,mode=8,n_ctx=512,fs=1.000000,ef=0.000000,af=1.000000,ff=0,v=2,inplace=0): not supported [RD0] 
  ROPE(type=f16,ne_a=[36,16,2457,1],n_dims=36,mode=40,n_ctx=512,fs=1.000000,ef=0.000000,af=1.000000,ff=0,v=2,inplace=0): not supported [RD0] 
  ROPE(type=f16,ne_a=[36,16,2457,1],n_dims=36,mode=24,n_ctx=512,fs=1.000000,ef=0.000000,af=1.000000,ff=0,v=2,inplace=0): not supported [RD0] 
  ROPE(type=f16,ne_a=[128,32,2,1],n_dims=128,mode=0,n_ctx=512,fs=1.000000,ef=0.000000,af=1.000000,ff=1,v=0,inplace=0): not supported [RD0] 
  ROPE(type=f16,ne_a=[64,128,2,1],n_dims=64,mode=2,n_ctx=512,fs=1.000000,ef=0.000000,af=1.000000,ff=1,v=0,inplace=0): not supported [RD0] 
  ROPE(type=f16,ne_a=[128,32,2,1],n_dims=128,mode=0,n_ctx=512,fs=1.000000,ef=0.000000,af=1.000000,ff=1,v=1,inplace=0): not supported [RD0] 
  ROPE(type=f16,ne_a=[64,128,2,1],n_dims=64,mode=2,n_ctx=512,fs=1.000000,ef=0.000000,af=1.000000,ff=1,v=1,inplace=0): not supported [RD0] 
  ROPE(type=f16,ne_a=[36,16,2457,1],n_dims=36,mode=0,n_ctx=512,fs=1.000000,ef=0.000000,af=1.000000,ff=1,v=2,inplace=0): not supported [RD0] 
  ROPE(type=f16,ne_a=[36,16,2457,1],n_dims=36,mode=2,n_ctx=512,fs=1.000000,ef=0.000000,af=1.000000,ff=1,v=2,inplace=0): not supported [RD0] 
  ROPE(type=f16,ne_a=[36,16,2457,1],n_dims=36,mode=8,n_ctx=512,fs=1.000000,ef=0.000000,af=1.000000,ff=1,v=2,inplace=0): not supported [RD0] 
  ROPE(type=f16,ne_a=[36,16,2457,1],n_dims=36,mode=40,n_ctx=512,fs=1.000000,ef=0.000000,af=1.000000,ff=1,v=2,inplace=0): not supported [RD0] 
  ROPE(type=f16,ne_a=[36,16,2457,1],n_dims=36,mode=24,n_ctx=512,fs=1.000000,ef=0.000000,af=1.000000,ff=1,v=2,inplace=0): not supported [RD0] 
  ROPE(type=f32,ne_a=[128,32,2,1],n_dims=128,mode=0,n_ctx=512,fs=1.000000,ef=0.000000,af=1.424500,ff=0,v=0,inplace=0): not supported [RD0] 
  ROPE(type=f32,ne_a=[64,128,2,1],n_dims=64,mode=2,n_ctx=512,fs=1.000000,ef=0.000000,af=1.424500,ff=0,v=0,inplace=0): OK
  ROPE(type=f32,ne_a=[128,32,2,1],n_dims=128,mode=0,n_ctx=512,fs=1.000000,ef=0.000000,af=1.424500,ff=0,v=1,inplace=0): not supported [RD0] 
  ROPE(type=f32,ne_a=[64,128,2,1],n_dims=64,mode=2,n_ctx=512,fs=1.000000,ef=0.000000,af=1.424500,ff=0,v=1,inplace=0): OK
  ROPE(type=f32,ne_a=[36,16,2457,1],n_dims=36,mode=0,n_ctx=512,fs=1.000000,ef=0.000000,af=1.424500,ff=0,v=2,inplace=0): not supported [RD0] 
  ROPE(type=f32,ne_a=[36,16,2457,1],n_dims=36,mode=2,n_ctx=512,fs=1.000000,ef=0.000000,af=1.424500,ff=0,v=2,inplace=0): OK
  ROPE(type=f32,ne_a=[36,16,2457,1],n_dims=36,mode=8,n_ctx=512,fs=1.000000,ef=0.000000,af=1.424500,ff=0,v=2,inplace=0): not supported [RD0] 
  ROPE(type=f32,ne_a=[36,16,2457,1],n_dims=36,mode=40,n_ctx=512,fs=1.000000,ef=0.000000,af=1.424500,ff=0,v=2,inplace=0): not supported [RD0] 
  ROPE(type=f32,ne_a=[36,16,2457,1],n_dims=36,mode=24,n_ctx=512,fs=1.000000,ef=0.000000,af=1.424500,ff=0,v=2,inplace=0): not supported [RD0] 
  ROPE(type=f32,ne_a=[128,32,2,1],n_dims=128,mode=0,n_ctx=512,fs=1.000000,ef=0.000000,af=1.424500,ff=1,v=0,inplace=0): not supported [RD0] 
  ROPE(type=f32,ne_a=[64,128,2,1],n_dims=64,mode=2,n_ctx=512,fs=1.000000,ef=0.000000,af=1.424500,ff=1,v=0,inplace=0): not supported [RD0] 
  ROPE(type=f32,ne_a=[128,32,2,1],n_dims=128,mode=0,n_ctx=512,fs=1.000000,ef=0.000000,af=1.424500,ff=1,v=1,inplace=0): not supported [RD0] 
  ROPE(type=f32,ne_a=[64,128,2,1],n_dims=64,mode=2,n_ctx=512,fs=1.000000,ef=0.000000,af=1.424500,ff=1,v=1,inplace=0): not supported [RD0] 
  ROPE(type=f32,ne_a=[36,16,2457,1],n_dims=36,mode=0,n_ctx=512,fs=1.000000,ef=0.000000,af=1.424500,ff=1,v=2,inplace=0): not supported [RD0] 
  ROPE(type=f32,ne_a=[36,16,2457,1],n_dims=36,mode=2,n_ctx=512,fs=1.000000,ef=0.000000,af=1.424500,ff=1,v=2,inplace=0): not supported [RD0] 
  ROPE(type=f32,ne_a=[36,16,2457,1],n_dims=36,mode=8,n_ctx=512,fs=1.000000,ef=0.000000,af=1.424500,ff=1,v=2,inplace=0): not supported [RD0] 
  ROPE(type=f32,ne_a=[36,16,2457,1],n_dims=36,mode=40,n_ctx=512,fs=1.000000,ef=0.000000,af=1.424500,ff=1,v=2,inplace=0): not supported [RD0] 
  ROPE(type=f32,ne_a=[36,16,2457,1],n_dims=36,mode=24,n_ctx=512,fs=1.000000,ef=0.000000,af=1.424500,ff=1,v=2,inplace=0): not supported [RD0] 
  ROPE(type=f16,ne_a=[128,32,2,1],n_dims=128,mode=0,n_ctx=512,fs=1.000000,ef=0.000000,af=1.424500,ff=0,v=0,inplace=0): not supported [RD0] 
  ROPE(type=f16,ne_a=[64,128,2,1],n_dims=64,mode=2,n_ctx=512,fs=1.000000,ef=0.000000,af=1.424500,ff=0,v=0,inplace=0): not supported [RD0] 
  ROPE(type=f16,ne_a=[128,32,2,1],n_dims=128,mode=0,n_ctx=512,fs=1.000000,ef=0.000000,af=1.424500,ff=0,v=1,inplace=0): not supported [RD0] 
  ROPE(type=f16,ne_a=[64,128,2,1],n_dims=64,mode=2,n_ctx=512,fs=1.000000,ef=0.000000,af=1.424500,ff=0,v=1,inplace=0): not supported [RD0] 
  ROPE(type=f16,ne_a=[36,16,2457,1],n_dims=36,mode=0,n_ctx=512,fs=1.000000,ef=0.000000,af=1.424500,ff=0,v=2,inplace=0): not supported [RD0] 
  ROPE(type=f16,ne_a=[36,16,2457,1],n_dims=36,mode=2,n_ctx=512,fs=1.000000,ef=0.000000,af=1.424500,ff=0,v=2,inplace=0): not supported [RD0] 
  ROPE(type=f16,ne_a=[36,16,2457,1],n_dims=36,mode=8,n_ctx=512,fs=1.000000,ef=0.000000,af=1.424500,ff=0,v=2,inplace=0): not supported [RD0] 
  ROPE(type=f16,ne_a=[36,16,2457,1],n_dims=36,mode=40,n_ctx=512,fs=1.000000,ef=0.000000,af=1.424500,ff=0,v=2,inplace=0): not supported [RD0] 
  ROPE(type=f16,ne_a=[36,16,2457,1],n_dims=36,mode=24,n_ctx=512,fs=1.000000,ef=0.000000,af=1.424500,ff=0,v=2,inplace=0): not supported [RD0] 
  ROPE(type=f16,ne_a=[128,32,2,1],n_dims=128,mode=0,n_ctx=512,fs=1.000000,ef=0.000000,af=1.424500,ff=1,v=0,inplace=0): not supported [RD0] 
  ROPE(type=f16,ne_a=[64,128,2,1],n_dims=64,mode=2,n_ctx=512,fs=1.000000,ef=0.000000,af=1.424500,ff=1,v=0,inplace=0): not supported [RD0] 
  ROPE(type=f16,ne_a=[128,32,2,1],n_dims=128,mode=0,n_ctx=512,fs=1.000000,ef=0.000000,af=1.424500,ff=1,v=1,inplace=0): not supported [RD0] 
  ROPE(type=f16,ne_a=[64,128,2,1],n_dims=64,mode=2,n_ctx=512,fs=1.000000,ef=0.000000,af=1.424500,ff=1,v=1,inplace=0): not supported [RD0] 
  ROPE(type=f16,ne_a=[36,16,2457,1],n_dims=36,mode=0,n_ctx=512,fs=1.000000,ef=0.000000,af=1.424500,ff=1,v=2,inplace=0): not supported [RD0] 
  ROPE(type=f16,ne_a=[36,16,2457,1],n_dims=36,mode=2,n_ctx=512,fs=1.000000,ef=0.000000,af=1.424500,ff=1,v=2,inplace=0): not supported [RD0] 
  ROPE(type=f16,ne_a=[36,16,2457,1],n_dims=36,mode=8,n_ctx=512,fs=1.000000,ef=0.000000,af=1.424500,ff=1,v=2,inplace=0): not supported [RD0] 
  ROPE(type=f16,ne_a=[36,16,2457,1],n_dims=36,mode=40,n_ctx=512,fs=1.000000,ef=0.000000,af=1.424500,ff=1,v=2,inplace=0): not supported [RD0] 
  ROPE(type=f16,ne_a=[36,16,2457,1],n_dims=36,mode=24,n_ctx=512,fs=1.000000,ef=0.000000,af=1.424500,ff=1,v=2,inplace=0): not supported [RD0] 
  ROPE(type=f32,ne_a=[128,32,2,1],n_dims=128,mode=0,n_ctx=512,fs=1.000000,ef=0.746500,af=1.000000,ff=0,v=0,inplace=0): not supported [RD0] 
  ROPE(type=f32,ne_a=[64,128,2,1],n_dims=64,mode=2,n_ctx=512,fs=1.000000,ef=0.746500,af=1.000000,ff=0,v=0,inplace=0): OK
  ROPE(type=f32,ne_a=[128,32,2,1],n_dims=128,mode=0,n_ctx=512,fs=1.000000,ef=0.746500,af=1.000000,ff=0,v=1,inplace=0): not supported [RD0] 
  ROPE(type=f32,ne_a=[64,128,2,1],n_dims=64,mode=2,n_ctx=512,fs=1.000000,ef=0.746500,af=1.000000,ff=0,v=1,inplace=0): OK
  ROPE(type=f32,ne_a=[36,16,2457,1],n_dims=36,mode=0,n_ctx=512,fs=1.000000,ef=0.746500,af=1.000000,ff=0,v=2,inplace=0): not supported [RD0] 
  ROPE(type=f32,ne_a=[36,16,2457,1],n_dims=36,mode=2,n_ctx=512,fs=1.000000,ef=0.746500,af=1.000000,ff=0,v=2,inplace=0): OK
  ROPE(type=f32,ne_a=[36,16,2457,1],n_dims=36,mode=8,n_ctx=512,fs=1.000000,ef=0.746500,af=1.000000,ff=0,v=2,inplace=0): not supported [RD0] 
  ROPE(type=f32,ne_a=[36,16,2457,1],n_dims=36,mode=40,n_ctx=512,fs=1.000000,ef=0.746500,af=1.000000,ff=0,v=2,inplace=0): not supported [RD0] 
  ROPE(type=f32,ne_a=[36,16,2457,1],n_dims=36,mode=24,n_ctx=512,fs=1.000000,ef=0.746500,af=1.000000,ff=0,v=2,inplace=0): not supported [RD0] 
  ROPE(type=f32,ne_a=[128,32,2,1],n_dims=128,mode=0,n_ctx=512,fs=1.000000,ef=0.746500,af=1.000000,ff=1,v=0,inplace=0): not supported [RD0] 
  ROPE(type=f32,ne_a=[64,128,2,1],n_dims=64,mode=2,n_ctx=512,fs=1.000000,ef=0.746500,af=1.000000,ff=1,v=0,inplace=0): not supported [RD0] 
  ROPE(type=f32,ne_a=[128,32,2,1],n_dims=128,mode=0,n_ctx=512,fs=1.000000,ef=0.746500,af=1.000000,ff=1,v=1,inplace=0): not supported [RD0] 
  ROPE(type=f32,ne_a=[64,128,2,1],n_dims=64,mode=2,n_ctx=512,fs=1.000000,ef=0.746500,af=1.000000,ff=1,v=1,inplace=0): not supported [RD0] 
  ROPE(type=f32,ne_a=[36,16,2457,1],n_dims=36,mode=0,n_ctx=512,fs=1.000000,ef=0.746500,af=1.000000,ff=1,v=2,inplace=0): not supported [RD0] 
  ROPE(type=f32,ne_a=[36,16,2457,1],n_dims=36,mode=2,n_ctx=512,fs=1.000000,ef=0.746500,af=1.000000,ff=1,v=2,inplace=0): not supported [RD0] 
  ROPE(type=f32,ne_a=[36,16,2457,1],n_dims=36,mode=8,n_ctx=512,fs=1.000000,ef=0.746500,af=1.000000,ff=1,v=2,inplace=0): not supported [RD0] 
  ROPE(type=f32,ne_a=[36,16,2457,1],n_dims=36,mode=40,n_ctx=512,fs=1.000000,ef=0.746500,af=1.000000,ff=1,v=2,inplace=0): not supported [RD0] 
  ROPE(type=f32,ne_a=[36,16,2457,1],n_dims=36,mode=24,n_ctx=512,fs=1.000000,ef=0.746500,af=1.000000,ff=1,v=2,inplace=0): not supported [RD0] 
  ROPE(type=f16,ne_a=[128,32,2,1],n_dims=128,mode=0,n_ctx=512,fs=1.000000,ef=0.746500,af=1.000000,ff=0,v=0,inplace=0): not supported [RD0] 
  ROPE(type=f16,ne_a=[64,128,2,1],n_dims=64,mode=2,n_ctx=512,fs=1.000000,ef=0.746500,af=1.000000,ff=0,v=0,inplace=0): not supported [RD0] 
  ROPE(type=f16,ne_a=[128,32,2,1],n_dims=128,mode=0,n_ctx=512,fs=1.000000,ef=0.746500,af=1.000000,ff=0,v=1,inplace=0): not supported [RD0] 
  ROPE(type=f16,ne_a=[64,128,2,1],n_dims=64,mode=2,n_ctx=512,fs=1.000000,ef=0.746500,af=1.000000,ff=0,v=1,inplace=0): not supported [RD0] 
  ROPE(type=f16,ne_a=[36,16,2457,1],n_dims=36,mode=0,n_ctx=512,fs=1.000000,ef=0.746500,af=1.000000,ff=0,v=2,inplace=0): not supported [RD0] 
  ROPE(type=f16,ne_a=[36,16,2457,1],n_dims=36,mode=2,n_ctx=512,fs=1.000000,ef=0.746500,af=1.000000,ff=0,v=2,inplace=0): not supported [RD0] 
  ROPE(type=f16,ne_a=[36,16,2457,1],n_dims=36,mode=8,n_ctx=512,fs=1.000000,ef=0.746500,af=1.000000,ff=0,v=2,inplace=0): not supported [RD0] 
  ROPE(type=f16,ne_a=[36,16,2457,1],n_dims=36,mode=40,n_ctx=512,fs=1.000000,ef=0.746500,af=1.000000,ff=0,v=2,inplace=0): not supported [RD0] 
  ROPE(type=f16,ne_a=[36,16,2457,1],n_dims=36,mode=24,n_ctx=512,fs=1.000000,ef=0.746500,af=1.000000,ff=0,v=2,inplace=0): not supported [RD0] 
  ROPE(type=f16,ne_a=[128,32,2,1],n_dims=128,mode=0,n_ctx=512,fs=1.000000,ef=0.746500,af=1.000000,ff=1,v=0,inplace=0): not supported [RD0] 
  ROPE(type=f16,ne_a=[64,128,2,1],n_dims=64,mode=2,n_ctx=512,fs=1.000000,ef=0.746500,af=1.000000,ff=1,v=0,inplace=0): not supported [RD0] 
  ROPE(type=f16,ne_a=[128,32,2,1],n_dims=128,mode=0,n_ctx=512,fs=1.000000,ef=0.746500,af=1.000000,ff=1,v=1,inplace=0): not supported [RD0] 
  ROPE(type=f16,ne_a=[64,128,2,1],n_dims=64,mode=2,n_ctx=512,fs=1.000000,ef=0.746500,af=1.000000,ff=1,v=1,inplace=0): not supported [RD0] 
  ROPE(type=f16,ne_a=[36,16,2457,1],n_dims=36,mode=0,n_ctx=512,fs=1.000000,ef=0.746500,af=1.000000,ff=1,v=2,inplace=0): not supported [RD0] 
  ROPE(type=f16,ne_a=[36,16,2457,1],n_dims=36,mode=2,n_ctx=512,fs=1.000000,ef=0.746500,af=1.000000,ff=1,v=2,inplace=0): not supported [RD0] 
  ROPE(type=f16,ne_a=[36,16,2457,1],n_dims=36,mode=8,n_ctx=512,fs=1.000000,ef=0.746500,af=1.000000,ff=1,v=2,inplace=0): not supported [RD0] 
  ROPE(type=f16,ne_a=[36,16,2457,1],n_dims=36,mode=40,n_ctx=512,fs=1.000000,ef=0.746500,af=1.000000,ff=1,v=2,inplace=0): not supported [RD0] 
  ROPE(type=f16,ne_a=[36,16,2457,1],n_dims=36,mode=24,n_ctx=512,fs=1.000000,ef=0.746500,af=1.000000,ff=1,v=2,inplace=0): not supported [RD0] 
  ROPE(type=f32,ne_a=[128,32,2,1],n_dims=128,mode=0,n_ctx=512,fs=1.000000,ef=0.746500,af=1.424500,ff=0,v=0,inplace=0): not supported [RD0] 
  ROPE(type=f32,ne_a=[64,128,2,1],n_dims=64,mode=2,n_ctx=512,fs=1.000000,ef=0.746500,af=1.424500,ff=0,v=0,inplace=0): OK
  ROPE(type=f32,ne_a=[128,32,2,1],n_dims=128,mode=0,n_ctx=512,fs=1.000000,ef=0.746500,af=1.424500,ff=0,v=1,inplace=0): not supported [RD0] 
  ROPE(type=f32,ne_a=[64,128,2,1],n_dims=64,mode=2,n_ctx=512,fs=1.000000,ef=0.746500,af=1.424500,ff=0,v=1,inplace=0): OK
  ROPE(type=f32,ne_a=[36,16,2457,1],n_dims=36,mode=0,n_ctx=512,fs=1.000000,ef=0.746500,af=1.424500,ff=0,v=2,inplace=0): not supported [RD0] 
  ROPE(type=f32,ne_a=[36,16,2457,1],n_dims=36,mode=2,n_ctx=512,fs=1.000000,ef=0.746500,af=1.424500,ff=0,v=2,inplace=0): OK
  ROPE(type=f32,ne_a=[36,16,2457,1],n_dims=36,mode=8,n_ctx=512,fs=1.000000,ef=0.746500,af=1.424500,ff=0,v=2,inplace=0): not supported [RD0] 
  ROPE(type=f32,ne_a=[36,16,2457,1],n_dims=36,mode=40,n_ctx=512,fs=1.000000,ef=0.746500,af=1.424500,ff=0,v=2,inplace=0): not supported [RD0] 
  ROPE(type=f32,ne_a=[36,16,2457,1],n_dims=36,mode=24,n_ctx=512,fs=1.000000,ef=0.746500,af=1.424500,ff=0,v=2,inplace=0): not supported [RD0] 
  ROPE(type=f32,ne_a=[128,32,2,1],n_dims=128,mode=0,n_ctx=512,fs=1.000000,ef=0.746500,af=1.424500,ff=1,v=0,inplace=0): not supported [RD0] 
  ROPE(type=f32,ne_a=[64,128,2,1],n_dims=64,mode=2,n_ctx=512,fs=1.000000,ef=0.746500,af=1.424500,ff=1,v=0,inplace=0): not supported [RD0] 
  ROPE(type=f32,ne_a=[128,32,2,1],n_dims=128,mode=0,n_ctx=512,fs=1.000000,ef=0.746500,af=1.424500,ff=1,v=1,inplace=0): not supported [RD0] 
  ROPE(type=f32,ne_a=[64,128,2,1],n_dims=64,mode=2,n_ctx=512,fs=1.000000,ef=0.746500,af=1.424500,ff=1,v=1,inplace=0): not supported [RD0] 
  ROPE(type=f32,ne_a=[36,16,2457,1],n_dims=36,mode=0,n_ctx=512,fs=1.000000,ef=0.746500,af=1.424500,ff=1,v=2,inplace=0): not supported [RD0] 
  ROPE(type=f32,ne_a=[36,16,2457,1],n_dims=36,mode=2,n_ctx=512,fs=1.000000,ef=0.746500,af=1.424500,ff=1,v=2,inplace=0): not supported [RD0] 
  ROPE(type=f32,ne_a=[36,16,2457,1],n_dims=36,mode=8,n_ctx=512,fs=1.000000,ef=0.746500,af=1.424500,ff=1,v=2,inplace=0): not supported [RD0] 
  ROPE(type=f32,ne_a=[36,16,2457,1],n_dims=36,mode=40,n_ctx=512,fs=1.000000,ef=0.746500,af=1.424500,ff=1,v=2,inplace=0): not supported [RD0] 
  ROPE(type=f32,ne_a=[36,16,2457,1],n_dims=36,mode=24,n_ctx=512,fs=1.000000,ef=0.746500,af=1.424500,ff=1,v=2,inplace=0): not supported [RD0] 
  ROPE(type=f16,ne_a=[128,32,2,1],n_dims=128,mode=0,n_ctx=512,fs=1.000000,ef=0.746500,af=1.424500,ff=0,v=0,inplace=0): not supported [RD0] 
  ROPE(type=f16,ne_a=[64,128,2,1],n_dims=64,mode=2,n_ctx=512,fs=1.000000,ef=0.746500,af=1.424500,ff=0,v=0,inplace=0): not supported [RD0] 
  ROPE(type=f16,ne_a=[128,32,2,1],n_dims=128,mode=0,n_ctx=512,fs=1.000000,ef=0.746500,af=1.424500,ff=0,v=1,inplace=0): not supported [RD0] 
  ROPE(type=f16,ne_a=[64,128,2,1],n_dims=64,mode=2,n_ctx=512,fs=1.000000,ef=0.746500,af=1.424500,ff=0,v=1,inplace=0): not supported [RD0] 
  ROPE(type=f16,ne_a=[36,16,2457,1],n_dims=36,mode=0,n_ctx=512,fs=1.000000,ef=0.746500,af=1.424500,ff=0,v=2,inplace=0): not supported [RD0] 
  ROPE(type=f16,ne_a=[36,16,2457,1],n_dims=36,mode=2,n_ctx=512,fs=1.000000,ef=0.746500,af=1.424500,ff=0,v=2,inplace=0): not supported [RD0] 
  ROPE(type=f16,ne_a=[36,16,2457,1],n_dims=36,mode=8,n_ctx=512,fs=1.000000,ef=0.746500,af=1.424500,ff=0,v=2,inplace=0): not supported [RD0] 
  ROPE(type=f16,ne_a=[36,16,2457,1],n_dims=36,mode=40,n_ctx=512,fs=1.000000,ef=0.746500,af=1.424500,ff=0,v=2,inplace=0): not supported [RD0] 
  ROPE(type=f16,ne_a=[36,16,2457,1],n_dims=36,mode=24,n_ctx=512,fs=1.000000,ef=0.746500,af=1.424500,ff=0,v=2,inplace=0): not supported [RD0] 
  ROPE(type=f16,ne_a=[128,32,2,1],n_dims=128,mode=0,n_ctx=512,fs=1.000000,ef=0.746500,af=1.424500,ff=1,v=0,inplace=0): not supported [RD0] 
  ROPE(type=f16,ne_a=[64,128,2,1],n_dims=64,mode=2,n_ctx=512,fs=1.000000,ef=0.746500,af=1.424500,ff=1,v=0,inplace=0): not supported [RD0] 
  ROPE(type=f16,ne_a=[128,32,2,1],n_dims=128,mode=0,n_ctx=512,fs=1.000000,ef=0.746500,af=1.424500,ff=1,v=1,inplace=0): not supported [RD0] 
  ROPE(type=f16,ne_a=[64,128,2,1],n_dims=64,mode=2,n_ctx=512,fs=1.000000,ef=0.746500,af=1.424500,ff=1,v=1,inplace=0): not supported [RD0] 
  ROPE(type=f16,ne_a=[36,16,2457,1],n_dims=36,mode=0,n_ctx=512,fs=1.000000,ef=0.746500,af=1.424500,ff=1,v=2,inplace=0): not supported [RD0] 
  ROPE(type=f16,ne_a=[36,16,2457,1],n_dims=36,mode=2,n_ctx=512,fs=1.000000,ef=0.746500,af=1.424500,ff=1,v=2,inplace=0): not supported [RD0] 
  ROPE(type=f16,ne_a=[36,16,2457,1],n_dims=36,mode=8,n_ctx=512,fs=1.000000,ef=0.746500,af=1.424500,ff=1,v=2,inplace=0): not supported [RD0] 
  ROPE(type=f16,ne_a=[36,16,2457,1],n_dims=36,mode=40,n_ctx=512,fs=1.000000,ef=0.746500,af=1.424500,ff=1,v=2,inplace=0): not supported [RD0] 
  ROPE(type=f16,ne_a=[36,16,2457,1],n_dims=36,mode=24,n_ctx=512,fs=1.000000,ef=0.746500,af=1.424500,ff=1,v=2,inplace=0): not supported [RD0] 
  ROPE(type=f32,ne_a=[128,32,2,1],n_dims=128,mode=0,n_ctx=512,fs=1.424500,ef=0.000000,af=1.000000,ff=0,v=0,inplace=0): not supported [RD0] 
  ROPE(type=f32,ne_a=[64,128,2,1],n_dims=64,mode=2,n_ctx=512,fs=1.424500,ef=0.000000,af=1.000000,ff=0,v=0,inplace=0): OK
  ROPE(type=f32,ne_a=[128,32,2,1],n_dims=128,mode=0,n_ctx=512,fs=1.424500,ef=0.000000,af=1.000000,ff=0,v=1,inplace=0): not supported [RD0] 
  ROPE(type=f32,ne_a=[64,128,2,1],n_dims=64,mode=2,n_ctx=512,fs=1.424500,ef=0.000000,af=1.000000,ff=0,v=1,inplace=0): OK
  ROPE(type=f32,ne_a=[36,16,2457,1],n_dims=36,mode=0,n_ctx=512,fs=1.424500,ef=0.000000,af=1.000000,ff=0,v=2,inplace=0): not supported [RD0] 
  ROPE(type=f32,ne_a=[36,16,2457,1],n_dims=36,mode=2,n_ctx=512,fs=1.424500,ef=0.000000,af=1.000000,ff=0,v=2,inplace=0): OK
  ROPE(type=f32,ne_a=[36,16,2457,1],n_dims=36,mode=8,n_ctx=512,fs=1.424500,ef=0.000000,af=1.000000,ff=0,v=2,inplace=0): not supported [RD0] 
  ROPE(type=f32,ne_a=[36,16,2457,1],n_dims=36,mode=40,n_ctx=512,fs=1.424500,ef=0.000000,af=1.000000,ff=0,v=2,inplace=0): not supported [RD0] 
  ROPE(type=f32,ne_a=[36,16,2457,1],n_dims=36,mode=24,n_ctx=512,fs=1.424500,ef=0.000000,af=1.000000,ff=0,v=2,inplace=0): not supported [RD0] 
  ROPE(type=f32,ne_a=[128,32,2,1],n_dims=128,mode=0,n_ctx=512,fs=1.424500,ef=0.000000,af=1.000000,ff=1,v=0,inplace=0): not supported [RD0] 
  ROPE(type=f32,ne_a=[64,128,2,1],n_dims=64,mode=2,n_ctx=512,fs=1.424500,ef=0.000000,af=1.000000,ff=1,v=0,inplace=0): not supported [RD0] 
  ROPE(type=f32,ne_a=[128,32,2,1],n_dims=128,mode=0,n_ctx=512,fs=1.424500,ef=0.000000,af=1.000000,ff=1,v=1,inplace=0): not supported [RD0] 
  ROPE(type=f32,ne_a=[64,128,2,1],n_dims=64,mode=2,n_ctx=512,fs=1.424500,ef=0.000000,af=1.000000,ff=1,v=1,inplace=0): not supported [RD0] 
  ROPE(type=f32,ne_a=[36,16,2457,1],n_dims=36,mode=0,n_ctx=512,fs=1.424500,ef=0.000000,af=1.000000,ff=1,v=2,inplace=0): not supported [RD0] 
  ROPE(type=f32,ne_a=[36,16,2457,1],n_dims=36,mode=2,n_ctx=512,fs=1.424500,ef=0.000000,af=1.000000,ff=1,v=2,inplace=0): not supported [RD0] 
  ROPE(type=f32,ne_a=[36,16,2457,1],n_dims=36,mode=8,n_ctx=512,fs=1.424500,ef=0.000000,af=1.000000,ff=1,v=2,inplace=0): not supported [RD0] 
  ROPE(type=f32,ne_a=[36,16,2457,1],n_dims=36,mode=40,n_ctx=512,fs=1.424500,ef=0.000000,af=1.000000,ff=1,v=2,inplace=0): not supported [RD0] 
  ROPE(type=f32,ne_a=[36,16,2457,1],n_dims=36,mode=24,n_ctx=512,fs=1.424500,ef=0.000000,af=1.000000,ff=1,v=2,inplace=0): not supported [RD0] 
  ROPE(type=f16,ne_a=[128,32,2,1],n_dims=128,mode=0,n_ctx=512,fs=1.424500,ef=0.000000,af=1.000000,ff=0,v=0,inplace=0): not supported [RD0] 
  ROPE(type=f16,ne_a=[64,128,2,1],n_dims=64,mode=2,n_ctx=512,fs=1.424500,ef=0.000000,af=1.000000,ff=0,v=0,inplace=0): not supported [RD0] 
  ROPE(type=f16,ne_a=[128,32,2,1],n_dims=128,mode=0,n_ctx=512,fs=1.424500,ef=0.000000,af=1.000000,ff=0,v=1,inplace=0): not supported [RD0] 
  ROPE(type=f16,ne_a=[64,128,2,1],n_dims=64,mode=2,n_ctx=512,fs=1.424500,ef=0.000000,af=1.000000,ff=0,v=1,inplace=0): not supported [RD0] 
  ROPE(type=f16,ne_a=[36,16,2457,1],n_dims=36,mode=0,n_ctx=512,fs=1.424500,ef=0.000000,af=1.000000,ff=0,v=2,inplace=0): not supported [RD0] 
  ROPE(type=f16,ne_a=[36,16,2457,1],n_dims=36,mode=2,n_ctx=512,fs=1.424500,ef=0.000000,af=1.000000,ff=0,v=2,inplace=0): not supported [RD0] 
  ROPE(type=f16,ne_a=[36,16,2457,1],n_dims=36,mode=8,n_ctx=512,fs=1.424500,ef=0.000000,af=1.000000,ff=0,v=2,inplace=0): not supported [RD0] 
  ROPE(type=f16,ne_a=[36,16,2457,1],n_dims=36,mode=40,n_ctx=512,fs=1.424500,ef=0.000000,af=1.000000,ff=0,v=2,inplace=0): not supported [RD0] 
  ROPE(type=f16,ne_a=[36,16,2457,1],n_dims=36,mode=24,n_ctx=512,fs=1.424500,ef=0.000000,af=1.000000,ff=0,v=2,inplace=0): not supported [RD0] 
  ROPE(type=f16,ne_a=[128,32,2,1],n_dims=128,mode=0,n_ctx=512,fs=1.424500,ef=0.000000,af=1.000000,ff=1,v=0,inplace=0): not supported [RD0] 
  ROPE(type=f16,ne_a=[64,128,2,1],n_dims=64,mode=2,n_ctx=512,fs=1.424500,ef=0.000000,af=1.000000,ff=1,v=0,inplace=0): not supported [RD0] 
  ROPE(type=f16,ne_a=[128,32,2,1],n_dims=128,mode=0,n_ctx=512,fs=1.424500,ef=0.000000,af=1.000000,ff=1,v=1,inplace=0): not supported [RD0] 
  ROPE(type=f16,ne_a=[64,128,2,1],n_dims=64,mode=2,n_ctx=512,fs=1.424500,ef=0.000000,af=1.000000,ff=1,v=1,inplace=0): not supported [RD0] 
  ROPE(type=f16,ne_a=[36,16,2457,1],n_dims=36,mode=0,n_ctx=512,fs=1.424500,ef=0.000000,af=1.000000,ff=1,v=2,inplace=0): not supported [RD0] 
  ROPE(type=f16,ne_a=[36,16,2457,1],n_dims=36,mode=2,n_ctx=512,fs=1.424500,ef=0.000000,af=1.000000,ff=1,v=2,inplace=0): not supported [RD0] 
  ROPE(type=f16,ne_a=[36,16,2457,1],n_dims=36,mode=8,n_ctx=512,fs=1.424500,ef=0.000000,af=1.000000,ff=1,v=2,inplace=0): not supported [RD0] 
  ROPE(type=f16,ne_a=[36,16,2457,1],n_dims=36,mode=40,n_ctx=512,fs=1.424500,ef=0.000000,af=1.000000,ff=1,v=2,inplace=0): not supported [RD0] 
  ROPE(type=f16,ne_a=[36,16,2457,1],n_dims=36,mode=24,n_ctx=512,fs=1.424500,ef=0.000000,af=1.000000,ff=1,v=2,inplace=0): not supported [RD0] 
  ROPE(type=f32,ne_a=[128,32,2,1],n_dims=128,mode=0,n_ctx=512,fs=1.424500,ef=0.000000,af=1.424500,ff=0,v=0,inplace=0): not supported [RD0] 
  ROPE(type=f32,ne_a=[64,128,2,1],n_dims=64,mode=2,n_ctx=512,fs=1.424500,ef=0.000000,af=1.424500,ff=0,v=0,inplace=0): OK
  ROPE(type=f32,ne_a=[128,32,2,1],n_dims=128,mode=0,n_ctx=512,fs=1.424500,ef=0.000000,af=1.424500,ff=0,v=1,inplace=0): not supported [RD0] 
  ROPE(type=f32,ne_a=[64,128,2,1],n_dims=64,mode=2,n_ctx=512,fs=1.424500,ef=0.000000,af=1.424500,ff=0,v=1,inplace=0): OK
  ROPE(type=f32,ne_a=[36,16,2457,1],n_dims=36,mode=0,n_ctx=512,fs=1.424500,ef=0.000000,af=1.424500,ff=0,v=2,inplace=0): not supported [RD0] 
  ROPE(type=f32,ne_a=[36,16,2457,1],n_dims=36,mode=2,n_ctx=512,fs=1.424500,ef=0.000000,af=1.424500,ff=0,v=2,inplace=0): OK
  ROPE(type=f32,ne_a=[36,16,2457,1],n_dims=36,mode=8,n_ctx=512,fs=1.424500,ef=0.000000,af=1.424500,ff=0,v=2,inplace=0): not supported [RD0] 
  ROPE(type=f32,ne_a=[36,16,2457,1],n_dims=36,mode=40,n_ctx=512,fs=1.424500,ef=0.000000,af=1.424500,ff=0,v=2,inplace=0): not supported [RD0] 
  ROPE(type=f32,ne_a=[36,16,2457,1],n_dims=36,mode=24,n_ctx=512,fs=1.424500,ef=0.000000,af=1.424500,ff=0,v=2,inplace=0): not supported [RD0] 
  ROPE(type=f32,ne_a=[128,32,2,1],n_dims=128,mode=0,n_ctx=512,fs=1.424500,ef=0.000000,af=1.424500,ff=1,v=0,inplace=0): not supported [RD0] 
  ROPE(type=f32,ne_a=[64,128,2,1],n_dims=64,mode=2,n_ctx=512,fs=1.424500,ef=0.000000,af=1.424500,ff=1,v=0,inplace=0): not supported [RD0] 
  ROPE(type=f32,ne_a=[128,32,2,1],n_dims=128,mode=0,n_ctx=512,fs=1.424500,ef=0.000000,af=1.424500,ff=1,v=1,inplace=0): not supported [RD0] 
  ROPE(type=f32,ne_a=[64,128,2,1],n_dims=64,mode=2,n_ctx=512,fs=1.424500,ef=0.000000,af=1.424500,ff=1,v=1,inplace=0): not supported [RD0] 
  ROPE(type=f32,ne_a=[36,16,2457,1],n_dims=36,mode=0,n_ctx=512,fs=1.424500,ef=0.000000,af=1.424500,ff=1,v=2,inplace=0): not supported [RD0] 
  ROPE(type=f32,ne_a=[36,16,2457,1],n_dims=36,mode=2,n_ctx=512,fs=1.424500,ef=0.000000,af=1.424500,ff=1,v=2,inplace=0): not supported [RD0] 
  ROPE(type=f32,ne_a=[36,16,2457,1],n_dims=36,mode=8,n_ctx=512,fs=1.424500,ef=0.000000,af=1.424500,ff=1,v=2,inplace=0): not supported [RD0] 
  ROPE(type=f32,ne_a=[36,16,2457,1],n_dims=36,mode=40,n_ctx=512,fs=1.424500,ef=0.000000,af=1.424500,ff=1,v=2,inplace=0): not supported [RD0] 
  ROPE(type=f32,ne_a=[36,16,2457,1],n_dims=36,mode=24,n_ctx=512,fs=1.424500,ef=0.000000,af=1.424500,ff=1,v=2,inplace=0): not supported [RD0] 
  ROPE(type=f16,ne_a=[128,32,2,1],n_dims=128,mode=0,n_ctx=512,fs=1.424500,ef=0.000000,af=1.424500,ff=0,v=0,inplace=0): not supported [RD0] 
  ROPE(type=f16,ne_a=[64,128,2,1],n_dims=64,mode=2,n_ctx=512,fs=1.424500,ef=0.000000,af=1.424500,ff=0,v=0,inplace=0): not supported [RD0] 
  ROPE(type=f16,ne_a=[128,32,2,1],n_dims=128,mode=0,n_ctx=512,fs=1.424500,ef=0.000000,af=1.424500,ff=0,v=1,inplace=0): not supported [RD0] 
  ROPE(type=f16,ne_a=[64,128,2,1],n_dims=64,mode=2,n_ctx=512,fs=1.424500,ef=0.000000,af=1.424500,ff=0,v=1,inplace=0): not supported [RD0] 
  ROPE(type=f16,ne_a=[36,16,2457,1],n_dims=36,mode=0,n_ctx=512,fs=1.424500,ef=0.000000,af=1.424500,ff=0,v=2,inplace=0): not supported [RD0] 
  ROPE(type=f16,ne_a=[36,16,2457,1],n_dims=36,mode=2,n_ctx=512,fs=1.424500,ef=0.000000,af=1.424500,ff=0,v=2,inplace=0): not supported [RD0] 
  ROPE(type=f16,ne_a=[36,16,2457,1],n_dims=36,mode=8,n_ctx=512,fs=1.424500,ef=0.000000,af=1.424500,ff=0,v=2,inplace=0): not supported [RD0] 
  ROPE(type=f16,ne_a=[36,16,2457,1],n_dims=36,mode=40,n_ctx=512,fs=1.424500,ef=0.000000,af=1.424500,ff=0,v=2,inplace=0): not supported [RD0] 
  ROPE(type=f16,ne_a=[36,16,2457,1],n_dims=36,mode=24,n_ctx=512,fs=1.424500,ef=0.000000,af=1.424500,ff=0,v=2,inplace=0): not supported [RD0] 
  ROPE(type=f16,ne_a=[128,32,2,1],n_dims=128,mode=0,n_ctx=512,fs=1.424500,ef=0.000000,af=1.424500,ff=1,v=0,inplace=0): not supported [RD0] 
  ROPE(type=f16,ne_a=[64,128,2,1],n_dims=64,mode=2,n_ctx=512,fs=1.424500,ef=0.000000,af=1.424500,ff=1,v=0,inplace=0): not supported [RD0] 
  ROPE(type=f16,ne_a=[128,32,2,1],n_dims=128,mode=0,n_ctx=512,fs=1.424500,ef=0.000000,af=1.424500,ff=1,v=1,inplace=0): not supported [RD0] 
  ROPE(type=f16,ne_a=[64,128,2,1],n_dims=64,mode=2,n_ctx=512,fs=1.424500,ef=0.000000,af=1.424500,ff=1,v=1,inplace=0): not supported [RD0] 
  ROPE(type=f16,ne_a=[36,16,2457,1],n_dims=36,mode=0,n_ctx=512,fs=1.424500,ef=0.000000,af=1.424500,ff=1,v=2,inplace=0): not supported [RD0] 
  ROPE(type=f16,ne_a=[36,16,2457,1],n_dims=36,mode=2,n_ctx=512,fs=1.424500,ef=0.000000,af=1.424500,ff=1,v=2,inplace=0): not supported [RD0] 
  ROPE(type=f16,ne_a=[36,16,2457,1],n_dims=36,mode=8,n_ctx=512,fs=1.424500,ef=0.000000,af=1.424500,ff=1,v=2,inplace=0): not supported [RD0] 
  ROPE(type=f16,ne_a=[36,16,2457,1],n_dims=36,mode=40,n_ctx=512,fs=1.424500,ef=0.000000,af=1.424500,ff=1,v=2,inplace=0): not supported [RD0] 
  ROPE(type=f16,ne_a=[36,16,2457,1],n_dims=36,mode=24,n_ctx=512,fs=1.424500,ef=0.000000,af=1.424500,ff=1,v=2,inplace=0): not supported [RD0] 
  ROPE(type=f32,ne_a=[128,32,2,1],n_dims=128,mode=0,n_ctx=512,fs=1.424500,ef=0.746500,af=1.000000,ff=0,v=0,inplace=0): not supported [RD0] 
  ROPE(type=f32,ne_a=[64,128,2,1],n_dims=64,mode=2,n_ctx=512,fs=1.424500,ef=0.746500,af=1.000000,ff=0,v=0,inplace=0): OK
  ROPE(type=f32,ne_a=[128,32,2,1],n_dims=128,mode=0,n_ctx=512,fs=1.424500,ef=0.746500,af=1.000000,ff=0,v=1,inplace=0): not supported [RD0] 
  ROPE(type=f32,ne_a=[64,128,2,1],n_dims=64,mode=2,n_ctx=512,fs=1.424500,ef=0.746500,af=1.000000,ff=0,v=1,inplace=0): OK
  ROPE(type=f32,ne_a=[36,16,2457,1],n_dims=36,mode=0,n_ctx=512,fs=1.424500,ef=0.746500,af=1.000000,ff=0,v=2,inplace=0): not supported [RD0] 
  ROPE(type=f32,ne_a=[36,16,2457,1],n_dims=36,mode=2,n_ctx=512,fs=1.424500,ef=0.746500,af=1.000000,ff=0,v=2,inplace=0): OK
  ROPE(type=f32,ne_a=[36,16,2457,1],n_dims=36,mode=8,n_ctx=512,fs=1.424500,ef=0.746500,af=1.000000,ff=0,v=2,inplace=0): not supported [RD0] 
  ROPE(type=f32,ne_a=[36,16,2457,1],n_dims=36,mode=40,n_ctx=512,fs=1.424500,ef=0.746500,af=1.000000,ff=0,v=2,inplace=0): not supported [RD0] 
  ROPE(type=f32,ne_a=[36,16,2457,1],n_dims=36,mode=24,n_ctx=512,fs=1.424500,ef=0.746500,af=1.000000,ff=0,v=2,inplace=0): not supported [RD0] 
  ROPE(type=f32,ne_a=[128,32,2,1],n_dims=128,mode=0,n_ctx=512,fs=1.424500,ef=0.746500,af=1.000000,ff=1,v=0,inplace=0): not supported [RD0] 
  ROPE(type=f32,ne_a=[64,128,2,1],n_dims=64,mode=2,n_ctx=512,fs=1.424500,ef=0.746500,af=1.000000,ff=1,v=0,inplace=0): not supported [RD0] 
  ROPE(type=f32,ne_a=[128,32,2,1],n_dims=128,mode=0,n_ctx=512,fs=1.424500,ef=0.746500,af=1.000000,ff=1,v=1,inplace=0): not supported [RD0] 
  ROPE(type=f32,ne_a=[64,128,2,1],n_dims=64,mode=2,n_ctx=512,fs=1.424500,ef=0.746500,af=1.000000,ff=1,v=1,inplace=0): not supported [RD0] 
  ROPE(type=f32,ne_a=[36,16,2457,1],n_dims=36,mode=0,n_ctx=512,fs=1.424500,ef=0.746500,af=1.000000,ff=1,v=2,inplace=0): not supported [RD0] 
  ROPE(type=f32,ne_a=[36,16,2457,1],n_dims=36,mode=2,n_ctx=512,fs=1.424500,ef=0.746500,af=1.000000,ff=1,v=2,inplace=0): not supported [RD0] 
  ROPE(type=f32,ne_a=[36,16,2457,1],n_dims=36,mode=8,n_ctx=512,fs=1.424500,ef=0.746500,af=1.000000,ff=1,v=2,inplace=0): not supported [RD0] 
  ROPE(type=f32,ne_a=[36,16,2457,1],n_dims=36,mode=40,n_ctx=512,fs=1.424500,ef=0.746500,af=1.000000,ff=1,v=2,inplace=0): not supported [RD0] 
  ROPE(type=f32,ne_a=[36,16,2457,1],n_dims=36,mode=24,n_ctx=512,fs=1.424500,ef=0.746500,af=1.000000,ff=1,v=2,inplace=0): not supported [RD0] 
  ROPE(type=f16,ne_a=[128,32,2,1],n_dims=128,mode=0,n_ctx=512,fs=1.424500,ef=0.746500,af=1.000000,ff=0,v=0,inplace=0): not supported [RD0] 
  ROPE(type=f16,ne_a=[64,128,2,1],n_dims=64,mode=2,n_ctx=512,fs=1.424500,ef=0.746500,af=1.000000,ff=0,v=0,inplace=0): not supported [RD0] 
  ROPE(type=f16,ne_a=[128,32,2,1],n_dims=128,mode=0,n_ctx=512,fs=1.424500,ef=0.746500,af=1.000000,ff=0,v=1,inplace=0): not supported [RD0] 
  ROPE(type=f16,ne_a=[64,128,2,1],n_dims=64,mode=2,n_ctx=512,fs=1.424500,ef=0.746500,af=1.000000,ff=0,v=1,inplace=0): not supported [RD0] 
  ROPE(type=f16,ne_a=[36,16,2457,1],n_dims=36,mode=0,n_ctx=512,fs=1.424500,ef=0.746500,af=1.000000,ff=0,v=2,inplace=0): not supported [RD0] 
  ROPE(type=f16,ne_a=[36,16,2457,1],n_dims=36,mode=2,n_ctx=512,fs=1.424500,ef=0.746500,af=1.000000,ff=0,v=2,inplace=0): not supported [RD0] 
  ROPE(type=f16,ne_a=[36,16,2457,1],n_dims=36,mode=8,n_ctx=512,fs=1.424500,ef=0.746500,af=1.000000,ff=0,v=2,inplace=0): not supported [RD0] 
  ROPE(type=f16,ne_a=[36,16,2457,1],n_dims=36,mode=40,n_ctx=512,fs=1.424500,ef=0.746500,af=1.000000,ff=0,v=2,inplace=0): not supported [RD0] 
  ROPE(type=f16,ne_a=[36,16,2457,1],n_dims=36,mode=24,n_ctx=512,fs=1.424500,ef=0.746500,af=1.000000,ff=0,v=2,inplace=0): not supported [RD0] 
  ROPE(type=f16,ne_a=[128,32,2,1],n_dims=128,mode=0,n_ctx=512,fs=1.424500,ef=0.746500,af=1.000000,ff=1,v=0,inplace=0): not supported [RD0] 
  ROPE(type=f16,ne_a=[64,128,2,1],n_dims=64,mode=2,n_ctx=512,fs=1.424500,ef=0.746500,af=1.000000,ff=1,v=0,inplace=0): not supported [RD0] 
  ROPE(type=f16,ne_a=[128,32,2,1],n_dims=128,mode=0,n_ctx=512,fs=1.424500,ef=0.746500,af=1.000000,ff=1,v=1,inplace=0): not supported [RD0] 
  ROPE(type=f16,ne_a=[64,128,2,1],n_dims=64,mode=2,n_ctx=512,fs=1.424500,ef=0.746500,af=1.000000,ff=1,v=1,inplace=0): not supported [RD0] 
  ROPE(type=f16,ne_a=[36,16,2457,1],n_dims=36,mode=0,n_ctx=512,fs=1.424500,ef=0.746500,af=1.000000,ff=1,v=2,inplace=0): not supported [RD0] 
  ROPE(type=f16,ne_a=[36,16,2457,1],n_dims=36,mode=2,n_ctx=512,fs=1.424500,ef=0.746500,af=1.000000,ff=1,v=2,inplace=0): not supported [RD0] 
  ROPE(type=f16,ne_a=[36,16,2457,1],n_dims=36,mode=8,n_ctx=512,fs=1.424500,ef=0.746500,af=1.000000,ff=1,v=2,inplace=0): not supported [RD0] 
  ROPE(type=f16,ne_a=[36,16,2457,1],n_dims=36,mode=40,n_ctx=512,fs=1.424500,ef=0.746500,af=1.000000,ff=1,v=2,inplace=0): not supported [RD0] 
  ROPE(type=f16,ne_a=[36,16,2457,1],n_dims=36,mode=24,n_ctx=512,fs=1.424500,ef=0.746500,af=1.000000,ff=1,v=2,inplace=0): not supported [RD0] 
  ROPE(type=f32,ne_a=[128,32,2,1],n_dims=128,mode=0,n_ctx=512,fs=1.424500,ef=0.746500,af=1.424500,ff=0,v=0,inplace=0): not supported [RD0] 
  ROPE(type=f32,ne_a=[64,128,2,1],n_dims=64,mode=2,n_ctx=512,fs=1.424500,ef=0.746500,af=1.424500,ff=0,v=0,inplace=0): OK
  ROPE(type=f32,ne_a=[128,32,2,1],n_dims=128,mode=0,n_ctx=512,fs=1.424500,ef=0.746500,af=1.424500,ff=0,v=1,inplace=0): not supported [RD0] 
  ROPE(type=f32,ne_a=[64,128,2,1],n_dims=64,mode=2,n_ctx=512,fs=1.424500,ef=0.746500,af=1.424500,ff=0,v=1,inplace=0): OK
  ROPE(type=f32,ne_a=[36,16,2457,1],n_dims=36,mode=0,n_ctx=512,fs=1.424500,ef=0.746500,af=1.424500,ff=0,v=2,inplace=0): not supported [RD0] 
  ROPE(type=f32,ne_a=[36,16,2457,1],n_dims=36,mode=2,n_ctx=512,fs=1.424500,ef=0.746500,af=1.424500,ff=0,v=2,inplace=0): OK
  ROPE(type=f32,ne_a=[36,16,2457,1],n_dims=36,mode=8,n_ctx=512,fs=1.424500,ef=0.746500,af=1.424500,ff=0,v=2,inplace=0): not supported [RD0] 
  ROPE(type=f32,ne_a=[36,16,2457,1],n_dims=36,mode=40,n_ctx=512,fs=1.424500,ef=0.746500,af=1.424500,ff=0,v=2,inplace=0): not supported [RD0] 
  ROPE(type=f32,ne_a=[36,16,2457,1],n_dims=36,mode=24,n_ctx=512,fs=1.424500,ef=0.746500,af=1.424500,ff=0,v=2,inplace=0): not supported [RD0] 
  ROPE(type=f32,ne_a=[128,32,2,1],n_dims=128,mode=0,n_ctx=512,fs=1.424500,ef=0.746500,af=1.424500,ff=1,v=0,inplace=0): not supported [RD0] 
  ROPE(type=f32,ne_a=[64,128,2,1],n_dims=64,mode=2,n_ctx=512,fs=1.424500,ef=0.746500,af=1.424500,ff=1,v=0,inplace=0): not supported [RD0] 
  ROPE(type=f32,ne_a=[128,32,2,1],n_dims=128,mode=0,n_ctx=512,fs=1.424500,ef=0.746500,af=1.424500,ff=1,v=1,inplace=0): not supported [RD0] 
  ROPE(type=f32,ne_a=[64,128,2,1],n_dims=64,mode=2,n_ctx=512,fs=1.424500,ef=0.746500,af=1.424500,ff=1,v=1,inplace=0): not supported [RD0] 
  ROPE(type=f32,ne_a=[36,16,2457,1],n_dims=36,mode=0,n_ctx=512,fs=1.424500,ef=0.746500,af=1.424500,ff=1,v=2,inplace=0): not supported [RD0] 
  ROPE(type=f32,ne_a=[36,16,2457,1],n_dims=36,mode=2,n_ctx=512,fs=1.424500,ef=0.746500,af=1.424500,ff=1,v=2,inplace=0): not supported [RD0] 
  ROPE(type=f32,ne_a=[36,16,2457,1],n_dims=36,mode=8,n_ctx=512,fs=1.424500,ef=0.746500,af=1.424500,ff=1,v=2,inplace=0): not supported [RD0] 
  ROPE(type=f32,ne_a=[36,16,2457,1],n_dims=36,mode=40,n_ctx=512,fs=1.424500,ef=0.746500,af=1.424500,ff=1,v=2,inplace=0): not supported [RD0] 
  ROPE(type=f32,ne_a=[36,16,2457,1],n_dims=36,mode=24,n_ctx=512,fs=1.424500,ef=0.746500,af=1.424500,ff=1,v=2,inplace=0): not supported [RD0] 
  ROPE(type=f16,ne_a=[128,32,2,1],n_dims=128,mode=0,n_ctx=512,fs=1.424500,ef=0.746500,af=1.424500,ff=0,v=0,inplace=0): not supported [RD0] 
  ROPE(type=f16,ne_a=[64,128,2,1],n_dims=64,mode=2,n_ctx=512,fs=1.424500,ef=0.746500,af=1.424500,ff=0,v=0,inplace=0): not supported [RD0] 
  ROPE(type=f16,ne_a=[128,32,2,1],n_dims=128,mode=0,n_ctx=512,fs=1.424500,ef=0.746500,af=1.424500,ff=0,v=1,inplace=0): not supported [RD0] 
  ROPE(type=f16,ne_a=[64,128,2,1],n_dims=64,mode=2,n_ctx=512,fs=1.424500,ef=0.746500,af=1.424500,ff=0,v=1,inplace=0): not supported [RD0] 
  ROPE(type=f16,ne_a=[36,16,2457,1],n_dims=36,mode=0,n_ctx=512,fs=1.424500,ef=0.746500,af=1.424500,ff=0,v=2,inplace=0): not supported [RD0] 
  ROPE(type=f16,ne_a=[36,16,2457,1],n_dims=36,mode=2,n_ctx=512,fs=1.424500,ef=0.746500,af=1.424500,ff=0,v=2,inplace=0): not supported [RD0] 
  ROPE(type=f16,ne_a=[36,16,2457,1],n_dims=36,mode=8,n_ctx=512,fs=1.424500,ef=0.746500,af=1.424500,ff=0,v=2,inplace=0): not supported [RD0] 
  ROPE(type=f16,ne_a=[36,16,2457,1],n_dims=36,mode=40,n_ctx=512,fs=1.424500,ef=0.746500,af=1.424500,ff=0,v=2,inplace=0): not supported [RD0] 
  ROPE(type=f16,ne_a=[36,16,2457,1],n_dims=36,mode=24,n_ctx=512,fs=1.424500,ef=0.746500,af=1.424500,ff=0,v=2,inplace=0): not supported [RD0] 
  ROPE(type=f16,ne_a=[128,32,2,1],n_dims=128,mode=0,n_ctx=512,fs=1.424500,ef=0.746500,af=1.424500,ff=1,v=0,inplace=0): not supported [RD0] 
  ROPE(type=f16,ne_a=[64,128,2,1],n_dims=64,mode=2,n_ctx=512,fs=1.424500,ef=0.746500,af=1.424500,ff=1,v=0,inplace=0): not supported [RD0] 
  ROPE(type=f16,ne_a=[128,32,2,1],n_dims=128,mode=0,n_ctx=512,fs=1.424500,ef=0.746500,af=1.424500,ff=1,v=1,inplace=0): not supported [RD0] 
  ROPE(type=f16,ne_a=[64,128,2,1],n_dims=64,mode=2,n_ctx=512,fs=1.424500,ef=0.746500,af=1.424500,ff=1,v=1,inplace=0): not supported [RD0] 
  ROPE(type=f16,ne_a=[36,16,2457,1],n_dims=36,mode=0,n_ctx=512,fs=1.424500,ef=0.746500,af=1.424500,ff=1,v=2,inplace=0): not supported [RD0] 
  ROPE(type=f16,ne_a=[36,16,2457,1],n_dims=36,mode=2,n_ctx=512,fs=1.424500,ef=0.746500,af=1.424500,ff=1,v=2,inplace=0): not supported [RD0] 
  ROPE(type=f16,ne_a=[36,16,2457,1],n_dims=36,mode=8,n_ctx=512,fs=1.424500,ef=0.746500,af=1.424500,ff=1,v=2,inplace=0): not supported [RD0] 
  ROPE(type=f16,ne_a=[36,16,2457,1],n_dims=36,mode=40,n_ctx=512,fs=1.424500,ef=0.746500,af=1.424500,ff=1,v=2,inplace=0): not supported [RD0] 
  ROPE(type=f16,ne_a=[36,16,2457,1],n_dims=36,mode=24,n_ctx=512,fs=1.424500,ef=0.746500,af=1.424500,ff=1,v=2,inplace=0): not supported [RD0] 
  ROPE(type=f32,ne_a=[128,32,2,1],n_dims=128,mode=0,n_ctx=512,fs=1.424500,ef=0.746500,af=1.424500,ff=0,v=0,inplace=1): not supported [RD0] 
  ROPE(type=f32,ne_a=[128,32,2,1],n_dims=128,mode=0,n_ctx=512,fs=1.424500,ef=0.746500,af=1.424500,ff=0,v=1,inplace=1): not supported [RD0] 
  ROPE(type=f32,ne_a=[128,32,2,3],n_dims=128,mode=0,n_ctx=512,fs=1.424500,ef=0.746500,af=1.424500,ff=0,v=1,inplace=1): not supported [RD0] 
  ROPE(type=f32,ne_a=[128,32,2,1],n_dims=128,mode=0,n_ctx=512,fs=1.424500,ef=0.746500,af=1.424500,ff=1,v=0,inplace=1): not supported [RD0] 
  ROPE(type=f32,ne_a=[128,32,2,1],n_dims=128,mode=0,n_ctx=512,fs=1.424500,ef=0.746500,af=1.424500,ff=1,v=1,inplace=1): not supported [RD0] 
  ROPE(type=f32,ne_a=[128,32,2,3],n_dims=128,mode=0,n_ctx=512,fs=1.424500,ef=0.746500,af=1.424500,ff=1,v=1,inplace=1): not supported [RD0] 
  ROPE(type=f32,ne_a=[128,32,2,1],n_dims=128,mode=2,n_ctx=512,fs=1.424500,ef=0.746500,af=1.424500,ff=0,v=0,inplace=1): OK
  ROPE(type=f32,ne_a=[128,32,2,1],n_dims=128,mode=2,n_ctx=512,fs=1.424500,ef=0.746500,af=1.424500,ff=0,v=1,inplace=1): OK
  ROPE(type=f32,ne_a=[128,32,2,3],n_dims=128,mode=2,n_ctx=512,fs=1.424500,ef=0.746500,af=1.424500,ff=0,v=1,inplace=1): OK
  ROPE(type=f32,ne_a=[128,32,2,1],n_dims=128,mode=2,n_ctx=512,fs=1.424500,ef=0.746500,af=1.424500,ff=1,v=0,inplace=1): not supported [RD0] 
  ROPE(type=f32,ne_a=[128,32,2,1],n_dims=128,mode=2,n_ctx=512,fs=1.424500,ef=0.746500,af=1.424500,ff=1,v=1,inplace=1): not supported [RD0] 
  ROPE(type=f32,ne_a=[128,32,2,3],n_dims=128,mode=2,n_ctx=512,fs=1.424500,ef=0.746500,af=1.424500,ff=1,v=1,inplace=1): not supported [RD0] 
  ROPE(type=f32,ne_a=[128,32,2,1],n_dims=128,mode=8,n_ctx=512,fs=1.424500,ef=0.746500,af=1.424500,ff=0,v=0,inplace=1): not supported [RD0] 
  ROPE(type=f32,ne_a=[128,32,2,1],n_dims=128,mode=8,n_ctx=512,fs=1.424500,ef=0.746500,af=1.424500,ff=0,v=1,inplace=1): not supported [RD0] 
  ROPE(type=f32,ne_a=[128,32,2,3],n_dims=128,mode=8,n_ctx=512,fs=1.424500,ef=0.746500,af=1.424500,ff=0,v=1,inplace=1): not supported [RD0] 
  ROPE(type=f32,ne_a=[128,32,2,1],n_dims=128,mode=8,n_ctx=512,fs=1.424500,ef=0.746500,af=1.424500,ff=1,v=0,inplace=1): not supported [RD0] 
  ROPE(type=f32,ne_a=[128,32,2,1],n_dims=128,mode=8,n_ctx=512,fs=1.424500,ef=0.746500,af=1.424500,ff=1,v=1,inplace=1): not supported [RD0] 
  ROPE(type=f32,ne_a=[128,32,2,3],n_dims=128,mode=8,n_ctx=512,fs=1.424500,ef=0.746500,af=1.424500,ff=1,v=1,inplace=1): not supported [RD0] 
  ROPE(type=f32,ne_a=[128,32,2,1],n_dims=128,mode=40,n_ctx=512,fs=1.424500,ef=0.746500,af=1.424500,ff=0,v=0,inplace=1): not supported [RD0] 
  ROPE(type=f32,ne_a=[128,32,2,1],n_dims=128,mode=40,n_ctx=512,fs=1.424500,ef=0.746500,af=1.424500,ff=0,v=1,inplace=1): not supported [RD0] 
  ROPE(type=f32,ne_a=[128,32,2,3],n_dims=128,mode=40,n_ctx=512,fs=1.424500,ef=0.746500,af=1.424500,ff=0,v=1,inplace=1): not supported [RD0] 
  ROPE(type=f32,ne_a=[128,32,2,1],n_dims=128,mode=40,n_ctx=512,fs=1.424500,ef=0.746500,af=1.424500,ff=1,v=0,inplace=1): not supported [RD0] 
  ROPE(type=f32,ne_a=[128,32,2,1],n_dims=128,mode=40,n_ctx=512,fs=1.424500,ef=0.746500,af=1.424500,ff=1,v=1,inplace=1): not supported [RD0] 
  ROPE(type=f32,ne_a=[128,32,2,3],n_dims=128,mode=40,n_ctx=512,fs=1.424500,ef=0.746500,af=1.424500,ff=1,v=1,inplace=1): not supported [RD0] 
  ROPE(type=f32,ne_a=[128,32,2,1],n_dims=128,mode=24,n_ctx=512,fs=1.424500,ef=0.746500,af=1.424500,ff=0,v=0,inplace=1): not supported [RD0] 
  ROPE(type=f32,ne_a=[128,32,2,1],n_dims=128,mode=24,n_ctx=512,fs=1.424500,ef=0.746500,af=1.424500,ff=0,v=1,inplace=1): not supported [RD0] 
  ROPE(type=f32,ne_a=[128,32,2,3],n_dims=128,mode=24,n_ctx=512,fs=1.424500,ef=0.746500,af=1.424500,ff=0,v=1,inplace=1): not supported [RD0] 
  ROPE(type=f32,ne_a=[128,32,2,1],n_dims=128,mode=24,n_ctx=512,fs=1.424500,ef=0.746500,af=1.424500,ff=1,v=0,inplace=1): not supported [RD0] 
  ROPE(type=f32,ne_a=[128,32,2,1],n_dims=128,mode=24,n_ctx=512,fs=1.424500,ef=0.746500,af=1.424500,ff=1,v=1,inplace=1): not supported [RD0] 
  ROPE(type=f32,ne_a=[128,32,2,3],n_dims=128,mode=24,n_ctx=512,fs=1.424500,ef=0.746500,af=1.424500,ff=1,v=1,inplace=1): not supported [RD0] 
  ROPE(type=f16,ne_a=[128,32,2,1],n_dims=128,mode=0,n_ctx=512,fs=1.424500,ef=0.746500,af=1.424500,ff=0,v=0,inplace=1): not supported [RD0] 
  ROPE(type=f16,ne_a=[128,32,2,1],n_dims=128,mode=0,n_ctx=512,fs=1.424500,ef=0.746500,af=1.424500,ff=0,v=1,inplace=1): not supported [RD0] 
  ROPE(type=f16,ne_a=[128,32,2,3],n_dims=128,mode=0,n_ctx=512,fs=1.424500,ef=0.746500,af=1.424500,ff=0,v=1,inplace=1): not supported [RD0] 
  ROPE(type=f16,ne_a=[128,32,2,1],n_dims=128,mode=0,n_ctx=512,fs=1.424500,ef=0.746500,af=1.424500,ff=1,v=0,inplace=1): not supported [RD0] 
  ROPE(type=f16,ne_a=[128,32,2,1],n_dims=128,mode=0,n_ctx=512,fs=1.424500,ef=0.746500,af=1.424500,ff=1,v=1,inplace=1): not supported [RD0] 
  ROPE(type=f16,ne_a=[128,32,2,3],n_dims=128,mode=0,n_ctx=512,fs=1.424500,ef=0.746500,af=1.424500,ff=1,v=1,inplace=1): not supported [RD0] 
  ROPE(type=f16,ne_a=[128,32,2,1],n_dims=128,mode=2,n_ctx=512,fs=1.424500,ef=0.746500,af=1.424500,ff=0,v=0,inplace=1): not supported [RD0] 
  ROPE(type=f16,ne_a=[128,32,2,1],n_dims=128,mode=2,n_ctx=512,fs=1.424500,ef=0.746500,af=1.424500,ff=0,v=1,inplace=1): not supported [RD0] 
  ROPE(type=f16,ne_a=[128,32,2,3],n_dims=128,mode=2,n_ctx=512,fs=1.424500,ef=0.746500,af=1.424500,ff=0,v=1,inplace=1): not supported [RD0] 
  ROPE(type=f16,ne_a=[128,32,2,1],n_dims=128,mode=2,n_ctx=512,fs=1.424500,ef=0.746500,af=1.424500,ff=1,v=0,inplace=1): not supported [RD0] 
  ROPE(type=f16,ne_a=[128,32,2,1],n_dims=128,mode=2,n_ctx=512,fs=1.424500,ef=0.746500,af=1.424500,ff=1,v=1,inplace=1): not supported [RD0] 
  ROPE(type=f16,ne_a=[128,32,2,3],n_dims=128,mode=2,n_ctx=512,fs=1.424500,ef=0.746500,af=1.424500,ff=1,v=1,inplace=1): not supported [RD0] 
  ROPE(type=f16,ne_a=[128,32,2,1],n_dims=128,mode=8,n_ctx=512,fs=1.424500,ef=0.746500,af=1.424500,ff=0,v=0,inplace=1): not supported [RD0] 
  ROPE(type=f16,ne_a=[128,32,2,1],n_dims=128,mode=8,n_ctx=512,fs=1.424500,ef=0.746500,af=1.424500,ff=0,v=1,inplace=1): not supported [RD0] 
  ROPE(type=f16,ne_a=[128,32,2,3],n_dims=128,mode=8,n_ctx=512,fs=1.424500,ef=0.746500,af=1.424500,ff=0,v=1,inplace=1): not supported [RD0] 
  ROPE(type=f16,ne_a=[128,32,2,1],n_dims=128,mode=8,n_ctx=512,fs=1.424500,ef=0.746500,af=1.424500,ff=1,v=0,inplace=1): not supported [RD0] 
  ROPE(type=f16,ne_a=[128,32,2,1],n_dims=128,mode=8,n_ctx=512,fs=1.424500,ef=0.746500,af=1.424500,ff=1,v=1,inplace=1): not supported [RD0] 
  ROPE(type=f16,ne_a=[128,32,2,3],n_dims=128,mode=8,n_ctx=512,fs=1.424500,ef=0.746500,af=1.424500,ff=1,v=1,inplace=1): not supported [RD0] 
  ROPE(type=f16,ne_a=[128,32,2,1],n_dims=128,mode=40,n_ctx=512,fs=1.424500,ef=0.746500,af=1.424500,ff=0,v=0,inplace=1): not supported [RD0] 
  ROPE(type=f16,ne_a=[128,32,2,1],n_dims=128,mode=40,n_ctx=512,fs=1.424500,ef=0.746500,af=1.424500,ff=0,v=1,inplace=1): not supported [RD0] 
  ROPE(type=f16,ne_a=[128,32,2,3],n_dims=128,mode=40,n_ctx=512,fs=1.424500,ef=0.746500,af=1.424500,ff=0,v=1,inplace=1): not supported [RD0] 
  ROPE(type=f16,ne_a=[128,32,2,1],n_dims=128,mode=40,n_ctx=512,fs=1.424500,ef=0.746500,af=1.424500,ff=1,v=0,inplace=1): not supported [RD0] 
  ROPE(type=f16,ne_a=[128,32,2,1],n_dims=128,mode=40,n_ctx=512,fs=1.424500,ef=0.746500,af=1.424500,ff=1,v=1,inplace=1): not supported [RD0] 
  ROPE(type=f16,ne_a=[128,32,2,3],n_dims=128,mode=40,n_ctx=512,fs=1.424500,ef=0.746500,af=1.424500,ff=1,v=1,inplace=1): not supported [RD0] 
  ROPE(type=f16,ne_a=[128,32,2,1],n_dims=128,mode=24,n_ctx=512,fs=1.424500,ef=0.746500,af=1.424500,ff=0,v=0,inplace=1): not supported [RD0] 
  ROPE(type=f16,ne_a=[128,32,2,1],n_dims=128,mode=24,n_ctx=512,fs=1.424500,ef=0.746500,af=1.424500,ff=0,v=1,inplace=1): not supported [RD0] 
  ROPE(type=f16,ne_a=[128,32,2,3],n_dims=128,mode=24,n_ctx=512,fs=1.424500,ef=0.746500,af=1.424500,ff=0,v=1,inplace=1): not supported [RD0] 
  ROPE(type=f16,ne_a=[128,32,2,1],n_dims=128,mode=24,n_ctx=512,fs=1.424500,ef=0.746500,af=1.424500,ff=1,v=0,inplace=1): not supported [RD0] 
  ROPE(type=f16,ne_a=[128,32,2,1],n_dims=128,mode=24,n_ctx=512,fs=1.424500,ef=0.746500,af=1.424500,ff=1,v=1,inplace=1): not supported [RD0] 
  ROPE(type=f16,ne_a=[128,32,2,3],n_dims=128,mode=24,n_ctx=512,fs=1.424500,ef=0.746500,af=1.424500,ff=1,v=1,inplace=1): not supported [RD0] 
  68/68 tests passed
  Backend RD0: OK
2/2 backends passed
OK
ggml_test: test-backend-ops returned 0
ggml_test: rd stats graphs=813 nodes=1449 dispatches=777 skipped=672 barriers=573 failed_graphs=0 last{nodes=1 dispatches=0 barriers=0 skipped=1} pipelines=10 set0_created=141 slots_created=256 coop_yields=1 waits=141 faults=0 params_bytes=198912 set_bytes=909647408 get_bytes=2240725784 copies=0 clears=0 buffers_live=0 bytes_live=0
