PROBE graph dit rd_native nodes=103 dispatches=70 barriers=62 (barrier_all: 69) host_us(entry..submit)=1111 frames=1 run_ms=10.4 status=0/0/0
PROBE graph dit drop k=1 barriers=61 detected=1 differing=786422 worst_rel_l2=4.013e-03 [barrier 1 before dispatch 2 MUL 'node_3' f32]
PROBE graph dit drop k=2 barriers=61 detected=0 differing=0 worst_rel_l2=0.000e+00 [barrier 2 before dispatch 3 ADD 'node_4' f32]
PROBE graph dit drop k=3 barriers=61 detected=0 differing=0 worst_rel_l2=0.000e+00 [barrier 3 before dispatch 4 ADD 'node_6' f32]
PROBE graph dit drop k=4 barriers=61 detected=0 differing=0 worst_rel_l2=0.000e+00 [barrier 4 before dispatch 5 MUL_MAT 'node_7' f32]
PROBE graph dit drop k=6 barriers=61 detected=0 differing=0 worst_rel_l2=0.000e+00 [barrier 6 before dispatch 7 CONT ' (view) (cont)' f32]
PROBE graph dit drop k=7 barriers=61 detected=0 differing=0 worst_rel_l2=0.000e+00 [barrier 7 before dispatch 8 RMS_NORM 'node_12' f32]
PROBE graph dit drop k=8 barriers=61 detected=0 differing=0 worst_rel_l2=0.000e+00 [barrier 8 before dispatch 9 MUL 'node_13' f32]
PROBE graph dit drop k=10 barriers=61 detected=0 differing=0 worst_rel_l2=0.000e+00 [barrier 10 before dispatch 12 NEG 'node_18' f32]
PROBE graph dit drop k=11 barriers=61 detected=0 differing=0 worst_rel_l2=0.000e+00 [barrier 11 before dispatch 14 CONCAT 'node_21' f32]
PROBE graph dit drop k=12 barriers=61 detected=0 differing=0 worst_rel_l2=0.000e+00 [barrier 12 before dispatch 15 MUL 'node_23' f32]
PROBE graph dit drop k=13 barriers=61 detected=0 differing=0 worst_rel_l2=0.000e+00 [barrier 13 before dispatch 16 ADD 'node_24' f32]
PROBE graph dit drop k=15 barriers=61 detected=0 differing=0 worst_rel_l2=0.000e+00 [barrier 15 before dispatch 18 CONT ' (view) (cont)' f32]
PROBE graph dit drop k=16 barriers=61 detected=0 differing=0 worst_rel_l2=0.000e+00 [barrier 16 before dispatch 19 RMS_NORM 'node_30' f32]
PROBE graph dit drop k=17 barriers=61 detected=0 differing=0 worst_rel_l2=0.000e+00 [barrier 17 before dispatch 20 MUL 'node_31' f32]
PROBE graph dit drop k=19 barriers=61 detected=0 differing=0 worst_rel_l2=0.000e+00 [barrier 19 before dispatch 23 NEG 'node_36' f32]
PROBE graph dit drop k=20 barriers=61 detected=0 differing=0 worst_rel_l2=0.000e+00 [barrier 20 before dispatch 25 CONCAT 'node_39' f32]
PROBE graph dit drop k=21 barriers=61 detected=0 differing=0 worst_rel_l2=0.000e+00 [barrier 21 before dispatch 26 MUL 'node_41' f32]
PROBE graph dit drop k=23 barriers=61 detected=0 differing=0 worst_rel_l2=0.000e+00 [barrier 23 before dispatch 28 CONT ' (permuted) (cont)' f32]
PROBE graph dit drop k=24 barriers=61 detected=0 differing=0 worst_rel_l2=0.000e+00 [barrier 24 before dispatch 29 CONT ' (view) (cont)' f32]
PROBE graph dit drop k=25 barriers=61 detected=0 differing=0 worst_rel_l2=0.000e+00 [barrier 25 before dispatch 30 CONT ' (view) (cont) (reshaped) (permuted) (cont)' f32]
PROBE graph dit drop k=26 barriers=61 detected=0 differing=0 worst_rel_l2=0.000e+00 [barrier 26 before dispatch 31 FLASH_ATTN_EXT 'node_50' f32]
PROBE graph dit drop k=28 barriers=61 detected=1 differing=786422 worst_rel_l2=8.874e-03 [barrier 28 before dispatch 33 ADD 'node_53' f32]
PROBE graph dit drop k=29 barriers=61 detected=0 differing=0 worst_rel_l2=0.000e+00 [barrier 29 before dispatch 34 MUL 'node_55' f32]
PROBE graph dit drop k=30 barriers=61 detected=0 differing=0 worst_rel_l2=0.000e+00 [barrier 30 before dispatch 35 ADD 'node_56' f32]
PROBE graph dit drop k=32 barriers=61 detected=1 differing=178176 worst_rel_l2=1.263e-02 [barrier 32 before dispatch 39 MUL 'node_60' f32]
PROBE graph dit drop k=33 barriers=61 detected=0 differing=0 worst_rel_l2=0.000e+00 [barrier 33 before dispatch 40 ADD 'node_61' f32]
PROBE graph dit drop k=34 barriers=61 detected=0 differing=0 worst_rel_l2=0.000e+00 [barrier 34 before dispatch 41 MUL_MAT 'node_62' f32]
PROBE graph dit drop k=36 barriers=61 detected=0 differing=0 worst_rel_l2=0.000e+00 [barrier 36 before dispatch 43 RMS_NORM 'node_65' f32]
PROBE graph dit drop k=37 barriers=61 detected=0 differing=0 worst_rel_l2=0.000e+00 [barrier 37 before dispatch 44 MUL 'node_66' f32]
PROBE graph dit drop k=38 barriers=61 detected=0 differing=0 worst_rel_l2=0.000e+00 [barrier 38 before dispatch 45 CONT ' (permuted) (cont)' f32]
PROBE graph dit drop k=39 barriers=61 detected=0 differing=0 worst_rel_l2=0.000e+00 [barrier 39 before dispatch 46 MUL_MAT 'node_69' f32]
PROBE graph dit drop k=41 barriers=61 detected=1 differing=786394 worst_rel_l2=6.875e-04 [barrier 41 before dispatch 48 CONT ' (view) (cont)' f32]
PROBE graph dit drop k=42 barriers=61 detected=1 differing=786432 worst_rel_l2=1.550e-01 [barrier 42 before dispatch 49 RMS_NORM 'node_74' f32]
PROBE graph dit drop k=43 barriers=61 detected=1 differing=786432 worst_rel_l2=1.509e-01 [barrier 43 before dispatch 50 MUL 'node_75' f32]
PROBE graph dit drop k=45 barriers=61 detected=0 differing=0 worst_rel_l2=0.000e+00 [barrier 45 before dispatch 52 CONT ' (view) (cont)' f32]
PROBE graph dit drop k=46 barriers=61 detected=0 differing=0 worst_rel_l2=0.000e+00 [barrier 46 before dispatch 53 CONT ' (view) (cont) (reshaped) (permuted) (cont)' f32]
PROBE graph dit drop k=47 barriers=61 detected=0 differing=0 worst_rel_l2=0.000e+00 [barrier 47 before dispatch 54 FLASH_ATTN_EXT 'node_83' f32]
PROBE graph dit drop k=49 barriers=61 detected=1 differing=786432 worst_rel_l2=2.199e-02 [barrier 49 before dispatch 56 ADD 'node_86' f32]
PROBE graph dit drop k=50 barriers=61 detected=0 differing=0 worst_rel_l2=0.000e+00 [barrier 50 before dispatch 57 ADD 'node_87' f32]
PROBE graph dit drop k=51 barriers=61 detected=0 differing=0 worst_rel_l2=0.000e+00 [barrier 51 before dispatch 58 ADD 'node_88' f32]
PROBE graph dit drop k=52 barriers=61 detected=0 differing=0 worst_rel_l2=0.000e+00 [barrier 52 before dispatch 59 NORM 'node_89' f32]
PROBE graph dit drop k=54 barriers=61 detected=0 differing=0 worst_rel_l2=0.000e+00 [barrier 54 before dispatch 61 ADD 'node_92' f32]
PROBE graph dit drop k=55 barriers=61 detected=0 differing=0 worst_rel_l2=0.000e+00 [barrier 55 before dispatch 62 ADD 'node_94' f32]
PROBE graph dit drop k=56 barriers=61 detected=0 differing=0 worst_rel_l2=0.000e+00 [barrier 56 before dispatch 63 MUL_MAT 'node_95' f32]
PROBE graph dit drop k=58 barriers=61 detected=0 differing=0 worst_rel_l2=0.000e+00 [barrier 58 before dispatch 65 GELU 'node_97' f32]
PROBE graph dit drop k=59 barriers=61 detected=0 differing=0 worst_rel_l2=0.000e+00 [barrier 59 before dispatch 66 MUL_MAT 'node_98' f32]
PROBE graph dit drop k=60 barriers=61 detected=1 differing=786432 worst_rel_l2=3.846e-03 [barrier 60 before dispatch 67 ADD 'node_99' f32]
PROBE graph dit drop k=62 barriers=61 detected=0 differing=0 worst_rel_l2=0.000e+00 [barrier 62 before dispatch 69 ADD 'node_102' f32]
PROBE graph dit rd_bf16_vs_rd_f32_info output=block_out n=786432 rel_l2=0.000e+00 rel_l2_of_branch=0.000000 finite=1
PROBE graph dit SUMMARY weights=bf16 reference=host (dumped: 3 outputs, 9.0 MiB) info rel_l2(rd_bf16,rd_f32)=0.000e+00 finite=1 elision_vs_barrier_all=bit-identical (differing 0) elision_repeat=bit-identical (differing 0) drop_control=8/48 detected nodes=103 dispatches=70 barriers=62/69 status=0/0/0/0 wall_s=4.4
RESULT: PASS (graph dit:8)
ggml_test: rd stats graphs=153 nodes=51588 dispatches=36639 skipped=14949 barriers=24577 failed_graphs=0 last{nodes=103 dispatches=70 barriers=62 skipped=33} pipelines=22 set0_created=24 slots_created=571 coop_yields=2 waits=153 faults=0 params_bytes=9379584 set_bytes=441785032 get_bytes=516948480 copies=0 clears=153 buffers_live=0 bytes_live=0
