step   1 |dx|max 0.000302433/0.000302433 mean 0.000100747/0.000100747 pushes 0/0 
step   2 |dx|max 0.000604831/0.000604831 mean 0.000201419/0.000201419 pushes 0/0 
step   3 |dx|max 0.000907192/0.000907192 mean 0.000301694/0.000301694 pushes 0/0 
step   5 |dx|max 0.00151181/0.00151181 mean 0.000502359/0.000502359 pushes 0/0 DIFF drift
step   6 |dx|max 0.00181406/0.00181406 mean 0.000602598/0.000602599 pushes 0/0 DIFF mean
step   7 |dx|max 0.00211628/0.00211628 mean 0.000701825/0.000701825 pushes 0/0 
step   8 |dx|max 0.00241846/0.00241846 mean 0.000800673/0.000800672 pushes 0/0 DIFF mean,drift
step   9 |dx|max 0.00272061/0.00272061 mean 0.000899189/0.00089919 pushes 0/0 DIFF mean
step  10 |dx|max 0.00302272/0.00302272 mean 0.00099587/0.00099587 pushes 0/0 
step  25 |dx|max 0.00755009/0.00755008 mean 0.00239905/0.00239905 pushes 0/0 DIFF max,pred,drift
step  50 |dx|max 0.0150594/0.0150594 mean 0.00452846/0.00452846 pushes 0/0 DIFF pred,drift
step  69 |dx|max 0.0227768/0.0227714 mean 0.00560208/0.00560208 pushes 5/6 DIFF max,pred,drift,pushes
step  70 |dx|max 0.0229093/0.0229093 mean 0.00563718/0.00563713 pushes 5/6 DIFF mean,pred,drift,pushes
step  71 |dx|max 0.0245876/0.0245876 mean 0.00560853/0.00560849 pushes 6/6 DIFF mean,drift
step  72 |dx|max 0.0269724/0.0269724 mean 0.00563916/0.00563902 pushes 3/3 DIFF mean,drift
step  75 |dx|max 0.0321493/0.0321488 mean 0.00572679/0.0057267 pushes 0/0 DIFF max,mean,pred,drift
step  80 |dx|max 0.0283021/0.0283022 mean 0.00571961/0.00571957 pushes 5/0 DIFF max,mean,pred,drift,pushes
step  81 |dx|max 0.0304147/0.0304145 mean 0.00568833/0.0057064 pushes 3/0 DIFF max,mean,drift,pushes
step  89 |dx|max 0.0349107/0.0349063 mean 0.00556399/0.00556512 pushes 5/4 DIFF max,mean,pred,drift,drift@,pushes
step  90 |dx|max 0.035076/0.0350509 mean 0.00548913/0.00549269 pushes 5/4 DIFF max,mean,pred,drift,pushes
step  91 |dx|max 0.0348922/0.0348686 mean 0.00543063/0.00543351 pushes 7/5 DIFF max,mean,pred,drift,pushes
step  92 |dx|max 0.0362782/0.0361935 mean 0.00541508/0.00541128 pushes 8/5 DIFF max,mean,pred,drift,pushes
step  93 |dx|max 0.0375124/0.0374125 mean 0.00533801/0.00533705 pushes 8/6 DIFF max,mean,pred,drift,pushes
step  94 |dx|max 0.0381713/0.038054 mean 0.00532469/0.00532171 pushes 9/7 DIFF max,mean,pred,drift,pushes
step  95 |dx|max 0.0369408/0.0367879 mean 0.00526059/0.00526187 pushes 6/7 DIFF max,mean,pred,drift,pushes
step  97 |dx|max 0.0407604/0.0409952 mean 0.00507189/0.00506923 pushes 3/4 DIFF max,mean,pred,drift,pushes
step  99 |dx|max 0.043548/0.0437094 mean 0.0049876/0.00497954 pushes 1/1 DIFF max,mean,pred,drift
step 100 |dx|max 0.0433123/0.0433077 mean 0.0048827/0.00487422 pushes 2/2 DIFF max,mean,pred,drift
step 101 |dx|max 0.0444374/0.0444201 mean 0.00482351/0.00482401 pushes 4/4 DIFF max,mean,pred,drift
step 102 |dx|max 0.0461646/0.0461502 mean 0.004756/0.00475957 pushes 1/1 DIFF max,mean,pred,drift
step 103 |dx|max 0.0469959/0.0469885 mean 0.0047345/0.00473314 pushes 1/2 DIFF max,mean,pred,drift,pushes
step 104 |dx|max 0.0465937/0.0465957 mean 0.00465656/0.0046558 pushes 3/1 DIFF max,mean,pred,drift,pushes
step 105 |dx|max 0.0463741/0.0463654 mean 0.00460389/0.00460084 pushes 4/1 DIFF max,mean,pred,drift,pushes
step 106 |dx|max 0.048076/0.0480785 mean 0.00453565/0.00453952 pushes 5/2 DIFF max,mean,pred,drift,pushes
step 107 |dx|max 0.048353/0.0483657 mean 0.00443388/0.0044365 pushes 8/2 DIFF max,mean,pred,drift,pushes
step 108 |dx|max 0.0473266/0.0473466 mean 0.00435602/0.0043551 pushes 10/2 DIFF max,mean,pred,drift,pushes
step 109 |dx|max 0.0466473/0.0466514 mean 0.00425338/0.00426634 pushes 10/4 DIFF max,mean,pred,drift,drift@,pushes
step 110 |dx|max 0.0435884/0.0435492 mean 0.00408532/0.00408008 pushes 9/4 DIFF max,mean,pred,drift,pushes
step 111 |dx|max 0.044885/0.0444385 mean 0.00394727/0.00393987 pushes 13/7 DIFF max,mean,pred,drift,pushes
step 112 |dx|max 0.0453728/0.0444649 mean 0.00382497/0.00381497 pushes 11/8 DIFF max,mean,pred,drift,pushes
step 113 |dx|max 0.0435917/0.0423304 mean 0.00371187/0.00371985 pushes 11/8 DIFF max,mean,pred,drift,pushes
step 114 |dx|max 0.0415949/0.0416406 mean 0.00364925/0.00364613 pushes 10/3 DIFF max,mean,pred,drift,pushes
step 115 |dx|max 0.0418644/0.0420938 mean 0.00347551/0.00345081 pushes 10/6 DIFF max,mean,pred,drift,pushes
step 116 |dx|max 0.0421832/0.042316 mean 0.00334089/0.00331758 pushes 14/7 DIFF max,mean,pred,drift,pushes
step 117 |dx|max 0.0421546/0.0421252 mean 0.00325619/0.0032312 pushes 15/8 DIFF max,mean,pred,drift,pushes
step 118 |dx|max 0.0418038/0.0421979 mean 0.00317558/0.00313336 pushes 13/8 DIFF max,mean,pred,drift,pushes
step 119 |dx|max 0.0433455/0.0436151 mean 0.00302409/0.00297517 pushes 13/10 DIFF max,mean,pred,drift,drift@,pushes
step 120 |dx|max 0.0449264/0.0449388 mean 0.00294681/0.00290433 pushes 13/8 DIFF max,mean,pred,drift,pushes
step 121 |dx|max 0.0463989/0.046056 mean 0.00286358/0.0028231 pushes 11/8 DIFF max,mean,pred,drift,pushes
step 122 |dx|max 0.0477657/0.0469818 mean 0.00268988/0.00266118 pushes 11/10 DIFF max,mean,pred,drift,drift@,pushes
step 123 |dx|max 0.0489433/0.0484766 mean 0.00254075/0.0025163 pushes 13/9 DIFF max,mean,pred,drift,pushes
step 124 |dx|max 0.0500572/0.0506529 mean 0.00239568/0.0023702 pushes 13/10 DIFF max,mean,pred,drift,drift@,pushes
step 125 |dx|max 0.0502725/0.0524948 mean 0.00231679/0.00229813 pushes 13/11 DIFF max,mean,pred,drift,drift@,pushes
step 126 |dx|max 0.0524491/0.0533981 mean 0.00219523/0.0021469 pushes 13/9 DIFF max,mean,pred,drift,drift@,pushes
step 127 |dx|max 0.0531176/0.0538045 mean 0.00210346/0.00206718 pushes 13/12 DIFF max,mean,pred,drift,drift@,pushes
step 128 |dx|max 0.0519775/0.053493 mean 0.00203906/0.00196537 pushes 16/12 DIFF max,mean,pred,drift,drift@,pushes
step 129 |dx|max 0.0529842/0.0504727 mean 0.00186218/0.00184919 pushes 13/11 DIFF max,mean,pred,drift,drift@,pushes
step 150 |dx|max 0.0252185/0.0251452 mean 0.000558944/0.00054525 pushes 17/9 DIFF max,mean,pred,drift,drift@,pushes
first step with any printed statistic or push count different: 5 (first push-count difference: 69)
frame   1 max|dx| 0 (beyond the 6-digit print 0)
frame  10 max|dx| 4.89e-06 (beyond the 6-digit print 7.6e-08)
frame  20 max|dx| 5.23e-06 (beyond the 6-digit print 2.93e-07)
frame  50 max|dx| 6.41e-06 (beyond the 6-digit print 1.6e-06)
frame  60 max|dx| 5.99e-06 (beyond the 6-digit print 3.38e-06)
frame  70 max|dx| 8.92e-05 (beyond the 6-digit print 8.87e-05)
frame  71 max|dx| 0.000168 (beyond the 6-digit print 0.000167)
frame  72 max|dx| 0.000123 (beyond the 6-digit print 0.000123)
frame  75 max|dx| 0.000234 (beyond the 6-digit print 0.000233)
frame  80 max|dx| 0.000548 (beyond the 6-digit print 0.000548)
frame 100 max|dx| 0.082 (beyond the 6-digit print 0.082)
frame 150 max|dx| 0.103 (beyond the 6-digit print 0.103)
first frame beyond the print by more than 1e-6: 23
