step   1 |dx|max 0.000302433/0.000302433 mean 0.000100747/0.000100747 pushes 0/0 
step   2 |dx|max 0.000604831/0.000604831 mean 0.000201419/0.000201419 pushes 0/0 
step   3 |dx|max 0.000907192/0.000907192 mean 0.000301696/0.000301696 pushes 0/0 
step  25 |dx|max 0.00755007/0.00755007 mean 0.00239731/0.00239731 pushes 0/0 
step  50 |dx|max 0.0150614/0.0150614 mean 0.00450108/0.00450108 pushes 0/0 
step  75 |dx|max 0.0324146/0.0324146 mean 0.00572461/0.00572461 pushes 0/0 
step  81 |dx|max 0.0295328/0.0295328 mean 0.00575723/0.00575723 pushes 1/0 DIFF pushes
step  82 |dx|max 0.0311784/0.0311784 mean 0.00571179/0.00571164 pushes 2/0 DIFF mean,drift,pushes
step  83 |dx|max 0.032606/0.032606 mean 0.0056798/0.00567981 pushes 0/0 DIFF mean,drift
step  84 |dx|max 0.0333544/0.0333544 mean 0.00568524/0.00568524 pushes 0/0 DIFF drift
step  85 |dx|max 0.0329486/0.0329486 mean 0.00566172/0.0056617 pushes 1/1 DIFF mean,drift
step  86 |dx|max 0.0320185/0.0320185 mean 0.00560891/0.0056089 pushes 2/2 DIFF mean,drift
step  87 |dx|max 0.0315565/0.0315565 mean 0.00562027/0.00562027 pushes 1/1 DIFF drift
step  88 |dx|max 0.0333602/0.0333602 mean 0.00562124/0.00562127 pushes 2/1 DIFF mean,drift,pushes
step  89 |dx|max 0.0345719/0.0345719 mean 0.00560646/0.00560648 pushes 1/1 DIFF mean,drift
step  90 |dx|max 0.0347389/0.0347389 mean 0.00558172/0.00558176 pushes 7/6 DIFF mean,drift,pushes
step  91 |dx|max 0.0350158/0.0350158 mean 0.00556439/0.00556419 pushes 6/6 DIFF mean,drift
step  92 |dx|max 0.0351619/0.035166 mean 0.00550148/0.00550176 pushes 9/7 DIFF max,mean,drift,pushes
step  93 |dx|max 0.0368984/0.0369091 mean 0.00546097/0.00546136 pushes 8/6 DIFF max,mean,pred,pushes
step  94 |dx|max 0.0381792/0.0381622 mean 0.00540015/0.00540046 pushes 8/6 DIFF max,mean,pred,drift,pushes
step  95 |dx|max 0.0380421/0.0380164 mean 0.00537025/0.00537034 pushes 6/6 DIFF max,mean,pred,drift
step  96 |dx|max 0.0364919/0.0364509 mean 0.00533455/0.00533456 pushes 1/2 DIFF max,mean,pred,drift,pushes
step  97 |dx|max 0.0368055/0.036806 mean 0.00522935/0.00522906 pushes 2/1 DIFF max,mean,pred,drift,pushes
step  98 |dx|max 0.0380995/0.0380995 mean 0.00513588/0.0051355 pushes 3/3 DIFF mean,pred,drift
step  99 |dx|max 0.0398481/0.0398481 mean 0.00506608/0.00506595 pushes 1/1 DIFF mean,drift
step 100 |dx|max 0.0413635/0.0413634 mean 0.0050009/0.00500368 pushes 2/1 DIFF max,mean,drift,pushes
step 101 |dx|max 0.0425155/0.0425155 mean 0.0048662/0.00486703 pushes 3/3 DIFF mean,pred
step 102 |dx|max 0.0444398/0.0444398 mean 0.00479783/0.00479825 pushes 2/3 DIFF mean,drift,pushes
step 103 |dx|max 0.0462021/0.0462019 mean 0.00477013/0.00476984 pushes 2/4 DIFF max,mean,drift,pushes
step 104 |dx|max 0.0471939/0.0471938 mean 0.00476995/0.00476995 pushes 3/3 DIFF max,pred,drift
step 105 |dx|max 0.0470468/0.0470469 mean 0.00470415/0.00470278 pushes 3/3 DIFF max,mean,pred,drift,drift@
step 106 |dx|max 0.0454271/0.0454271 mean 0.00463935/0.00463869 pushes 3/3 DIFF mean,pred,drift
step 107 |dx|max 0.047327/0.0473273 mean 0.00455929/0.00455835 pushes 4/2 DIFF max,mean,drift,pushes
step 108 |dx|max 0.0485363/0.0485364 mean 0.00447393/0.00447436 pushes 7/3 DIFF max,mean,pred,drift,pushes
step 109 |dx|max 0.0482929/0.048293 mean 0.0043816/0.00438037 pushes 7/3 DIFF max,mean,pred,drift,pushes
step 110 |dx|max 0.0468074/0.0468075 mean 0.00428758/0.00428532 pushes 9/2 DIFF max,mean,pred,drift,pushes
step 111 |dx|max 0.0467943/0.0467727 mean 0.00417361/0.00416489 pushes 12/6 DIFF max,mean,pred,pushes
step 112 |dx|max 0.0463986/0.0462226 mean 0.00400435/0.00399116 pushes 13/9 DIFF max,mean,pred,drift,pushes
step 113 |dx|max 0.0429368/0.0425674 mean 0.00392431/0.00390841 pushes 15/11 DIFF max,mean,pred,drift,pushes
step 114 |dx|max 0.0413047/0.0412869 mean 0.00380791/0.00376437 pushes 13/9 DIFF max,mean,pred,drift,drift@,pushes
step 115 |dx|max 0.0403123/0.0402925 mean 0.00370149/0.0036771 pushes 10/4 DIFF max,mean,pred,drift,pushes
step 116 |dx|max 0.0387824/0.0390184 mean 0.00357209/0.00354208 pushes 9/6 DIFF max,mean,pred,drift,pushes
step 117 |dx|max 0.0391939/0.0393295 mean 0.00342108/0.00341298 pushes 9/4 DIFF max,mean,pred,drift,drift@,pushes
step 118 |dx|max 0.0391653/0.03914 mean 0.00335169/0.00332601 pushes 15/9 DIFF max,mean,pred,drift,pushes
step 119 |dx|max 0.0395867/0.0395117 mean 0.00332913/0.00328105 pushes 13/8 DIFF max,mean,pred,drift,pushes
step 120 |dx|max 0.0401845/0.0395646 mean 0.00317163/0.00312631 pushes 15/10 DIFF max,mean,pred,drift,pushes
step 121 |dx|max 0.0416114/0.0404499 mean 0.00308514/0.00303723 pushes 14/9 DIFF max,mean,pred,drift,pushes
step 122 |dx|max 0.0430121/0.0412009 mean 0.00299772/0.00292593 pushes 16/8 DIFF max,mean,pred,drift,pushes
step 123 |dx|max 0.0440605/0.0416541 mean 0.00290154/0.00281684 pushes 15/10 DIFF max,mean,pred,drift,pushes
step 124 |dx|max 0.0447347/0.0419797 mean 0.00269775/0.00264444 pushes 17/11 DIFF max,mean,pred,drift,pushes
step 125 |dx|max 0.0451944/0.0418652 mean 0.00259056/0.00252841 pushes 17/10 DIFF max,mean,pred,drift,drift@,pushes
step 126 |dx|max 0.0453398/0.0417767 mean 0.00248845/0.00243824 pushes 10/7 DIFF max,mean,pred,drift,drift@,pushes
step 127 |dx|max 0.0456545/0.0423415 mean 0.00236279/0.00234751 pushes 16/9 DIFF max,mean,pred,drift,pushes
step 128 |dx|max 0.0484215/0.0443291 mean 0.00226907/0.00221639 pushes 14/11 DIFF max,mean,pred,drift,drift@,pushes
step 129 |dx|max 0.0511713/0.0472984 mean 0.00218758/0.00213041 pushes 15/9 DIFF max,mean,pred,drift,drift@,pushes
step 150 |dx|max 0.0233989/0.0234226 mean 0.000626204/0.000622851 pushes 16/12 DIFF max,mean,pred,drift,pushes
step 175 |dx|max 0.0220754/0.0221141 mean 0.000479711/0.00047899 pushes 17/14 DIFF max,mean,pred,drift,pushes
step 200 |dx|max 0.02273/0.023299 mean 0.000491734/0.000456964 pushes 27/21 DIFF max,mean,pred,drift,pushes
step 225 |dx|max 0.0328038/0.0285797 mean 0.000472539/0.000409039 pushes 27/25 DIFF max,mean,pred,drift,pushes
step 250 |dx|max 0.0234397/0.0281932 mean 0.000503448/0.000428051 pushes 30/23 DIFF max,mean,pred,drift,drift@,pushes
step 275 |dx|max 0.0307696/0.0259883 mean 0.000503566/0.000421521 pushes 33/20 DIFF max,mean,pred,drift,drift@,pushes
step 300 |dx|max 0.0297087/0.0254017 mean 0.000523099/0.000439342 pushes 28/24 DIFF max,mean,pred,drift,drift@,pushes
step 325 |dx|max 0.0287392/0.0356213 mean 0.000526142/0.000430938 pushes 28/24 DIFF max,mean,pred,drift,drift@,pushes
step 350 |dx|max 0.0397707/0.0277782 mean 0.000515233/0.000426956 pushes 32/0 DIFF max,mean,pred,drift,drift@,pushes
first step with any printed statistic or push count different: 81 (first push-count difference: 81)
frames: no native OBJ frames for target
