comp_00.txt FAIL n=5 m=10 ncorr=3 |newact|=3 |fv|=1 sub_rounds=0 sub_path=1: M=1.54e-01(FAIL) Mv=2.11e-01(FAIL) pg_inf=2.52e-09 xcp=1.83e-09 vecc=2.50e-01(FAIL) drt0=1.02e-07 step_max0=4.85e-08 drt=2.27e-02(FAIL) dg=1.70e-08 step_max=0.00e+00
comp_01.txt FAIL n=37 m=10 ncorr=10 |newact|=0 |fv|=27 sub_rounds=0 sub_path=2: M=1.77e-01(FAIL) Mv=1.74e-01(FAIL) pg_inf=5.88e-10 xcp=3.68e-03(FAIL) vecc=1.77e-01(FAIL) drt0=2.03e-06 step_max0=9.03e-07 drt=2.03e-01(FAIL) dg=1.73e-01(FAIL) step_max=2.72e-01(FAIL)
comp_02.txt FAIL n=300 m=5 ncorr=1 |newact|=23 |fv|=183 sub_rounds=0 sub_path=2: M=1.62e-01(FAIL) Mv=2.00e-01(FAIL) pg_inf=1.24e-09 xcp=3.30e-02(FAIL) vecc=7.04e-01(FAIL) newact(FAIL) fv(FAIL) drt0=1.54e-01(FAIL) step_max0=1.75e-01(FAIL) drt=1.98e-01(FAIL) subLUP(FAIL) dg=1.68e-01(FAIL) step_max=0.00e+00
comp_03.txt FAIL n=5 m=5 ncorr=5 |newact|=4 |fv|=1 sub_rounds=0 sub_path=1: M=1.28e-01(FAIL) Mv=1.48e-01(FAIL) pg_inf=1.77e-09 xcp=7.58e-02(FAIL) vecc=2.62e-01(FAIL) drt0=7.41e-02(FAIL) step_max0=1.14e-02(FAIL) drt=7.70e-02(FAIL) dg=1.93e-03(FAIL) step_max=0.00e+00
comp_04.txt FAIL n=37 m=10 ncorr=10 |newact|=3 |fv|=21 sub_rounds=0 sub_path=2: M=1.71e-01(FAIL) Mv=1.44e-01(FAIL) pg_inf=6.08e-08 xcp=2.67e-02(FAIL) vecc=1.67e-01(FAIL) newact(FAIL) fv(FAIL) drt0=5.40e-02(FAIL) step_max0=1.56e-01(FAIL) drt=1.69e-01(FAIL) subLUP(FAIL) dg=1.54e-01(FAIL) step_max=0.00e+00
comp_05.txt FAIL n=300 m=10 ncorr=7 |newact|=120 |fv|=83 sub_rounds=0 sub_path=2: M=1.62e-01(FAIL) Mv=1.95e-01(FAIL) pg_inf=1.84e-10 xcp=1.47e-01(FAIL) vecc=2.34e-01(FAIL) newact(FAIL) fv(FAIL) drt0=1.05e-01(FAIL) step_max0=1.14e-01(FAIL) drt=2.02e-01(FAIL) subLUP(FAIL) dg=7.89e-02(FAIL) step_max=0.00e+00
comp_06.txt FAIL n=5 m=5 ncorr=2 |newact|=0 |fv|=3 sub_rounds=0 sub_path=1: M=1.95e-01(FAIL) Mv=2.00e-01(FAIL) pg_inf=2.88e-09 xcp=1.21e-02(FAIL) vecc=1.33e-01(FAIL) drt0=5.49e-07 step_max0=3.24e-07 drt=2.05e-01(FAIL) dg=1.30e-01(FAIL) step_max=2.91e-01(FAIL)
comp_07.txt FAIL n=37 m=5 ncorr=3 |newact|=3 |fv|=22 sub_rounds=0 sub_path=2: M=1.67e-01(FAIL) Mv=1.95e-01(FAIL) pg_inf=2.19e-09 xcp=2.92e-02(FAIL) vecc=1.43e-01(FAIL) drt0=1.14e-01(FAIL) step_max0=1.88e-01(FAIL) drt=2.00e-01(FAIL) dg=1.80e-01(FAIL) step_max=0.00e+00
comp_08.txt FAIL n=300 m=10 ncorr=10 |newact|=18 |fv|=191 sub_rounds=0 sub_path=2: M=1.77e-01(FAIL) Mv=1.97e-01(FAIL) pg_inf=2.44e-10 xcp=3.63e-02(FAIL) vecc=1.14e-01(FAIL) newact(FAIL) fv(FAIL) drt0=1.49e-01(FAIL) step_max0=1.74e-01(FAIL) drt=1.98e-01(FAIL) subLUP(FAIL) dg=1.67e-01(FAIL) step_max=0.00e+00
comp_09.txt FAIL n=5 m=10 ncorr=1 |newact|=3 |fv|=1 sub_rounds=0 sub_path=1: M=1.55e-01(FAIL) Mv=2.00e-01(FAIL) pg_inf=1.31e-09 xcp=7.62e-02(FAIL) vecc=7.07e-02(FAIL) newact(FAIL) fv(FAIL) drt0=2.55e-02(FAIL) step_max0=4.57e-02(FAIL) drt=6.87e-02(FAIL) subLUP(FAIL) dg=1.48e-02(FAIL) step_max=0.00e+00
comp_10.txt FAIL n=37 m=5 ncorr=5 |newact|=18 |fv|=6 sub_rounds=0 sub_path=1: M=1.94e-01(FAIL) Mv=1.96e-01(FAIL) pg_inf=7.12e-10 xcp=1.94e-01(FAIL) vecc=1.28e-01(FAIL) newact(FAIL) fv(FAIL) drt0=9.86e-02(FAIL) step_max0=1.11e-01(FAIL) drt=1.78e-01(FAIL) subLUP(FAIL) dg=6.95e-02(FAIL) step_max=0.00e+00
comp_11.txt FAIL n=300 m=5 ncorr=5 |newact|=2 |fv|=215 sub_rounds=0 sub_path=2: M=1.64e-01(FAIL) Mv=1.98e-01(FAIL) pg_inf=7.75e-08 xcp=3.59e-03(FAIL) vecc=1.90e-01(FAIL) drt0=1.48e-01(FAIL) step_max0=1.97e-01(FAIL) drt=1.96e-01(FAIL) dg=1.96e-01(FAIL) step_max=0.00e+00
comp_12.txt FAIL n=5 m=10 ncorr=7 |newact|=0 |fv|=5 sub_rounds=0 sub_path=2: M=1.08e-01(FAIL) Mv=1.62e-01(FAIL) pg_inf=4.88e-10 xcp=2.04e-02(FAIL) vecc=1.86e-01(FAIL) drt0=9.18e-08 step_max0=2.42e-08 drt=5.00e-02(FAIL) dg=3.70e-02(FAIL) step_max=0.00e+00
comp_13.txt FAIL n=37 m=10 ncorr=2 |newact|=2 |fv|=22 sub_rounds=0 sub_path=1: M=1.73e-01(FAIL) Mv=2.00e-01(FAIL) pg_inf=8.26e-08 xcp=4.32e-02(FAIL) vecc=1.85e-01(FAIL) drt0=4.25e-02(FAIL) step_max0=1.93e-01(FAIL) drt=2.13e-01(FAIL) dg=1.90e-01(FAIL) step_max=0.00e+00
comp_14.txt FAIL n=300 m=5 ncorr=3 |newact|=20 |fv|=175 sub_rounds=0 sub_path=2: M=1.64e-01(FAIL) Mv=2.00e-01(FAIL) pg_inf=6.34e-08 xcp=3.54e-02(FAIL) vecc=1.76e-01(FAIL) newact(FAIL) fv(FAIL) drt0=1.52e-01(FAIL) step_max0=1.82e-01(FAIL) drt=2.06e-01(FAIL) subLUP(FAIL) dg=1.76e-01(FAIL) step_max=0.00e+00
comp_15.txt FAIL n=5 m=5 ncorr=5 |newact|=3 |fv|=0 sub_rounds=0 sub_path=0: M=1.57e-01(FAIL) Mv=1.76e-01(FAIL) pg_inf=2.63e-08 xcp=4.80e-10 vecc=1.42e-01(FAIL) drt0=5.78e-08 step_max0=8.90e-08 drt=2.63e-08 dg=6.24e-08 step_max=0.00e+00
comp_16.txt FAIL n=37 m=10 ncorr=1 |newact|=0 |fv|=23 sub_rounds=0 sub_path=1: M=1.58e-01(FAIL) Mv=2.00e-01(FAIL) pg_inf=1.65e-07 xcp=3.46e-03(FAIL) vecc=9.43e-02(FAIL) drt0=2.57e-06 step_max0=1.07e-06 drt=2.05e-01(FAIL) dg=2.00e-01(FAIL) step_max=2.53e-01(FAIL)
comp_17.txt FAIL n=300 m=10 ncorr=10 |newact|=35 |fv|=169 sub_rounds=0 sub_path=2: M=1.69e-01(FAIL) Mv=1.72e-01(FAIL) pg_inf=2.28e-09 xcp=3.34e-02(FAIL) vecc=1.38e-01(FAIL) newact(FAIL) fv(FAIL) drt0=1.52e-01(FAIL) step_max0=1.74e-01(FAIL) drt=1.93e-01(FAIL) subLUP(FAIL) dg=1.62e-01(FAIL) step_max=0.00e+00
comp_18.txt FAIL n=5 m=5 ncorr=5 |newact|=0 |fv|=2 sub_rounds=0 sub_path=1: M=7.90e-02(FAIL) Mv=1.56e-01(FAIL) pg_inf=4.06e-10 xcp=2.87e-02(FAIL) vecc=1.32e-01(FAIL) drt0=4.31e-08 step_max0=9.71e-09 drt=9.48e-02(FAIL) dg=9.35e-02(FAIL) step_max=1.05e-01(FAIL)
comp_19.txt FAIL n=37 m=5 ncorr=0 |newact|=9 |fv|=23 sub_rounds=0 sub_path=1: pg_inf=2.76e-09 xcp=9.17e-02(FAIL) newact(FAIL) fv(FAIL) drt0=1.13e-01(FAIL) step_max0=1.55e-01(FAIL) drt=2.00e-01(FAIL) subLUP(FAIL) dg=1.36e-01(FAIL) step_max=0.00e+00
control (theta x1.25): 0/20 fixtures pass, 20 fail
