# ggml-rd L1, 2026-09-23T07:33:46Z, 2026.13.1-1-g84792eb15
== fixed-layout check on the built kernels (must pass): add_f32 mul_f32 silu_f32 gelu_f32 gelu_erf_f32 sigmoid_f32 neg_f32 scale_f32 diag_mask_inf_f32 rope_neox_f32 
layout ok: add_f32, mul_f32, silu_f32, gelu_f32, gelu_erf_f32, sigmoid_f32, neg_f32, scale_f32, diag_mask_inf_f32, rope_neox_f32
PASS layout
== negative: add_f32 at slangc's default -O1 with -preserve-params (must fail)
layout error: add_f32_o1: SPIR-V layout differs: missing ['s2'], extra [], wrong []
PASS the -O1 build is refused
== negative: kernels/avbd saxpby, another layout (must fail)
layout error: saxpby: SPIR-V layout differs: missing ['s0', 's1', 's2', 'slot'], extra ['x', 'y'], wrong ["dst=(0, 3, 'storage', True) want (0, 4, 'storage', True)", "params=(0, 0, 'uniform', None) want (0, 0, 'storage', False)"]
PASS saxpby is refused
== cpp emits compiled for riscv64 (clang version 23.1.1 (https://github.com/llvm/llvm-project 6dfe1677ab8dffbc6ec13d53a1e0215d75147689))
PASS riscv64 add_f32 (3784 bytes of object)
PASS riscv64 mul_f32 (3784 bytes of object)
PASS riscv64 silu_f32 (3760 bytes of object)
PASS riscv64 gelu_f32 (3848 bytes of object)
PASS riscv64 gelu_erf_f32 (3920 bytes of object)
PASS riscv64 sigmoid_f32 (3760 bytes of object)
PASS riscv64 neg_f32 (3544 bytes of object)
PASS riscv64 scale_f32 (3728 bytes of object)
PASS riscv64 diag_mask_inf_f32 (3768 bytes of object)
PASS riscv64 rope_neox_f32 (4552 bytes of object)
RESULT: PASS
