ggml-rd L2: 89 cases, 10 packers, 10 kernels, control=swap-nb
DETECTED SILU [128,2,2,2] range [-150,150)            out=[128,2,2,2]        dispatches=1 nmse=5.905e-01 (max 1e-07) exact=450/1024
DETECTED SILU [5,7,11,13] view range [-150,150)       out=[5,7,11,13]        dispatches=1 nmse=1.139e+00 (max 1e-07) exact=641/5005
DETECTED GELU [128,2,2,2] range [-150,150)            out=[128,2,2,2]        dispatches=1 nmse=5.904e-01 (max 1e-07) exact=265/1024
DETECTED GELU [5,7,11,13] view range [-150,150)       out=[5,7,11,13]        dispatches=1 nmse=1.139e+00 (max 1e-07) exact=245/5005
DETECTED GELU_ERF [128,2,2,2] range [-150,150)        out=[128,2,2,2]        dispatches=1 nmse=5.904e-01 (max 1e-07) exact=607/1024
DETECTED GELU_ERF [5,7,11,13] view range [-150,150)   out=[5,7,11,13]        dispatches=1 nmse=1.139e+00 (max 1e-07) exact=1513/5005
DETECTED SIGMOID [128,2,2,2] range [-150,150)         out=[128,2,2,2]        dispatches=1 nmse=4.772e-01 (max 1e-07) exact=652/1024
DETECTED SIGMOID [5,7,11,13] view range [-150,150)    out=[5,7,11,13]        dispatches=1 nmse=8.930e-01 (max 1e-07) exact=1525/5005
DETECTED NEG [128,2,2,2] range [-150,150)             out=[128,2,2,2]        dispatches=1 nmse=9.413e-01 (max 1e-07) exact=512/1024
DETECTED NEG [5,7,11,13] view range [-150,150)        out=[5,7,11,13]        dispatches=1 nmse=1.799e+00 (max 1e-07) exact=455/5005
DETECTED SILU [3072,2,1,1] range [-8,8)               out=[3072,2,1,1]       dispatches=1 nmse=1.000e+00 (max 1e-07) exact=2281/6144
DETECTED GELU [1024,64,1,1] range [-6,6)              out=[1024,64,1,1]      dispatches=1 nmse=1.000e+00 (max 1e-07) exact=72/65536
DETECTED GELU_ERF [2048,16,1,1] range [-6,6)          out=[2048,16,1,1]      dispatches=1 nmse=1.000e+00 (max 1e-07) exact=1051/32768
DETECTED SIGMOID [1,16384,1,1] range [-12,12)         out=[1,16384,1,1]      dispatches=0 nmse=7.566e+03 (max 1e-07) exact=0/16384 error: swapped strides reach past the buffer
DETECTED NEG [1,64,12,32] range [-1,1)                out=[1,64,12,32]       dispatches=1 nmse=1.000e+00 (max 1e-07) exact=384/24576
DETECTED SILU on permute(a,0,2,1,3) [33,4,5,3]        out=[33,5,4,3]         dispatches=1 nmse=1.059e+00 (max 1e-07) exact=305/1980
DETECTED GELU_ERF on permute(a,0,2,1,3) [33,4,5,3]    out=[33,5,4,3]         dispatches=1 nmse=1.010e+00 (max 1e-07) exact=195/1980
DETECTED SILU inplace [67,5,3,2]                      out=[67,5,3,2]         dispatches=1 nmse=1.000e+00 (max 1e-07) exact=298/2010
DETECTED SCALE [10,10,10,10] s=2 b=0                  out=[10,10,10,10]      dispatches=1 nmse=1.788e+00 (max 1e-07) exact=1000/10000
DETECTED SCALE [10,10,10,10] s=2 b=1                  out=[10,10,10,10]      dispatches=1 nmse=1.010e+00 (max 1e-07) exact=1000/10000
DETECTED SCALE [10,10,10,10] s=2 b=1 inplace          out=[10,10,10,10]      dispatches=1 nmse=4.609e-01 (max 1e-07) exact=1000/10000
DETECTED SCALE [100,10,10,10] s=2 b=1                 out=[100,10,10,10]     dispatches=1 nmse=1.039e+00 (max 1e-07) exact=10000/100000
NOOP SCALE [515,1,16,2] s=0.0883883 b=0           out=[515,1,16,2]       dispatches=1 nmse=0.000e+00 (max 1e-07) exact=16480/16480
DETECTED DIAG_MASK_INF [10,10,1,1] n_past=5           out=[10,10,1,1]        dispatches=1 nmse=-nan(ind) (max 1e-07) exact=16/100
DETECTED DIAG_MASK_INF [10,10,3,1] n_past=5           out=[10,10,3,1]        dispatches=1 nmse=-nan(ind) (max 1e-07) exact=51/300
DETECTED DIAG_MASK_INF [10,10,3,2] n_past=5           out=[10,10,3,2]        dispatches=1 nmse=-nan(ind) (max 1e-07) exact=102/600
DETECTED DIAG_MASK_INF [66,66,4,1] n_past=0           out=[66,66,4,1]        dispatches=1 nmse=-nan(ind) (max 1e-07) exact=8590/17424
DETECTED DIAG_MASK_INF [13,9,3,2] n_past=2 inplace    out=[13,9,3,2]         dispatches=1 nmse=1.000e+00 (max 1e-07) exact=368/702
DETECTED ROPE neox [64,128,2,1] n_dims=64 fs=1 ef=0 af=1 v=0 out=[64,128,2,1]       dispatches=1 nmse=1.000e+00 (max 1e-07) exact=97/16384
DETECTED ROPE neox [64,128,2,1] n_dims=64 fs=1 ef=0 af=1 v=1 out=[64,128,2,1]       dispatches=1 nmse=1.000e+00 (max 1e-07) exact=99/16384
DETECTED ROPE neox [64,128,2,1] n_dims=64 fs=1.4245 ef=0.7465 af=1.4245 v=0 out=[64,128,2,1]       dispatches=1 nmse=1.000e+00 (max 1e-07) exact=87/16384
DETECTED ROPE neox [64,128,2,1] n_dims=64 fs=1.4245 ef=0.7465 af=1.4245 v=1 out=[64,128,2,1]       dispatches=1 nmse=1.000e+00 (max 1e-07) exact=91/16384
DETECTED ROPE neox [64,128,2,1] n_dims=64 fs=1 ef=0.7465 af=1 v=0 out=[64,128,2,1]       dispatches=1 nmse=1.000e+00 (max 1e-07) exact=93/16384
DETECTED ROPE neox [64,128,2,1] n_dims=64 fs=1 ef=0.7465 af=1 v=1 out=[64,128,2,1]       dispatches=1 nmse=1.000e+00 (max 1e-07) exact=89/16384
DETECTED ROPE neox [64,128,2,1] n_dims=64 fs=1.4245 ef=0 af=1 v=0 out=[64,128,2,1]       dispatches=1 nmse=1.000e+00 (max 1e-07) exact=97/16384
DETECTED ROPE neox [64,128,2,1] n_dims=64 fs=1.4245 ef=0 af=1 v=1 out=[64,128,2,1]       dispatches=1 nmse=1.000e+00 (max 1e-07) exact=94/16384
NOOP ROPE neox [64,1,2,1] n_dims=64 fs=1.4245 ef=0.7465 af=1.4245 v=0 out=[64,1,2,1]         dispatches=1 nmse=1.391e-11 (max 1e-07) exact=89/128
DETECTED ROPE neox [64,71,2,1] n_dims=64 fs=1.4245 ef=0.7465 af=1.4245 v=0 out=[64,71,2,1]        dispatches=1 nmse=1.000e+00 (max 1e-07) exact=85/9088
DETECTED ROPE neox [64,8,2,1] n_dims=64 fs=1.4245 ef=0.7465 af=1.4245 v=0 out=[64,8,2,1]         dispatches=1 nmse=1.000e+00 (max 1e-07) exact=84/1024
DETECTED ROPE neox [80,32,2,1] n_dims=20 fs=1.4245 ef=0.7465 af=1.4245 v=0 out=[80,32,2,1]        dispatches=1 nmse=1.000e+00 (max 1e-07) exact=148/5120
DETECTED ROPE neox [80,32,2,1] n_dims=32 fs=1.4245 ef=0.7465 af=1.4245 v=0 out=[80,32,2,1]        dispatches=1 nmse=1.000e+00 (max 1e-07) exact=133/5120
DETECTED ROPE neox [80,32,4,1] n_dims=32 fs=1.4245 ef=0.7465 af=1.4245 v=0 out=[80,32,4,1]        dispatches=1 nmse=1.000e+00 (max 1e-07) exact=287/10240
DETECTED ROPE neox [16,16,64,1] n_dims=16 fs=1.4245 ef=0.7465 af=1.4245 v=0 out=[16,16,64,1]       dispatches=1 nmse=1.961e+00 (max 1e-07) exact=169/16384
DETECTED ROPE neox [36,16,57,1] n_dims=36 fs=1 ef=0 af=1 v=2 out=[36,16,57,1]       dispatches=1 nmse=1.963e+00 (max 1e-07) exact=440/32832
DETECTED ROPE neox [36,16,57,1] n_dims=36 fs=1.4245 ef=0.7465 af=1.4245 v=2 out=[36,16,57,1]       dispatches=1 nmse=1.963e+00 (max 1e-07) exact=406/32832
DETECTED ROPE neox [128,32,2,3] n_dims=128 fs=1.4245 ef=0.7465 af=1.4245 v=1 inplace out=[128,32,2,3]       dispatches=1 nmse=1.000e+00 (max 1e-07) exact=545/24576
DETECTED ROPE neox [128,32,2,3] n_dims=128 fs=1.4245 ef=0.7465 af=1.4245 v=0 inplace out=[128,32,2,3]       dispatches=1 nmse=1.000e+00 (max 1e-07) exact=516/24576
DETECTED ROPE neox [128,8,96,1] n_dims=128 fs=1 ef=0 af=1 v=0 base=1e6 (skin-tokens) out=[128,8,96,1]       dispatches=1 nmse=1.993e+00 (max 1e-07) exact=907/98304
NOOP ADD ne=[1,1,8,1] nr=[1,1,1,1]                out=[1,1,8,1]          dispatches=1 nmse=0.000e+00 (max 1e-07) exact=8/8
NOOP MUL ne=[1,1,8,1] nr=[1,1,1,1]                out=[1,1,8,1]          dispatches=1 nmse=0.000e+00 (max 1e-07) exact=8/8
NOOP ADD ne=[1,1,1,1] nr=[32,1,1,1]               out=[32,1,1,1]         dispatches=1 nmse=0.000e+00 (max 1e-07) exact=32/32
NOOP MUL ne=[1,1,1,1] nr=[32,1,1,1]               out=[32,1,1,1]         dispatches=1 nmse=0.000e+00 (max 1e-07) exact=32/32
DETECTED ADD ne=[10,5,1,1] nr=[1,1,1,1]               out=[10,5,1,1]         dispatches=1 nmse=4.731e-01 (max 1e-07) exact=10/50
DETECTED MUL ne=[10,5,1,1] nr=[1,1,1,1]               out=[10,5,1,1]         dispatches=1 nmse=1.434e+00 (max 1e-07) exact=10/50
DETECTED ADD ne=[10,5,4,1] nr=[1,1,1,1]               out=[10,5,4,1]         dispatches=1 nmse=8.435e-01 (max 1e-07) exact=40/200
DETECTED MUL ne=[10,5,4,1] nr=[1,1,1,1]               out=[10,5,4,1]         dispatches=1 nmse=2.576e-01 (max 1e-07) exact=40/200
DETECTED ADD ne=[10,5,4,3] nr=[1,1,1,1]               out=[10,5,4,3]         dispatches=1 nmse=7.579e-01 (max 1e-07) exact=120/600
DETECTED MUL ne=[10,5,4,3] nr=[1,1,1,1]               out=[10,5,4,3]         dispatches=1 nmse=7.557e-02 (max 1e-07) exact=120/600
DETECTED ADD ne=[10,5,4,3] nr=[2,1,1,1]               out=[20,5,4,3]         dispatches=1 nmse=1.000e+00 (max 1e-07) exact=240/1200
DETECTED MUL ne=[10,5,4,3] nr=[2,1,1,1]               out=[20,5,4,3]         dispatches=1 nmse=1.000e+00 (max 1e-07) exact=240/1200
DETECTED ADD ne=[10,5,4,3] nr=[1,2,1,1]               out=[10,10,4,3]        dispatches=1 nmse=8.782e-01 (max 1e-07) exact=120/1200
DETECTED MUL ne=[10,5,4,3] nr=[1,2,1,1]               out=[10,10,4,3]        dispatches=1 nmse=7.678e-02 (max 1e-07) exact=120/1200
DETECTED ADD ne=[10,5,4,3] nr=[1,1,2,1]               out=[10,5,8,3]         dispatches=1 nmse=8.807e-01 (max 1e-07) exact=150/1200
DETECTED MUL ne=[10,5,4,3] nr=[1,1,2,1]               out=[10,5,8,3]         dispatches=1 nmse=5.725e-03 (max 1e-07) exact=150/1200
DETECTED ADD ne=[10,5,4,3] nr=[1,1,1,2]               out=[10,5,4,6]         dispatches=1 nmse=7.674e-01 (max 1e-07) exact=240/1200
DETECTED MUL ne=[10,5,4,3] nr=[1,1,1,2]               out=[10,5,4,6]         dispatches=1 nmse=3.785e-02 (max 1e-07) exact=240/1200
DETECTED ADD ne=[10,5,4,3] nr=[1,1,2,2]               out=[10,5,8,6]         dispatches=1 nmse=9.308e-01 (max 1e-07) exact=300/2400
DETECTED MUL ne=[10,5,4,3] nr=[1,1,2,2]               out=[10,5,8,6]         dispatches=1 nmse=5.833e-03 (max 1e-07) exact=300/2400
DETECTED ADD ne=[10,5,4,3] nr=[1,2,2,2]               out=[10,10,8,6]        dispatches=1 nmse=1.000e+00 (max 1e-07) exact=480/4800
DETECTED MUL ne=[10,5,4,3] nr=[1,2,2,2]               out=[10,10,8,6]        dispatches=1 nmse=1.000e+00 (max 1e-07) exact=480/4800
DETECTED ADD ne=[10,5,4,3] nr=[2,2,2,2]               out=[20,10,8,6]        dispatches=1 nmse=1.000e+00 (max 1e-07) exact=960/9600
DETECTED MUL ne=[10,5,4,3] nr=[2,2,2,2]               out=[20,10,8,6]        dispatches=1 nmse=1.000e+00 (max 1e-07) exact=960/9600
DETECTED ADD ne=[10,5,4,3] nr=[1,1,1,1] perm1         out=[10,5,4,3]         dispatches=1 nmse=8.689e-01 (max 1e-07) exact=120/600
DETECTED MUL ne=[10,5,4,3] nr=[1,1,1,1] perm1         out=[10,5,4,3]         dispatches=1 nmse=7.660e-02 (max 1e-07) exact=120/600
DETECTED ADD ne=[10,5,4,3] nr=[2,2,2,2] perm1         out=[20,10,8,6]        dispatches=1 nmse=1.000e+00 (max 1e-07) exact=960/9600
DETECTED MUL ne=[10,5,4,3] nr=[2,2,2,2] perm1         out=[20,10,8,6]        dispatches=1 nmse=1.000e+00 (max 1e-07) exact=960/9600
DETECTED ADD ne=[10,5,4,6] nr=[1,1,1,1] overlap       out=[10,5,4,4]         dispatches=1 nmse=8.135e-01 (max 1e-07) exact=160/800
DETECTED MUL ne=[10,5,4,6] nr=[1,1,1,1] overlap       out=[10,5,4,4]         dispatches=1 nmse=5.575e-03 (max 1e-07) exact=160/800
DETECTED ADD ne=[7,3,5,2] nr=[3,1,1,1]                out=[21,3,5,2]         dispatches=1 nmse=7.859e-01 (max 1e-07) exact=126/630
DETECTED MUL ne=[7,3,5,2] nr=[3,1,1,1]                out=[21,3,5,2]         dispatches=1 nmse=5.401e-03 (max 1e-07) exact=126/630
DETECTED ADD ne=[13,1,1,1] nr=[1,11,1,1]              out=[13,11,1,1]        dispatches=1 nmse=5.691e-01 (max 1e-07) exact=13/143
DETECTED MUL ne=[13,1,1,1] nr=[1,11,1,1]              out=[13,11,1,1]        dispatches=1 nmse=1.074e+01 (max 1e-07) exact=13/143
DETECTED ADD ne=[1280,1,1,1] nr=[1,16,16,1]           out=[1280,16,16,1]     dispatches=1 nmse=9.252e-01 (max 1e-07) exact=20480/327680
DETECTED MUL ne=[1280,1,1,1] nr=[1,16,16,1]           out=[1280,16,16,1]     dispatches=1 nmse=6.266e-03 (max 1e-07) exact=20480/327680
DETECTED ADD ne=[1,1,640,1] nr=[32,32,1,1]            out=[32,32,640,1]      dispatches=1 nmse=1.007e+00 (max 1e-07) exact=1024/655360
DETECTED MUL ne=[1,1,640,1] nr=[32,32,1,1]            out=[32,32,640,1]      dispatches=1 nmse=6.635e-03 (max 1e-07) exact=1024/655360
DETECTED ADD inplace on permute(a,0,2,1,3) [6,4,3,2]  out=[6,3,4,2]          dispatches=1 nmse=4.558e-01 (max 1e-07) exact=36/144
DETECTED MUL inplace on permute(a,0,2,1,3) [6,4,3,2]  out=[6,3,4,2]          dispatches=1 nmse=9.999e-01 (max 1e-07) exact=36/144
DETECTED ADD then MUL chain [9,7,5,3]                 out=[9,7,5,3]          dispatches=2 nmse=1.000e+00 (max 1e-07) exact=135/945
summary: swapped strides detected in 83 cases, missed in 0, no-op in 6 (of those, 6 still OK)
RESULT: PASS
