Testing 2 devices

Backend 1/2: CPU
  Skipping
Backend 2/2: RD0
  Device description: Godot RenderingDevice (NVIDIA GeForce RTX 4090)
  Device memory: 24576 MB (24576 MB free)

  ADD(type=f16,ne=[1,1,8,1],nr=[1,1,1,1],nf=1,perm1=0,src_overlap=0): not supported [RD0] 
  MUL(type=f16,ne=[1,1,8,1],nr=[1,1,1,1],nf=1,perm1=0,src_overlap=0): not supported [RD0] 
  ADD(type=f16,ne=[1,1,1,1],nr=[32,1,1,1],nf=1,perm1=0,src_overlap=0): not supported [RD0] 
  MUL(type=f16,ne=[1,1,1,1],nr=[32,1,1,1],nf=1,perm1=0,src_overlap=0): not supported [RD0] 
  ADD(type=f16,ne=[1,1,320,320],nr=[1,1,1,1],nf=1,perm1=0,src_overlap=0): not supported [RD0] 
  MUL(type=f16,ne=[1,1,320,320],nr=[1,1,1,1],nf=1,perm1=0,src_overlap=0): not supported [RD0] 
  ADD(type=f16,ne=[10,5,1,1],nr=[1,1,1,1],nf=1,perm1=0,src_overlap=0): not supported [RD0] 
  MUL(type=f16,ne=[10,5,1,1],nr=[1,1,1,1],nf=1,perm1=0,src_overlap=0): not supported [RD0] 
  ADD(type=f16,ne=[10,5,4,1],nr=[1,1,1,1],nf=1,perm1=0,src_overlap=0): not supported [RD0] 
  MUL(type=f16,ne=[10,5,4,1],nr=[1,1,1,1],nf=1,perm1=0,src_overlap=0): not supported [RD0] 
  ADD(type=f16,ne=[10,5,4,3],nr=[1,1,1,1],nf=1,perm1=0,src_overlap=0): not supported [RD0] 
  MUL(type=f16,ne=[10,5,4,3],nr=[1,1,1,1],nf=1,perm1=0,src_overlap=0): not supported [RD0] 
  ADD(type=f16,ne=[10,5,4,3],nr=[2,1,1,1],nf=1,perm1=0,src_overlap=0): not supported [RD0] 
  MUL(type=f16,ne=[10,5,4,3],nr=[2,1,1,1],nf=1,perm1=0,src_overlap=0): not supported [RD0] 
  ADD(type=f16,ne=[10,5,4,3],nr=[1,2,1,1],nf=1,perm1=0,src_overlap=0): not supported [RD0] 
  MUL(type=f16,ne=[10,5,4,3],nr=[1,2,1,1],nf=1,perm1=0,src_overlap=0): not supported [RD0] 
  ADD(type=f16,ne=[10,5,4,3],nr=[1,1,2,1],nf=1,perm1=0,src_overlap=0): not supported [RD0] 
  MUL(type=f16,ne=[10,5,4,3],nr=[1,1,2,1],nf=1,perm1=0,src_overlap=0): not supported [RD0] 
  ADD(type=f16,ne=[10,5,4,3],nr=[1,1,1,2],nf=1,perm1=0,src_overlap=0): not supported [RD0] 
  MUL(type=f16,ne=[10,5,4,3],nr=[1,1,1,2],nf=1,perm1=0,src_overlap=0): not supported [RD0] 
  ADD(type=f16,ne=[10,5,4,3],nr=[1,1,2,2],nf=1,perm1=0,src_overlap=0): not supported [RD0] 
  MUL(type=f16,ne=[10,5,4,3],nr=[1,1,2,2],nf=1,perm1=0,src_overlap=0): not supported [RD0] 
  ADD(type=f16,ne=[10,5,4,3],nr=[1,2,2,2],nf=1,perm1=0,src_overlap=0): not supported [RD0] 
  MUL(type=f16,ne=[10,5,4,3],nr=[1,2,2,2],nf=1,perm1=0,src_overlap=0): not supported [RD0] 
  ADD(type=f16,ne=[10,5,4,3],nr=[2,2,2,2],nf=1,perm1=0,src_overlap=0): not supported [RD0] 
  MUL(type=f16,ne=[10,5,4,3],nr=[2,2,2,2],nf=1,perm1=0,src_overlap=0): not supported [RD0] 
  ADD(type=f16,ne=[1,1,8,1],nr=[1,1,1,1],nf=1,perm1=1,src_overlap=0): not supported [RD0] 
  MUL(type=f16,ne=[1,1,8,1],nr=[1,1,1,1],nf=1,perm1=1,src_overlap=0): not supported [RD0] 
  ADD(type=f16,ne=[1,1,1,1],nr=[32,1,1,1],nf=1,perm1=1,src_overlap=0): not supported [RD0] 
  MUL(type=f16,ne=[1,1,1,1],nr=[32,1,1,1],nf=1,perm1=1,src_overlap=0): not supported [RD0] 
  ADD(type=f16,ne=[1,1,320,320],nr=[1,1,1,1],nf=1,perm1=1,src_overlap=0): not supported [RD0] 
  MUL(type=f16,ne=[1,1,320,320],nr=[1,1,1,1],nf=1,perm1=1,src_overlap=0): not supported [RD0] 
  ADD(type=f16,ne=[10,5,1,1],nr=[1,1,1,1],nf=1,perm1=1,src_overlap=0): not supported [RD0] 
  MUL(type=f16,ne=[10,5,1,1],nr=[1,1,1,1],nf=1,perm1=1,src_overlap=0): not supported [RD0] 
  ADD(type=f16,ne=[10,5,4,1],nr=[1,1,1,1],nf=1,perm1=1,src_overlap=0): not supported [RD0] 
  MUL(type=f16,ne=[10,5,4,1],nr=[1,1,1,1],nf=1,perm1=1,src_overlap=0): not supported [RD0] 
  ADD(type=f16,ne=[10,5,4,3],nr=[1,1,1,1],nf=1,perm1=1,src_overlap=0): not supported [RD0] 
  MUL(type=f16,ne=[10,5,4,3],nr=[1,1,1,1],nf=1,perm1=1,src_overlap=0): not supported [RD0] 
  ADD(type=f16,ne=[10,5,4,3],nr=[2,1,1,1],nf=1,perm1=1,src_overlap=0): not supported [RD0] 
  MUL(type=f16,ne=[10,5,4,3],nr=[2,1,1,1],nf=1,perm1=1,src_overlap=0): not supported [RD0] 
  ADD(type=f16,ne=[10,5,4,3],nr=[1,2,1,1],nf=1,perm1=1,src_overlap=0): not supported [RD0] 
  MUL(type=f16,ne=[10,5,4,3],nr=[1,2,1,1],nf=1,perm1=1,src_overlap=0): not supported [RD0] 
  ADD(type=f16,ne=[10,5,4,3],nr=[1,1,2,1],nf=1,perm1=1,src_overlap=0): not supported [RD0] 
  MUL(type=f16,ne=[10,5,4,3],nr=[1,1,2,1],nf=1,perm1=1,src_overlap=0): not supported [RD0] 
  ADD(type=f16,ne=[10,5,4,3],nr=[1,1,1,2],nf=1,perm1=1,src_overlap=0): not supported [RD0] 
  MUL(type=f16,ne=[10,5,4,3],nr=[1,1,1,2],nf=1,perm1=1,src_overlap=0): not supported [RD0] 
  ADD(type=f16,ne=[10,5,4,3],nr=[1,1,2,2],nf=1,perm1=1,src_overlap=0): not supported [RD0] 
  MUL(type=f16,ne=[10,5,4,3],nr=[1,1,2,2],nf=1,perm1=1,src_overlap=0): not supported [RD0] 
  ADD(type=f16,ne=[10,5,4,3],nr=[1,2,2,2],nf=1,perm1=1,src_overlap=0): not supported [RD0] 
  MUL(type=f16,ne=[10,5,4,3],nr=[1,2,2,2],nf=1,perm1=1,src_overlap=0): not supported [RD0] 
  ADD(type=f16,ne=[10,5,4,3],nr=[2,2,2,2],nf=1,perm1=1,src_overlap=0): not supported [RD0] 
  MUL(type=f16,ne=[10,5,4,3],nr=[2,2,2,2],nf=1,perm1=1,src_overlap=0): not supported [RD0] 
  ADD(type=f16,ne=[10,5,4,6],nr=[1,1,1,1],nf=1,perm1=0,src_overlap=1): not supported [RD0] 
  MUL(type=f16,ne=[10,5,4,6],nr=[1,1,1,1],nf=1,perm1=0,src_overlap=1): not supported [RD0] 
  ADD(type=f16,ne=[10,5,4,5],nr=[1,1,1,1],nf=1,perm1=0,src_overlap=1): not supported [RD0] 
  MUL(type=f16,ne=[10,5,4,5],nr=[1,1,1,1],nf=1,perm1=0,src_overlap=1): not supported [RD0] 
  ADD(type=f16,ne=[1,1,120,120],nr=[1,1,1,1],nf=1,perm1=0,src_overlap=1): not supported [RD0] 
  MUL(type=f16,ne=[1,1,120,120],nr=[1,1,1,1],nf=1,perm1=0,src_overlap=1): not supported [RD0] 
  ADD(type=f16,ne=[1,1,4,320],nr=[1,1,1,1],nf=1,perm1=0,src_overlap=1): not supported [RD0] 
  MUL(type=f16,ne=[1,1,4,320],nr=[1,1,1,1],nf=1,perm1=0,src_overlap=1): not supported [RD0] 
  ADD(type=f16,ne=[1,1,65536,1],nr=[256,1,1,1],nf=1,perm1=0,src_overlap=0): not supported [RD0] 
  MUL(type=f16,ne=[1,1,65536,1],nr=[256,1,1,1],nf=1,perm1=0,src_overlap=0): not supported [RD0] 
  ADD(type=f16,ne=[1280,1,1,1],nr=[1,1,1,1],nf=1,perm1=0,src_overlap=0): not supported [RD0] 
  MUL(type=f16,ne=[1280,1,1,1],nr=[1,1,1,1],nf=1,perm1=0,src_overlap=0): not supported [RD0] 
  ADD(type=f16,ne=[1280,1,1,1],nr=[1,16,16,1],nf=1,perm1=0,src_overlap=0): not supported [RD0] 
  MUL(type=f16,ne=[1280,1,1,1],nr=[1,16,16,1],nf=1,perm1=0,src_overlap=0): not supported [RD0] 
  ADD(type=f16,ne=[1280,16,16,1],nr=[1,1,1,1],nf=1,perm1=0,src_overlap=0): not supported [RD0] 
  MUL(type=f16,ne=[1280,16,16,1],nr=[1,1,1,1],nf=1,perm1=0,src_overlap=0): not supported [RD0] 
  ADD(type=f16,ne=[1280,1,1,1],nr=[1,256,1,1],nf=1,perm1=0,src_overlap=0): not supported [RD0] 
  MUL(type=f16,ne=[1280,1,1,1],nr=[1,256,1,1],nf=1,perm1=0,src_overlap=0): not supported [RD0] 
  ADD(type=f16,ne=[1,1,1280,1],nr=[16,16,1,1],nf=1,perm1=0,src_overlap=0): not supported [RD0] 
  MUL(type=f16,ne=[1,1,1280,1],nr=[16,16,1,1],nf=1,perm1=0,src_overlap=0): not supported [RD0] 
  ADD(type=f16,ne=[16,16,1280,1],nr=[1,1,1,1],nf=1,perm1=0,src_overlap=0): not supported [RD0] 
  MUL(type=f16,ne=[16,16,1280,1],nr=[1,1,1,1],nf=1,perm1=0,src_overlap=0): not supported [RD0] 
  ADD(type=f16,ne=[1,1,1920,1],nr=[16,16,1,1],nf=1,perm1=0,src_overlap=0): not supported [RD0] 
  MUL(type=f16,ne=[1,1,1920,1],nr=[16,16,1,1],nf=1,perm1=0,src_overlap=0): not supported [RD0] 
  ADD(type=f16,ne=[1,1,2560,1],nr=[16,16,1,1],nf=1,perm1=0,src_overlap=0): not supported [RD0] 
  MUL(type=f16,ne=[1,1,2560,1],nr=[16,16,1,1],nf=1,perm1=0,src_overlap=0): not supported [RD0] 
  ADD(type=f16,ne=[1,1,1280,1],nr=[32,32,1,1],nf=1,perm1=0,src_overlap=0): not supported [RD0] 
  MUL(type=f16,ne=[1,1,1280,1],nr=[32,32,1,1],nf=1,perm1=0,src_overlap=0): not supported [RD0] 
  ADD(type=f16,ne=[1,1,1920,1],nr=[32,32,1,1],nf=1,perm1=0,src_overlap=0): not supported [RD0] 
  MUL(type=f16,ne=[1,1,1920,1],nr=[32,32,1,1],nf=1,perm1=0,src_overlap=0): not supported [RD0] 
  ADD(type=f16,ne=[1,1,640,1],nr=[32,32,1,1],nf=1,perm1=0,src_overlap=0): not supported [RD0] 
  MUL(type=f16,ne=[1,1,640,1],nr=[32,32,1,1],nf=1,perm1=0,src_overlap=0): not supported [RD0] 
  ADD(type=f16,ne=[5120,1,1,1],nr=[1,256,1,1],nf=1,perm1=0,src_overlap=0): not supported [RD0] 
  MUL(type=f16,ne=[5120,1,1,1],nr=[1,256,1,1],nf=1,perm1=0,src_overlap=0): not supported [RD0] 
  ADD(type=f16,ne=[640,1,1,1],nr=[1,1,1,1],nf=1,perm1=0,src_overlap=0): not supported [RD0] 
  MUL(type=f16,ne=[640,1,1,1],nr=[1,1,1,1],nf=1,perm1=0,src_overlap=0): not supported [RD0] 
  ADD(type=f16,ne=[64,262144,1,1],nr=[1,1,1,1],nf=1,perm1=0,src_overlap=0): not supported [RD0] 
  MUL(type=f16,ne=[64,262144,1,1],nr=[1,1,1,1],nf=1,perm1=0,src_overlap=0): not supported [RD0] 
  ADD(type=f32,ne=[1,1,8,1],nr=[1,1,1,1],nf=1,perm1=0,src_overlap=0): OK
  MUL(type=f32,ne=[1,1,8,1],nr=[1,1,1,1],nf=1,perm1=0,src_overlap=0): OK
  ADD(type=f32,ne=[1,1,1,1],nr=[32,1,1,1],nf=1,perm1=0,src_overlap=0): OK
  MUL(type=f32,ne=[1,1,1,1],nr=[32,1,1,1],nf=1,perm1=0,src_overlap=0): OK
  ADD(type=f32,ne=[1,1,320,320],nr=[1,1,1,1],nf=1,perm1=0,src_overlap=0): OK
  MUL(type=f32,ne=[1,1,320,320],nr=[1,1,1,1],nf=1,perm1=0,src_overlap=0): OK
  ADD(type=f32,ne=[10,5,1,1],nr=[1,1,1,1],nf=1,perm1=0,src_overlap=0): OK
  MUL(type=f32,ne=[10,5,1,1],nr=[1,1,1,1],nf=1,perm1=0,src_overlap=0): OK
  ADD(type=f32,ne=[10,5,4,1],nr=[1,1,1,1],nf=1,perm1=0,src_overlap=0): OK
  MUL(type=f32,ne=[10,5,4,1],nr=[1,1,1,1],nf=1,perm1=0,src_overlap=0): OK
  ADD(type=f32,ne=[10,5,4,3],nr=[1,1,1,1],nf=1,perm1=0,src_overlap=0): OK
  MUL(type=f32,ne=[10,5,4,3],nr=[1,1,1,1],nf=1,perm1=0,src_overlap=0): OK
  ADD(type=f32,ne=[10,5,4,3],nr=[2,1,1,1],nf=1,perm1=0,src_overlap=0): OK
  MUL(type=f32,ne=[10,5,4,3],nr=[2,1,1,1],nf=1,perm1=0,src_overlap=0): OK
  ADD(type=f32,ne=[10,5,4,3],nr=[1,2,1,1],nf=1,perm1=0,src_overlap=0): OK
  MUL(type=f32,ne=[10,5,4,3],nr=[1,2,1,1],nf=1,perm1=0,src_overlap=0): OK
  ADD(type=f32,ne=[10,5,4,3],nr=[1,1,2,1],nf=1,perm1=0,src_overlap=0): OK
  MUL(type=f32,ne=[10,5,4,3],nr=[1,1,2,1],nf=1,perm1=0,src_overlap=0): OK
  ADD(type=f32,ne=[10,5,4,3],nr=[1,1,1,2],nf=1,perm1=0,src_overlap=0): OK
  MUL(type=f32,ne=[10,5,4,3],nr=[1,1,1,2],nf=1,perm1=0,src_overlap=0): OK
  ADD(type=f32,ne=[10,5,4,3],nr=[1,1,2,2],nf=1,perm1=0,src_overlap=0): OK
  MUL(type=f32,ne=[10,5,4,3],nr=[1,1,2,2],nf=1,perm1=0,src_overlap=0): OK
  ADD(type=f32,ne=[10,5,4,3],nr=[1,2,2,2],nf=1,perm1=0,src_overlap=0): OK
  MUL(type=f32,ne=[10,5,4,3],nr=[1,2,2,2],nf=1,perm1=0,src_overlap=0): OK
  ADD(type=f32,ne=[10,5,4,3],nr=[2,2,2,2],nf=1,perm1=0,src_overlap=0): OK
  MUL(type=f32,ne=[10,5,4,3],nr=[2,2,2,2],nf=1,perm1=0,src_overlap=0): OK
  ADD(type=f32,ne=[1,1,8,1],nr=[1,1,1,1],nf=1,perm1=1,src_overlap=0): OK
  MUL(type=f32,ne=[1,1,8,1],nr=[1,1,1,1],nf=1,perm1=1,src_overlap=0): OK
  ADD(type=f32,ne=[1,1,1,1],nr=[32,1,1,1],nf=1,perm1=1,src_overlap=0): OK
  MUL(type=f32,ne=[1,1,1,1],nr=[32,1,1,1],nf=1,perm1=1,src_overlap=0): OK
  ADD(type=f32,ne=[1,1,320,320],nr=[1,1,1,1],nf=1,perm1=1,src_overlap=0): OK
  MUL(type=f32,ne=[1,1,320,320],nr=[1,1,1,1],nf=1,perm1=1,src_overlap=0): OK
  ADD(type=f32,ne=[10,5,1,1],nr=[1,1,1,1],nf=1,perm1=1,src_overlap=0): OK
  MUL(type=f32,ne=[10,5,1,1],nr=[1,1,1,1],nf=1,perm1=1,src_overlap=0): OK
  ADD(type=f32,ne=[10,5,4,1],nr=[1,1,1,1],nf=1,perm1=1,src_overlap=0): OK
  MUL(type=f32,ne=[10,5,4,1],nr=[1,1,1,1],nf=1,perm1=1,src_overlap=0): OK
  ADD(type=f32,ne=[10,5,4,3],nr=[1,1,1,1],nf=1,perm1=1,src_overlap=0): OK
  MUL(type=f32,ne=[10,5,4,3],nr=[1,1,1,1],nf=1,perm1=1,src_overlap=0): OK
  ADD(type=f32,ne=[10,5,4,3],nr=[2,1,1,1],nf=1,perm1=1,src_overlap=0): OK
  MUL(type=f32,ne=[10,5,4,3],nr=[2,1,1,1],nf=1,perm1=1,src_overlap=0): OK
  ADD(type=f32,ne=[10,5,4,3],nr=[1,2,1,1],nf=1,perm1=1,src_overlap=0): OK
  MUL(type=f32,ne=[10,5,4,3],nr=[1,2,1,1],nf=1,perm1=1,src_overlap=0): OK
  ADD(type=f32,ne=[10,5,4,3],nr=[1,1,2,1],nf=1,perm1=1,src_overlap=0): OK
  MUL(type=f32,ne=[10,5,4,3],nr=[1,1,2,1],nf=1,perm1=1,src_overlap=0): OK
  ADD(type=f32,ne=[10,5,4,3],nr=[1,1,1,2],nf=1,perm1=1,src_overlap=0): OK
  MUL(type=f32,ne=[10,5,4,3],nr=[1,1,1,2],nf=1,perm1=1,src_overlap=0): OK
  ADD(type=f32,ne=[10,5,4,3],nr=[1,1,2,2],nf=1,perm1=1,src_overlap=0): OK
  MUL(type=f32,ne=[10,5,4,3],nr=[1,1,2,2],nf=1,perm1=1,src_overlap=0): OK
  ADD(type=f32,ne=[10,5,4,3],nr=[1,2,2,2],nf=1,perm1=1,src_overlap=0): OK
  MUL(type=f32,ne=[10,5,4,3],nr=[1,2,2,2],nf=1,perm1=1,src_overlap=0): OK
  ADD(type=f32,ne=[10,5,4,3],nr=[2,2,2,2],nf=1,perm1=1,src_overlap=0): OK
  MUL(type=f32,ne=[10,5,4,3],nr=[2,2,2,2],nf=1,perm1=1,src_overlap=0): OK
  ADD(type=f32,ne=[10,5,4,6],nr=[1,1,1,1],nf=1,perm1=0,src_overlap=1): OK
  MUL(type=f32,ne=[10,5,4,6],nr=[1,1,1,1],nf=1,perm1=0,src_overlap=1): OK
  ADD(type=f32,ne=[10,5,4,5],nr=[1,1,1,1],nf=1,perm1=0,src_overlap=1): OK
  MUL(type=f32,ne=[10,5,4,5],nr=[1,1,1,1],nf=1,perm1=0,src_overlap=1): OK
  ADD(type=f32,ne=[1,1,120,120],nr=[1,1,1,1],nf=1,perm1=0,src_overlap=1): OK
  MUL(type=f32,ne=[1,1,120,120],nr=[1,1,1,1],nf=1,perm1=0,src_overlap=1): OK
  ADD(type=f32,ne=[1,1,4,320],nr=[1,1,1,1],nf=1,perm1=0,src_overlap=1): OK
  MUL(type=f32,ne=[1,1,4,320],nr=[1,1,1,1],nf=1,perm1=0,src_overlap=1): OK
  ADD(type=f32,ne=[1,1,65536,1],nr=[256,1,1,1],nf=1,perm1=0,src_overlap=0): OK
  MUL(type=f32,ne=[1,1,65536,1],nr=[256,1,1,1],nf=1,perm1=0,src_overlap=0): OK
  ADD(type=f32,ne=[1280,1,1,1],nr=[1,1,1,1],nf=1,perm1=0,src_overlap=0): OK
  MUL(type=f32,ne=[1280,1,1,1],nr=[1,1,1,1],nf=1,perm1=0,src_overlap=0): OK
  ADD(type=f32,ne=[1280,1,1,1],nr=[1,16,16,1],nf=1,perm1=0,src_overlap=0): OK
  MUL(type=f32,ne=[1280,1,1,1],nr=[1,16,16,1],nf=1,perm1=0,src_overlap=0): OK
  ADD(type=f32,ne=[1280,16,16,1],nr=[1,1,1,1],nf=1,perm1=0,src_overlap=0): OK
  MUL(type=f32,ne=[1280,16,16,1],nr=[1,1,1,1],nf=1,perm1=0,src_overlap=0): OK
  ADD(type=f32,ne=[1280,1,1,1],nr=[1,256,1,1],nf=1,perm1=0,src_overlap=0): OK
  MUL(type=f32,ne=[1280,1,1,1],nr=[1,256,1,1],nf=1,perm1=0,src_overlap=0): OK
  ADD(type=f32,ne=[1,1,1280,1],nr=[16,16,1,1],nf=1,perm1=0,src_overlap=0): OK
  MUL(type=f32,ne=[1,1,1280,1],nr=[16,16,1,1],nf=1,perm1=0,src_overlap=0): OK
  ADD(type=f32,ne=[16,16,1280,1],nr=[1,1,1,1],nf=1,perm1=0,src_overlap=0): OK
  MUL(type=f32,ne=[16,16,1280,1],nr=[1,1,1,1],nf=1,perm1=0,src_overlap=0): OK
  ADD(type=f32,ne=[1,1,1920,1],nr=[16,16,1,1],nf=1,perm1=0,src_overlap=0): OK
  MUL(type=f32,ne=[1,1,1920,1],nr=[16,16,1,1],nf=1,perm1=0,src_overlap=0): OK
  ADD(type=f32,ne=[1,1,2560,1],nr=[16,16,1,1],nf=1,perm1=0,src_overlap=0): OK
  MUL(type=f32,ne=[1,1,2560,1],nr=[16,16,1,1],nf=1,perm1=0,src_overlap=0): OK
  ADD(type=f32,ne=[1,1,1280,1],nr=[32,32,1,1],nf=1,perm1=0,src_overlap=0): OK
  MUL(type=f32,ne=[1,1,1280,1],nr=[32,32,1,1],nf=1,perm1=0,src_overlap=0): OK
  ADD(type=f32,ne=[1,1,1920,1],nr=[32,32,1,1],nf=1,perm1=0,src_overlap=0): OK
  MUL(type=f32,ne=[1,1,1920,1],nr=[32,32,1,1],nf=1,perm1=0,src_overlap=0): OK
  ADD(type=f32,ne=[1,1,640,1],nr=[32,32,1,1],nf=1,perm1=0,src_overlap=0): OK
  MUL(type=f32,ne=[1,1,640,1],nr=[32,32,1,1],nf=1,perm1=0,src_overlap=0): OK
  ADD(type=f32,ne=[5120,1,1,1],nr=[1,256,1,1],nf=1,perm1=0,src_overlap=0): OK
  MUL(type=f32,ne=[5120,1,1,1],nr=[1,256,1,1],nf=1,perm1=0,src_overlap=0): OK
  ADD(type=f32,ne=[640,1,1,1],nr=[1,1,1,1],nf=1,perm1=0,src_overlap=0): OK
  MUL(type=f32,ne=[640,1,1,1],nr=[1,1,1,1],nf=1,perm1=0,src_overlap=0): OK
  ADD(type=f32,ne=[64,262144,1,1],nr=[1,1,1,1],nf=1,perm1=0,src_overlap=0): OK
  MUL(type=f32,ne=[64,262144,1,1],nr=[1,1,1,1],nf=1,perm1=0,src_overlap=0): OK
  ADD(type=f32,ne=[16,5,4,3],nr=[1,1,1,1],nf=16,perm1=0,src_overlap=0): OK
  MUL(type=f32,ne=[16,5,4,3],nr=[1,1,1,1],nf=16,perm1=0,src_overlap=0): OK
  ADD(type=f32,ne=[10,5,4,3],nr=[2,1,1,1],nf=2,perm1=0,src_overlap=0): OK
  ADD(type=f32,ne=[16,5,4,3],nr=[1,2,1,1],nf=3,perm1=0,src_overlap=0): OK
  ADD(type=f32,ne=[10,5,4,3],nr=[1,1,2,1],nf=4,perm1=0,src_overlap=0): OK
  ADD(type=f32,ne=[16,5,4,3],nr=[1,1,1,2],nf=5,perm1=0,src_overlap=0): OK
  ADD(type=f32,ne=[10,5,4,3],nr=[1,1,2,2],nf=6,perm1=0,src_overlap=0): OK
  ADD(type=f32,ne=[10,5,4,3],nr=[1,2,2,2],nf=7,perm1=0,src_overlap=0): OK
  ADD(type=f32,ne=[16,5,4,3],nr=[2,2,2,2],nf=8,perm1=0,src_overlap=0): OK
  ADD(type=f32,ne=[16,5,4,3],nr=[1,1,1,1],nf=16,perm1=0,src_overlap=0): OK
  100/100 tests passed
  Backend RD0: OK
2/2 backends passed
OK
ggml_test: test-backend-ops returned 0
ggml_test: rd stats graphs=1033 nodes=2041 dispatches=987 skipped=1054 barriers=719 failed_graphs=0 last{nodes=35 dispatches=16 barriers=15 skipped=19} pipelines=2 set0_created=205 slots_created=256 coop_yields=1 waits=205 faults=0 params_bytes=252672 set_bytes=1631641168 get_bytes=2866544672 copies=0 clears=0 buffers_live=0 bytes_live=0
