comp_00 n=5 m=10 npairs=3 ncorr=3 |newact|=3 |fv|=1 |brk0|=1 sub L/U/P=0/0/1
comp_01 n=37 m=10 npairs=10 ncorr=10 |newact|=0 |fv|=27 |brk0|=10 sub L/U/P=0/1/26
comp_02 n=300 m=5 npairs=1 ncorr=1 |newact|=34 |fv|=172 |brk0|=94 sub L/U/P=1/3/168
comp_03 n=5 m=5 npairs=8 ncorr=5 |newact|=4 |fv|=1 |brk0|=0 sub L/U/P=0/0/1
comp_04 n=37 m=10 npairs=21 ncorr=10 |newact|=4 |fv|=20 |brk0|=13 sub L/U/P=0/0/20
comp_05 n=300 m=10 npairs=7 ncorr=7 |newact|=130 |fv|=73 |brk0|=97 sub L/U/P=2/2/69
comp_06 n=5 m=5 npairs=2 ncorr=2 |newact|=0 |fv|=3 |brk0|=2 sub L/U/P=0/0/3
comp_07 n=37 m=5 npairs=3 ncorr=3 |newact|=3 |fv|=22 |brk0|=12 sub L/U/P=0/1/21
comp_08 n=300 m=10 npairs=10 ncorr=10 |newact|=30 |fv|=179 |brk0|=91 sub L/U/P=1/2/176
comp_09 n=5 m=10 npairs=1 ncorr=1 |newact|=4 |fv|=0 |brk0|=1 sub L/U/P=0/0/0
comp_10 n=37 m=5 npairs=8 ncorr=5 |newact|=19 |fv|=5 |brk0|=13 sub L/U/P=1/0/4
comp_11 n=300 m=5 npairs=11 ncorr=5 |newact|=2 |fv|=215 |brk0|=83 sub L/U/P=3/1/211
comp_12 n=5 m=10 npairs=7 ncorr=7 |newact|=0 |fv|=5 |brk0|=0 sub L/U/P=1/0/4
comp_13 n=37 m=10 npairs=2 ncorr=2 |newact|=2 |fv|=22 |brk0|=13 sub L/U/P=0/0/22
comp_14 n=300 m=5 npairs=3 ncorr=3 |newact|=25 |fv|=170 |brk0|=105 sub L/U/P=0/0/170
comp_15 n=5 m=5 npairs=5 ncorr=5 |newact|=3 |fv|=0 |brk0|=2 sub L/U/P=0/0/0
comp_16 n=37 m=10 npairs=1 ncorr=1 |newact|=0 |fv|=23 |brk0|=14 sub L/U/P=0/0/23
comp_17 n=300 m=10 npairs=13 ncorr=10 |newact|=39 |fv|=165 |brk0|=96 sub L/U/P=3/1/161
comp_18 n=5 m=5 npairs=11 ncorr=5 |newact|=0 |fv|=2 |brk0|=3 sub L/U/P=0/0/2
comp_19 n=37 m=5 npairs=0 ncorr=0 |newact|=11 |fv|=21 |brk0|=5 sub L/U/P=0/0/21
rosen_n2_m10_dc.txt                          niter=  19 nfev=   25 f=0.0506045361 pg=0.0903 |L|=0 |U|=1 converged-delta
rosen_n2_m10_tight.txt                       niter=  21 nfev=   27 f=0.0505960984 pg=3.47e-08 |L|=0 |U|=1 converged-grad
rosen_n2_m5_dc.txt                           niter=  19 nfev=   25 f=0.050596468 pg=0.0189 |L|=0 |U|=1 converged-delta
rosen_n2_m5_tight.txt                        niter=  20 nfev=   26 f=0.0505960984 pg=5.35e-06 |L|=0 |U|=1 converged-grad
rosen_n10_m10_dc.txt                         niter=  11 nfev=   12 f=32.7986617 pg=1.96 |L|=1 |U|=0 converged-delta
rosen_n10_m10_tight.txt                      niter=  40 nfev=   45 f=21.9430592 pg=7.48e-05 |L|=1 |U|=1 converged-delta
rosen_n10_m5_dc.txt                          niter=  10 nfev=   11 f=32.7798888 pg=1.08 |L|=1 |U|=0 converged-delta
rosen_n10_m5_tight.txt                       niter=  45 nfev=   50 f=21.9430592 pg=0.000219 |L|=1 |U|=1 converged-delta
rosen_n100_m10_dc.txt                        niter=  12 nfev=   13 f=122.104946 pg=0.642 |L|=1 |U|=0 converged-delta
rosen_n100_m10_tight.txt                     niter=  43 nfev=   49 f=118.811118 pg=0.000273 |L|=1 |U|=1 converged-delta
rosen_n100_m5_dc.txt                         niter=  10 nfev=   11 f=122.130687 pg=1.53 |L|=1 |U|=0 converged-delta
rosen_n100_m5_tight.txt                      niter=  43 nfev=   50 f=118.811118 pg=0.000106 |L|=1 |U|=1 converged-delta
rosenbox_upstream_n25_m10_dc.txt             niter=  10 nfev=   11 f=360.284608 pg=0.435 |L|=22 |U|=1 converged-delta
rosenbox_upstream_n25_m10_tight.txt          niter=  13 nfev=   14 f=360.283586 pg=7.02e-06 |L|=22 |U|=1 converged-grad
rosenbox_upstream_n25_m5_dc.txt              niter=  10 nfev=   11 f=360.284614 pg=0.394 |L|=22 |U|=1 converged-delta
rosenbox_upstream_n25_m5_tight.txt           niter=  13 nfev=   14 f=360.283586 pg=3.58e-06 |L|=22 |U|=1 converged-grad
boxqp_n1000_m10_dc.txt                       niter=   5 nfev=    8 f=-1932.88207 pg=0.317 |L|=250 |U|=250 converged-delta
boxqp_n1000_m10_tight.txt                    niter=  11 nfev=   14 f=-1932.98535 pg=0.000183 |L|=250 |U|=250 converged-grad
boxqp_n1000_m5_dc.txt                        niter=   5 nfev=    8 f=-1932.88207 pg=0.317 |L|=250 |U|=250 converged-delta
boxqp_n1000_m5_tight.txt                     niter=  11 nfev=   14 f=-1932.98535 pg=0.000163 |L|=250 |U|=250 converged-grad
