# lake exe csr_falsify in lean/
# 2026-09-23T06:52:08Z
ℹ [21/44] Replayed Cloth.Avbd.CsrProperties
info: Cloth/Avbd/CsrProperties.lean:84:0: Unable to find a counter-example
info: Cloth/Avbd/CsrProperties.lean:87:0: Unable to find a counter-example
info: Cloth/Avbd/CsrProperties.lean:90:0: Unable to find a counter-example
ℹ [22/44] Replayed Cloth.Avbd.ColoringProperties
info: Cloth/Avbd/ColoringProperties.lean:83:0: Unable to find a counter-example
info: Cloth/Avbd/ColoringProperties.lean:86:0: Unable to find a counter-example
info: Cloth/Avbd/ColoringProperties.lean:89:0: Unable to find a counter-example
info: Cloth/Avbd/ColoringProperties.lean:92:0: Unable to find a counter-example
✔ [23/44] Built Cloth.Avbd.AdjacencyKwise:c.o (997ms)
✔ [24/44] Built Cloth.Avbd.AdjacencySpring:c.o (992ms)
✔ [25/44] Built Plausible.Random:c.o (1.4s)
✔ [26/44] Built Cloth.Avbd.CsrProperties:c.o (589ms)
✔ [27/44] Built Cloth.Avbd.ColoringProperties:c.o (588ms)
✔ [28/44] Built Plausible.Gen:c.o (3.0s)
✔ [29/44] Built Plausible.Arbitrary:c.o (4.0s)
✔ [30/44] Built Plausible.Shrinkable:c.o (3.0s)
✔ [31/44] Built Plausible.Sampleable:c.o (3.0s)
✔ [32/44] Built Plausible.Testable:c.o (4.0s)
✔ [33/44] Built Plausible.Functions:c.o (4.0s)
✔ [34/44] Built Plausible.Attr:c.o (4.0s)
✔ [35/44] Built Plausible.Tactic:c.o (3.0s)
✔ [36/44] Built Plausible.ArbitraryFueled:c.o (4.0s)
✔ [37/44] Built Plausible.DeriveArbitrary:c.o (4.0s)
✔ [38/44] Built Plausible.DeriveShrinkable:c.o (3.0s)
✔ [39/44] Built Plausible:c.o (3.0s)
✔ [40/44] Built PlausibleWitnessDag:c.o (3.0s)
✔ [41/44] Built Cloth.Avbd.Coloring:c.o (3.0s)
✔ [42/44] Built CsrFalsify (3.2s)
✔ [43/44] Built CsrFalsify:c.o (146ms)
✔ [44/44] Built csr_falsify:exe (1.8s)
[csr-falsifiability] witness idx=0 mesh=(2, [[0, 1]])
[csr-falsifiability] { query := "role-dropping CSR build is caught by rolesAddressTheRightVertex",
  level := 0,
  outcome := PlausibleWitnessDag.Outcome.found 0 }
[coloring-falsifiability] witness idx=0 graph=(2, [[0, 1]])
[coloring-falsifiability] { query := "all-one-color coloring is caught by separationHolds",
  level := 0,
  outcome := PlausibleWitnessDag.Outcome.found 0 }
# exit 0  wall 9 s
