# lake build (default target Cloth) of lean/ from an empty .lake: every package fetched and built
# 2026-09-23T02:04:19Z  Lake version 5.0.0-src+d024af0 (Lean version 4.30.0)
info: plausible-witness-dag: cloning https://github.com/V-Sekai-fire/plausible-witness-dag
info: plausible-witness-dag: checking out revision '160b94c9c6eed3bb9ebffce919fc6f989dcafba8'
info: plausible: cloning https://github.com/V-Sekai-fire/plausible
info: plausible: checking out revision 'a456461b368b71d2accd95234832cd9c174b5437'
info: LeanSlang: cloning https://github.com/V-Sekai-fire/contract-lean-slang.git
info: LeanSlang: checking out revision 'e0e96da4ba8116a3dcfd860f6732d29eee13fe24'
✔ [5/75] Built LeanSlang.Types (1.3s)
✔ [6/75] Built Cloth.Avbd.AdjacencySpring (1.4s)
✔ [7/75] Built Cloth.Avbd.AdjacencyKwise (1.4s)
✔ [8/75] Built Cloth.Avbd.Coloring (1.4s)
✔ [9/75] Built Plausible.Shrinkable (1.2s)
✔ [10/75] Built Plausible.Attr (1.2s)
✔ [11/75] Built Plausible.Random (1.4s)
✔ [12/75] Built LeanSlang.AST (1.2s)
✔ [13/75] Built Plausible.Gen (1.4s)
✔ [14/75] Built LeanSlang.Emit (1.1s)
✔ [15/75] Built Plausible.Arbitrary (1.2s)
✔ [16/75] Built LeanSlang.Test (1.2s)
✔ [17/75] Built LeanSlang.TestFp (1.2s)
✔ [18/75] Built Plausible.Sampleable (1.4s)
✔ [19/75] Built Plausible.ArbitraryFueled (1.4s)
✔ [20/75] Built LeanSlang (864ms)
✔ [21/75] Built Cloth.SlangCodegen.TriangleBendingDualUpdate (2.3s)
✔ [22/75] Built Cloth.SlangCodegen.SelfCollisionScan (2.3s)
✔ [23/75] Built Cloth.SlangCodegen.VbdSolveApplyBackward (2.3s)
✔ [24/75] Built Cloth.SlangCodegen.VbdInitBackward (2.3s)
✔ [25/75] Built Cloth.SlangCodegen.VbdGatherTriangleBackward (2.3s)
✔ [26/75] Built Cloth.SlangCodegen.VbdGatherBendingBackward (2.3s)
✔ [27/75] Built Cloth.SlangCodegen.TriangleBendingForceAlBackward (2.3s)
✔ [28/75] Built Cloth.SlangCodegen.TriangleBendingForceAl (2.3s)
✔ [29/75] Built Cloth.SlangCodegen.VbdGatherAttachmentBackward (2.7s)
✔ [30/75] Built Cloth.SlangCodegen.VbdGatherSpringBackward (2.7s)
✔ [31/75] Built Cloth.SlangCodegen.AttachmentForceAlBackward (2.7s)
✔ [32/75] Built Cloth.SlangCodegen.SpringForceBackward (2.7s)
✔ [33/75] Built Cloth.SlangCodegen.TriangleMembraneForceAlBackward (2.8s)
✔ [34/75] Built Cloth.SlangCodegen.VbdGatherSpring (1.9s)
✔ [35/75] Built Cloth.SlangCodegen.VbdGatherAttachment (1.0s)
✔ [36/75] Built Cloth.SlangCodegen.VbdGatherTriangle (1.0s)
✔ [37/75] Built Cloth.SlangCodegen.VbdGatherBending (1.0s)
✔ [38/75] Built Cloth.SlangCodegen.AttachmentDualUpdate (1.0s)
✔ [39/75] Built Cloth.SlangCodegen.AttachmentForceAl (2.2s)
✔ [40/75] Built Cloth.SlangCodegen.TriangleMembraneDualUpdate (2.2s)
✔ [41/75] Built Cloth.SlangCodegen.TriangleMembraneForceAl (2.3s)
✔ [42/75] Built Cloth.SlangCodegen.AttachmentForce (1.8s)
✔ [43/75] Built Plausible.Testable (4.9s)
✔ [44/75] Built Cloth.SlangCodegen.TriangleBendingForce (2.1s)
✔ [45/75] Built Plausible.DeriveShrinkable (4.9s)
✔ [46/75] Built Cloth.SlangCodegen.TriangleMembraneForce (2.1s)
✔ [47/75] Built Cloth.SlangCodegen.VbdInit (2.1s)
✔ [48/75] Built Cloth.SlangCodegen.VbdSolveApply (2.2s)
✔ [49/75] Built Plausible.DeriveArbitrary (6.2s)
✔ [50/75] Built Cloth.SlangCodegen.SaxpbyIndirect (1.9s)
✔ [51/75] Built Cloth.SlangCodegen.SpmvDf32 (1.9s)
✔ [52/75] Built Cloth.SlangCodegen.SpringForce (1.9s)
✔ [53/75] Built Cloth.SlangCodegen.CGBeta (1.0s)
✔ [54/75] Built Cloth.SlangCodegen.SaxpbyIndirectDf32 (1.0s)
✔ [55/75] Built Cloth.SlangCodegen.Spmv (1.8s)
✔ [56/75] Built Cloth.SlangCodegen.AssembleB (2.0s)
✔ [57/75] Built Cloth.SlangCodegen.CGAlpha (2.0s)
✔ [58/75] Built Cloth.SlangCodegen.SpringProject (1.8s)
✔ [59/75] Built Cloth.SlangCodegen.TriangleBending (1.9s)
✔ [60/75] Built Cloth.SlangCodegen.AttachmentProject (1.9s)
✔ [61/75] Built Cloth.SlangCodegen.Saxpby (1.9s)
✔ [62/75] Built Cloth.SlangCodegen.TriangleProject (1.0s)
✔ [63/75] Built Cloth.SlangCodegen.DotReduceSerial (2.2s)
✔ [64/75] Built Cloth.SlangCodegen.DotReduce (2.3s)
✔ [65/75] Built Cloth.SlangCodegen (816ms)
✔ [66/75] Built Plausible.Functions (1.7s)
✔ [67/75] Built Plausible.Tactic (1.9s)
✔ [68/75] Built Plausible (1.1s)
✔ [69/75] Built Cloth.Avbd.SpringHessAdjoint (2.9s)
✔ [70/75] Built PlausibleWitnessDag (3.1s)
ℹ [71/75] Built Cloth.Avbd.CsrProperties (23s)
info: Cloth/Avbd/CsrProperties.lean:84:0: Unable to find a counter-example
info: Cloth/Avbd/CsrProperties.lean:87:0: Unable to find a counter-example
info: Cloth/Avbd/CsrProperties.lean:90:0: Unable to find a counter-example
ℹ [72/75] Built Cloth.Avbd.ColoringProperties (23s)
info: Cloth/Avbd/ColoringProperties.lean:83:0: Unable to find a counter-example
info: Cloth/Avbd/ColoringProperties.lean:86:0: Unable to find a counter-example
info: Cloth/Avbd/ColoringProperties.lean:89:0: Unable to find a counter-example
info: Cloth/Avbd/ColoringProperties.lean:92:0: Unable to find a counter-example
✔ [73/75] Built Cloth.Avbd (2.2s)
✔ [74/75] Built Cloth (2.2s)
Build completed successfully (75 jobs).
# exit 0  wall 50 s
# manifest after the build vs lean/lake-manifest.json:
manifest unchanged
