Testing 2 devices

Backend 1/2: CPU
  Skipping
Backend 2/2: RD0
  Device description: Godot RenderingDevice (NVIDIA GeForce RTX 4090)
  Device memory: 24576 MB (24576 MB free)

  IM2COL(type_input=f32,type_kernel=f32,dst_type=f32,ne_input=[3000,128,1,1],ne_kernel=[3,128,1280,1],s0=1,s1=0,p0=1,p1=0,d0=1,d1=0,is_2D=0): OK
  IM2COL(type_input=f32,type_kernel=f16,dst_type=f32,ne_input=[3000,128,1,1],ne_kernel=[3,128,1280,1],s0=1,s1=0,p0=1,p1=0,d0=1,d1=0,is_2D=0): OK
  IM2COL(type_input=f32,type_kernel=f16,dst_type=f16,ne_input=[3000,128,1,1],ne_kernel=[3,128,1280,1],s0=1,s1=0,p0=1,p1=0,d0=1,d1=0,is_2D=0): OK
  IM2COL(type_input=f32,type_kernel=f16,dst_type=f16,ne_input=[3000,384,1,1],ne_kernel=[3,384,384,1],s0=1,s1=0,p0=1,p1=0,d0=1,d1=0,is_2D=0): OK
  IM2COL(type_input=f32,type_kernel=f32,dst_type=f32,ne_input=[20,2,2,1],ne_kernel=[3,2,2,1],s0=1,s1=0,p0=0,p1=0,d0=1,d1=0,is_2D=0): OK
  IM2COL(type_input=f32,type_kernel=f32,dst_type=f32,ne_input=[20,2,2,1],ne_kernel=[3,2,2,1],s0=1,s1=0,p0=0,p1=0,d0=3,d1=0,is_2D=0): OK
  IM2COL(type_input=f32,type_kernel=f32,dst_type=f32,ne_input=[20,2,2,1],ne_kernel=[3,2,2,1],s0=1,s1=0,p0=3,p1=0,d0=1,d1=0,is_2D=0): OK
  IM2COL(type_input=f32,type_kernel=f32,dst_type=f32,ne_input=[20,2,2,1],ne_kernel=[3,2,2,1],s0=1,s1=0,p0=3,p1=0,d0=3,d1=0,is_2D=0): OK
  IM2COL(type_input=f32,type_kernel=f32,dst_type=f32,ne_input=[20,2,2,1],ne_kernel=[3,2,2,1],s0=3,s1=0,p0=0,p1=0,d0=1,d1=0,is_2D=0): OK
  IM2COL(type_input=f32,type_kernel=f32,dst_type=f32,ne_input=[20,2,2,1],ne_kernel=[3,2,2,1],s0=3,s1=0,p0=0,p1=0,d0=3,d1=0,is_2D=0): OK
  IM2COL(type_input=f32,type_kernel=f32,dst_type=f32,ne_input=[20,2,2,1],ne_kernel=[3,2,2,1],s0=3,s1=0,p0=3,p1=0,d0=1,d1=0,is_2D=0): OK
  IM2COL(type_input=f32,type_kernel=f32,dst_type=f32,ne_input=[20,2,2,1],ne_kernel=[3,2,2,1],s0=3,s1=0,p0=3,p1=0,d0=3,d1=0,is_2D=0): OK
  IM2COL(type_input=f32,type_kernel=f32,dst_type=f32,ne_input=[10,10,3,1],ne_kernel=[3,3,3,1],s0=1,s1=1,p0=1,p1=1,d0=1,d1=1,is_2D=1): OK
  IM2COL(type_input=f32,type_kernel=f32,dst_type=f16,ne_input=[10,10,3,1],ne_kernel=[3,3,3,1],s0=1,s1=1,p0=1,p1=1,d0=1,d1=1,is_2D=1): OK
  IM2COL(type_input=f32,type_kernel=f16,dst_type=f32,ne_input=[10,10,3,1],ne_kernel=[3,3,3,1],s0=1,s1=1,p0=1,p1=1,d0=1,d1=1,is_2D=1): OK
  IM2COL(type_input=f32,type_kernel=f16,dst_type=f16,ne_input=[10,10,3,1],ne_kernel=[3,3,3,1],s0=1,s1=1,p0=1,p1=1,d0=1,d1=1,is_2D=1): OK
  IM2COL(type_input=f32,type_kernel=f32,dst_type=f32,ne_input=[20,20,2,2],ne_kernel=[3,3,2,2],s0=1,s1=1,p0=0,p1=0,d0=1,d1=1,is_2D=1): OK
  IM2COL(type_input=f32,type_kernel=f32,dst_type=f32,ne_input=[20,20,2,2],ne_kernel=[3,3,2,2],s0=1,s1=1,p0=0,p1=0,d0=1,d1=3,is_2D=1): OK
  IM2COL(type_input=f32,type_kernel=f32,dst_type=f32,ne_input=[20,20,2,2],ne_kernel=[3,3,2,2],s0=1,s1=1,p0=0,p1=0,d0=3,d1=1,is_2D=1): OK
  IM2COL(type_input=f32,type_kernel=f32,dst_type=f32,ne_input=[20,20,2,2],ne_kernel=[3,3,2,2],s0=1,s1=1,p0=0,p1=0,d0=3,d1=3,is_2D=1): OK
  IM2COL(type_input=f32,type_kernel=f32,dst_type=f32,ne_input=[20,20,2,2],ne_kernel=[3,3,2,2],s0=1,s1=1,p0=0,p1=3,d0=1,d1=1,is_2D=1): OK
  IM2COL(type_input=f32,type_kernel=f32,dst_type=f32,ne_input=[20,20,2,2],ne_kernel=[3,3,2,2],s0=1,s1=1,p0=0,p1=3,d0=1,d1=3,is_2D=1): OK
  IM2COL(type_input=f32,type_kernel=f32,dst_type=f32,ne_input=[20,20,2,2],ne_kernel=[3,3,2,2],s0=1,s1=1,p0=0,p1=3,d0=3,d1=1,is_2D=1): OK
  IM2COL(type_input=f32,type_kernel=f32,dst_type=f32,ne_input=[20,20,2,2],ne_kernel=[3,3,2,2],s0=1,s1=1,p0=0,p1=3,d0=3,d1=3,is_2D=1): OK
  IM2COL(type_input=f32,type_kernel=f32,dst_type=f32,ne_input=[20,20,2,2],ne_kernel=[3,3,2,2],s0=1,s1=1,p0=3,p1=0,d0=1,d1=1,is_2D=1): OK
  IM2COL(type_input=f32,type_kernel=f32,dst_type=f32,ne_input=[20,20,2,2],ne_kernel=[3,3,2,2],s0=1,s1=1,p0=3,p1=0,d0=1,d1=3,is_2D=1): OK
  IM2COL(type_input=f32,type_kernel=f32,dst_type=f32,ne_input=[20,20,2,2],ne_kernel=[3,3,2,2],s0=1,s1=1,p0=3,p1=0,d0=3,d1=1,is_2D=1): OK
  IM2COL(type_input=f32,type_kernel=f32,dst_type=f32,ne_input=[20,20,2,2],ne_kernel=[3,3,2,2],s0=1,s1=1,p0=3,p1=0,d0=3,d1=3,is_2D=1): OK
  IM2COL(type_input=f32,type_kernel=f32,dst_type=f32,ne_input=[20,20,2,2],ne_kernel=[3,3,2,2],s0=1,s1=1,p0=3,p1=3,d0=1,d1=1,is_2D=1): OK
  IM2COL(type_input=f32,type_kernel=f32,dst_type=f32,ne_input=[20,20,2,2],ne_kernel=[3,3,2,2],s0=1,s1=1,p0=3,p1=3,d0=1,d1=3,is_2D=1): OK
  IM2COL(type_input=f32,type_kernel=f32,dst_type=f32,ne_input=[20,20,2,2],ne_kernel=[3,3,2,2],s0=1,s1=1,p0=3,p1=3,d0=3,d1=1,is_2D=1): OK
  IM2COL(type_input=f32,type_kernel=f32,dst_type=f32,ne_input=[20,20,2,2],ne_kernel=[3,3,2,2],s0=1,s1=1,p0=3,p1=3,d0=3,d1=3,is_2D=1): OK
  IM2COL(type_input=f32,type_kernel=f32,dst_type=f32,ne_input=[20,20,2,2],ne_kernel=[3,3,2,2],s0=1,s1=3,p0=0,p1=0,d0=1,d1=1,is_2D=1): OK
  IM2COL(type_input=f32,type_kernel=f32,dst_type=f32,ne_input=[20,20,2,2],ne_kernel=[3,3,2,2],s0=1,s1=3,p0=0,p1=0,d0=1,d1=3,is_2D=1): OK
  IM2COL(type_input=f32,type_kernel=f32,dst_type=f32,ne_input=[20,20,2,2],ne_kernel=[3,3,2,2],s0=1,s1=3,p0=0,p1=0,d0=3,d1=1,is_2D=1): OK
  IM2COL(type_input=f32,type_kernel=f32,dst_type=f32,ne_input=[20,20,2,2],ne_kernel=[3,3,2,2],s0=1,s1=3,p0=0,p1=0,d0=3,d1=3,is_2D=1): OK
  IM2COL(type_input=f32,type_kernel=f32,dst_type=f32,ne_input=[20,20,2,2],ne_kernel=[3,3,2,2],s0=1,s1=3,p0=0,p1=3,d0=1,d1=1,is_2D=1): OK
  IM2COL(type_input=f32,type_kernel=f32,dst_type=f32,ne_input=[20,20,2,2],ne_kernel=[3,3,2,2],s0=1,s1=3,p0=0,p1=3,d0=1,d1=3,is_2D=1): OK
  IM2COL(type_input=f32,type_kernel=f32,dst_type=f32,ne_input=[20,20,2,2],ne_kernel=[3,3,2,2],s0=1,s1=3,p0=0,p1=3,d0=3,d1=1,is_2D=1): OK
  IM2COL(type_input=f32,type_kernel=f32,dst_type=f32,ne_input=[20,20,2,2],ne_kernel=[3,3,2,2],s0=1,s1=3,p0=0,p1=3,d0=3,d1=3,is_2D=1): OK
  IM2COL(type_input=f32,type_kernel=f32,dst_type=f32,ne_input=[20,20,2,2],ne_kernel=[3,3,2,2],s0=1,s1=3,p0=3,p1=0,d0=1,d1=1,is_2D=1): OK
  IM2COL(type_input=f32,type_kernel=f32,dst_type=f32,ne_input=[20,20,2,2],ne_kernel=[3,3,2,2],s0=1,s1=3,p0=3,p1=0,d0=1,d1=3,is_2D=1): OK
  IM2COL(type_input=f32,type_kernel=f32,dst_type=f32,ne_input=[20,20,2,2],ne_kernel=[3,3,2,2],s0=1,s1=3,p0=3,p1=0,d0=3,d1=1,is_2D=1): OK
  IM2COL(type_input=f32,type_kernel=f32,dst_type=f32,ne_input=[20,20,2,2],ne_kernel=[3,3,2,2],s0=1,s1=3,p0=3,p1=0,d0=3,d1=3,is_2D=1): OK
  IM2COL(type_input=f32,type_kernel=f32,dst_type=f32,ne_input=[20,20,2,2],ne_kernel=[3,3,2,2],s0=1,s1=3,p0=3,p1=3,d0=1,d1=1,is_2D=1): OK
  IM2COL(type_input=f32,type_kernel=f32,dst_type=f32,ne_input=[20,20,2,2],ne_kernel=[3,3,2,2],s0=1,s1=3,p0=3,p1=3,d0=1,d1=3,is_2D=1): OK
  IM2COL(type_input=f32,type_kernel=f32,dst_type=f32,ne_input=[20,20,2,2],ne_kernel=[3,3,2,2],s0=1,s1=3,p0=3,p1=3,d0=3,d1=1,is_2D=1): OK
  IM2COL(type_input=f32,type_kernel=f32,dst_type=f32,ne_input=[20,20,2,2],ne_kernel=[3,3,2,2],s0=1,s1=3,p0=3,p1=3,d0=3,d1=3,is_2D=1): OK
  IM2COL(type_input=f32,type_kernel=f32,dst_type=f32,ne_input=[20,20,2,2],ne_kernel=[3,3,2,2],s0=3,s1=1,p0=0,p1=0,d0=1,d1=1,is_2D=1): OK
  IM2COL(type_input=f32,type_kernel=f32,dst_type=f32,ne_input=[20,20,2,2],ne_kernel=[3,3,2,2],s0=3,s1=1,p0=0,p1=0,d0=1,d1=3,is_2D=1): OK
  IM2COL(type_input=f32,type_kernel=f32,dst_type=f32,ne_input=[20,20,2,2],ne_kernel=[3,3,2,2],s0=3,s1=1,p0=0,p1=0,d0=3,d1=1,is_2D=1): OK
  IM2COL(type_input=f32,type_kernel=f32,dst_type=f32,ne_input=[20,20,2,2],ne_kernel=[3,3,2,2],s0=3,s1=1,p0=0,p1=0,d0=3,d1=3,is_2D=1): OK
  IM2COL(type_input=f32,type_kernel=f32,dst_type=f32,ne_input=[20,20,2,2],ne_kernel=[3,3,2,2],s0=3,s1=1,p0=0,p1=3,d0=1,d1=1,is_2D=1): OK
  IM2COL(type_input=f32,type_kernel=f32,dst_type=f32,ne_input=[20,20,2,2],ne_kernel=[3,3,2,2],s0=3,s1=1,p0=0,p1=3,d0=1,d1=3,is_2D=1): OK
  IM2COL(type_input=f32,type_kernel=f32,dst_type=f32,ne_input=[20,20,2,2],ne_kernel=[3,3,2,2],s0=3,s1=1,p0=0,p1=3,d0=3,d1=1,is_2D=1): OK
  IM2COL(type_input=f32,type_kernel=f32,dst_type=f32,ne_input=[20,20,2,2],ne_kernel=[3,3,2,2],s0=3,s1=1,p0=0,p1=3,d0=3,d1=3,is_2D=1): OK
  IM2COL(type_input=f32,type_kernel=f32,dst_type=f32,ne_input=[20,20,2,2],ne_kernel=[3,3,2,2],s0=3,s1=1,p0=3,p1=0,d0=1,d1=1,is_2D=1): OK
  IM2COL(type_input=f32,type_kernel=f32,dst_type=f32,ne_input=[20,20,2,2],ne_kernel=[3,3,2,2],s0=3,s1=1,p0=3,p1=0,d0=1,d1=3,is_2D=1): OK
  IM2COL(type_input=f32,type_kernel=f32,dst_type=f32,ne_input=[20,20,2,2],ne_kernel=[3,3,2,2],s0=3,s1=1,p0=3,p1=0,d0=3,d1=1,is_2D=1): OK
  IM2COL(type_input=f32,type_kernel=f32,dst_type=f32,ne_input=[20,20,2,2],ne_kernel=[3,3,2,2],s0=3,s1=1,p0=3,p1=0,d0=3,d1=3,is_2D=1): OK
  IM2COL(type_input=f32,type_kernel=f32,dst_type=f32,ne_input=[20,20,2,2],ne_kernel=[3,3,2,2],s0=3,s1=1,p0=3,p1=3,d0=1,d1=1,is_2D=1): OK
  IM2COL(type_input=f32,type_kernel=f32,dst_type=f32,ne_input=[20,20,2,2],ne_kernel=[3,3,2,2],s0=3,s1=1,p0=3,p1=3,d0=1,d1=3,is_2D=1): OK
  IM2COL(type_input=f32,type_kernel=f32,dst_type=f32,ne_input=[20,20,2,2],ne_kernel=[3,3,2,2],s0=3,s1=1,p0=3,p1=3,d0=3,d1=1,is_2D=1): OK
  IM2COL(type_input=f32,type_kernel=f32,dst_type=f32,ne_input=[20,20,2,2],ne_kernel=[3,3,2,2],s0=3,s1=1,p0=3,p1=3,d0=3,d1=3,is_2D=1): OK
  IM2COL(type_input=f32,type_kernel=f32,dst_type=f32,ne_input=[20,20,2,2],ne_kernel=[3,3,2,2],s0=3,s1=3,p0=0,p1=0,d0=1,d1=1,is_2D=1): OK
  IM2COL(type_input=f32,type_kernel=f32,dst_type=f32,ne_input=[20,20,2,2],ne_kernel=[3,3,2,2],s0=3,s1=3,p0=0,p1=0,d0=1,d1=3,is_2D=1): OK
  IM2COL(type_input=f32,type_kernel=f32,dst_type=f32,ne_input=[20,20,2,2],ne_kernel=[3,3,2,2],s0=3,s1=3,p0=0,p1=0,d0=3,d1=1,is_2D=1): OK
  IM2COL(type_input=f32,type_kernel=f32,dst_type=f32,ne_input=[20,20,2,2],ne_kernel=[3,3,2,2],s0=3,s1=3,p0=0,p1=0,d0=3,d1=3,is_2D=1): OK
  IM2COL(type_input=f32,type_kernel=f32,dst_type=f32,ne_input=[20,20,2,2],ne_kernel=[3,3,2,2],s0=3,s1=3,p0=0,p1=3,d0=1,d1=1,is_2D=1): OK
  IM2COL(type_input=f32,type_kernel=f32,dst_type=f32,ne_input=[20,20,2,2],ne_kernel=[3,3,2,2],s0=3,s1=3,p0=0,p1=3,d0=1,d1=3,is_2D=1): OK
  IM2COL(type_input=f32,type_kernel=f32,dst_type=f32,ne_input=[20,20,2,2],ne_kernel=[3,3,2,2],s0=3,s1=3,p0=0,p1=3,d0=3,d1=1,is_2D=1): OK
  IM2COL(type_input=f32,type_kernel=f32,dst_type=f32,ne_input=[20,20,2,2],ne_kernel=[3,3,2,2],s0=3,s1=3,p0=0,p1=3,d0=3,d1=3,is_2D=1): OK
  IM2COL(type_input=f32,type_kernel=f32,dst_type=f32,ne_input=[20,20,2,2],ne_kernel=[3,3,2,2],s0=3,s1=3,p0=3,p1=0,d0=1,d1=1,is_2D=1): OK
  IM2COL(type_input=f32,type_kernel=f32,dst_type=f32,ne_input=[20,20,2,2],ne_kernel=[3,3,2,2],s0=3,s1=3,p0=3,p1=0,d0=1,d1=3,is_2D=1): OK
  IM2COL(type_input=f32,type_kernel=f32,dst_type=f32,ne_input=[20,20,2,2],ne_kernel=[3,3,2,2],s0=3,s1=3,p0=3,p1=0,d0=3,d1=1,is_2D=1): OK
  IM2COL(type_input=f32,type_kernel=f32,dst_type=f32,ne_input=[20,20,2,2],ne_kernel=[3,3,2,2],s0=3,s1=3,p0=3,p1=0,d0=3,d1=3,is_2D=1): OK
  IM2COL(type_input=f32,type_kernel=f32,dst_type=f32,ne_input=[20,20,2,2],ne_kernel=[3,3,2,2],s0=3,s1=3,p0=3,p1=3,d0=1,d1=1,is_2D=1): OK
  IM2COL(type_input=f32,type_kernel=f32,dst_type=f32,ne_input=[20,20,2,2],ne_kernel=[3,3,2,2],s0=3,s1=3,p0=3,p1=3,d0=1,d1=3,is_2D=1): OK
  IM2COL(type_input=f32,type_kernel=f32,dst_type=f32,ne_input=[20,20,2,2],ne_kernel=[3,3,2,2],s0=3,s1=3,p0=3,p1=3,d0=3,d1=1,is_2D=1): OK
  IM2COL(type_input=f32,type_kernel=f32,dst_type=f32,ne_input=[20,20,2,2],ne_kernel=[3,3,2,2],s0=3,s1=3,p0=3,p1=3,d0=3,d1=3,is_2D=1): OK
  IM2COL(type_input=f32,type_kernel=f16,dst_type=f16,ne_input=[12,12,1,32],ne_kernel=[3,3,1,32],s0=1,s1=1,p0=1,p1=1,d0=1,d1=1,is_2D=1): OK
  IM2COL(type_input=f32,type_kernel=f16,dst_type=f16,ne_input=[12,12,2,32],ne_kernel=[3,3,2,32],s0=1,s1=1,p0=1,p1=1,d0=1,d1=1,is_2D=1): OK
  IM2COL(type_input=f32,type_kernel=f16,dst_type=f16,ne_input=[12,12,1,1024],ne_kernel=[3,3,1,1024],s0=1,s1=1,p0=1,p1=1,d0=1,d1=1,is_2D=1): OK
  IM2COL(type_input=f32,type_kernel=f16,dst_type=f16,ne_input=[12,12,2,1024],ne_kernel=[3,3,2,1024],s0=1,s1=1,p0=1,p1=1,d0=1,d1=1,is_2D=1): OK
  IM2COL(type_input=f32,type_kernel=f16,dst_type=f16,ne_input=[12,12,1,2048],ne_kernel=[3,3,1,2048],s0=1,s1=1,p0=1,p1=1,d0=1,d1=1,is_2D=1): OK
  IM2COL(type_input=f32,type_kernel=f16,dst_type=f16,ne_input=[12,12,2,2048],ne_kernel=[3,3,2,2048],s0=1,s1=1,p0=1,p1=1,d0=1,d1=1,is_2D=1): OK
  IM2COL(type_input=f32,type_kernel=f16,dst_type=f16,ne_input=[12,12,1,2560],ne_kernel=[3,3,1,2560],s0=1,s1=1,p0=1,p1=1,d0=1,d1=1,is_2D=1): OK
  IM2COL(type_input=f32,type_kernel=f16,dst_type=f16,ne_input=[12,12,2,2560],ne_kernel=[3,3,2,2560],s0=1,s1=1,p0=1,p1=1,d0=1,d1=1,is_2D=1): OK
  IM2COL(type_input=f32,type_kernel=f16,dst_type=f16,ne_input=[5,5,1,32],ne_kernel=[3,4,1,32],s0=1,s1=1,p0=0,p1=0,d0=1,d1=1,is_2D=1): OK
  IM2COL(type_input=f32,type_kernel=f32,dst_type=f32,ne_input=[2,2,1536,729],ne_kernel=[2,2,1536,4096],s0=1,s1=1,p0=0,p1=0,d0=1,d1=1,is_2D=1): OK
  IM2COL(type_input=f32,type_kernel=f16,dst_type=f16,ne_input=[128,128,1,2],ne_kernel=[32,33,1,2],s0=1,s1=1,p0=1,p1=1,d0=1,d1=1,is_2D=1): OK
  IM2COL(type_input=f32,type_kernel=f16,dst_type=f16,ne_input=[128,128,2,1],ne_kernel=[33,34,2,1],s0=1,s1=1,p0=1,p1=1,d0=1,d1=1,is_2D=1): OK
  CONV_3D(N=1,IC=1,ID=18,IH=22,IW=20,OC=1,KD=3,KH=3,KW=3,s0=1,s1=1,s2=1,p0=0,p1=0,p2=0,d0=1,d1=1,d2=1,type_kernel=f32): OK
  CONV_3D(N=1,IC=1,ID=18,IH=22,IW=20,OC=1,KD=3,KH=1,KW=5,s0=2,s1=1,s2=1,p0=2,p1=0,p2=1,d0=1,d1=1,d2=2,type_kernel=f32): OK
  CONV_3D(N=1,IC=1,ID=18,IH=22,IW=20,OC=1,KD=3,KH=3,KW=3,s0=1,s1=1,s2=1,p0=0,p1=0,p2=0,d0=2,d1=2,d2=2,type_kernel=f32): OK
  CONV_3D(N=1,IC=1,ID=18,IH=22,IW=20,OC=1,KD=3,KH=1,KW=5,s0=2,s1=1,s2=1,p0=2,p1=0,p2=1,d0=1,d1=1,d2=2,type_kernel=f32): OK
  CONV_3D(N=1,IC=1,ID=18,IH=22,IW=20,OC=1,KD=3,KH=3,KW=3,s0=1,s1=1,s2=1,p0=1,p1=1,p2=1,d0=1,d1=1,d2=1,type_kernel=f32): OK
  CONV_3D(N=1,IC=1,ID=18,IH=22,IW=20,OC=1,KD=3,KH=1,KW=5,s0=2,s1=1,s2=1,p0=2,p1=0,p2=1,d0=1,d1=1,d2=2,type_kernel=f32): OK
  CONV_3D(N=1,IC=1,ID=18,IH=22,IW=20,OC=1,KD=3,KH=3,KW=3,s0=1,s1=1,s2=1,p0=1,p1=1,p2=1,d0=2,d1=2,d2=2,type_kernel=f32): OK
  CONV_3D(N=1,IC=1,ID=18,IH=22,IW=20,OC=1,KD=3,KH=1,KW=5,s0=2,s1=1,s2=1,p0=2,p1=0,p2=1,d0=1,d1=1,d2=2,type_kernel=f32): OK
  CONV_3D(N=1,IC=1,ID=18,IH=22,IW=20,OC=1,KD=3,KH=3,KW=3,s0=2,s1=2,s2=2,p0=0,p1=0,p2=0,d0=1,d1=1,d2=1,type_kernel=f32): OK
  CONV_3D(N=1,IC=1,ID=18,IH=22,IW=20,OC=1,KD=3,KH=1,KW=5,s0=2,s1=1,s2=1,p0=2,p1=0,p2=1,d0=1,d1=1,d2=2,type_kernel=f32): OK
  CONV_3D(N=1,IC=1,ID=18,IH=22,IW=20,OC=1,KD=3,KH=3,KW=3,s0=2,s1=2,s2=2,p0=0,p1=0,p2=0,d0=2,d1=2,d2=2,type_kernel=f32): OK
  CONV_3D(N=1,IC=1,ID=18,IH=22,IW=20,OC=1,KD=3,KH=1,KW=5,s0=2,s1=1,s2=1,p0=2,p1=0,p2=1,d0=1,d1=1,d2=2,type_kernel=f32): OK
  CONV_3D(N=1,IC=1,ID=18,IH=22,IW=20,OC=1,KD=3,KH=3,KW=3,s0=2,s1=2,s2=2,p0=1,p1=1,p2=1,d0=1,d1=1,d2=1,type_kernel=f32): OK
  CONV_3D(N=1,IC=1,ID=18,IH=22,IW=20,OC=1,KD=3,KH=1,KW=5,s0=2,s1=1,s2=1,p0=2,p1=0,p2=1,d0=1,d1=1,d2=2,type_kernel=f32): OK
  CONV_3D(N=1,IC=1,ID=18,IH=22,IW=20,OC=1,KD=3,KH=3,KW=3,s0=2,s1=2,s2=2,p0=1,p1=1,p2=1,d0=2,d1=2,d2=2,type_kernel=f32): OK
  CONV_3D(N=1,IC=1,ID=18,IH=22,IW=20,OC=1,KD=3,KH=1,KW=5,s0=2,s1=1,s2=1,p0=2,p1=0,p2=1,d0=1,d1=1,d2=2,type_kernel=f32): OK
  CONV_3D(N=1,IC=1,ID=18,IH=22,IW=20,OC=4,KD=3,KH=3,KW=3,s0=1,s1=1,s2=1,p0=0,p1=0,p2=0,d0=1,d1=1,d2=1,type_kernel=f32): OK
  CONV_3D(N=1,IC=1,ID=18,IH=22,IW=20,OC=4,KD=3,KH=1,KW=5,s0=2,s1=1,s2=1,p0=2,p1=0,p2=1,d0=1,d1=1,d2=2,type_kernel=f32): OK
  CONV_3D(N=1,IC=1,ID=18,IH=22,IW=20,OC=4,KD=3,KH=3,KW=3,s0=1,s1=1,s2=1,p0=0,p1=0,p2=0,d0=2,d1=2,d2=2,type_kernel=f32): OK
  CONV_3D(N=1,IC=1,ID=18,IH=22,IW=20,OC=4,KD=3,KH=1,KW=5,s0=2,s1=1,s2=1,p0=2,p1=0,p2=1,d0=1,d1=1,d2=2,type_kernel=f32): OK
  CONV_3D(N=1,IC=1,ID=18,IH=22,IW=20,OC=4,KD=3,KH=3,KW=3,s0=1,s1=1,s2=1,p0=1,p1=1,p2=1,d0=1,d1=1,d2=1,type_kernel=f32): OK
  CONV_3D(N=1,IC=1,ID=18,IH=22,IW=20,OC=4,KD=3,KH=1,KW=5,s0=2,s1=1,s2=1,p0=2,p1=0,p2=1,d0=1,d1=1,d2=2,type_kernel=f32): OK
  CONV_3D(N=1,IC=1,ID=18,IH=22,IW=20,OC=4,KD=3,KH=3,KW=3,s0=1,s1=1,s2=1,p0=1,p1=1,p2=1,d0=2,d1=2,d2=2,type_kernel=f32): OK
  CONV_3D(N=1,IC=1,ID=18,IH=22,IW=20,OC=4,KD=3,KH=1,KW=5,s0=2,s1=1,s2=1,p0=2,p1=0,p2=1,d0=1,d1=1,d2=2,type_kernel=f32): OK
  CONV_3D(N=1,IC=1,ID=18,IH=22,IW=20,OC=4,KD=3,KH=3,KW=3,s0=2,s1=2,s2=2,p0=0,p1=0,p2=0,d0=1,d1=1,d2=1,type_kernel=f32): OK
  CONV_3D(N=1,IC=1,ID=18,IH=22,IW=20,OC=4,KD=3,KH=1,KW=5,s0=2,s1=1,s2=1,p0=2,p1=0,p2=1,d0=1,d1=1,d2=2,type_kernel=f32): OK
  CONV_3D(N=1,IC=1,ID=18,IH=22,IW=20,OC=4,KD=3,KH=3,KW=3,s0=2,s1=2,s2=2,p0=0,p1=0,p2=0,d0=2,d1=2,d2=2,type_kernel=f32): OK
  CONV_3D(N=1,IC=1,ID=18,IH=22,IW=20,OC=4,KD=3,KH=1,KW=5,s0=2,s1=1,s2=1,p0=2,p1=0,p2=1,d0=1,d1=1,d2=2,type_kernel=f32): OK
  CONV_3D(N=1,IC=1,ID=18,IH=22,IW=20,OC=4,KD=3,KH=3,KW=3,s0=2,s1=2,s2=2,p0=1,p1=1,p2=1,d0=1,d1=1,d2=1,type_kernel=f32): OK
  CONV_3D(N=1,IC=1,ID=18,IH=22,IW=20,OC=4,KD=3,KH=1,KW=5,s0=2,s1=1,s2=1,p0=2,p1=0,p2=1,d0=1,d1=1,d2=2,type_kernel=f32): OK
  CONV_3D(N=1,IC=1,ID=18,IH=22,IW=20,OC=4,KD=3,KH=3,KW=3,s0=2,s1=2,s2=2,p0=1,p1=1,p2=1,d0=2,d1=2,d2=2,type_kernel=f32): OK
  CONV_3D(N=1,IC=1,ID=18,IH=22,IW=20,OC=4,KD=3,KH=1,KW=5,s0=2,s1=1,s2=1,p0=2,p1=0,p2=1,d0=1,d1=1,d2=2,type_kernel=f32): OK
  CONV_3D(N=1,IC=3,ID=18,IH=22,IW=20,OC=1,KD=3,KH=3,KW=3,s0=1,s1=1,s2=1,p0=0,p1=0,p2=0,d0=1,d1=1,d2=1,type_kernel=f32): OK
  CONV_3D(N=1,IC=3,ID=18,IH=22,IW=20,OC=1,KD=3,KH=1,KW=5,s0=2,s1=1,s2=1,p0=2,p1=0,p2=1,d0=1,d1=1,d2=2,type_kernel=f32): OK
  CONV_3D(N=1,IC=3,ID=18,IH=22,IW=20,OC=1,KD=3,KH=3,KW=3,s0=1,s1=1,s2=1,p0=0,p1=0,p2=0,d0=2,d1=2,d2=2,type_kernel=f32): OK
  CONV_3D(N=1,IC=3,ID=18,IH=22,IW=20,OC=1,KD=3,KH=1,KW=5,s0=2,s1=1,s2=1,p0=2,p1=0,p2=1,d0=1,d1=1,d2=2,type_kernel=f32): OK
  CONV_3D(N=1,IC=3,ID=18,IH=22,IW=20,OC=1,KD=3,KH=3,KW=3,s0=1,s1=1,s2=1,p0=1,p1=1,p2=1,d0=1,d1=1,d2=1,type_kernel=f32): OK
  CONV_3D(N=1,IC=3,ID=18,IH=22,IW=20,OC=1,KD=3,KH=1,KW=5,s0=2,s1=1,s2=1,p0=2,p1=0,p2=1,d0=1,d1=1,d2=2,type_kernel=f32): OK
  CONV_3D(N=1,IC=3,ID=18,IH=22,IW=20,OC=1,KD=3,KH=3,KW=3,s0=1,s1=1,s2=1,p0=1,p1=1,p2=1,d0=2,d1=2,d2=2,type_kernel=f32): OK
  CONV_3D(N=1,IC=3,ID=18,IH=22,IW=20,OC=1,KD=3,KH=1,KW=5,s0=2,s1=1,s2=1,p0=2,p1=0,p2=1,d0=1,d1=1,d2=2,type_kernel=f32): OK
  CONV_3D(N=1,IC=3,ID=18,IH=22,IW=20,OC=1,KD=3,KH=3,KW=3,s0=2,s1=2,s2=2,p0=0,p1=0,p2=0,d0=1,d1=1,d2=1,type_kernel=f32): OK
  CONV_3D(N=1,IC=3,ID=18,IH=22,IW=20,OC=1,KD=3,KH=1,KW=5,s0=2,s1=1,s2=1,p0=2,p1=0,p2=1,d0=1,d1=1,d2=2,type_kernel=f32): OK
  CONV_3D(N=1,IC=3,ID=18,IH=22,IW=20,OC=1,KD=3,KH=3,KW=3,s0=2,s1=2,s2=2,p0=0,p1=0,p2=0,d0=2,d1=2,d2=2,type_kernel=f32): OK
  CONV_3D(N=1,IC=3,ID=18,IH=22,IW=20,OC=1,KD=3,KH=1,KW=5,s0=2,s1=1,s2=1,p0=2,p1=0,p2=1,d0=1,d1=1,d2=2,type_kernel=f32): OK
  CONV_3D(N=1,IC=3,ID=18,IH=22,IW=20,OC=1,KD=3,KH=3,KW=3,s0=2,s1=2,s2=2,p0=1,p1=1,p2=1,d0=1,d1=1,d2=1,type_kernel=f32): OK
  CONV_3D(N=1,IC=3,ID=18,IH=22,IW=20,OC=1,KD=3,KH=1,KW=5,s0=2,s1=1,s2=1,p0=2,p1=0,p2=1,d0=1,d1=1,d2=2,type_kernel=f32): OK
  CONV_3D(N=1,IC=3,ID=18,IH=22,IW=20,OC=1,KD=3,KH=3,KW=3,s0=2,s1=2,s2=2,p0=1,p1=1,p2=1,d0=2,d1=2,d2=2,type_kernel=f32): OK
  CONV_3D(N=1,IC=3,ID=18,IH=22,IW=20,OC=1,KD=3,KH=1,KW=5,s0=2,s1=1,s2=1,p0=2,p1=0,p2=1,d0=1,d1=1,d2=2,type_kernel=f32): OK
  CONV_3D(N=1,IC=3,ID=18,IH=22,IW=20,OC=4,KD=3,KH=3,KW=3,s0=1,s1=1,s2=1,p0=0,p1=0,p2=0,d0=1,d1=1,d2=1,type_kernel=f32): OK
  CONV_3D(N=1,IC=3,ID=18,IH=22,IW=20,OC=4,KD=3,KH=1,KW=5,s0=2,s1=1,s2=1,p0=2,p1=0,p2=1,d0=1,d1=1,d2=2,type_kernel=f32): OK
  CONV_3D(N=1,IC=3,ID=18,IH=22,IW=20,OC=4,KD=3,KH=3,KW=3,s0=1,s1=1,s2=1,p0=0,p1=0,p2=0,d0=2,d1=2,d2=2,type_kernel=f32): OK
  CONV_3D(N=1,IC=3,ID=18,IH=22,IW=20,OC=4,KD=3,KH=1,KW=5,s0=2,s1=1,s2=1,p0=2,p1=0,p2=1,d0=1,d1=1,d2=2,type_kernel=f32): OK
  CONV_3D(N=1,IC=3,ID=18,IH=22,IW=20,OC=4,KD=3,KH=3,KW=3,s0=1,s1=1,s2=1,p0=1,p1=1,p2=1,d0=1,d1=1,d2=1,type_kernel=f32): OK
  CONV_3D(N=1,IC=3,ID=18,IH=22,IW=20,OC=4,KD=3,KH=1,KW=5,s0=2,s1=1,s2=1,p0=2,p1=0,p2=1,d0=1,d1=1,d2=2,type_kernel=f32): OK
  CONV_3D(N=1,IC=3,ID=18,IH=22,IW=20,OC=4,KD=3,KH=3,KW=3,s0=1,s1=1,s2=1,p0=1,p1=1,p2=1,d0=2,d1=2,d2=2,type_kernel=f32): OK
  CONV_3D(N=1,IC=3,ID=18,IH=22,IW=20,OC=4,KD=3,KH=1,KW=5,s0=2,s1=1,s2=1,p0=2,p1=0,p2=1,d0=1,d1=1,d2=2,type_kernel=f32): OK
  CONV_3D(N=1,IC=3,ID=18,IH=22,IW=20,OC=4,KD=3,KH=3,KW=3,s0=2,s1=2,s2=2,p0=0,p1=0,p2=0,d0=1,d1=1,d2=1,type_kernel=f32): OK
  CONV_3D(N=1,IC=3,ID=18,IH=22,IW=20,OC=4,KD=3,KH=1,KW=5,s0=2,s1=1,s2=1,p0=2,p1=0,p2=1,d0=1,d1=1,d2=2,type_kernel=f32): OK
  CONV_3D(N=1,IC=3,ID=18,IH=22,IW=20,OC=4,KD=3,KH=3,KW=3,s0=2,s1=2,s2=2,p0=0,p1=0,p2=0,d0=2,d1=2,d2=2,type_kernel=f32): OK
  CONV_3D(N=1,IC=3,ID=18,IH=22,IW=20,OC=4,KD=3,KH=1,KW=5,s0=2,s1=1,s2=1,p0=2,p1=0,p2=1,d0=1,d1=1,d2=2,type_kernel=f32): OK
  CONV_3D(N=1,IC=3,ID=18,IH=22,IW=20,OC=4,KD=3,KH=3,KW=3,s0=2,s1=2,s2=2,p0=1,p1=1,p2=1,d0=1,d1=1,d2=1,type_kernel=f32): OK
  CONV_3D(N=1,IC=3,ID=18,IH=22,IW=20,OC=4,KD=3,KH=1,KW=5,s0=2,s1=1,s2=1,p0=2,p1=0,p2=1,d0=1,d1=1,d2=2,type_kernel=f32): OK
  CONV_3D(N=1,IC=3,ID=18,IH=22,IW=20,OC=4,KD=3,KH=3,KW=3,s0=2,s1=2,s2=2,p0=1,p1=1,p2=1,d0=2,d1=2,d2=2,type_kernel=f32): OK
  CONV_3D(N=1,IC=3,ID=18,IH=22,IW=20,OC=4,KD=3,KH=1,KW=5,s0=2,s1=1,s2=1,p0=2,p1=0,p2=1,d0=1,d1=1,d2=2,type_kernel=f32): OK
  CONV_3D(N=2,IC=1,ID=18,IH=22,IW=20,OC=1,KD=3,KH=3,KW=3,s0=1,s1=1,s2=1,p0=0,p1=0,p2=0,d0=1,d1=1,d2=1,type_kernel=f32): OK
  CONV_3D(N=2,IC=1,ID=18,IH=22,IW=20,OC=1,KD=3,KH=1,KW=5,s0=2,s1=1,s2=1,p0=2,p1=0,p2=1,d0=1,d1=1,d2=2,type_kernel=f32): OK
  CONV_3D(N=2,IC=1,ID=18,IH=22,IW=20,OC=1,KD=3,KH=3,KW=3,s0=1,s1=1,s2=1,p0=0,p1=0,p2=0,d0=2,d1=2,d2=2,type_kernel=f32): OK
  CONV_3D(N=2,IC=1,ID=18,IH=22,IW=20,OC=1,KD=3,KH=1,KW=5,s0=2,s1=1,s2=1,p0=2,p1=0,p2=1,d0=1,d1=1,d2=2,type_kernel=f32): OK
  CONV_3D(N=2,IC=1,ID=18,IH=22,IW=20,OC=1,KD=3,KH=3,KW=3,s0=1,s1=1,s2=1,p0=1,p1=1,p2=1,d0=1,d1=1,d2=1,type_kernel=f32): OK
  CONV_3D(N=2,IC=1,ID=18,IH=22,IW=20,OC=1,KD=3,KH=1,KW=5,s0=2,s1=1,s2=1,p0=2,p1=0,p2=1,d0=1,d1=1,d2=2,type_kernel=f32): OK
  CONV_3D(N=2,IC=1,ID=18,IH=22,IW=20,OC=1,KD=3,KH=3,KW=3,s0=1,s1=1,s2=1,p0=1,p1=1,p2=1,d0=2,d1=2,d2=2,type_kernel=f32): OK
  CONV_3D(N=2,IC=1,ID=18,IH=22,IW=20,OC=1,KD=3,KH=1,KW=5,s0=2,s1=1,s2=1,p0=2,p1=0,p2=1,d0=1,d1=1,d2=2,type_kernel=f32): OK
  CONV_3D(N=2,IC=1,ID=18,IH=22,IW=20,OC=1,KD=3,KH=3,KW=3,s0=2,s1=2,s2=2,p0=0,p1=0,p2=0,d0=1,d1=1,d2=1,type_kernel=f32): OK
  CONV_3D(N=2,IC=1,ID=18,IH=22,IW=20,OC=1,KD=3,KH=1,KW=5,s0=2,s1=1,s2=1,p0=2,p1=0,p2=1,d0=1,d1=1,d2=2,type_kernel=f32): OK
  CONV_3D(N=2,IC=1,ID=18,IH=22,IW=20,OC=1,KD=3,KH=3,KW=3,s0=2,s1=2,s2=2,p0=0,p1=0,p2=0,d0=2,d1=2,d2=2,type_kernel=f32): OK
  CONV_3D(N=2,IC=1,ID=18,IH=22,IW=20,OC=1,KD=3,KH=1,KW=5,s0=2,s1=1,s2=1,p0=2,p1=0,p2=1,d0=1,d1=1,d2=2,type_kernel=f32): OK
  CONV_3D(N=2,IC=1,ID=18,IH=22,IW=20,OC=1,KD=3,KH=3,KW=3,s0=2,s1=2,s2=2,p0=1,p1=1,p2=1,d0=1,d1=1,d2=1,type_kernel=f32): OK
  CONV_3D(N=2,IC=1,ID=18,IH=22,IW=20,OC=1,KD=3,KH=1,KW=5,s0=2,s1=1,s2=1,p0=2,p1=0,p2=1,d0=1,d1=1,d2=2,type_kernel=f32): OK
  CONV_3D(N=2,IC=1,ID=18,IH=22,IW=20,OC=1,KD=3,KH=3,KW=3,s0=2,s1=2,s2=2,p0=1,p1=1,p2=1,d0=2,d1=2,d2=2,type_kernel=f32): OK
  CONV_3D(N=2,IC=1,ID=18,IH=22,IW=20,OC=1,KD=3,KH=1,KW=5,s0=2,s1=1,s2=1,p0=2,p1=0,p2=1,d0=1,d1=1,d2=2,type_kernel=f32): OK
  CONV_3D(N=2,IC=1,ID=18,IH=22,IW=20,OC=4,KD=3,KH=3,KW=3,s0=1,s1=1,s2=1,p0=0,p1=0,p2=0,d0=1,d1=1,d2=1,type_kernel=f32): OK
  CONV_3D(N=2,IC=1,ID=18,IH=22,IW=20,OC=4,KD=3,KH=1,KW=5,s0=2,s1=1,s2=1,p0=2,p1=0,p2=1,d0=1,d1=1,d2=2,type_kernel=f32): OK
  CONV_3D(N=2,IC=1,ID=18,IH=22,IW=20,OC=4,KD=3,KH=3,KW=3,s0=1,s1=1,s2=1,p0=0,p1=0,p2=0,d0=2,d1=2,d2=2,type_kernel=f32): OK
  CONV_3D(N=2,IC=1,ID=18,IH=22,IW=20,OC=4,KD=3,KH=1,KW=5,s0=2,s1=1,s2=1,p0=2,p1=0,p2=1,d0=1,d1=1,d2=2,type_kernel=f32): OK
  CONV_3D(N=2,IC=1,ID=18,IH=22,IW=20,OC=4,KD=3,KH=3,KW=3,s0=1,s1=1,s2=1,p0=1,p1=1,p2=1,d0=1,d1=1,d2=1,type_kernel=f32): OK
  CONV_3D(N=2,IC=1,ID=18,IH=22,IW=20,OC=4,KD=3,KH=1,KW=5,s0=2,s1=1,s2=1,p0=2,p1=0,p2=1,d0=1,d1=1,d2=2,type_kernel=f32): OK
  CONV_3D(N=2,IC=1,ID=18,IH=22,IW=20,OC=4,KD=3,KH=3,KW=3,s0=1,s1=1,s2=1,p0=1,p1=1,p2=1,d0=2,d1=2,d2=2,type_kernel=f32): OK
  CONV_3D(N=2,IC=1,ID=18,IH=22,IW=20,OC=4,KD=3,KH=1,KW=5,s0=2,s1=1,s2=1,p0=2,p1=0,p2=1,d0=1,d1=1,d2=2,type_kernel=f32): OK
  CONV_3D(N=2,IC=1,ID=18,IH=22,IW=20,OC=4,KD=3,KH=3,KW=3,s0=2,s1=2,s2=2,p0=0,p1=0,p2=0,d0=1,d1=1,d2=1,type_kernel=f32): OK
  CONV_3D(N=2,IC=1,ID=18,IH=22,IW=20,OC=4,KD=3,KH=1,KW=5,s0=2,s1=1,s2=1,p0=2,p1=0,p2=1,d0=1,d1=1,d2=2,type_kernel=f32): OK
  CONV_3D(N=2,IC=1,ID=18,IH=22,IW=20,OC=4,KD=3,KH=3,KW=3,s0=2,s1=2,s2=2,p0=0,p1=0,p2=0,d0=2,d1=2,d2=2,type_kernel=f32): OK
  CONV_3D(N=2,IC=1,ID=18,IH=22,IW=20,OC=4,KD=3,KH=1,KW=5,s0=2,s1=1,s2=1,p0=2,p1=0,p2=1,d0=1,d1=1,d2=2,type_kernel=f32): OK
  CONV_3D(N=2,IC=1,ID=18,IH=22,IW=20,OC=4,KD=3,KH=3,KW=3,s0=2,s1=2,s2=2,p0=1,p1=1,p2=1,d0=1,d1=1,d2=1,type_kernel=f32): OK
  CONV_3D(N=2,IC=1,ID=18,IH=22,IW=20,OC=4,KD=3,KH=1,KW=5,s0=2,s1=1,s2=1,p0=2,p1=0,p2=1,d0=1,d1=1,d2=2,type_kernel=f32): OK
  CONV_3D(N=2,IC=1,ID=18,IH=22,IW=20,OC=4,KD=3,KH=3,KW=3,s0=2,s1=2,s2=2,p0=1,p1=1,p2=1,d0=2,d1=2,d2=2,type_kernel=f32): OK
  CONV_3D(N=2,IC=1,ID=18,IH=22,IW=20,OC=4,KD=3,KH=1,KW=5,s0=2,s1=1,s2=1,p0=2,p1=0,p2=1,d0=1,d1=1,d2=2,type_kernel=f32): OK
  CONV_3D(N=2,IC=3,ID=18,IH=22,IW=20,OC=1,KD=3,KH=3,KW=3,s0=1,s1=1,s2=1,p0=0,p1=0,p2=0,d0=1,d1=1,d2=1,type_kernel=f32): OK
  CONV_3D(N=2,IC=3,ID=18,IH=22,IW=20,OC=1,KD=3,KH=1,KW=5,s0=2,s1=1,s2=1,p0=2,p1=0,p2=1,d0=1,d1=1,d2=2,type_kernel=f32): OK
  CONV_3D(N=2,IC=3,ID=18,IH=22,IW=20,OC=1,KD=3,KH=3,KW=3,s0=1,s1=1,s2=1,p0=0,p1=0,p2=0,d0=2,d1=2,d2=2,type_kernel=f32): OK
  CONV_3D(N=2,IC=3,ID=18,IH=22,IW=20,OC=1,KD=3,KH=1,KW=5,s0=2,s1=1,s2=1,p0=2,p1=0,p2=1,d0=1,d1=1,d2=2,type_kernel=f32): OK
  CONV_3D(N=2,IC=3,ID=18,IH=22,IW=20,OC=1,KD=3,KH=3,KW=3,s0=1,s1=1,s2=1,p0=1,p1=1,p2=1,d0=1,d1=1,d2=1,type_kernel=f32): OK
  CONV_3D(N=2,IC=3,ID=18,IH=22,IW=20,OC=1,KD=3,KH=1,KW=5,s0=2,s1=1,s2=1,p0=2,p1=0,p2=1,d0=1,d1=1,d2=2,type_kernel=f32): OK
  CONV_3D(N=2,IC=3,ID=18,IH=22,IW=20,OC=1,KD=3,KH=3,KW=3,s0=1,s1=1,s2=1,p0=1,p1=1,p2=1,d0=2,d1=2,d2=2,type_kernel=f32): OK
  CONV_3D(N=2,IC=3,ID=18,IH=22,IW=20,OC=1,KD=3,KH=1,KW=5,s0=2,s1=1,s2=1,p0=2,p1=0,p2=1,d0=1,d1=1,d2=2,type_kernel=f32): OK
  CONV_3D(N=2,IC=3,ID=18,IH=22,IW=20,OC=1,KD=3,KH=3,KW=3,s0=2,s1=2,s2=2,p0=0,p1=0,p2=0,d0=1,d1=1,d2=1,type_kernel=f32): OK
  CONV_3D(N=2,IC=3,ID=18,IH=22,IW=20,OC=1,KD=3,KH=1,KW=5,s0=2,s1=1,s2=1,p0=2,p1=0,p2=1,d0=1,d1=1,d2=2,type_kernel=f32): OK
  CONV_3D(N=2,IC=3,ID=18,IH=22,IW=20,OC=1,KD=3,KH=3,KW=3,s0=2,s1=2,s2=2,p0=0,p1=0,p2=0,d0=2,d1=2,d2=2,type_kernel=f32): OK
  CONV_3D(N=2,IC=3,ID=18,IH=22,IW=20,OC=1,KD=3,KH=1,KW=5,s0=2,s1=1,s2=1,p0=2,p1=0,p2=1,d0=1,d1=1,d2=2,type_kernel=f32): OK
  CONV_3D(N=2,IC=3,ID=18,IH=22,IW=20,OC=1,KD=3,KH=3,KW=3,s0=2,s1=2,s2=2,p0=1,p1=1,p2=1,d0=1,d1=1,d2=1,type_kernel=f32): OK
  CONV_3D(N=2,IC=3,ID=18,IH=22,IW=20,OC=1,KD=3,KH=1,KW=5,s0=2,s1=1,s2=1,p0=2,p1=0,p2=1,d0=1,d1=1,d2=2,type_kernel=f32): OK
  CONV_3D(N=2,IC=3,ID=18,IH=22,IW=20,OC=1,KD=3,KH=3,KW=3,s0=2,s1=2,s2=2,p0=1,p1=1,p2=1,d0=2,d1=2,d2=2,type_kernel=f32): OK
  CONV_3D(N=2,IC=3,ID=18,IH=22,IW=20,OC=1,KD=3,KH=1,KW=5,s0=2,s1=1,s2=1,p0=2,p1=0,p2=1,d0=1,d1=1,d2=2,type_kernel=f32): OK
  CONV_3D(N=2,IC=3,ID=18,IH=22,IW=20,OC=4,KD=3,KH=3,KW=3,s0=1,s1=1,s2=1,p0=0,p1=0,p2=0,d0=1,d1=1,d2=1,type_kernel=f32): OK
  CONV_3D(N=2,IC=3,ID=18,IH=22,IW=20,OC=4,KD=3,KH=1,KW=5,s0=2,s1=1,s2=1,p0=2,p1=0,p2=1,d0=1,d1=1,d2=2,type_kernel=f32): OK
  CONV_3D(N=2,IC=3,ID=18,IH=22,IW=20,OC=4,KD=3,KH=3,KW=3,s0=1,s1=1,s2=1,p0=0,p1=0,p2=0,d0=2,d1=2,d2=2,type_kernel=f32): OK
  CONV_3D(N=2,IC=3,ID=18,IH=22,IW=20,OC=4,KD=3,KH=1,KW=5,s0=2,s1=1,s2=1,p0=2,p1=0,p2=1,d0=1,d1=1,d2=2,type_kernel=f32): OK
  CONV_3D(N=2,IC=3,ID=18,IH=22,IW=20,OC=4,KD=3,KH=3,KW=3,s0=1,s1=1,s2=1,p0=1,p1=1,p2=1,d0=1,d1=1,d2=1,type_kernel=f32): OK
  CONV_3D(N=2,IC=3,ID=18,IH=22,IW=20,OC=4,KD=3,KH=1,KW=5,s0=2,s1=1,s2=1,p0=2,p1=0,p2=1,d0=1,d1=1,d2=2,type_kernel=f32): OK
  CONV_3D(N=2,IC=3,ID=18,IH=22,IW=20,OC=4,KD=3,KH=3,KW=3,s0=1,s1=1,s2=1,p0=1,p1=1,p2=1,d0=2,d1=2,d2=2,type_kernel=f32): OK
  CONV_3D(N=2,IC=3,ID=18,IH=22,IW=20,OC=4,KD=3,KH=1,KW=5,s0=2,s1=1,s2=1,p0=2,p1=0,p2=1,d0=1,d1=1,d2=2,type_kernel=f32): OK
  CONV_3D(N=2,IC=3,ID=18,IH=22,IW=20,OC=4,KD=3,KH=3,KW=3,s0=2,s1=2,s2=2,p0=0,p1=0,p2=0,d0=1,d1=1,d2=1,type_kernel=f32): OK
  CONV_3D(N=2,IC=3,ID=18,IH=22,IW=20,OC=4,KD=3,KH=1,KW=5,s0=2,s1=1,s2=1,p0=2,p1=0,p2=1,d0=1,d1=1,d2=2,type_kernel=f32): OK
  CONV_3D(N=2,IC=3,ID=18,IH=22,IW=20,OC=4,KD=3,KH=3,KW=3,s0=2,s1=2,s2=2,p0=0,p1=0,p2=0,d0=2,d1=2,d2=2,type_kernel=f32): OK
  CONV_3D(N=2,IC=3,ID=18,IH=22,IW=20,OC=4,KD=3,KH=1,KW=5,s0=2,s1=1,s2=1,p0=2,p1=0,p2=1,d0=1,d1=1,d2=2,type_kernel=f32): OK
  CONV_3D(N=2,IC=3,ID=18,IH=22,IW=20,OC=4,KD=3,KH=3,KW=3,s0=2,s1=2,s2=2,p0=1,p1=1,p2=1,d0=1,d1=1,d2=1,type_kernel=f32): OK
  CONV_3D(N=2,IC=3,ID=18,IH=22,IW=20,OC=4,KD=3,KH=1,KW=5,s0=2,s1=1,s2=1,p0=2,p1=0,p2=1,d0=1,d1=1,d2=2,type_kernel=f32): OK
  CONV_3D(N=2,IC=3,ID=18,IH=22,IW=20,OC=4,KD=3,KH=3,KW=3,s0=2,s1=2,s2=2,p0=1,p1=1,p2=1,d0=2,d1=2,d2=2,type_kernel=f32): OK
  CONV_3D(N=2,IC=3,ID=18,IH=22,IW=20,OC=4,KD=3,KH=1,KW=5,s0=2,s1=1,s2=1,p0=2,p1=0,p2=1,d0=1,d1=1,d2=2,type_kernel=f32): OK
  CONV_3D(N=1,IC=4,ID=8,IH=8,IW=8,OC=8,KD=1,KH=1,KW=1,s0=1,s1=1,s2=1,p0=0,p1=0,p2=0,d0=1,d1=1,d2=1,type_kernel=f32): OK
  CONV_3D(N=1,IC=1,ID=18,IH=22,IW=20,OC=1,KD=3,KH=3,KW=3,s0=1,s1=1,s2=1,p0=0,p1=0,p2=0,d0=1,d1=1,d2=1,type_kernel=f16): OK
  CONV_3D(N=1,IC=1,ID=18,IH=22,IW=20,OC=1,KD=3,KH=1,KW=5,s0=2,s1=1,s2=1,p0=2,p1=0,p2=1,d0=1,d1=1,d2=2,type_kernel=f16): OK
  CONV_3D(N=1,IC=1,ID=18,IH=22,IW=20,OC=1,KD=3,KH=3,KW=3,s0=1,s1=1,s2=1,p0=0,p1=0,p2=0,d0=2,d1=2,d2=2,type_kernel=f16): OK
  CONV_3D(N=1,IC=1,ID=18,IH=22,IW=20,OC=1,KD=3,KH=1,KW=5,s0=2,s1=1,s2=1,p0=2,p1=0,p2=1,d0=1,d1=1,d2=2,type_kernel=f16): OK
  CONV_3D(N=1,IC=1,ID=18,IH=22,IW=20,OC=1,KD=3,KH=3,KW=3,s0=1,s1=1,s2=1,p0=1,p1=1,p2=1,d0=1,d1=1,d2=1,type_kernel=f16): OK
  CONV_3D(N=1,IC=1,ID=18,IH=22,IW=20,OC=1,KD=3,KH=1,KW=5,s0=2,s1=1,s2=1,p0=2,p1=0,p2=1,d0=1,d1=1,d2=2,type_kernel=f16): OK
  CONV_3D(N=1,IC=1,ID=18,IH=22,IW=20,OC=1,KD=3,KH=3,KW=3,s0=1,s1=1,s2=1,p0=1,p1=1,p2=1,d0=2,d1=2,d2=2,type_kernel=f16): OK
  CONV_3D(N=1,IC=1,ID=18,IH=22,IW=20,OC=1,KD=3,KH=1,KW=5,s0=2,s1=1,s2=1,p0=2,p1=0,p2=1,d0=1,d1=1,d2=2,type_kernel=f16): OK
  CONV_3D(N=1,IC=1,ID=18,IH=22,IW=20,OC=1,KD=3,KH=3,KW=3,s0=2,s1=2,s2=2,p0=0,p1=0,p2=0,d0=1,d1=1,d2=1,type_kernel=f16): OK
  CONV_3D(N=1,IC=1,ID=18,IH=22,IW=20,OC=1,KD=3,KH=1,KW=5,s0=2,s1=1,s2=1,p0=2,p1=0,p2=1,d0=1,d1=1,d2=2,type_kernel=f16): OK
  CONV_3D(N=1,IC=1,ID=18,IH=22,IW=20,OC=1,KD=3,KH=3,KW=3,s0=2,s1=2,s2=2,p0=0,p1=0,p2=0,d0=2,d1=2,d2=2,type_kernel=f16): OK
  CONV_3D(N=1,IC=1,ID=18,IH=22,IW=20,OC=1,KD=3,KH=1,KW=5,s0=2,s1=1,s2=1,p0=2,p1=0,p2=1,d0=1,d1=1,d2=2,type_kernel=f16): OK
  CONV_3D(N=1,IC=1,ID=18,IH=22,IW=20,OC=1,KD=3,KH=3,KW=3,s0=2,s1=2,s2=2,p0=1,p1=1,p2=1,d0=1,d1=1,d2=1,type_kernel=f16): OK
  CONV_3D(N=1,IC=1,ID=18,IH=22,IW=20,OC=1,KD=3,KH=1,KW=5,s0=2,s1=1,s2=1,p0=2,p1=0,p2=1,d0=1,d1=1,d2=2,type_kernel=f16): OK
  CONV_3D(N=1,IC=1,ID=18,IH=22,IW=20,OC=1,KD=3,KH=3,KW=3,s0=2,s1=2,s2=2,p0=1,p1=1,p2=1,d0=2,d1=2,d2=2,type_kernel=f16): OK
  CONV_3D(N=1,IC=1,ID=18,IH=22,IW=20,OC=1,KD=3,KH=1,KW=5,s0=2,s1=1,s2=1,p0=2,p1=0,p2=1,d0=1,d1=1,d2=2,type_kernel=f16): OK
  CONV_3D(N=1,IC=1,ID=18,IH=22,IW=20,OC=4,KD=3,KH=3,KW=3,s0=1,s1=1,s2=1,p0=0,p1=0,p2=0,d0=1,d1=1,d2=1,type_kernel=f16): OK
  CONV_3D(N=1,IC=1,ID=18,IH=22,IW=20,OC=4,KD=3,KH=1,KW=5,s0=2,s1=1,s2=1,p0=2,p1=0,p2=1,d0=1,d1=1,d2=2,type_kernel=f16): OK
  CONV_3D(N=1,IC=1,ID=18,IH=22,IW=20,OC=4,KD=3,KH=3,KW=3,s0=1,s1=1,s2=1,p0=0,p1=0,p2=0,d0=2,d1=2,d2=2,type_kernel=f16): OK
  CONV_3D(N=1,IC=1,ID=18,IH=22,IW=20,OC=4,KD=3,KH=1,KW=5,s0=2,s1=1,s2=1,p0=2,p1=0,p2=1,d0=1,d1=1,d2=2,type_kernel=f16): OK
  CONV_3D(N=1,IC=1,ID=18,IH=22,IW=20,OC=4,KD=3,KH=3,KW=3,s0=1,s1=1,s2=1,p0=1,p1=1,p2=1,d0=1,d1=1,d2=1,type_kernel=f16): OK
  CONV_3D(N=1,IC=1,ID=18,IH=22,IW=20,OC=4,KD=3,KH=1,KW=5,s0=2,s1=1,s2=1,p0=2,p1=0,p2=1,d0=1,d1=1,d2=2,type_kernel=f16): OK
  CONV_3D(N=1,IC=1,ID=18,IH=22,IW=20,OC=4,KD=3,KH=3,KW=3,s0=1,s1=1,s2=1,p0=1,p1=1,p2=1,d0=2,d1=2,d2=2,type_kernel=f16): OK
  CONV_3D(N=1,IC=1,ID=18,IH=22,IW=20,OC=4,KD=3,KH=1,KW=5,s0=2,s1=1,s2=1,p0=2,p1=0,p2=1,d0=1,d1=1,d2=2,type_kernel=f16): OK
  CONV_3D(N=1,IC=1,ID=18,IH=22,IW=20,OC=4,KD=3,KH=3,KW=3,s0=2,s1=2,s2=2,p0=0,p1=0,p2=0,d0=1,d1=1,d2=1,type_kernel=f16): OK
  CONV_3D(N=1,IC=1,ID=18,IH=22,IW=20,OC=4,KD=3,KH=1,KW=5,s0=2,s1=1,s2=1,p0=2,p1=0,p2=1,d0=1,d1=1,d2=2,type_kernel=f16): OK
  CONV_3D(N=1,IC=1,ID=18,IH=22,IW=20,OC=4,KD=3,KH=3,KW=3,s0=2,s1=2,s2=2,p0=0,p1=0,p2=0,d0=2,d1=2,d2=2,type_kernel=f16): OK
  CONV_3D(N=1,IC=1,ID=18,IH=22,IW=20,OC=4,KD=3,KH=1,KW=5,s0=2,s1=1,s2=1,p0=2,p1=0,p2=1,d0=1,d1=1,d2=2,type_kernel=f16): OK
  CONV_3D(N=1,IC=1,ID=18,IH=22,IW=20,OC=4,KD=3,KH=3,KW=3,s0=2,s1=2,s2=2,p0=1,p1=1,p2=1,d0=1,d1=1,d2=1,type_kernel=f16): OK
  CONV_3D(N=1,IC=1,ID=18,IH=22,IW=20,OC=4,KD=3,KH=1,KW=5,s0=2,s1=1,s2=1,p0=2,p1=0,p2=1,d0=1,d1=1,d2=2,type_kernel=f16): OK
  CONV_3D(N=1,IC=1,ID=18,IH=22,IW=20,OC=4,KD=3,KH=3,KW=3,s0=2,s1=2,s2=2,p0=1,p1=1,p2=1,d0=2,d1=2,d2=2,type_kernel=f16): OK
  CONV_3D(N=1,IC=1,ID=18,IH=22,IW=20,OC=4,KD=3,KH=1,KW=5,s0=2,s1=1,s2=1,p0=2,p1=0,p2=1,d0=1,d1=1,d2=2,type_kernel=f16): OK
  CONV_3D(N=1,IC=3,ID=18,IH=22,IW=20,OC=1,KD=3,KH=3,KW=3,s0=1,s1=1,s2=1,p0=0,p1=0,p2=0,d0=1,d1=1,d2=1,type_kernel=f16): OK
  CONV_3D(N=1,IC=3,ID=18,IH=22,IW=20,OC=1,KD=3,KH=1,KW=5,s0=2,s1=1,s2=1,p0=2,p1=0,p2=1,d0=1,d1=1,d2=2,type_kernel=f16): OK
  CONV_3D(N=1,IC=3,ID=18,IH=22,IW=20,OC=1,KD=3,KH=3,KW=3,s0=1,s1=1,s2=1,p0=0,p1=0,p2=0,d0=2,d1=2,d2=2,type_kernel=f16): OK
  CONV_3D(N=1,IC=3,ID=18,IH=22,IW=20,OC=1,KD=3,KH=1,KW=5,s0=2,s1=1,s2=1,p0=2,p1=0,p2=1,d0=1,d1=1,d2=2,type_kernel=f16): OK
  CONV_3D(N=1,IC=3,ID=18,IH=22,IW=20,OC=1,KD=3,KH=3,KW=3,s0=1,s1=1,s2=1,p0=1,p1=1,p2=1,d0=1,d1=1,d2=1,type_kernel=f16): OK
  CONV_3D(N=1,IC=3,ID=18,IH=22,IW=20,OC=1,KD=3,KH=1,KW=5,s0=2,s1=1,s2=1,p0=2,p1=0,p2=1,d0=1,d1=1,d2=2,type_kernel=f16): OK
  CONV_3D(N=1,IC=3,ID=18,IH=22,IW=20,OC=1,KD=3,KH=3,KW=3,s0=1,s1=1,s2=1,p0=1,p1=1,p2=1,d0=2,d1=2,d2=2,type_kernel=f16): OK
  CONV_3D(N=1,IC=3,ID=18,IH=22,IW=20,OC=1,KD=3,KH=1,KW=5,s0=2,s1=1,s2=1,p0=2,p1=0,p2=1,d0=1,d1=1,d2=2,type_kernel=f16): OK
  CONV_3D(N=1,IC=3,ID=18,IH=22,IW=20,OC=1,KD=3,KH=3,KW=3,s0=2,s1=2,s2=2,p0=0,p1=0,p2=0,d0=1,d1=1,d2=1,type_kernel=f16): OK
  CONV_3D(N=1,IC=3,ID=18,IH=22,IW=20,OC=1,KD=3,KH=1,KW=5,s0=2,s1=1,s2=1,p0=2,p1=0,p2=1,d0=1,d1=1,d2=2,type_kernel=f16): OK
  CONV_3D(N=1,IC=3,ID=18,IH=22,IW=20,OC=1,KD=3,KH=3,KW=3,s0=2,s1=2,s2=2,p0=0,p1=0,p2=0,d0=2,d1=2,d2=2,type_kernel=f16): OK
  CONV_3D(N=1,IC=3,ID=18,IH=22,IW=20,OC=1,KD=3,KH=1,KW=5,s0=2,s1=1,s2=1,p0=2,p1=0,p2=1,d0=1,d1=1,d2=2,type_kernel=f16): OK
  CONV_3D(N=1,IC=3,ID=18,IH=22,IW=20,OC=1,KD=3,KH=3,KW=3,s0=2,s1=2,s2=2,p0=1,p1=1,p2=1,d0=1,d1=1,d2=1,type_kernel=f16): OK
  CONV_3D(N=1,IC=3,ID=18,IH=22,IW=20,OC=1,KD=3,KH=1,KW=5,s0=2,s1=1,s2=1,p0=2,p1=0,p2=1,d0=1,d1=1,d2=2,type_kernel=f16): OK
  CONV_3D(N=1,IC=3,ID=18,IH=22,IW=20,OC=1,KD=3,KH=3,KW=3,s0=2,s1=2,s2=2,p0=1,p1=1,p2=1,d0=2,d1=2,d2=2,type_kernel=f16): OK
  CONV_3D(N=1,IC=3,ID=18,IH=22,IW=20,OC=1,KD=3,KH=1,KW=5,s0=2,s1=1,s2=1,p0=2,p1=0,p2=1,d0=1,d1=1,d2=2,type_kernel=f16): OK
  CONV_3D(N=1,IC=3,ID=18,IH=22,IW=20,OC=4,KD=3,KH=3,KW=3,s0=1,s1=1,s2=1,p0=0,p1=0,p2=0,d0=1,d1=1,d2=1,type_kernel=f16): OK
  CONV_3D(N=1,IC=3,ID=18,IH=22,IW=20,OC=4,KD=3,KH=1,KW=5,s0=2,s1=1,s2=1,p0=2,p1=0,p2=1,d0=1,d1=1,d2=2,type_kernel=f16): OK
  CONV_3D(N=1,IC=3,ID=18,IH=22,IW=20,OC=4,KD=3,KH=3,KW=3,s0=1,s1=1,s2=1,p0=0,p1=0,p2=0,d0=2,d1=2,d2=2,type_kernel=f16): OK
  CONV_3D(N=1,IC=3,ID=18,IH=22,IW=20,OC=4,KD=3,KH=1,KW=5,s0=2,s1=1,s2=1,p0=2,p1=0,p2=1,d0=1,d1=1,d2=2,type_kernel=f16): OK
  CONV_3D(N=1,IC=3,ID=18,IH=22,IW=20,OC=4,KD=3,KH=3,KW=3,s0=1,s1=1,s2=1,p0=1,p1=1,p2=1,d0=1,d1=1,d2=1,type_kernel=f16): OK
  CONV_3D(N=1,IC=3,ID=18,IH=22,IW=20,OC=4,KD=3,KH=1,KW=5,s0=2,s1=1,s2=1,p0=2,p1=0,p2=1,d0=1,d1=1,d2=2,type_kernel=f16): OK
  CONV_3D(N=1,IC=3,ID=18,IH=22,IW=20,OC=4,KD=3,KH=3,KW=3,s0=1,s1=1,s2=1,p0=1,p1=1,p2=1,d0=2,d1=2,d2=2,type_kernel=f16): OK
  CONV_3D(N=1,IC=3,ID=18,IH=22,IW=20,OC=4,KD=3,KH=1,KW=5,s0=2,s1=1,s2=1,p0=2,p1=0,p2=1,d0=1,d1=1,d2=2,type_kernel=f16): OK
  CONV_3D(N=1,IC=3,ID=18,IH=22,IW=20,OC=4,KD=3,KH=3,KW=3,s0=2,s1=2,s2=2,p0=0,p1=0,p2=0,d0=1,d1=1,d2=1,type_kernel=f16): OK
  CONV_3D(N=1,IC=3,ID=18,IH=22,IW=20,OC=4,KD=3,KH=1,KW=5,s0=2,s1=1,s2=1,p0=2,p1=0,p2=1,d0=1,d1=1,d2=2,type_kernel=f16): OK
  CONV_3D(N=1,IC=3,ID=18,IH=22,IW=20,OC=4,KD=3,KH=3,KW=3,s0=2,s1=2,s2=2,p0=0,p1=0,p2=0,d0=2,d1=2,d2=2,type_kernel=f16): OK
  CONV_3D(N=1,IC=3,ID=18,IH=22,IW=20,OC=4,KD=3,KH=1,KW=5,s0=2,s1=1,s2=1,p0=2,p1=0,p2=1,d0=1,d1=1,d2=2,type_kernel=f16): OK
  CONV_3D(N=1,IC=3,ID=18,IH=22,IW=20,OC=4,KD=3,KH=3,KW=3,s0=2,s1=2,s2=2,p0=1,p1=1,p2=1,d0=1,d1=1,d2=1,type_kernel=f16): OK
  CONV_3D(N=1,IC=3,ID=18,IH=22,IW=20,OC=4,KD=3,KH=1,KW=5,s0=2,s1=1,s2=1,p0=2,p1=0,p2=1,d0=1,d1=1,d2=2,type_kernel=f16): OK
  CONV_3D(N=1,IC=3,ID=18,IH=22,IW=20,OC=4,KD=3,KH=3,KW=3,s0=2,s1=2,s2=2,p0=1,p1=1,p2=1,d0=2,d1=2,d2=2,type_kernel=f16): OK
  CONV_3D(N=1,IC=3,ID=18,IH=22,IW=20,OC=4,KD=3,KH=1,KW=5,s0=2,s1=1,s2=1,p0=2,p1=0,p2=1,d0=1,d1=1,d2=2,type_kernel=f16): OK
  CONV_3D(N=2,IC=1,ID=18,IH=22,IW=20,OC=1,KD=3,KH=3,KW=3,s0=1,s1=1,s2=1,p0=0,p1=0,p2=0,d0=1,d1=1,d2=1,type_kernel=f16): OK
  CONV_3D(N=2,IC=1,ID=18,IH=22,IW=20,OC=1,KD=3,KH=1,KW=5,s0=2,s1=1,s2=1,p0=2,p1=0,p2=1,d0=1,d1=1,d2=2,type_kernel=f16): OK
  CONV_3D(N=2,IC=1,ID=18,IH=22,IW=20,OC=1,KD=3,KH=3,KW=3,s0=1,s1=1,s2=1,p0=0,p1=0,p2=0,d0=2,d1=2,d2=2,type_kernel=f16): OK
  CONV_3D(N=2,IC=1,ID=18,IH=22,IW=20,OC=1,KD=3,KH=1,KW=5,s0=2,s1=1,s2=1,p0=2,p1=0,p2=1,d0=1,d1=1,d2=2,type_kernel=f16): OK
  CONV_3D(N=2,IC=1,ID=18,IH=22,IW=20,OC=1,KD=3,KH=3,KW=3,s0=1,s1=1,s2=1,p0=1,p1=1,p2=1,d0=1,d1=1,d2=1,type_kernel=f16): OK
  CONV_3D(N=2,IC=1,ID=18,IH=22,IW=20,OC=1,KD=3,KH=1,KW=5,s0=2,s1=1,s2=1,p0=2,p1=0,p2=1,d0=1,d1=1,d2=2,type_kernel=f16): OK
  CONV_3D(N=2,IC=1,ID=18,IH=22,IW=20,OC=1,KD=3,KH=3,KW=3,s0=1,s1=1,s2=1,p0=1,p1=1,p2=1,d0=2,d1=2,d2=2,type_kernel=f16): OK
  CONV_3D(N=2,IC=1,ID=18,IH=22,IW=20,OC=1,KD=3,KH=1,KW=5,s0=2,s1=1,s2=1,p0=2,p1=0,p2=1,d0=1,d1=1,d2=2,type_kernel=f16): OK
  CONV_3D(N=2,IC=1,ID=18,IH=22,IW=20,OC=1,KD=3,KH=3,KW=3,s0=2,s1=2,s2=2,p0=0,p1=0,p2=0,d0=1,d1=1,d2=1,type_kernel=f16): OK
  CONV_3D(N=2,IC=1,ID=18,IH=22,IW=20,OC=1,KD=3,KH=1,KW=5,s0=2,s1=1,s2=1,p0=2,p1=0,p2=1,d0=1,d1=1,d2=2,type_kernel=f16): OK
  CONV_3D(N=2,IC=1,ID=18,IH=22,IW=20,OC=1,KD=3,KH=3,KW=3,s0=2,s1=2,s2=2,p0=0,p1=0,p2=0,d0=2,d1=2,d2=2,type_kernel=f16): OK
  CONV_3D(N=2,IC=1,ID=18,IH=22,IW=20,OC=1,KD=3,KH=1,KW=5,s0=2,s1=1,s2=1,p0=2,p1=0,p2=1,d0=1,d1=1,d2=2,type_kernel=f16): OK
  CONV_3D(N=2,IC=1,ID=18,IH=22,IW=20,OC=1,KD=3,KH=3,KW=3,s0=2,s1=2,s2=2,p0=1,p1=1,p2=1,d0=1,d1=1,d2=1,type_kernel=f16): OK
  CONV_3D(N=2,IC=1,ID=18,IH=22,IW=20,OC=1,KD=3,KH=1,KW=5,s0=2,s1=1,s2=1,p0=2,p1=0,p2=1,d0=1,d1=1,d2=2,type_kernel=f16): OK
  CONV_3D(N=2,IC=1,ID=18,IH=22,IW=20,OC=1,KD=3,KH=3,KW=3,s0=2,s1=2,s2=2,p0=1,p1=1,p2=1,d0=2,d1=2,d2=2,type_kernel=f16): OK
  CONV_3D(N=2,IC=1,ID=18,IH=22,IW=20,OC=1,KD=3,KH=1,KW=5,s0=2,s1=1,s2=1,p0=2,p1=0,p2=1,d0=1,d1=1,d2=2,type_kernel=f16): OK
  CONV_3D(N=2,IC=1,ID=18,IH=22,IW=20,OC=4,KD=3,KH=3,KW=3,s0=1,s1=1,s2=1,p0=0,p1=0,p2=0,d0=1,d1=1,d2=1,type_kernel=f16): OK
  CONV_3D(N=2,IC=1,ID=18,IH=22,IW=20,OC=4,KD=3,KH=1,KW=5,s0=2,s1=1,s2=1,p0=2,p1=0,p2=1,d0=1,d1=1,d2=2,type_kernel=f16): OK
  CONV_3D(N=2,IC=1,ID=18,IH=22,IW=20,OC=4,KD=3,KH=3,KW=3,s0=1,s1=1,s2=1,p0=0,p1=0,p2=0,d0=2,d1=2,d2=2,type_kernel=f16): OK
  CONV_3D(N=2,IC=1,ID=18,IH=22,IW=20,OC=4,KD=3,KH=1,KW=5,s0=2,s1=1,s2=1,p0=2,p1=0,p2=1,d0=1,d1=1,d2=2,type_kernel=f16): OK
  CONV_3D(N=2,IC=1,ID=18,IH=22,IW=20,OC=4,KD=3,KH=3,KW=3,s0=1,s1=1,s2=1,p0=1,p1=1,p2=1,d0=1,d1=1,d2=1,type_kernel=f16): OK
  CONV_3D(N=2,IC=1,ID=18,IH=22,IW=20,OC=4,KD=3,KH=1,KW=5,s0=2,s1=1,s2=1,p0=2,p1=0,p2=1,d0=1,d1=1,d2=2,type_kernel=f16): OK
  CONV_3D(N=2,IC=1,ID=18,IH=22,IW=20,OC=4,KD=3,KH=3,KW=3,s0=1,s1=1,s2=1,p0=1,p1=1,p2=1,d0=2,d1=2,d2=2,type_kernel=f16): OK
  CONV_3D(N=2,IC=1,ID=18,IH=22,IW=20,OC=4,KD=3,KH=1,KW=5,s0=2,s1=1,s2=1,p0=2,p1=0,p2=1,d0=1,d1=1,d2=2,type_kernel=f16): OK
  CONV_3D(N=2,IC=1,ID=18,IH=22,IW=20,OC=4,KD=3,KH=3,KW=3,s0=2,s1=2,s2=2,p0=0,p1=0,p2=0,d0=1,d1=1,d2=1,type_kernel=f16): OK
  CONV_3D(N=2,IC=1,ID=18,IH=22,IW=20,OC=4,KD=3,KH=1,KW=5,s0=2,s1=1,s2=1,p0=2,p1=0,p2=1,d0=1,d1=1,d2=2,type_kernel=f16): OK
  CONV_3D(N=2,IC=1,ID=18,IH=22,IW=20,OC=4,KD=3,KH=3,KW=3,s0=2,s1=2,s2=2,p0=0,p1=0,p2=0,d0=2,d1=2,d2=2,type_kernel=f16): OK
  CONV_3D(N=2,IC=1,ID=18,IH=22,IW=20,OC=4,KD=3,KH=1,KW=5,s0=2,s1=1,s2=1,p0=2,p1=0,p2=1,d0=1,d1=1,d2=2,type_kernel=f16): OK
  CONV_3D(N=2,IC=1,ID=18,IH=22,IW=20,OC=4,KD=3,KH=3,KW=3,s0=2,s1=2,s2=2,p0=1,p1=1,p2=1,d0=1,d1=1,d2=1,type_kernel=f16): OK
  CONV_3D(N=2,IC=1,ID=18,IH=22,IW=20,OC=4,KD=3,KH=1,KW=5,s0=2,s1=1,s2=1,p0=2,p1=0,p2=1,d0=1,d1=1,d2=2,type_kernel=f16): OK
  CONV_3D(N=2,IC=1,ID=18,IH=22,IW=20,OC=4,KD=3,KH=3,KW=3,s0=2,s1=2,s2=2,p0=1,p1=1,p2=1,d0=2,d1=2,d2=2,type_kernel=f16): OK
  CONV_3D(N=2,IC=1,ID=18,IH=22,IW=20,OC=4,KD=3,KH=1,KW=5,s0=2,s1=1,s2=1,p0=2,p1=0,p2=1,d0=1,d1=1,d2=2,type_kernel=f16): OK
  CONV_3D(N=2,IC=3,ID=18,IH=22,IW=20,OC=1,KD=3,KH=3,KW=3,s0=1,s1=1,s2=1,p0=0,p1=0,p2=0,d0=1,d1=1,d2=1,type_kernel=f16): OK
  CONV_3D(N=2,IC=3,ID=18,IH=22,IW=20,OC=1,KD=3,KH=1,KW=5,s0=2,s1=1,s2=1,p0=2,p1=0,p2=1,d0=1,d1=1,d2=2,type_kernel=f16): OK
  CONV_3D(N=2,IC=3,ID=18,IH=22,IW=20,OC=1,KD=3,KH=3,KW=3,s0=1,s1=1,s2=1,p0=0,p1=0,p2=0,d0=2,d1=2,d2=2,type_kernel=f16): OK
  CONV_3D(N=2,IC=3,ID=18,IH=22,IW=20,OC=1,KD=3,KH=1,KW=5,s0=2,s1=1,s2=1,p0=2,p1=0,p2=1,d0=1,d1=1,d2=2,type_kernel=f16): OK
  CONV_3D(N=2,IC=3,ID=18,IH=22,IW=20,OC=1,KD=3,KH=3,KW=3,s0=1,s1=1,s2=1,p0=1,p1=1,p2=1,d0=1,d1=1,d2=1,type_kernel=f16): OK
  CONV_3D(N=2,IC=3,ID=18,IH=22,IW=20,OC=1,KD=3,KH=1,KW=5,s0=2,s1=1,s2=1,p0=2,p1=0,p2=1,d0=1,d1=1,d2=2,type_kernel=f16): OK
  CONV_3D(N=2,IC=3,ID=18,IH=22,IW=20,OC=1,KD=3,KH=3,KW=3,s0=1,s1=1,s2=1,p0=1,p1=1,p2=1,d0=2,d1=2,d2=2,type_kernel=f16): OK
  CONV_3D(N=2,IC=3,ID=18,IH=22,IW=20,OC=1,KD=3,KH=1,KW=5,s0=2,s1=1,s2=1,p0=2,p1=0,p2=1,d0=1,d1=1,d2=2,type_kernel=f16): OK
  CONV_3D(N=2,IC=3,ID=18,IH=22,IW=20,OC=1,KD=3,KH=3,KW=3,s0=2,s1=2,s2=2,p0=0,p1=0,p2=0,d0=1,d1=1,d2=1,type_kernel=f16): OK
  CONV_3D(N=2,IC=3,ID=18,IH=22,IW=20,OC=1,KD=3,KH=1,KW=5,s0=2,s1=1,s2=1,p0=2,p1=0,p2=1,d0=1,d1=1,d2=2,type_kernel=f16): OK
  CONV_3D(N=2,IC=3,ID=18,IH=22,IW=20,OC=1,KD=3,KH=3,KW=3,s0=2,s1=2,s2=2,p0=0,p1=0,p2=0,d0=2,d1=2,d2=2,type_kernel=f16): OK
  CONV_3D(N=2,IC=3,ID=18,IH=22,IW=20,OC=1,KD=3,KH=1,KW=5,s0=2,s1=1,s2=1,p0=2,p1=0,p2=1,d0=1,d1=1,d2=2,type_kernel=f16): OK
  CONV_3D(N=2,IC=3,ID=18,IH=22,IW=20,OC=1,KD=3,KH=3,KW=3,s0=2,s1=2,s2=2,p0=1,p1=1,p2=1,d0=1,d1=1,d2=1,type_kernel=f16): OK
  CONV_3D(N=2,IC=3,ID=18,IH=22,IW=20,OC=1,KD=3,KH=1,KW=5,s0=2,s1=1,s2=1,p0=2,p1=0,p2=1,d0=1,d1=1,d2=2,type_kernel=f16): OK
  CONV_3D(N=2,IC=3,ID=18,IH=22,IW=20,OC=1,KD=3,KH=3,KW=3,s0=2,s1=2,s2=2,p0=1,p1=1,p2=1,d0=2,d1=2,d2=2,type_kernel=f16): OK
  CONV_3D(N=2,IC=3,ID=18,IH=22,IW=20,OC=1,KD=3,KH=1,KW=5,s0=2,s1=1,s2=1,p0=2,p1=0,p2=1,d0=1,d1=1,d2=2,type_kernel=f16): OK
  CONV_3D(N=2,IC=3,ID=18,IH=22,IW=20,OC=4,KD=3,KH=3,KW=3,s0=1,s1=1,s2=1,p0=0,p1=0,p2=0,d0=1,d1=1,d2=1,type_kernel=f16): OK
  CONV_3D(N=2,IC=3,ID=18,IH=22,IW=20,OC=4,KD=3,KH=1,KW=5,s0=2,s1=1,s2=1,p0=2,p1=0,p2=1,d0=1,d1=1,d2=2,type_kernel=f16): OK
  CONV_3D(N=2,IC=3,ID=18,IH=22,IW=20,OC=4,KD=3,KH=3,KW=3,s0=1,s1=1,s2=1,p0=0,p1=0,p2=0,d0=2,d1=2,d2=2,type_kernel=f16): OK
  CONV_3D(N=2,IC=3,ID=18,IH=22,IW=20,OC=4,KD=3,KH=1,KW=5,s0=2,s1=1,s2=1,p0=2,p1=0,p2=1,d0=1,d1=1,d2=2,type_kernel=f16): OK
  CONV_3D(N=2,IC=3,ID=18,IH=22,IW=20,OC=4,KD=3,KH=3,KW=3,s0=1,s1=1,s2=1,p0=1,p1=1,p2=1,d0=1,d1=1,d2=1,type_kernel=f16): OK
  CONV_3D(N=2,IC=3,ID=18,IH=22,IW=20,OC=4,KD=3,KH=1,KW=5,s0=2,s1=1,s2=1,p0=2,p1=0,p2=1,d0=1,d1=1,d2=2,type_kernel=f16): OK
  CONV_3D(N=2,IC=3,ID=18,IH=22,IW=20,OC=4,KD=3,KH=3,KW=3,s0=1,s1=1,s2=1,p0=1,p1=1,p2=1,d0=2,d1=2,d2=2,type_kernel=f16): OK
  CONV_3D(N=2,IC=3,ID=18,IH=22,IW=20,OC=4,KD=3,KH=1,KW=5,s0=2,s1=1,s2=1,p0=2,p1=0,p2=1,d0=1,d1=1,d2=2,type_kernel=f16): OK
  CONV_3D(N=2,IC=3,ID=18,IH=22,IW=20,OC=4,KD=3,KH=3,KW=3,s0=2,s1=2,s2=2,p0=0,p1=0,p2=0,d0=1,d1=1,d2=1,type_kernel=f16): OK
  CONV_3D(N=2,IC=3,ID=18,IH=22,IW=20,OC=4,KD=3,KH=1,KW=5,s0=2,s1=1,s2=1,p0=2,p1=0,p2=1,d0=1,d1=1,d2=2,type_kernel=f16): OK
  CONV_3D(N=2,IC=3,ID=18,IH=22,IW=20,OC=4,KD=3,KH=3,KW=3,s0=2,s1=2,s2=2,p0=0,p1=0,p2=0,d0=2,d1=2,d2=2,type_kernel=f16): OK
  CONV_3D(N=2,IC=3,ID=18,IH=22,IW=20,OC=4,KD=3,KH=1,KW=5,s0=2,s1=1,s2=1,p0=2,p1=0,p2=1,d0=1,d1=1,d2=2,type_kernel=f16): OK
  CONV_3D(N=2,IC=3,ID=18,IH=22,IW=20,OC=4,KD=3,KH=3,KW=3,s0=2,s1=2,s2=2,p0=1,p1=1,p2=1,d0=1,d1=1,d2=1,type_kernel=f16): OK
  CONV_3D(N=2,IC=3,ID=18,IH=22,IW=20,OC=4,KD=3,KH=1,KW=5,s0=2,s1=1,s2=1,p0=2,p1=0,p2=1,d0=1,d1=1,d2=2,type_kernel=f16): OK
  CONV_3D(N=2,IC=3,ID=18,IH=22,IW=20,OC=4,KD=3,KH=3,KW=3,s0=2,s1=2,s2=2,p0=1,p1=1,p2=1,d0=2,d1=2,d2=2,type_kernel=f16): OK
  CONV_3D(N=2,IC=3,ID=18,IH=22,IW=20,OC=4,KD=3,KH=1,KW=5,s0=2,s1=1,s2=1,p0=2,p1=0,p2=1,d0=1,d1=1,d2=2,type_kernel=f16): OK
  CONV_3D(N=1,IC=4,ID=8,IH=8,IW=8,OC=8,KD=1,KH=1,KW=1,s0=1,s1=1,s2=1,p0=0,p1=0,p2=0,d0=1,d1=1,d2=1,type_kernel=f16): OK
  350/350 tests passed
  Backend RD0: OK
2/2 backends passed
OK
ggml_test: test-backend-ops returned 0
ggml_test: rd stats graphs=1847 nodes=2483 dispatches=991 skipped=1492 barriers=573 failed_graphs=0 last{nodes=1 dispatches=0 barriers=0 skipped=1} pipelines=6 set0_created=355 slots_created=256 coop_yields=2 waits=355 faults=0 params_bytes=253696 set_bytes=352374956 get_bytes=618228556 copies=0 clears=0 buffers_live=0 bytes_live=0
