Testing 2 devices

Backend 1/2: CPU
  Skipping
Backend 2/2: RD0
  Device description: Godot RenderingDevice (NVIDIA GeForce RTX 4090)
  Device memory: 24576 MB (24576 MB free)

  NORM(type=f32,ne=[64,5,4,3],v=0,eps=0.000000,noncontig_rows=0): OK
  RMS_NORM(type=f32,ne=[64,5,4,3],v=0,eps=0.000000,inplace=0): OK
  NORM(type=f32,ne=[64,5,4,3],v=1,eps=0.000000,noncontig_rows=0): OK
  RMS_NORM(type=f32,ne=[64,5,4,3],v=1,eps=0.000000,inplace=0): OK
  NORM(type=f32,ne=[64,5,4,3],v=0,eps=0.000000,noncontig_rows=1): OK
  NORM(type=f32,ne=[1025,5,4,3],v=0,eps=0.000000,noncontig_rows=0): OK
  RMS_NORM(type=f32,ne=[1025,5,4,3],v=0,eps=0.000000,inplace=0): OK
  NORM(type=f32,ne=[1025,5,4,3],v=1,eps=0.000000,noncontig_rows=0): OK
  RMS_NORM(type=f32,ne=[1025,5,4,3],v=1,eps=0.000000,inplace=0): OK
  NORM(type=f32,ne=[1025,5,4,3],v=0,eps=0.000000,noncontig_rows=1): OK
  NORM(type=f32,ne=[64,5,4,3],v=0,eps=0.000001,noncontig_rows=0): OK
  RMS_NORM(type=f32,ne=[64,5,4,3],v=0,eps=0.000001,inplace=0): OK
  NORM(type=f32,ne=[64,5,4,3],v=1,eps=0.000001,noncontig_rows=0): OK
  RMS_NORM(type=f32,ne=[64,5,4,3],v=1,eps=0.000001,inplace=0): OK
  NORM(type=f32,ne=[64,5,4,3],v=0,eps=0.000001,noncontig_rows=1): OK
  NORM(type=f32,ne=[1025,5,4,3],v=0,eps=0.000001,noncontig_rows=0): OK
  RMS_NORM(type=f32,ne=[1025,5,4,3],v=0,eps=0.000001,inplace=0): OK
  NORM(type=f32,ne=[1025,5,4,3],v=1,eps=0.000001,noncontig_rows=0): OK
  RMS_NORM(type=f32,ne=[1025,5,4,3],v=1,eps=0.000001,inplace=0): OK
  NORM(type=f32,ne=[1025,5,4,3],v=0,eps=0.000001,noncontig_rows=1): OK
  NORM(type=f32,ne=[64,5,4,3],v=0,eps=0.000100,noncontig_rows=0): OK
  RMS_NORM(type=f32,ne=[64,5,4,3],v=0,eps=0.000100,inplace=0): OK
  NORM(type=f32,ne=[64,5,4,3],v=1,eps=0.000100,noncontig_rows=0): OK
  RMS_NORM(type=f32,ne=[64,5,4,3],v=1,eps=0.000100,inplace=0): OK
  NORM(type=f32,ne=[64,5,4,3],v=0,eps=0.000100,noncontig_rows=1): OK
  NORM(type=f32,ne=[1025,5,4,3],v=0,eps=0.000100,noncontig_rows=0): OK
  RMS_NORM(type=f32,ne=[1025,5,4,3],v=0,eps=0.000100,inplace=0): OK
  NORM(type=f32,ne=[1025,5,4,3],v=1,eps=0.000100,noncontig_rows=0): OK
  RMS_NORM(type=f32,ne=[1025,5,4,3],v=1,eps=0.000100,inplace=0): OK
  NORM(type=f32,ne=[1025,5,4,3],v=0,eps=0.000100,noncontig_rows=1): OK
  NORM(type=f32,ne=[64,5,4,3],v=0,eps=0.100000,noncontig_rows=0): OK
  RMS_NORM(type=f32,ne=[64,5,4,3],v=0,eps=0.100000,inplace=0): OK
  NORM(type=f32,ne=[64,5,4,3],v=1,eps=0.100000,noncontig_rows=0): OK
  RMS_NORM(type=f32,ne=[64,5,4,3],v=1,eps=0.100000,inplace=0): OK
  NORM(type=f32,ne=[64,5,4,3],v=0,eps=0.100000,noncontig_rows=1): OK
  NORM(type=f32,ne=[1025,5,4,3],v=0,eps=0.100000,noncontig_rows=0): OK
  RMS_NORM(type=f32,ne=[1025,5,4,3],v=0,eps=0.100000,inplace=0): OK
  NORM(type=f32,ne=[1025,5,4,3],v=1,eps=0.100000,noncontig_rows=0): OK
  RMS_NORM(type=f32,ne=[1025,5,4,3],v=1,eps=0.100000,inplace=0): OK
  NORM(type=f32,ne=[1025,5,4,3],v=0,eps=0.100000,noncontig_rows=1): OK
  NORM(type=f32,ne=[64,5,4,3],v=0,eps=10.000000,noncontig_rows=0): OK
  RMS_NORM(type=f32,ne=[64,5,4,3],v=0,eps=10.000000,inplace=0): OK
  NORM(type=f32,ne=[64,5,4,3],v=1,eps=10.000000,noncontig_rows=0): OK
  RMS_NORM(type=f32,ne=[64,5,4,3],v=1,eps=10.000000,inplace=0): OK
  NORM(type=f32,ne=[64,5,4,3],v=0,eps=10.000000,noncontig_rows=1): OK
  NORM(type=f32,ne=[1025,5,4,3],v=0,eps=10.000000,noncontig_rows=0): OK
  RMS_NORM(type=f32,ne=[1025,5,4,3],v=0,eps=10.000000,inplace=0): OK
  NORM(type=f32,ne=[1025,5,4,3],v=1,eps=10.000000,noncontig_rows=0): OK
  RMS_NORM(type=f32,ne=[1025,5,4,3],v=1,eps=10.000000,inplace=0): OK
  NORM(type=f32,ne=[1025,5,4,3],v=0,eps=10.000000,noncontig_rows=1): OK
  RMS_NORM(type=f32,ne=[64,5,4,3],v=0,eps=0.000001,inplace=1): OK
  SOFT_MAX(type=f32,ne=[16,16,1,1],mask=0,sinks=0,m_prec=f32,nr23=[1,1],scale=1.000000,max_bias=0.000000,inplace=0): OK
  SOFT_MAX(type=f32,ne=[15,15,1,1],mask=0,sinks=0,m_prec=f32,nr23=[1,1],scale=1.000000,max_bias=0.000000,inplace=0): OK
  SOFT_MAX(type=f32,ne=[16,1024,1,1],mask=0,sinks=0,m_prec=f32,nr23=[1,1],scale=1.000000,max_bias=0.000000,inplace=0): OK
  SOFT_MAX(type=f32,ne=[15,1023,1,1],mask=0,sinks=0,m_prec=f32,nr23=[1,1],scale=1.000000,max_bias=0.000000,inplace=0): OK
  SOFT_MAX(type=f32,ne=[1024,16,1,1],mask=0,sinks=0,m_prec=f32,nr23=[1,1],scale=1.000000,max_bias=0.000000,inplace=0): OK
  SOFT_MAX(type=f32,ne=[1023,15,1,1],mask=0,sinks=0,m_prec=f32,nr23=[1,1],scale=1.000000,max_bias=0.000000,inplace=0): OK
  SOFT_MAX(type=f32,ne=[1024,1024,1,1],mask=0,sinks=0,m_prec=f32,nr23=[1,1],scale=1.000000,max_bias=0.000000,inplace=0): OK
  SOFT_MAX(type=f32,ne=[1023,1023,1,1],mask=0,sinks=0,m_prec=f32,nr23=[1,1],scale=1.000000,max_bias=0.000000,inplace=0): OK
  SOFT_MAX(type=f32,ne=[16,16,1,1],mask=0,sinks=0,m_prec=f32,nr23=[1,1],scale=0.100000,max_bias=0.000000,inplace=0): OK
  SOFT_MAX(type=f32,ne=[15,15,1,1],mask=0,sinks=0,m_prec=f32,nr23=[1,1],scale=0.100000,max_bias=0.000000,inplace=0): OK
  SOFT_MAX(type=f32,ne=[16,1024,1,1],mask=0,sinks=0,m_prec=f32,nr23=[1,1],scale=0.100000,max_bias=0.000000,inplace=0): OK
  SOFT_MAX(type=f32,ne=[15,1023,1,1],mask=0,sinks=0,m_prec=f32,nr23=[1,1],scale=0.100000,max_bias=0.000000,inplace=0): OK
  SOFT_MAX(type=f32,ne=[1024,16,1,1],mask=0,sinks=0,m_prec=f32,nr23=[1,1],scale=0.100000,max_bias=0.000000,inplace=0): OK
  SOFT_MAX(type=f32,ne=[1023,15,1,1],mask=0,sinks=0,m_prec=f32,nr23=[1,1],scale=0.100000,max_bias=0.000000,inplace=0): OK
  SOFT_MAX(type=f32,ne=[1024,1024,1,1],mask=0,sinks=0,m_prec=f32,nr23=[1,1],scale=0.100000,max_bias=0.000000,inplace=0): OK
  SOFT_MAX(type=f32,ne=[1023,1023,1,1],mask=0,sinks=0,m_prec=f32,nr23=[1,1],scale=0.100000,max_bias=0.000000,inplace=0): OK
  SOFT_MAX(type=f32,ne=[16,2,32,1],mask=0,sinks=0,m_prec=f32,nr23=[1,1],scale=0.100000,max_bias=0.000000,inplace=1): OK
  SOFT_MAX(type=f32,ne=[16,2,32,1],mask=0,sinks=0,m_prec=f16,nr23=[1,1],scale=0.100000,max_bias=0.000000,inplace=1): OK
  SOFT_MAX(type=f32,ne=[16,16,1,1],mask=0,sinks=1,m_prec=f32,nr23=[1,1],scale=1.000000,max_bias=0.000000,inplace=0): not supported [RD0] 
  SOFT_MAX(type=f32,ne=[15,15,1,1],mask=0,sinks=1,m_prec=f32,nr23=[1,1],scale=1.000000,max_bias=0.000000,inplace=0): not supported [RD0] 
  SOFT_MAX(type=f32,ne=[16,1024,1,1],mask=0,sinks=1,m_prec=f32,nr23=[1,1],scale=1.000000,max_bias=0.000000,inplace=0): not supported [RD0] 
  SOFT_MAX(type=f32,ne=[15,1023,1,1],mask=0,sinks=1,m_prec=f32,nr23=[1,1],scale=1.000000,max_bias=0.000000,inplace=0): not supported [RD0] 
  SOFT_MAX(type=f32,ne=[1024,16,1,1],mask=0,sinks=1,m_prec=f32,nr23=[1,1],scale=1.000000,max_bias=0.000000,inplace=0): not supported [RD0] 
  SOFT_MAX(type=f32,ne=[1023,15,1,1],mask=0,sinks=1,m_prec=f32,nr23=[1,1],scale=1.000000,max_bias=0.000000,inplace=0): not supported [RD0] 
  SOFT_MAX(type=f32,ne=[1024,1024,1,1],mask=0,sinks=1,m_prec=f32,nr23=[1,1],scale=1.000000,max_bias=0.000000,inplace=0): not supported [RD0] 
  SOFT_MAX(type=f32,ne=[1023,1023,1,1],mask=0,sinks=1,m_prec=f32,nr23=[1,1],scale=1.000000,max_bias=0.000000,inplace=0): not supported [RD0] 
  SOFT_MAX(type=f32,ne=[16,16,1,1],mask=0,sinks=1,m_prec=f32,nr23=[1,1],scale=0.100000,max_bias=0.000000,inplace=0): not supported [RD0] 
  SOFT_MAX(type=f32,ne=[15,15,1,1],mask=0,sinks=1,m_prec=f32,nr23=[1,1],scale=0.100000,max_bias=0.000000,inplace=0): not supported [RD0] 
  SOFT_MAX(type=f32,ne=[16,1024,1,1],mask=0,sinks=1,m_prec=f32,nr23=[1,1],scale=0.100000,max_bias=0.000000,inplace=0): not supported [RD0] 
  SOFT_MAX(type=f32,ne=[15,1023,1,1],mask=0,sinks=1,m_prec=f32,nr23=[1,1],scale=0.100000,max_bias=0.000000,inplace=0): not supported [RD0] 
  SOFT_MAX(type=f32,ne=[1024,16,1,1],mask=0,sinks=1,m_prec=f32,nr23=[1,1],scale=0.100000,max_bias=0.000000,inplace=0): not supported [RD0] 
  SOFT_MAX(type=f32,ne=[1023,15,1,1],mask=0,sinks=1,m_prec=f32,nr23=[1,1],scale=0.100000,max_bias=0.000000,inplace=0): not supported [RD0] 
  SOFT_MAX(type=f32,ne=[1024,1024,1,1],mask=0,sinks=1,m_prec=f32,nr23=[1,1],scale=0.100000,max_bias=0.000000,inplace=0): not supported [RD0] 
  SOFT_MAX(type=f32,ne=[1023,1023,1,1],mask=0,sinks=1,m_prec=f32,nr23=[1,1],scale=0.100000,max_bias=0.000000,inplace=0): not supported [RD0] 
  SOFT_MAX(type=f32,ne=[16,2,32,1],mask=0,sinks=1,m_prec=f32,nr23=[1,1],scale=0.100000,max_bias=0.000000,inplace=1): not supported [RD0] 
  SOFT_MAX(type=f32,ne=[16,2,32,1],mask=0,sinks=1,m_prec=f16,nr23=[1,1],scale=0.100000,max_bias=0.000000,inplace=1): not supported [RD0] 
  SOFT_MAX(type=f32,ne=[16,16,1,1],mask=1,sinks=0,m_prec=f32,nr23=[1,1],scale=1.000000,max_bias=0.000000,inplace=0): not supported [RD0] 
  SOFT_MAX(type=f32,ne=[15,15,1,1],mask=1,sinks=0,m_prec=f32,nr23=[1,1],scale=1.000000,max_bias=0.000000,inplace=0): not supported [RD0] 
  SOFT_MAX(type=f32,ne=[16,16,1,3],mask=1,sinks=0,m_prec=f32,nr23=[3,1],scale=1.000000,max_bias=0.000000,inplace=0): not supported [RD0] 
  SOFT_MAX(type=f32,ne=[15,15,1,1],mask=1,sinks=0,m_prec=f32,nr23=[2,3],scale=1.000000,max_bias=0.000000,inplace=0): not supported [RD0] 
  SOFT_MAX(type=f32,ne=[16,16,1,1],mask=1,sinks=0,m_prec=f16,nr23=[1,1],scale=1.000000,max_bias=0.000000,inplace=0): not supported [RD0] 
  SOFT_MAX(type=f32,ne=[15,15,1,1],mask=1,sinks=0,m_prec=f16,nr23=[1,1],scale=1.000000,max_bias=0.000000,inplace=0): not supported [RD0] 
  SOFT_MAX(type=f32,ne=[16,16,1,3],mask=1,sinks=0,m_prec=f16,nr23=[3,1],scale=1.000000,max_bias=0.000000,inplace=0): not supported [RD0] 
  SOFT_MAX(type=f32,ne=[15,15,1,1],mask=1,sinks=0,m_prec=f16,nr23=[2,3],scale=1.000000,max_bias=0.000000,inplace=0): not supported [RD0] 
  SOFT_MAX(type=f32,ne=[16,1024,1,1],mask=1,sinks=0,m_prec=f32,nr23=[1,1],scale=1.000000,max_bias=0.000000,inplace=0): not supported [RD0] 
  SOFT_MAX(type=f32,ne=[15,1023,1,1],mask=1,sinks=0,m_prec=f32,nr23=[1,1],scale=1.000000,max_bias=0.000000,inplace=0): not supported [RD0] 
  SOFT_MAX(type=f32,ne=[16,1024,1,1],mask=1,sinks=0,m_prec=f16,nr23=[1,1],scale=1.000000,max_bias=0.000000,inplace=0): not supported [RD0] 
  SOFT_MAX(type=f32,ne=[15,1023,1,1],mask=1,sinks=0,m_prec=f16,nr23=[1,1],scale=1.000000,max_bias=0.000000,inplace=0): not supported [RD0] 
  SOFT_MAX(type=f32,ne=[1024,16,1,1],mask=1,sinks=0,m_prec=f32,nr23=[1,1],scale=1.000000,max_bias=0.000000,inplace=0): not supported [RD0] 
  SOFT_MAX(type=f32,ne=[1023,15,1,1],mask=1,sinks=0,m_prec=f32,nr23=[1,1],scale=1.000000,max_bias=0.000000,inplace=0): not supported [RD0] 
  SOFT_MAX(type=f32,ne=[1024,16,1,1],mask=1,sinks=0,m_prec=f16,nr23=[1,1],scale=1.000000,max_bias=0.000000,inplace=0): not supported [RD0] 
  SOFT_MAX(type=f32,ne=[1023,15,1,1],mask=1,sinks=0,m_prec=f16,nr23=[1,1],scale=1.000000,max_bias=0.000000,inplace=0): not supported [RD0] 
  SOFT_MAX(type=f32,ne=[1024,1024,1,1],mask=1,sinks=0,m_prec=f32,nr23=[1,1],scale=1.000000,max_bias=0.000000,inplace=0): not supported [RD0] 
  SOFT_MAX(type=f32,ne=[1023,1023,1,1],mask=1,sinks=0,m_prec=f32,nr23=[1,1],scale=1.000000,max_bias=0.000000,inplace=0): not supported [RD0] 
  SOFT_MAX(type=f32,ne=[1024,1024,1,1],mask=1,sinks=0,m_prec=f16,nr23=[1,1],scale=1.000000,max_bias=0.000000,inplace=0): not supported [RD0] 
  SOFT_MAX(type=f32,ne=[1023,1023,1,1],mask=1,sinks=0,m_prec=f16,nr23=[1,1],scale=1.000000,max_bias=0.000000,inplace=0): not supported [RD0] 
  SOFT_MAX(type=f32,ne=[16,16,1,1],mask=1,sinks=0,m_prec=f32,nr23=[1,1],scale=0.100000,max_bias=0.000000,inplace=0): not supported [RD0] 
  SOFT_MAX(type=f32,ne=[15,15,1,1],mask=1,sinks=0,m_prec=f32,nr23=[1,1],scale=0.100000,max_bias=0.000000,inplace=0): not supported [RD0] 
  SOFT_MAX(type=f32,ne=[16,16,1,3],mask=1,sinks=0,m_prec=f32,nr23=[3,1],scale=0.100000,max_bias=0.000000,inplace=0): not supported [RD0] 
  SOFT_MAX(type=f32,ne=[15,15,1,1],mask=1,sinks=0,m_prec=f32,nr23=[2,3],scale=0.100000,max_bias=0.000000,inplace=0): not supported [RD0] 
  SOFT_MAX(type=f32,ne=[16,16,1,1],mask=1,sinks=0,m_prec=f16,nr23=[1,1],scale=0.100000,max_bias=0.000000,inplace=0): not supported [RD0] 
  SOFT_MAX(type=f32,ne=[15,15,1,1],mask=1,sinks=0,m_prec=f16,nr23=[1,1],scale=0.100000,max_bias=0.000000,inplace=0): not supported [RD0] 
  SOFT_MAX(type=f32,ne=[16,16,1,3],mask=1,sinks=0,m_prec=f16,nr23=[3,1],scale=0.100000,max_bias=0.000000,inplace=0): not supported [RD0] 
  SOFT_MAX(type=f32,ne=[15,15,1,1],mask=1,sinks=0,m_prec=f16,nr23=[2,3],scale=0.100000,max_bias=0.000000,inplace=0): not supported [RD0] 
  SOFT_MAX(type=f32,ne=[16,1024,1,1],mask=1,sinks=0,m_prec=f32,nr23=[1,1],scale=0.100000,max_bias=0.000000,inplace=0): not supported [RD0] 
  SOFT_MAX(type=f32,ne=[15,1023,1,1],mask=1,sinks=0,m_prec=f32,nr23=[1,1],scale=0.100000,max_bias=0.000000,inplace=0): not supported [RD0] 
  SOFT_MAX(type=f32,ne=[16,1024,1,1],mask=1,sinks=0,m_prec=f16,nr23=[1,1],scale=0.100000,max_bias=0.000000,inplace=0): not supported [RD0] 
  SOFT_MAX(type=f32,ne=[15,1023,1,1],mask=1,sinks=0,m_prec=f16,nr23=[1,1],scale=0.100000,max_bias=0.000000,inplace=0): not supported [RD0] 
  SOFT_MAX(type=f32,ne=[1024,16,1,1],mask=1,sinks=0,m_prec=f32,nr23=[1,1],scale=0.100000,max_bias=0.000000,inplace=0): not supported [RD0] 
  SOFT_MAX(type=f32,ne=[1023,15,1,1],mask=1,sinks=0,m_prec=f32,nr23=[1,1],scale=0.100000,max_bias=0.000000,inplace=0): not supported [RD0] 
  SOFT_MAX(type=f32,ne=[1024,16,1,1],mask=1,sinks=0,m_prec=f16,nr23=[1,1],scale=0.100000,max_bias=0.000000,inplace=0): not supported [RD0] 
  SOFT_MAX(type=f32,ne=[1023,15,1,1],mask=1,sinks=0,m_prec=f16,nr23=[1,1],scale=0.100000,max_bias=0.000000,inplace=0): not supported [RD0] 
  SOFT_MAX(type=f32,ne=[1024,1024,1,1],mask=1,sinks=0,m_prec=f32,nr23=[1,1],scale=0.100000,max_bias=0.000000,inplace=0): not supported [RD0] 
  SOFT_MAX(type=f32,ne=[1023,1023,1,1],mask=1,sinks=0,m_prec=f32,nr23=[1,1],scale=0.100000,max_bias=0.000000,inplace=0): not supported [RD0] 
  SOFT_MAX(type=f32,ne=[1024,1024,1,1],mask=1,sinks=0,m_prec=f16,nr23=[1,1],scale=0.100000,max_bias=0.000000,inplace=0): not supported [RD0] 
  SOFT_MAX(type=f32,ne=[1023,1023,1,1],mask=1,sinks=0,m_prec=f16,nr23=[1,1],scale=0.100000,max_bias=0.000000,inplace=0): not supported [RD0] 
  SOFT_MAX(type=f32,ne=[16,16,1,1],mask=1,sinks=0,m_prec=f32,nr23=[1,1],scale=1.000000,max_bias=8.000000,inplace=0): not supported [RD0] 
  SOFT_MAX(type=f32,ne=[15,15,1,1],mask=1,sinks=0,m_prec=f32,nr23=[1,1],scale=1.000000,max_bias=8.000000,inplace=0): not supported [RD0] 
  SOFT_MAX(type=f32,ne=[16,16,1,3],mask=1,sinks=0,m_prec=f32,nr23=[3,1],scale=1.000000,max_bias=8.000000,inplace=0): not supported [RD0] 
  SOFT_MAX(type=f32,ne=[15,15,1,1],mask=1,sinks=0,m_prec=f32,nr23=[2,3],scale=1.000000,max_bias=8.000000,inplace=0): not supported [RD0] 
  SOFT_MAX(type=f32,ne=[16,16,1,1],mask=1,sinks=0,m_prec=f16,nr23=[1,1],scale=1.000000,max_bias=8.000000,inplace=0): not supported [RD0] 
  SOFT_MAX(type=f32,ne=[15,15,1,1],mask=1,sinks=0,m_prec=f16,nr23=[1,1],scale=1.000000,max_bias=8.000000,inplace=0): not supported [RD0] 
  SOFT_MAX(type=f32,ne=[16,16,1,3],mask=1,sinks=0,m_prec=f16,nr23=[3,1],scale=1.000000,max_bias=8.000000,inplace=0): not supported [RD0] 
  SOFT_MAX(type=f32,ne=[15,15,1,1],mask=1,sinks=0,m_prec=f16,nr23=[2,3],scale=1.000000,max_bias=8.000000,inplace=0): not supported [RD0] 
  SOFT_MAX(type=f32,ne=[16,1024,1,1],mask=1,sinks=0,m_prec=f32,nr23=[1,1],scale=1.000000,max_bias=8.000000,inplace=0): not supported [RD0] 
  SOFT_MAX(type=f32,ne=[15,1023,1,1],mask=1,sinks=0,m_prec=f32,nr23=[1,1],scale=1.000000,max_bias=8.000000,inplace=0): not supported [RD0] 
  SOFT_MAX(type=f32,ne=[16,1024,1,1],mask=1,sinks=0,m_prec=f16,nr23=[1,1],scale=1.000000,max_bias=8.000000,inplace=0): not supported [RD0] 
  SOFT_MAX(type=f32,ne=[15,1023,1,1],mask=1,sinks=0,m_prec=f16,nr23=[1,1],scale=1.000000,max_bias=8.000000,inplace=0): not supported [RD0] 
  SOFT_MAX(type=f32,ne=[1024,16,1,1],mask=1,sinks=0,m_prec=f32,nr23=[1,1],scale=1.000000,max_bias=8.000000,inplace=0): not supported [RD0] 
  SOFT_MAX(type=f32,ne=[1023,15,1,1],mask=1,sinks=0,m_prec=f32,nr23=[1,1],scale=1.000000,max_bias=8.000000,inplace=0): not supported [RD0] 
  SOFT_MAX(type=f32,ne=[1024,16,1,1],mask=1,sinks=0,m_prec=f16,nr23=[1,1],scale=1.000000,max_bias=8.000000,inplace=0): not supported [RD0] 
  SOFT_MAX(type=f32,ne=[1023,15,1,1],mask=1,sinks=0,m_prec=f16,nr23=[1,1],scale=1.000000,max_bias=8.000000,inplace=0): not supported [RD0] 
  SOFT_MAX(type=f32,ne=[1024,1024,1,1],mask=1,sinks=0,m_prec=f32,nr23=[1,1],scale=1.000000,max_bias=8.000000,inplace=0): not supported [RD0] 
  SOFT_MAX(type=f32,ne=[1023,1023,1,1],mask=1,sinks=0,m_prec=f32,nr23=[1,1],scale=1.000000,max_bias=8.000000,inplace=0): not supported [RD0] 
  SOFT_MAX(type=f32,ne=[1024,1024,1,1],mask=1,sinks=0,m_prec=f16,nr23=[1,1],scale=1.000000,max_bias=8.000000,inplace=0): not supported [RD0] 
  SOFT_MAX(type=f32,ne=[1023,1023,1,1],mask=1,sinks=0,m_prec=f16,nr23=[1,1],scale=1.000000,max_bias=8.000000,inplace=0): not supported [RD0] 
  SOFT_MAX(type=f32,ne=[16,16,1,1],mask=1,sinks=0,m_prec=f32,nr23=[1,1],scale=0.100000,max_bias=8.000000,inplace=0): not supported [RD0] 
  SOFT_MAX(type=f32,ne=[15,15,1,1],mask=1,sinks=0,m_prec=f32,nr23=[1,1],scale=0.100000,max_bias=8.000000,inplace=0): not supported [RD0] 
  SOFT_MAX(type=f32,ne=[16,16,1,3],mask=1,sinks=0,m_prec=f32,nr23=[3,1],scale=0.100000,max_bias=8.000000,inplace=0): not supported [RD0] 
  SOFT_MAX(type=f32,ne=[15,15,1,1],mask=1,sinks=0,m_prec=f32,nr23=[2,3],scale=0.100000,max_bias=8.000000,inplace=0): not supported [RD0] 
  SOFT_MAX(type=f32,ne=[16,16,1,1],mask=1,sinks=0,m_prec=f16,nr23=[1,1],scale=0.100000,max_bias=8.000000,inplace=0): not supported [RD0] 
  SOFT_MAX(type=f32,ne=[15,15,1,1],mask=1,sinks=0,m_prec=f16,nr23=[1,1],scale=0.100000,max_bias=8.000000,inplace=0): not supported [RD0] 
  SOFT_MAX(type=f32,ne=[16,16,1,3],mask=1,sinks=0,m_prec=f16,nr23=[3,1],scale=0.100000,max_bias=8.000000,inplace=0): not supported [RD0] 
  SOFT_MAX(type=f32,ne=[15,15,1,1],mask=1,sinks=0,m_prec=f16,nr23=[2,3],scale=0.100000,max_bias=8.000000,inplace=0): not supported [RD0] 
  SOFT_MAX(type=f32,ne=[16,1024,1,1],mask=1,sinks=0,m_prec=f32,nr23=[1,1],scale=0.100000,max_bias=8.000000,inplace=0): not supported [RD0] 
  SOFT_MAX(type=f32,ne=[15,1023,1,1],mask=1,sinks=0,m_prec=f32,nr23=[1,1],scale=0.100000,max_bias=8.000000,inplace=0): not supported [RD0] 
  SOFT_MAX(type=f32,ne=[16,1024,1,1],mask=1,sinks=0,m_prec=f16,nr23=[1,1],scale=0.100000,max_bias=8.000000,inplace=0): not supported [RD0] 
  SOFT_MAX(type=f32,ne=[15,1023,1,1],mask=1,sinks=0,m_prec=f16,nr23=[1,1],scale=0.100000,max_bias=8.000000,inplace=0): not supported [RD0] 
  SOFT_MAX(type=f32,ne=[1024,16,1,1],mask=1,sinks=0,m_prec=f32,nr23=[1,1],scale=0.100000,max_bias=8.000000,inplace=0): not supported [RD0] 
  SOFT_MAX(type=f32,ne=[1023,15,1,1],mask=1,sinks=0,m_prec=f32,nr23=[1,1],scale=0.100000,max_bias=8.000000,inplace=0): not supported [RD0] 
  SOFT_MAX(type=f32,ne=[1024,16,1,1],mask=1,sinks=0,m_prec=f16,nr23=[1,1],scale=0.100000,max_bias=8.000000,inplace=0): not supported [RD0] 
  SOFT_MAX(type=f32,ne=[1023,15,1,1],mask=1,sinks=0,m_prec=f16,nr23=[1,1],scale=0.100000,max_bias=8.000000,inplace=0): not supported [RD0] 
  SOFT_MAX(type=f32,ne=[1024,1024,1,1],mask=1,sinks=0,m_prec=f32,nr23=[1,1],scale=0.100000,max_bias=8.000000,inplace=0): not supported [RD0] 
  SOFT_MAX(type=f32,ne=[1023,1023,1,1],mask=1,sinks=0,m_prec=f32,nr23=[1,1],scale=0.100000,max_bias=8.000000,inplace=0): not supported [RD0] 
  SOFT_MAX(type=f32,ne=[1024,1024,1,1],mask=1,sinks=0,m_prec=f16,nr23=[1,1],scale=0.100000,max_bias=8.000000,inplace=0): not supported [RD0] 
  SOFT_MAX(type=f32,ne=[1023,1023,1,1],mask=1,sinks=0,m_prec=f16,nr23=[1,1],scale=0.100000,max_bias=8.000000,inplace=0): not supported [RD0] 
  SOFT_MAX(type=f32,ne=[16,2,32,1],mask=1,sinks=0,m_prec=f32,nr23=[1,1],scale=0.100000,max_bias=0.000000,inplace=1): not supported [RD0] 
  SOFT_MAX(type=f32,ne=[16,2,32,1],mask=1,sinks=0,m_prec=f16,nr23=[1,1],scale=0.100000,max_bias=0.000000,inplace=1): not supported [RD0] 
  SOFT_MAX(type=f32,ne=[16,16,1,1],mask=1,sinks=1,m_prec=f32,nr23=[1,1],scale=1.000000,max_bias=0.000000,inplace=0): not supported [RD0] 
  SOFT_MAX(type=f32,ne=[15,15,1,1],mask=1,sinks=1,m_prec=f32,nr23=[1,1],scale=1.000000,max_bias=0.000000,inplace=0): not supported [RD0] 
  SOFT_MAX(type=f32,ne=[16,16,1,3],mask=1,sinks=1,m_prec=f32,nr23=[3,1],scale=1.000000,max_bias=0.000000,inplace=0): not supported [RD0] 
  SOFT_MAX(type=f32,ne=[15,15,1,1],mask=1,sinks=1,m_prec=f32,nr23=[2,3],scale=1.000000,max_bias=0.000000,inplace=0): not supported [RD0] 
  SOFT_MAX(type=f32,ne=[16,16,1,1],mask=1,sinks=1,m_prec=f16,nr23=[1,1],scale=1.000000,max_bias=0.000000,inplace=0): not supported [RD0] 
  SOFT_MAX(type=f32,ne=[15,15,1,1],mask=1,sinks=1,m_prec=f16,nr23=[1,1],scale=1.000000,max_bias=0.000000,inplace=0): not supported [RD0] 
  SOFT_MAX(type=f32,ne=[16,16,1,3],mask=1,sinks=1,m_prec=f16,nr23=[3,1],scale=1.000000,max_bias=0.000000,inplace=0): not supported [RD0] 
  SOFT_MAX(type=f32,ne=[15,15,1,1],mask=1,sinks=1,m_prec=f16,nr23=[2,3],scale=1.000000,max_bias=0.000000,inplace=0): not supported [RD0] 
  SOFT_MAX(type=f32,ne=[16,1024,1,1],mask=1,sinks=1,m_prec=f32,nr23=[1,1],scale=1.000000,max_bias=0.000000,inplace=0): not supported [RD0] 
  SOFT_MAX(type=f32,ne=[15,1023,1,1],mask=1,sinks=1,m_prec=f32,nr23=[1,1],scale=1.000000,max_bias=0.000000,inplace=0): not supported [RD0] 
  SOFT_MAX(type=f32,ne=[16,1024,1,1],mask=1,sinks=1,m_prec=f16,nr23=[1,1],scale=1.000000,max_bias=0.000000,inplace=0): not supported [RD0] 
  SOFT_MAX(type=f32,ne=[15,1023,1,1],mask=1,sinks=1,m_prec=f16,nr23=[1,1],scale=1.000000,max_bias=0.000000,inplace=0): not supported [RD0] 
  SOFT_MAX(type=f32,ne=[1024,16,1,1],mask=1,sinks=1,m_prec=f32,nr23=[1,1],scale=1.000000,max_bias=0.000000,inplace=0): not supported [RD0] 
  SOFT_MAX(type=f32,ne=[1023,15,1,1],mask=1,sinks=1,m_prec=f32,nr23=[1,1],scale=1.000000,max_bias=0.000000,inplace=0): not supported [RD0] 
  SOFT_MAX(type=f32,ne=[1024,16,1,1],mask=1,sinks=1,m_prec=f16,nr23=[1,1],scale=1.000000,max_bias=0.000000,inplace=0): not supported [RD0] 
  SOFT_MAX(type=f32,ne=[1023,15,1,1],mask=1,sinks=1,m_prec=f16,nr23=[1,1],scale=1.000000,max_bias=0.000000,inplace=0): not supported [RD0] 
  SOFT_MAX(type=f32,ne=[1024,1024,1,1],mask=1,sinks=1,m_prec=f32,nr23=[1,1],scale=1.000000,max_bias=0.000000,inplace=0): not supported [RD0] 
  SOFT_MAX(type=f32,ne=[1023,1023,1,1],mask=1,sinks=1,m_prec=f32,nr23=[1,1],scale=1.000000,max_bias=0.000000,inplace=0): not supported [RD0] 
  SOFT_MAX(type=f32,ne=[1024,1024,1,1],mask=1,sinks=1,m_prec=f16,nr23=[1,1],scale=1.000000,max_bias=0.000000,inplace=0): not supported [RD0] 
  SOFT_MAX(type=f32,ne=[1023,1023,1,1],mask=1,sinks=1,m_prec=f16,nr23=[1,1],scale=1.000000,max_bias=0.000000,inplace=0): not supported [RD0] 
  SOFT_MAX(type=f32,ne=[16,16,1,1],mask=1,sinks=1,m_prec=f32,nr23=[1,1],scale=0.100000,max_bias=0.000000,inplace=0): not supported [RD0] 
  SOFT_MAX(type=f32,ne=[15,15,1,1],mask=1,sinks=1,m_prec=f32,nr23=[1,1],scale=0.100000,max_bias=0.000000,inplace=0): not supported [RD0] 
  SOFT_MAX(type=f32,ne=[16,16,1,3],mask=1,sinks=1,m_prec=f32,nr23=[3,1],scale=0.100000,max_bias=0.000000,inplace=0): not supported [RD0] 
  SOFT_MAX(type=f32,ne=[15,15,1,1],mask=1,sinks=1,m_prec=f32,nr23=[2,3],scale=0.100000,max_bias=0.000000,inplace=0): not supported [RD0] 
  SOFT_MAX(type=f32,ne=[16,16,1,1],mask=1,sinks=1,m_prec=f16,nr23=[1,1],scale=0.100000,max_bias=0.000000,inplace=0): not supported [RD0] 
  SOFT_MAX(type=f32,ne=[15,15,1,1],mask=1,sinks=1,m_prec=f16,nr23=[1,1],scale=0.100000,max_bias=0.000000,inplace=0): not supported [RD0] 
  SOFT_MAX(type=f32,ne=[16,16,1,3],mask=1,sinks=1,m_prec=f16,nr23=[3,1],scale=0.100000,max_bias=0.000000,inplace=0): not supported [RD0] 
  SOFT_MAX(type=f32,ne=[15,15,1,1],mask=1,sinks=1,m_prec=f16,nr23=[2,3],scale=0.100000,max_bias=0.000000,inplace=0): not supported [RD0] 
  SOFT_MAX(type=f32,ne=[16,1024,1,1],mask=1,sinks=1,m_prec=f32,nr23=[1,1],scale=0.100000,max_bias=0.000000,inplace=0): not supported [RD0] 
  SOFT_MAX(type=f32,ne=[15,1023,1,1],mask=1,sinks=1,m_prec=f32,nr23=[1,1],scale=0.100000,max_bias=0.000000,inplace=0): not supported [RD0] 
  SOFT_MAX(type=f32,ne=[16,1024,1,1],mask=1,sinks=1,m_prec=f16,nr23=[1,1],scale=0.100000,max_bias=0.000000,inplace=0): not supported [RD0] 
  SOFT_MAX(type=f32,ne=[15,1023,1,1],mask=1,sinks=1,m_prec=f16,nr23=[1,1],scale=0.100000,max_bias=0.000000,inplace=0): not supported [RD0] 
  SOFT_MAX(type=f32,ne=[1024,16,1,1],mask=1,sinks=1,m_prec=f32,nr23=[1,1],scale=0.100000,max_bias=0.000000,inplace=0): not supported [RD0] 
  SOFT_MAX(type=f32,ne=[1023,15,1,1],mask=1,sinks=1,m_prec=f32,nr23=[1,1],scale=0.100000,max_bias=0.000000,inplace=0): not supported [RD0] 
  SOFT_MAX(type=f32,ne=[1024,16,1,1],mask=1,sinks=1,m_prec=f16,nr23=[1,1],scale=0.100000,max_bias=0.000000,inplace=0): not supported [RD0] 
  SOFT_MAX(type=f32,ne=[1023,15,1,1],mask=1,sinks=1,m_prec=f16,nr23=[1,1],scale=0.100000,max_bias=0.000000,inplace=0): not supported [RD0] 
  SOFT_MAX(type=f32,ne=[1024,1024,1,1],mask=1,sinks=1,m_prec=f32,nr23=[1,1],scale=0.100000,max_bias=0.000000,inplace=0): not supported [RD0] 
  SOFT_MAX(type=f32,ne=[1023,1023,1,1],mask=1,sinks=1,m_prec=f32,nr23=[1,1],scale=0.100000,max_bias=0.000000,inplace=0): not supported [RD0] 
  SOFT_MAX(type=f32,ne=[1024,1024,1,1],mask=1,sinks=1,m_prec=f16,nr23=[1,1],scale=0.100000,max_bias=0.000000,inplace=0): not supported [RD0] 
  SOFT_MAX(type=f32,ne=[1023,1023,1,1],mask=1,sinks=1,m_prec=f16,nr23=[1,1],scale=0.100000,max_bias=0.000000,inplace=0): not supported [RD0] 
  SOFT_MAX(type=f32,ne=[16,16,1,1],mask=1,sinks=1,m_prec=f32,nr23=[1,1],scale=1.000000,max_bias=8.000000,inplace=0): not supported [RD0] 
  SOFT_MAX(type=f32,ne=[15,15,1,1],mask=1,sinks=1,m_prec=f32,nr23=[1,1],scale=1.000000,max_bias=8.000000,inplace=0): not supported [RD0] 
  SOFT_MAX(type=f32,ne=[16,16,1,3],mask=1,sinks=1,m_prec=f32,nr23=[3,1],scale=1.000000,max_bias=8.000000,inplace=0): not supported [RD0] 
  SOFT_MAX(type=f32,ne=[15,15,1,1],mask=1,sinks=1,m_prec=f32,nr23=[2,3],scale=1.000000,max_bias=8.000000,inplace=0): not supported [RD0] 
  SOFT_MAX(type=f32,ne=[16,16,1,1],mask=1,sinks=1,m_prec=f16,nr23=[1,1],scale=1.000000,max_bias=8.000000,inplace=0): not supported [RD0] 
  SOFT_MAX(type=f32,ne=[15,15,1,1],mask=1,sinks=1,m_prec=f16,nr23=[1,1],scale=1.000000,max_bias=8.000000,inplace=0): not supported [RD0] 
  SOFT_MAX(type=f32,ne=[16,16,1,3],mask=1,sinks=1,m_prec=f16,nr23=[3,1],scale=1.000000,max_bias=8.000000,inplace=0): not supported [RD0] 
  SOFT_MAX(type=f32,ne=[15,15,1,1],mask=1,sinks=1,m_prec=f16,nr23=[2,3],scale=1.000000,max_bias=8.000000,inplace=0): not supported [RD0] 
  SOFT_MAX(type=f32,ne=[16,1024,1,1],mask=1,sinks=1,m_prec=f32,nr23=[1,1],scale=1.000000,max_bias=8.000000,inplace=0): not supported [RD0] 
  SOFT_MAX(type=f32,ne=[15,1023,1,1],mask=1,sinks=1,m_prec=f32,nr23=[1,1],scale=1.000000,max_bias=8.000000,inplace=0): not supported [RD0] 
  SOFT_MAX(type=f32,ne=[16,1024,1,1],mask=1,sinks=1,m_prec=f16,nr23=[1,1],scale=1.000000,max_bias=8.000000,inplace=0): not supported [RD0] 
  SOFT_MAX(type=f32,ne=[15,1023,1,1],mask=1,sinks=1,m_prec=f16,nr23=[1,1],scale=1.000000,max_bias=8.000000,inplace=0): not supported [RD0] 
  SOFT_MAX(type=f32,ne=[1024,16,1,1],mask=1,sinks=1,m_prec=f32,nr23=[1,1],scale=1.000000,max_bias=8.000000,inplace=0): not supported [RD0] 
  SOFT_MAX(type=f32,ne=[1023,15,1,1],mask=1,sinks=1,m_prec=f32,nr23=[1,1],scale=1.000000,max_bias=8.000000,inplace=0): not supported [RD0] 
  SOFT_MAX(type=f32,ne=[1024,16,1,1],mask=1,sinks=1,m_prec=f16,nr23=[1,1],scale=1.000000,max_bias=8.000000,inplace=0): not supported [RD0] 
  SOFT_MAX(type=f32,ne=[1023,15,1,1],mask=1,sinks=1,m_prec=f16,nr23=[1,1],scale=1.000000,max_bias=8.000000,inplace=0): not supported [RD0] 
  SOFT_MAX(type=f32,ne=[1024,1024,1,1],mask=1,sinks=1,m_prec=f32,nr23=[1,1],scale=1.000000,max_bias=8.000000,inplace=0): not supported [RD0] 
  SOFT_MAX(type=f32,ne=[1023,1023,1,1],mask=1,sinks=1,m_prec=f32,nr23=[1,1],scale=1.000000,max_bias=8.000000,inplace=0): not supported [RD0] 
  SOFT_MAX(type=f32,ne=[1024,1024,1,1],mask=1,sinks=1,m_prec=f16,nr23=[1,1],scale=1.000000,max_bias=8.000000,inplace=0): not supported [RD0] 
  SOFT_MAX(type=f32,ne=[1023,1023,1,1],mask=1,sinks=1,m_prec=f16,nr23=[1,1],scale=1.000000,max_bias=8.000000,inplace=0): not supported [RD0] 
  SOFT_MAX(type=f32,ne=[16,16,1,1],mask=1,sinks=1,m_prec=f32,nr23=[1,1],scale=0.100000,max_bias=8.000000,inplace=0): not supported [RD0] 
  SOFT_MAX(type=f32,ne=[15,15,1,1],mask=1,sinks=1,m_prec=f32,nr23=[1,1],scale=0.100000,max_bias=8.000000,inplace=0): not supported [RD0] 
  SOFT_MAX(type=f32,ne=[16,16,1,3],mask=1,sinks=1,m_prec=f32,nr23=[3,1],scale=0.100000,max_bias=8.000000,inplace=0): not supported [RD0] 
  SOFT_MAX(type=f32,ne=[15,15,1,1],mask=1,sinks=1,m_prec=f32,nr23=[2,3],scale=0.100000,max_bias=8.000000,inplace=0): not supported [RD0] 
  SOFT_MAX(type=f32,ne=[16,16,1,1],mask=1,sinks=1,m_prec=f16,nr23=[1,1],scale=0.100000,max_bias=8.000000,inplace=0): not supported [RD0] 
  SOFT_MAX(type=f32,ne=[15,15,1,1],mask=1,sinks=1,m_prec=f16,nr23=[1,1],scale=0.100000,max_bias=8.000000,inplace=0): not supported [RD0] 
  SOFT_MAX(type=f32,ne=[16,16,1,3],mask=1,sinks=1,m_prec=f16,nr23=[3,1],scale=0.100000,max_bias=8.000000,inplace=0): not supported [RD0] 
  SOFT_MAX(type=f32,ne=[15,15,1,1],mask=1,sinks=1,m_prec=f16,nr23=[2,3],scale=0.100000,max_bias=8.000000,inplace=0): not supported [RD0] 
  SOFT_MAX(type=f32,ne=[16,1024,1,1],mask=1,sinks=1,m_prec=f32,nr23=[1,1],scale=0.100000,max_bias=8.000000,inplace=0): not supported [RD0] 
  SOFT_MAX(type=f32,ne=[15,1023,1,1],mask=1,sinks=1,m_prec=f32,nr23=[1,1],scale=0.100000,max_bias=8.000000,inplace=0): not supported [RD0] 
  SOFT_MAX(type=f32,ne=[16,1024,1,1],mask=1,sinks=1,m_prec=f16,nr23=[1,1],scale=0.100000,max_bias=8.000000,inplace=0): not supported [RD0] 
  SOFT_MAX(type=f32,ne=[15,1023,1,1],mask=1,sinks=1,m_prec=f16,nr23=[1,1],scale=0.100000,max_bias=8.000000,inplace=0): not supported [RD0] 
  SOFT_MAX(type=f32,ne=[1024,16,1,1],mask=1,sinks=1,m_prec=f32,nr23=[1,1],scale=0.100000,max_bias=8.000000,inplace=0): not supported [RD0] 
  SOFT_MAX(type=f32,ne=[1023,15,1,1],mask=1,sinks=1,m_prec=f32,nr23=[1,1],scale=0.100000,max_bias=8.000000,inplace=0): not supported [RD0] 
  SOFT_MAX(type=f32,ne=[1024,16,1,1],mask=1,sinks=1,m_prec=f16,nr23=[1,1],scale=0.100000,max_bias=8.000000,inplace=0): not supported [RD0] 
  SOFT_MAX(type=f32,ne=[1023,15,1,1],mask=1,sinks=1,m_prec=f16,nr23=[1,1],scale=0.100000,max_bias=8.000000,inplace=0): not supported [RD0] 
  SOFT_MAX(type=f32,ne=[1024,1024,1,1],mask=1,sinks=1,m_prec=f32,nr23=[1,1],scale=0.100000,max_bias=8.000000,inplace=0): not supported [RD0] 
  SOFT_MAX(type=f32,ne=[1023,1023,1,1],mask=1,sinks=1,m_prec=f32,nr23=[1,1],scale=0.100000,max_bias=8.000000,inplace=0): not supported [RD0] 
  SOFT_MAX(type=f32,ne=[1024,1024,1,1],mask=1,sinks=1,m_prec=f16,nr23=[1,1],scale=0.100000,max_bias=8.000000,inplace=0): not supported [RD0] 
  SOFT_MAX(type=f32,ne=[1023,1023,1,1],mask=1,sinks=1,m_prec=f16,nr23=[1,1],scale=0.100000,max_bias=8.000000,inplace=0): not supported [RD0] 
  SOFT_MAX(type=f32,ne=[16,2,32,1],mask=1,sinks=1,m_prec=f32,nr23=[1,1],scale=0.100000,max_bias=0.000000,inplace=1): not supported [RD0] 
  SOFT_MAX(type=f32,ne=[16,2,32,1],mask=1,sinks=1,m_prec=f16,nr23=[1,1],scale=0.100000,max_bias=0.000000,inplace=1): not supported [RD0] 
  SOFT_MAX(type=f32,ne=[16,2,32,1],mask=1,sinks=1,m_prec=f32,nr23=[1,1],scale=0.100000,max_bias=0.000000,inplace=0): not supported [RD0] 
  SOFT_MAX(type=f32,ne=[16,2,32,1],mask=1,sinks=0,m_prec=f16,nr23=[1,1],scale=0.100000,max_bias=0.000000,inplace=0): not supported [RD0] 
  SOFT_MAX(type=f32,ne=[16,2,32,1],mask=0,sinks=1,m_prec=f32,nr23=[1,1],scale=0.100000,max_bias=0.000000,inplace=0): not supported [RD0] 
  SOFT_MAX(type=f32,ne=[32,2,32,1],mask=1,sinks=1,m_prec=f32,nr23=[1,1],scale=0.100000,max_bias=0.000000,inplace=0): not supported [RD0] 
  SOFT_MAX(type=f32,ne=[32,2,32,1],mask=1,sinks=0,m_prec=f16,nr23=[1,1],scale=0.100000,max_bias=0.000000,inplace=0): not supported [RD0] 
  SOFT_MAX(type=f32,ne=[32,2,32,1],mask=1,sinks=1,m_prec=f32,nr23=[1,1],scale=0.100000,max_bias=8.000000,inplace=0): not supported [RD0] 
  SOFT_MAX(type=f32,ne=[32,2,32,1],mask=1,sinks=1,m_prec=f16,nr23=[1,1],scale=0.100000,max_bias=8.000000,inplace=0): not supported [RD0] 
  SOFT_MAX(type=f32,ne=[200001,2,3,1],mask=1,sinks=1,m_prec=f32,nr23=[1,1],scale=0.100000,max_bias=8.000000,inplace=0): not supported [RD0] 
  SOFT_MAX(type=f32,ne=[200001,2,3,1],mask=1,sinks=1,m_prec=f16,nr23=[1,1],scale=0.100000,max_bias=8.000000,inplace=0): not supported [RD0] 
  SOFT_MAX(type=f32,ne=[200000,1,1,1],mask=0,sinks=0,m_prec=f32,nr23=[1,1],scale=1.000000,max_bias=0.000000,inplace=0): OK
  SOFT_MAX(type=f32,ne=[200000,4,1,1],mask=0,sinks=0,m_prec=f32,nr23=[1,1],scale=1.000000,max_bias=0.000000,inplace=0): OK
  SOFT_MAX(type=f32,ne=[643251,3,1,1],mask=0,sinks=0,m_prec=f32,nr23=[1,1],scale=1.000000,max_bias=0.000000,inplace=0): OK
  MEAN(type=f32,ne=[10,5,4,3]): OK
  MEAN(type=f32,ne=[33,1,1,1]): OK
  MEAN(type=f32,ne=[33,256,1,1]): OK
  MEAN(type=f32,ne=[32769,1,1,1]): OK
  MEAN(type=f32,ne=[32,1,1,1]): OK
  MEAN(type=f32,ne=[32,256,1,1]): OK
  MEAN(type=f32,ne=[32768,1,1,1]): OK
  79/79 tests passed
  Backend RD0: OK
2/2 backends passed
OK
ggml_test: test-backend-ops returned 0
ggml_test: rd stats graphs=795 nodes=1431 dispatches=799 skipped=632 barriers=573 failed_graphs=0 last{nodes=1 dispatches=0 barriers=0 skipped=1} pipelines=9 set0_created=163 slots_created=256 coop_yields=1 waits=163 faults=0 params_bytes=204544 set_bytes=142641088 get_bytes=338055736 copies=0 clears=0 buffers_live=0 bytes_live=0
