PROBE rows_perf threads=64 op=NORM ne=[32,262144,1,1] p=1e-06 chain=74 t1_us=560 tN_us=38218 per_op_us=515.9 GBps=260 check=ok (sweep)
PROBE rows_perf threads=256 op=NORM ne=[32,262144,1,1] p=1e-06 chain=74 t1_us=2337 tN_us=144310 per_op_us=1944.8 GBps=69 check=ok (sweep)
PROBE rows_perf threads=64 op=NORM ne=[64,131072,1,1] p=1e-06 chain=74 t1_us=424 tN_us=22385 per_op_us=300.8 GBps=446 check=ok (sweep)
PROBE rows_perf threads=256 op=NORM ne=[64,131072,1,1] p=1e-06 chain=74 t1_us=1337 tN_us=68952 per_op_us=926.2 GBps=145 check=ok (sweep)
PROBE rows_perf threads=64 op=NORM ne=[128,65536,1,1] p=1e-06 chain=296 t1_us=555 tN_us=55657 per_op_us=186.8 GBps=719 check=ok (sweep)
PROBE rows_perf threads=256 op=NORM ne=[128,65536,1,1] p=1e-06 chain=74 t1_us=567 tN_us=40460 per_op_us=546.5 GBps=246 check=ok (sweep)
PROBE rows_perf threads=64 op=NORM ne=[256,32768,1,1] p=1e-06 chain=296 t1_us=244 tN_us=21692 per_op_us=72.7 GBps=1846 check=ok (sweep)
PROBE rows_perf threads=256 op=NORM ne=[256,32768,1,1] p=1e-06 chain=296 t1_us=498 tN_us=76765 per_op_us=258.5 GBps=519 check=ok (sweep)
PROBE rows_perf threads=64 op=NORM ne=[512,16384,1,1] p=1e-06 chain=296 t1_us=700 tN_us=24707 per_op_us=81.4 GBps=1649 check=ok (sweep)
PROBE rows_perf threads=256 op=NORM ne=[512,16384,1,1] p=1e-06 chain=296 t1_us=570 tN_us=40082 per_op_us=133.9 GBps=1002 check=ok (sweep)
PROBE rows_perf threads=64 op=NORM ne=[1024,8192,1,1] p=1e-06 chain=1024 t1_us=585 tN_us=31247 per_op_us=30.0 GBps=4478 check=ok (sweep)
PROBE rows_perf threads=256 op=NORM ne=[1024,8192,1,1] p=1e-06 chain=296 t1_us=355 tN_us=23139 per_op_us=77.2 GBps=1738 check=ok (sweep)
PROBE rows_perf threads=64 op=NORM ne=[2048,4096,1,1] p=1e-06 chain=296 t1_us=374 tN_us=21135 per_op_us=70.4 GBps=1907 check=ok (sweep)
PROBE rows_perf threads=256 op=NORM ne=[2048,4096,1,1] p=1e-06 chain=1024 t1_us=585 tN_us=51265 per_op_us=49.5 GBps=2709 check=ok (sweep)
PROBE rows_perf threads=64 op=NORM ne=[4096,2048,1,1] p=1e-06 chain=296 t1_us=316 tN_us=21285 per_op_us=71.1 GBps=1888 check=ok (sweep)
PROBE rows_perf threads=256 op=NORM ne=[4096,2048,1,1] p=1e-06 chain=1024 t1_us=417 tN_us=53648 per_op_us=52.0 GBps=2579 check=ok (sweep)
PROBE rows_perf threads=64 op=NORM ne=[16384,512,1,1] p=1e-06 chain=296 t1_us=389 tN_us=33603 per_op_us=112.6 GBps=1192 check=ok (sweep)
PROBE rows_perf threads=256 op=NORM ne=[16384,512,1,1] p=1e-06 chain=1024 t1_us=268 tN_us=69206 per_op_us=67.4 GBps=1992 check=ok (sweep)
PROBE rows_perf threads=64 op=NORM ne=[65536,128,1,1] p=1e-06 chain=74 t1_us=614 tN_us=32999 per_op_us=443.6 GBps=303 check=ok (sweep)
PROBE rows_perf threads=256 op=NORM ne=[65536,128,1,1] p=1e-06 chain=296 t1_us=307 tN_us=34408 per_op_us=115.6 GBps=1161 check=ok (sweep)
PROBE rows_perf threads=64 op=RMS_NORM ne=[32,262144,1,1] p=1e-06 chain=99 t1_us=515 tN_us=35030 per_op_us=352.2 GBps=286 check=ok (sweep)
PROBE rows_perf threads=256 op=RMS_NORM ne=[32,262144,1,1] p=1e-06 chain=99 t1_us=1493 tN_us=122099 per_op_us=1230.7 GBps=82 check=ok (sweep)
PROBE rows_perf threads=64 op=RMS_NORM ne=[64,131072,1,1] p=1e-06 chain=99 t1_us=423 tN_us=22333 per_op_us=223.6 GBps=450 check=ok (sweep)
PROBE rows_perf threads=256 op=RMS_NORM ne=[64,131072,1,1] p=1e-06 chain=99 t1_us=504 tN_us=64972 per_op_us=657.8 GBps=153 check=ok (sweep)
PROBE rows_perf threads=64 op=RMS_NORM ne=[128,65536,1,1] p=1e-06 chain=396 t1_us=403 tN_us=59072 per_op_us=148.5 GBps=678 check=ok (sweep)
PROBE rows_perf threads=256 op=RMS_NORM ne=[128,65536,1,1] p=1e-06 chain=99 t1_us=465 tN_us=37310 per_op_us=376.0 GBps=268 check=ok (sweep)
PROBE rows_perf threads=64 op=RMS_NORM ne=[256,32768,1,1] p=1e-06 chain=1024 t1_us=398 tN_us=51063 per_op_us=49.5 GBps=2033 check=ok (sweep)
PROBE rows_perf threads=256 op=RMS_NORM ne=[256,32768,1,1] p=1e-06 chain=396 t1_us=505 tN_us=64737 per_op_us=162.6 GBps=619 check=ok (sweep)
PROBE rows_perf threads=64 op=RMS_NORM ne=[512,16384,1,1] p=1e-06 chain=1024 t1_us=738 tN_us=41460 per_op_us=39.8 GBps=2529 check=ok (sweep)
PROBE rows_perf threads=256 op=RMS_NORM ne=[512,16384,1,1] p=1e-06 chain=396 t1_us=305 tN_us=34531 per_op_us=86.6 GBps=1162 check=ok (sweep)
PROBE rows_perf threads=64 op=RMS_NORM ne=[1024,8192,1,1] p=1e-06 chain=1024 t1_us=532 tN_us=46401 per_op_us=44.8 GBps=2245 check=ok (sweep)
PROBE rows_perf threads=256 op=RMS_NORM ne=[1024,8192,1,1] p=1e-06 chain=396 t1_us=392 tN_us=21464 per_op_us=53.3 GBps=1887 check=ok (sweep)
PROBE rows_perf threads=64 op=RMS_NORM ne=[2048,4096,1,1] p=1e-06 chain=396 t1_us=575 tN_us=21909 per_op_us=54.0 GBps=1864 check=ok (sweep)
PROBE rows_perf threads=256 op=RMS_NORM ne=[2048,4096,1,1] p=1e-06 chain=1024 t1_us=255 tN_us=42825 per_op_us=41.6 GBps=2419 check=ok (sweep)
PROBE rows_perf threads=64 op=RMS_NORM ne=[4096,2048,1,1] p=1e-06 chain=396 t1_us=491 tN_us=22281 per_op_us=55.2 GBps=1825 check=ok (sweep)
PROBE rows_perf threads=256 op=RMS_NORM ne=[4096,2048,1,1] p=1e-06 chain=1024 t1_us=375 tN_us=47503 per_op_us=46.1 GBps=2185 check=ok (sweep)
PROBE rows_perf threads=64 op=RMS_NORM ne=[16384,512,1,1] p=1e-06 chain=396 t1_us=479 tN_us=38472 per_op_us=96.2 GBps=1047 check=ok (sweep)
PROBE rows_perf threads=256 op=RMS_NORM ne=[16384,512,1,1] p=1e-06 chain=396 t1_us=591 tN_us=21374 per_op_us=52.6 GBps=1913 check=ok (sweep)
PROBE rows_perf threads=64 op=RMS_NORM ne=[65536,128,1,1] p=1e-06 chain=99 t1_us=471 tN_us=33104 per_op_us=333.0 GBps=302 check=ok (sweep)
PROBE rows_perf threads=256 op=RMS_NORM ne=[65536,128,1,1] p=1e-06 chain=396 t1_us=470 tN_us=38220 per_op_us=95.6 GBps=1053 check=ok (sweep)
PROBE rows_perf threads=64 op=SOFT_MAX ne=[32,262144,1,1] p=1 chain=74 t1_us=562 tN_us=37764 per_op_us=509.6 GBps=263 check=ok (sweep)
PROBE rows_perf threads=256 op=SOFT_MAX ne=[32,262144,1,1] p=1 chain=74 t1_us=2284 tN_us=140628 per_op_us=1895.1 GBps=71 check=ok (sweep)
PROBE rows_perf threads=64 op=SOFT_MAX ne=[64,131072,1,1] p=1 chain=74 t1_us=461 tN_us=22800 per_op_us=306.0 GBps=439 check=ok (sweep)
PROBE rows_perf threads=256 op=SOFT_MAX ne=[64,131072,1,1] p=1 chain=74 t1_us=1215 tN_us=74211 per_op_us=999.9 GBps=134 check=ok (sweep)
PROBE rows_perf threads=64 op=SOFT_MAX ne=[128,65536,1,1] p=1 chain=296 t1_us=447 tN_us=58117 per_op_us=195.5 GBps=687 check=ok (sweep)
PROBE rows_perf threads=256 op=SOFT_MAX ne=[128,65536,1,1] p=1 chain=74 t1_us=511 tN_us=40588 per_op_us=549.0 GBps=244 check=ok (sweep)
PROBE rows_perf threads=64 op=SOFT_MAX ne=[256,32768,1,1] p=1 chain=296 t1_us=261 tN_us=21280 per_op_us=71.3 GBps=1884 check=ok (sweep)
PROBE rows_perf threads=256 op=SOFT_MAX ne=[256,32768,1,1] p=1 chain=296 t1_us=518 tN_us=76358 per_op_us=257.1 GBps=522 check=ok (sweep)
PROBE rows_perf threads=64 op=SOFT_MAX ne=[512,16384,1,1] p=1 chain=1024 t1_us=263 tN_us=49383 per_op_us=48.0 GBps=2795 check=ok (sweep)
PROBE rows_perf threads=256 op=SOFT_MAX ne=[512,16384,1,1] p=1 chain=296 t1_us=584 tN_us=40366 per_op_us=134.9 GBps=995 check=ok (sweep)
PROBE rows_perf threads=64 op=SOFT_MAX ne=[1024,8192,1,1] p=1 chain=1024 t1_us=234 tN_us=50176 per_op_us=48.8 GBps=2749 check=ok (sweep)
PROBE rows_perf threads=256 op=SOFT_MAX ne=[1024,8192,1,1] p=1 chain=296 t1_us=262 tN_us=22719 per_op_us=76.1 GBps=1763 check=ok (sweep)
PROBE rows_perf threads=64 op=SOFT_MAX ne=[2048,4096,1,1] p=1 chain=296 t1_us=215 tN_us=21640 per_op_us=72.6 GBps=1848 check=ok (sweep)
PROBE rows_perf threads=256 op=SOFT_MAX ne=[2048,4096,1,1] p=1 chain=1024 t1_us=248 tN_us=51721 per_op_us=50.3 GBps=2668 check=ok (sweep)
PROBE rows_perf threads=64 op=SOFT_MAX ne=[4096,2048,1,1] p=1 chain=296 t1_us=342 tN_us=21425 per_op_us=71.5 GBps=1878 check=ok (sweep)
PROBE rows_perf threads=256 op=SOFT_MAX ne=[4096,2048,1,1] p=1 chain=1024 t1_us=464 tN_us=54369 per_op_us=52.7 GBps=2547 check=ok (sweep)
PROBE rows_perf threads=64 op=SOFT_MAX ne=[16384,512,1,1] p=1 chain=296 t1_us=443 tN_us=35085 per_op_us=117.4 GBps=1143 check=ok (sweep)
PROBE rows_perf threads=256 op=SOFT_MAX ne=[16384,512,1,1] p=1 chain=1024 t1_us=455 tN_us=68791 per_op_us=66.8 GBps=2009 check=ok (sweep)
PROBE rows_perf threads=64 op=SOFT_MAX ne=[65536,128,1,1] p=1 chain=74 t1_us=460 tN_us=33311 per_op_us=450.0 GBps=298 check=ok (sweep)
PROBE rows_perf threads=256 op=SOFT_MAX ne=[65536,128,1,1] p=1 chain=296 t1_us=465 tN_us=36019 per_op_us=120.5 GBps=1114 check=ok (sweep)
RESULT: PASS (rows_perf)
ggml_test: rd stats graphs=2083 nodes=134687 dispatches=133767 skipped=920 barriers=132541 failed_graphs=0 last{nodes=296 dispatches=296 barriers=295 skipped=0} pipelines=9 set0_created=351 slots_created=1024 coop_yields=5 waits=1163 faults=72 params_bytes=34244352 set_bytes=213490936 get_bytes=505538908 copies=0 clears=0 buffers_live=0 bytes_live=0
