# samply 0.13.1 record --save-only --unstable-presymbolicate -o gates/6-fit/amdahl/runs/p0-cg-jacobi.samply.json.gz -- /c/b/fit-native-tbbs/fit_native.exe --phases 1 --out /c/b/amdahl-out/cg-jacobi-samply --set /solver/linear/solver="Eigen::ConjugateGradient" --set /solver/linear/precond="Eigen::DiagonalPreconditioner"  2026-09-23T08:21:07-07:00
inputs: avatar 5128 v / 10171 f, garment 2682 v / 5220 f, skeleton 15 v / 14 b, no-fit 2005, float32 yes, harness file opens 7
[2026-09-23 08:21:10.288] [polyfem] [info] Preserving texture coordinates and material data during avatar projection
[2026-09-23 08:21:10.289] [polyfem] [info] Normals will be recomputed after projection to match the new geometry
[2026-09-23 08:21:10.290] [polyfem] [info] Preserving mesh topology - skipping iterative distance reduction
[2026-09-23 08:21:10.292] [polyfem] [info] Shrunk avatar blended 0.010 toward the target body (0 = fully collapsed onto the skeleton, 1 = no shrink)
[2026-09-23 08:21:10.451] [polyfem] [debug] curve 0 has 3 bone intersections
[2026-09-23 08:21:10.451] [polyfem] [debug] curve normal [-0.011034943664410036, 0.055700501234311195, -0.9983865404644485]
[2026-09-23 08:21:10.451] [polyfem] [debug] CurveTargetForm set curve center to bone 15 - 16, direction is [-0.011034943664410032, 0.055700501234311174, -0.9983865404644484]
[2026-09-23 08:21:10.451] [polyfem] [debug] curve 1 has 1 bone intersections
[2026-09-23 08:21:10.451] [polyfem] [debug] curve normal [0.004042139558851457, -0.06527869003077968, 0.9978588846804203]
[2026-09-23 08:21:10.451] [polyfem] [debug] CurveTargetForm set curve center to bone 0 - 1, direction is [-0.011034943664410032, 0.055700501234311174, -0.9983865404644484]
[2026-09-23 08:21:10.451] [polyfem] [info] Start substep 1 out of 2
[2026-09-23 08:21:10.763] [polyfem] [debug] Set initial AL weight to 1
[2026-09-23 08:21:11.743] [polyfem] [debug] Solving AL Problem with weight 1
[2026-09-23 08:21:11.957] [polyfem] [debug] Starting SparseNewton with Backtracking solve f₀=53.6213 (stopping criteria: iters=50 f=9.48744e-311 Δf=0 ‖∇f‖=1 ‖Δx‖=0 Δx⋅∇f(x)=-0)
[2026-09-23 08:21:12.627] [polyfem] [debug] [SparseNewton] large (or nan) linear solve residual 0.00216346516827553>1e-05 (‖∇f‖=214.48515704102945)
[2026-09-23 08:21:12.627] [polyfem] [debug] [SparseNewton][Backtracking] Update direction could not be computed; reverting to SparseProjectedNewton
[2026-09-23 08:21:13.095] [polyfem] [debug] [SparseProjectedNewton] large (or nan) linear solve residual 0.0004572184809257617>1e-05 (‖∇f‖=214.48515704102945)
[2026-09-23 08:21:13.095] [polyfem] [debug] [SparseProjectedNewton][Backtracking] Update direction could not be computed; reverting to SparseRegularizedNewton (reg_weight=1)
[2026-09-23 08:21:14.104] [polyfem] [debug] Line search finished (nan_free_step_size=1 collision_free_step_size=0.359375 descent_step_size=0.359375 final_step_size=0.359375)
[2026-09-23 08:21:14.104] [polyfem] [debug] [SparseRegularizedNewton (reg_weight=1)][Backtracking] iters=0 f=53.6213 Δf=nan ‖∇f‖=214.485 ‖Δx‖=1.1125 Δx⋅∇f(x)=-105.5 (stopping criteria: iters=50 f=9.48744e-311 Δf=0 ‖∇f‖=1 ‖Δx‖=0 Δx⋅∇f(x)=-0)
[2026-09-23 08:21:14.505] [polyfem] [debug] [SparseRegularizedNewton (reg_weight=1)] large (or nan) linear solve residual 0.00042348587934325>1e-05 (‖∇f‖=272.71153298069044)
[2026-09-23 08:21:14.506] [polyfem] [debug] [SparseRegularizedNewton (reg_weight=1)][Backtracking] Update direction could not be computed; reverting to SparseRegularizedNewton (reg_weight=10000)
[2026-09-23 08:21:14.847] [polyfem] [debug] Line search finished (nan_free_step_size=1 collision_free_step_size=1 descent_step_size=1 final_step_size=1)
[2026-09-23 08:21:14.848] [polyfem] [debug] Min distance: 0.0006272227770821278
[2026-09-23 08:21:14.848] [polyfem] [debug] [SparseRegularizedNewton (reg_weight=10000)][Backtracking] iters=1 f=22.6511 Δf=30.9702 ‖∇f‖=272.712 ‖Δx‖=0.0132162 Δx⋅∇f(x)=-2.05833 (stopping criteria: iters=50 f=9.48744e-311 Δf=0 ‖∇f‖=1 ‖Δx‖=0 Δx⋅∇f(x)=-0)
[2026-09-23 08:21:15.184] [polyfem] [debug] Line search finished (nan_free_step_size=1 collision_free_step_size=1 descent_step_size=1 final_step_size=1)
[2026-09-23 08:21:15.184] [polyfem] [debug] Min distance: 0.001103007157821832
[2026-09-23 08:21:15.184] [polyfem] [debug] [SparseRegularizedNewton (reg_weight=10000)][Backtracking] iters=2 f=20.7244 Δf=1.92673 ‖∇f‖=157.118 ‖Δx‖=0.0125727 Δx⋅∇f(x)=-1.71048 (stopping criteria: iters=50 f=9.48744e-311 Δf=0 ‖∇f‖=1 ‖Δx‖=0 Δx⋅∇f(x)=-0)
[2026-09-23 08:21:15.531] [polyfem] [debug] Line search finished (nan_free_step_size=1 collision_free_step_size=1 descent_step_size=1 final_step_size=1)
[2026-09-23 08:21:15.532] [polyfem] [debug] Min distance: 0.0013616450937942446
[2026-09-23 08:21:15.532] [polyfem] [debug] [SparseRegularizedNewton (reg_weight=10000)][Backtracking] iters=3 f=19.0744 Δf=1.65002 ‖∇f‖=127.607 ‖Δx‖=0.011975 Δx⋅∇f(x)=-1.50958 (stopping criteria: iters=50 f=9.48744e-311 Δf=0 ‖∇f‖=1 ‖Δx‖=0 Δx⋅∇f(x)=-0)
[2026-09-23 08:21:15.878] [polyfem] [debug] Line search finished (nan_free_step_size=1 collision_free_step_size=1 descent_step_size=1 final_step_size=1)
[2026-09-23 08:21:15.878] [polyfem] [debug] Min distance: 0.001496098176678208
[2026-09-23 08:21:15.878] [polyfem] [debug] [SparseRegularizedNewton (reg_weight=10000)][Backtracking] iters=4 f=17.6021 Δf=1.47225 ‖∇f‖=119.934 ‖Δx‖=0.0114228 Δx⋅∇f(x)=-1.36836 (stopping criteria: iters=50 f=9.48744e-311 Δf=0 ‖∇f‖=1 ‖Δx‖=0 Δx⋅∇f(x)=-0)
[2026-09-23 08:21:16.238] [polyfem] [debug] Line search finished (nan_free_step_size=1 collision_free_step_size=1 descent_step_size=1 final_step_size=1)
[2026-09-23 08:21:16.238] [polyfem] [debug] [SparseRegularizedNewton (reg_weight=10000)][Backtracking] SparseRegularizedNewton (reg_weight=10000) was successful for 5 iterations; resetting to SparseNewton
[2026-09-23 08:21:16.238] [polyfem] [debug] Min distance: 0.001576673755617732
[2026-09-23 08:21:16.238] [polyfem] [debug] [SparseNewton][Backtracking] iters=5 f=16.2655 Δf=1.33665 ‖∇f‖=114.253 ‖Δx‖=0.0108999 Δx⋅∇f(x)=-1.24513 (stopping criteria: iters=50 f=9.48744e-311 Δf=0 ‖∇f‖=1 ‖Δx‖=0 Δx⋅∇f(x)=-0)
[2026-09-23 08:21:16.566] [polyfem] [debug] [SparseNewton] large (or nan) linear solve residual 1.5521436423889003>1e-05 (‖∇f‖=108.9998991414818)
[2026-09-23 08:21:16.566] [polyfem] [debug] [SparseNewton][Backtracking] Update direction could not be computed; reverting to SparseProjectedNewton
[2026-09-23 08:21:16.969] [polyfem] [debug] [SparseProjectedNewton] large (or nan) linear solve residual 0.5175835951186295>1e-05 (‖∇f‖=108.9998991414818)
[2026-09-23 08:21:16.969] [polyfem] [debug] [SparseProjectedNewton][Backtracking] Update direction could not be computed; reverting to SparseRegularizedNewton (reg_weight=1)
[2026-09-23 08:21:17.581] [polyfem] [debug] Line search finished (nan_free_step_size=1 collision_free_step_size=0.4375 descent_step_size=0.4375 final_step_size=0.4375)
[2026-09-23 08:21:17.581] [polyfem] [debug] Min distance: 0.0013457623524094837
[2026-09-23 08:21:17.581] [polyfem] [debug] [SparseRegularizedNewton (reg_weight=1)][Backtracking] iters=6 f=15.0489 Δf=1.2166 ‖∇f‖=109 ‖Δx‖=0.796807 Δx⋅∇f(x)=-29.1193 (stopping criteria: iters=50 f=9.48744e-311 Δf=0 ‖∇f‖=1 ‖Δx‖=0 Δx⋅∇f(x)=-0)
[2026-09-23 08:21:18.117] [polyfem] [debug] Line search finished (nan_free_step_size=1 collision_free_step_size=1 descent_step_size=1 final_step_size=1)
[2026-09-23 08:21:18.118] [polyfem] [debug] Min distance: 0.0017737001724901721
[2026-09-23 08:21:18.118] [polyfem] [debug] [SparseRegularizedNewton (reg_weight=1)][Backtracking] iters=7 f=5.03818 Δf=10.0107 ‖∇f‖=62.4524 ‖Δx‖=0.507839 Δx⋅∇f(x)=-9.5851 (stopping criteria: iters=50 f=9.48744e-311 Δf=0 ‖∇f‖=1 ‖Δx‖=0 Δx⋅∇f(x)=-0)
[2026-09-23 08:21:18.628] [polyfem] [debug] Line search finished (nan_free_step_size=1 collision_free_step_size=1 descent_step_size=1 final_step_size=1)
[2026-09-23 08:21:18.628] [polyfem] [debug] Min distance: 0.0014470951607107809
[2026-09-23 08:21:18.628] [polyfem] [debug] [SparseRegularizedNewton (reg_weight=1)][Backtracking] iters=8 f=0.117497 Δf=4.92069 ‖∇f‖=3.07077 ‖Δx‖=0.193999 Δx⋅∇f(x)=-0.08335 (stopping criteria: iters=50 f=9.48744e-311 Δf=0 ‖∇f‖=1 ‖Δx‖=0 Δx⋅∇f(x)=-0)
[2026-09-23 08:21:19.073] [polyfem] [debug] Line search finished (nan_free_step_size=1 collision_free_step_size=1 descent_step_size=1 final_step_size=1)
[2026-09-23 08:21:19.074] [polyfem] [debug] Min distance: 0.0015124881919793092
[2026-09-23 08:21:19.074] [polyfem] [debug] [SparseRegularizedNewton (reg_weight=1)][Backtracking] iters=9 f=0.0581543 Δf=0.0593425 ‖∇f‖=5.68063 ‖Δx‖=0.116166 Δx⋅∇f(x)=-0.0232138 (stopping criteria: iters=50 f=9.48744e-311 Δf=0 ‖∇f‖=1 ‖Δx‖=0 Δx⋅∇f(x)=-0)
[2026-09-23 08:21:19.643] [polyfem] [debug] Line search finished (nan_free_step_size=1 collision_free_step_size=1 descent_step_size=1 final_step_size=1)
[2026-09-23 08:21:19.644] [polyfem] [debug] Min distance: 0.0012515823720215783
[2026-09-23 08:21:19.644] [polyfem] [debug] [SparseRegularizedNewton (reg_weight=1)][Backtracking] iters=10 f=0.0412924 Δf=0.0168619 ‖∇f‖=6.25845 ‖Δx‖=0.0838024 Δx⋅∇f(x)=-0.0121963 (stopping criteria: iters=50 f=9.48744e-311 Δf=0 ‖∇f‖=1 ‖Δx‖=0 Δx⋅∇f(x)=-0)
[2026-09-23 08:21:20.161] [polyfem] [debug] Line search finished (nan_free_step_size=1 collision_free_step_size=1 descent_step_size=1 final_step_size=1)
[2026-09-23 08:21:20.161] [polyfem] [debug] [SparseRegularizedNewton (reg_weight=1)][Backtracking] SparseRegularizedNewton (reg_weight=1) was successful for 5 iterations; resetting to SparseNewton
[2026-09-23 08:21:20.161] [polyfem] [debug] Min distance: 0.001622101459576577
[2026-09-23 08:21:20.161] [polyfem] [debug] [SparseNewton][Backtracking] iters=11 f=0.0331728 Δf=0.00811952 ‖∇f‖=7.86444 ‖Δx‖=0.0662287 Δx⋅∇f(x)=-0.00849024 (stopping criteria: iters=50 f=9.48744e-311 Δf=0 ‖∇f‖=1 ‖Δx‖=0 Δx⋅∇f(x)=-0)
[2026-09-23 08:21:20.520] [polyfem] [debug] [SparseNewton] large (or nan) linear solve residual 8.91768724169892>1e-05 (‖∇f‖=2.7680881831645108)
[2026-09-23 08:21:20.520] [polyfem] [debug] [SparseNewton][Backtracking] Update direction could not be computed; reverting to SparseProjectedNewton
[2026-09-23 08:21:20.983] [polyfem] [debug] [SparseProjectedNewton] large (or nan) linear solve residual 0.03562110220907529>1e-05 (‖∇f‖=2.7680881831645108)
[2026-09-23 08:21:20.983] [polyfem] [debug] [SparseProjectedNewton][Backtracking] Update direction could not be computed; reverting to SparseRegularizedNewton (reg_weight=1)
[2026-09-23 08:21:21.451] [polyfem] [debug] Line search finished (nan_free_step_size=1 collision_free_step_size=1 descent_step_size=1 final_step_size=1)
[2026-09-23 08:21:21.451] [polyfem] [debug] Min distance: 0.0018241006274402614
[2026-09-23 08:21:21.451] [polyfem] [debug] [SparseRegularizedNewton (reg_weight=1)][Backtracking] iters=12 f=0.0267436 Δf=0.00642921 ‖∇f‖=2.76809 ‖Δx‖=0.0550041 Δx⋅∇f(x)=-0.00424162 (stopping criteria: iters=50 f=9.48744e-311 Δf=0 ‖∇f‖=1 ‖Δx‖=0 Δx⋅∇f(x)=-0)
[2026-09-23 08:21:21.457] [polyfem] [info] [SparseRegularizedNewton (reg_weight=1)][Backtracking] Finished: Gradient vector norm too small took 9.50238s (iters=13 f=0.0230548 Δf=0.00368889 ‖∇f‖=0.629955 ‖Δx‖=nan Δx⋅∇f(x)=nan) (stopping criteria: iters=50 f=9.48744e-311 Δf=0 ‖∇f‖=1 ‖Δx‖=0 Δx⋅∇f(x)=-0)
[2026-09-23 08:21:21.457] [polyfem] [debug] [[35mtiming[0m] f: 4.13e-02s, grad_f: 8.85e-02s, update_direction: 7.23e+00s, line_search: 2.13e+00s, constraint_set_update: 7.41e-04s
[2026-09-23 08:21:21.457] [polyfem] [debug] [[35mtiming[0m][SparseNewton] assembly: 5.68e-01s; linear_solve: 7.60e-01s
[2026-09-23 08:21:21.457] [polyfem] [debug] [[35mtiming[0m][SparseProjectedNewton] assembly: 7.46e-01s; linear_solve: 5.67e-01s
[2026-09-23 08:21:21.457] [polyfem] [debug] [[35mtiming[0m][SparseRegularizedNewton (reg_weight=1)] assembly: 3.40e+00s; linear_solve: 1.18e+00s
[2026-09-23 08:21:21.457] [polyfem] [debug] [[35mtiming[0m][Backtracking] constraint_set_update 1.07e-02s, checking_for_nan_inf 2.33e-02s, broad_phase_ccd 1.90e+00s, narrow_phase_ccd 8.50e-02s, classical_line_search 3.78e-02s
[2026-09-23 08:21:21.459] [polyfem] [debug] Current eta = 0.9991584992900674
begin: ok  wall 0.47 s  cpu 0.47 s
normalisation: target_scale 0.43371484168229041 center (-0.00084284048782763449, 0.0069841528065407738, -1.956651425224248) source_scale 0.90869314092562126
phase 0 (substep 0, AL): ok  newton 13  minimize 1  post_steps 14  energy 0.023054751201408683  |grad| 0.629955  status 4  wall 11.09 s  cpu 10.69 s
final: phases 1/4  newton 13  post_steps 14  intersections none
preview ring: latest seq 13, max |preview - final| 0
time: begin+phases wall 11.61 s, cpu 11.20 s; process cpu 11.31 s; peak working set 101.5 MB
sdf grid: voxel 0.01  bricks 0 (0 voxels)  0.00 MB  distance queries 0  winding queries 0  fill 0.00 s
Stopping xperf...
Processing ETL trace...
# exit 0
