# run_p0.sh minres-jacobi: /c/b/fit-native-amdahl/fit_native.exe --phases 1 --out /c/b/amdahl-out/minres-jacobi --set /solver/linear/solver="Eigen::MINRES" --set /solver/linear/precond="Eigen::DiagonalPreconditioner"  (cap 180s)  2026-09-23T08:19:31-07:00
inputs: avatar 5128 v / 10171 f, garment 2682 v / 5220 f, skeleton 15 v / 14 b, no-fit 2005, float32 yes, harness file opens 7
[2026-09-23 08:19:31.774] [polyfem] [info] Preserving texture coordinates and material data during avatar projection
[2026-09-23 08:19:31.775] [polyfem] [info] Normals will be recomputed after projection to match the new geometry
[2026-09-23 08:19:31.777] [polyfem] [info] Preserving mesh topology - skipping iterative distance reduction
[2026-09-23 08:19:31.779] [polyfem] [info] Shrunk avatar blended 0.010 toward the target body (0 = fully collapsed onto the skeleton, 1 = no shrink)
[2026-09-23 08:19:31.947] [polyfem] [debug] curve 0 has 3 bone intersections
[2026-09-23 08:19:31.947] [polyfem] [debug] curve normal [-0.011034943664410036, 0.055700501234311195, -0.9983865404644485]
[2026-09-23 08:19:31.947] [polyfem] [debug] CurveTargetForm set curve center to bone 15 - 16, direction is [-0.011034943664410032, 0.055700501234311174, -0.9983865404644484]
[2026-09-23 08:19:31.947] [polyfem] [debug] curve 1 has 1 bone intersections
[2026-09-23 08:19:31.947] [polyfem] [debug] curve normal [0.004042139558851457, -0.06527869003077968, 0.9978588846804203]
[2026-09-23 08:19:31.947] [polyfem] [debug] CurveTargetForm set curve center to bone 0 - 1, direction is [-0.011034943664410032, 0.055700501234311174, -0.9983865404644484]
[2026-09-23 08:19:31.947] [polyfem] [info] Start substep 1 out of 2
[amdahl] candidates ccd vv 0 ev 0 ee 2522 fv 589
[2026-09-23 08:19:32.282] [polyfem] [debug] Set initial AL weight to 1
[amdahl] candidates ccd vv 0 ev 0 ee 3033 fv 699
[2026-09-23 08:19:33.415] [polyfem] [debug] Solving AL Problem with weight 1
[amdahl] candidates static vv 0 ev 0 ee 2522 fv 589
[amdahl] collisions vv 0 ev 0 ee 0 fv 0 pv 0
[2026-09-23 08:19:33.654] [polyfem] [debug] Starting SparseNewton with Backtracking solve f₀=53.6213 (stopping criteria: iters=50 f=9.86304e-311 Δf=0 ‖∇f‖=1 ‖Δx‖=0 Δx⋅∇f(x)=-0)
[amdahl] linsolve SparseNewton n 8047 nnz 295417 residual 2.135413e-04 info {"solver_error":3.007197795922448e-06,"solver_iter":1000}
[2026-09-23 08:19:34.157] [polyfem] [debug] [SparseNewton] large (or nan) linear solve residual 0.00021354132197738313>1e-05 (‖∇f‖=214.48515704102945)
[2026-09-23 08:19:34.157] [polyfem] [debug] [SparseNewton][Backtracking] Update direction could not be computed; reverting to SparseProjectedNewton
[amdahl] linsolve SparseProjectedNewton n 8047 nnz 295417 residual 2.347625e-05 info {"solver_error":1.0161081413015174e-07,"solver_iter":1000}
[2026-09-23 08:19:34.802] [polyfem] [debug] [SparseProjectedNewton] large (or nan) linear solve residual 2.347625436935201e-05>1e-05 (‖∇f‖=214.48515704102945)
[2026-09-23 08:19:34.802] [polyfem] [debug] [SparseProjectedNewton][Backtracking] Update direction could not be computed; reverting to SparseRegularizedNewton (reg_weight=1)
[amdahl] linsolve SparseRegularizedNewton (reg_weight=1) n 8047 nnz 295417 residual 3.274461e-10 info {"solver_error":8.966967137549411e-13,"solver_iter":228}
[amdahl] candidates ccd vv 0 ev 0 ee 6528 fv 1873
[amdahl] collisions vv 9 ev 47 ee 36 fv 2 pv 0
[2026-09-23 08:19:36.397] [polyfem] [debug] Line search finished (nan_free_step_size=1 collision_free_step_size=0.359375 descent_step_size=0.359375 final_step_size=0.359375)
[2026-09-23 08:19:36.398] [polyfem] [debug] [SparseRegularizedNewton (reg_weight=1)][Backtracking] iters=0 f=53.6213 Δf=nan ‖∇f‖=214.485 ‖Δx‖=1.1125 Δx⋅∇f(x)=-105.5 (stopping criteria: iters=50 f=9.86304e-311 Δf=0 ‖∇f‖=1 ‖Δx‖=0 Δx⋅∇f(x)=-0)
[amdahl] linsolve SparseRegularizedNewton (reg_weight=1) n 8047 nnz 295525 residual 1.323065e-04 info {"solver_error":8.029214808152559e-07,"solver_iter":1000}
[2026-09-23 08:19:37.061] [polyfem] [debug] [SparseRegularizedNewton (reg_weight=1)] large (or nan) linear solve residual 0.0001323065265966799>1e-05 (‖∇f‖=272.71153298859457)
[2026-09-23 08:19:37.061] [polyfem] [debug] [SparseRegularizedNewton (reg_weight=1)][Backtracking] Update direction could not be computed; reverting to SparseRegularizedNewton (reg_weight=10000)
[amdahl] linsolve SparseRegularizedNewton (reg_weight=10000) n 8047 nnz 295525 residual 6.273582e-10 info {"solver_error":9.501669399481547e-13,"solver_iter":66}
[amdahl] candidates ccd vv 0 ev 0 ee 3027 fv 771
[amdahl] collisions vv 7 ev 47 ee 36 fv 4 pv 0
[2026-09-23 08:19:37.617] [polyfem] [debug] Line search finished (nan_free_step_size=1 collision_free_step_size=1 descent_step_size=1 final_step_size=1)
[2026-09-23 08:19:37.617] [polyfem] [debug] Min distance: 0.0006272227768782757
[2026-09-23 08:19:37.617] [polyfem] [debug] [SparseRegularizedNewton (reg_weight=10000)][Backtracking] iters=1 f=22.6511 Δf=30.9702 ‖∇f‖=272.712 ‖Δx‖=0.0132162 Δx⋅∇f(x)=-2.05833 (stopping criteria: iters=50 f=9.86304e-311 Δf=0 ‖∇f‖=1 ‖Δx‖=0 Δx⋅∇f(x)=-0)
[amdahl] linsolve SparseRegularizedNewton (reg_weight=10000) n 8047 nnz 295507 residual 1.127078e-10 info {"solver_error":7.996729081144237e-13,"solver_iter":43}
[amdahl] candidates ccd vv 0 ev 0 ee 3030 fv 772
[amdahl] collisions vv 6 ev 44 ee 36 fv 3 pv 0
[2026-09-23 08:19:38.130] [polyfem] [debug] Line search finished (nan_free_step_size=1 collision_free_step_size=1 descent_step_size=1 final_step_size=1)
[2026-09-23 08:19:38.131] [polyfem] [debug] Min distance: 0.0011030071576386194
[2026-09-23 08:19:38.131] [polyfem] [debug] [SparseRegularizedNewton (reg_weight=10000)][Backtracking] iters=2 f=20.7244 Δf=1.92673 ‖∇f‖=157.118 ‖Δx‖=0.0125727 Δx⋅∇f(x)=-1.71048 (stopping criteria: iters=50 f=9.86304e-311 Δf=0 ‖∇f‖=1 ‖Δx‖=0 Δx⋅∇f(x)=-0)
[amdahl] linsolve SparseRegularizedNewton (reg_weight=10000) n 8047 nnz 295525 residual 9.044150e-11 info {"solver_error":8.633532595771289e-13,"solver_iter":32}
[amdahl] candidates ccd vv 0 ev 0 ee 3017 fv 766
[amdahl] collisions vv 6 ev 40 ee 34 fv 2 pv 0
[2026-09-23 08:19:38.621] [polyfem] [debug] Line search finished (nan_free_step_size=1 collision_free_step_size=1 descent_step_size=1 final_step_size=1)
[2026-09-23 08:19:38.621] [polyfem] [debug] Min distance: 0.0013616450936693066
[2026-09-23 08:19:38.621] [polyfem] [debug] [SparseRegularizedNewton (reg_weight=10000)][Backtracking] iters=3 f=19.0744 Δf=1.65002 ‖∇f‖=127.607 ‖Δx‖=0.011975 Δx⋅∇f(x)=-1.50958 (stopping criteria: iters=50 f=9.86304e-311 Δf=0 ‖∇f‖=1 ‖Δx‖=0 Δx⋅∇f(x)=-0)
[amdahl] linsolve SparseRegularizedNewton (reg_weight=10000) n 8047 nnz 295507 residual 3.775975e-11 info {"solver_error":3.228300415218297e-13,"solver_iter":23}
[amdahl] candidates ccd vv 0 ev 0 ee 3017 fv 766
[amdahl] collisions vv 4 ev 39 ee 33 fv 2 pv 0
[2026-09-23 08:19:39.113] [polyfem] [debug] Line search finished (nan_free_step_size=1 collision_free_step_size=1 descent_step_size=1 final_step_size=1)
[2026-09-23 08:19:39.113] [polyfem] [debug] Min distance: 0.0014960981765788598
[2026-09-23 08:19:39.114] [polyfem] [debug] [SparseRegularizedNewton (reg_weight=10000)][Backtracking] iters=4 f=17.6021 Δf=1.47225 ‖∇f‖=119.934 ‖Δx‖=0.0114228 Δx⋅∇f(x)=-1.36836 (stopping criteria: iters=50 f=9.86304e-311 Δf=0 ‖∇f‖=1 ‖Δx‖=0 Δx⋅∇f(x)=-0)
[amdahl] linsolve SparseRegularizedNewton (reg_weight=10000) n 8047 nnz 295471 residual 1.874149e-11 info {"solver_error":1.5448286917331077e-13,"solver_iter":17}
[amdahl] candidates ccd vv 0 ev 0 ee 3017 fv 766
[amdahl] collisions vv 1 ev 31 ee 34 fv 1 pv 0
[2026-09-23 08:19:39.585] [polyfem] [debug] Line search finished (nan_free_step_size=1 collision_free_step_size=1 descent_step_size=1 final_step_size=1)
[2026-09-23 08:19:39.585] [polyfem] [debug] [SparseRegularizedNewton (reg_weight=10000)][Backtracking] SparseRegularizedNewton (reg_weight=10000) was successful for 5 iterations; resetting to SparseNewton
[2026-09-23 08:19:39.586] [polyfem] [debug] Min distance: 0.0015766737555358615
[2026-09-23 08:19:39.586] [polyfem] [debug] [SparseNewton][Backtracking] iters=5 f=16.2655 Δf=1.33665 ‖∇f‖=114.253 ‖Δx‖=0.0108999 Δx⋅∇f(x)=-1.24513 (stopping criteria: iters=50 f=9.86304e-311 Δf=0 ‖∇f‖=1 ‖Δx‖=0 Δx⋅∇f(x)=-0)
[amdahl] linsolve SparseNewton n 8047 nnz 295453 residual 5.647429e-02 info {"solver_error":0.0004686627335077488,"solver_iter":1000}
[2026-09-23 08:19:40.043] [polyfem] [debug] [SparseNewton] large (or nan) linear solve residual 0.05647429307557443>1e-05 (‖∇f‖=108.99989914148631)
[2026-09-23 08:19:40.043] [polyfem] [debug] [SparseNewton][Backtracking] Update direction could not be computed; reverting to SparseProjectedNewton
[amdahl] linsolve SparseProjectedNewton n 8047 nnz 295453 residual 4.376442e-02 info {"solver_error":0.00024590015835840973,"solver_iter":1000}
[2026-09-23 08:19:40.638] [polyfem] [debug] [SparseProjectedNewton] large (or nan) linear solve residual 0.04376442177613812>1e-05 (‖∇f‖=108.99989914148631)
[2026-09-23 08:19:40.638] [polyfem] [debug] [SparseProjectedNewton][Backtracking] Update direction could not be computed; reverting to SparseRegularizedNewton (reg_weight=1)
[amdahl] linsolve SparseRegularizedNewton (reg_weight=1) n 8047 nnz 295453 residual 6.267659e-10 info {"solver_error":9.775372069450667e-13,"solver_iter":763}
[amdahl] candidates ccd vv 0 ev 0 ee 6703 fv 1915
[amdahl] collisions vv 0 ev 15 ee 9 fv 0 pv 0
[2026-09-23 08:19:41.719] [polyfem] [debug] Line search finished (nan_free_step_size=1 collision_free_step_size=0.4375 descent_step_size=0.4375 final_step_size=0.4375)
[2026-09-23 08:19:41.720] [polyfem] [debug] Min distance: 0.0013457623527004768
[2026-09-23 08:19:41.720] [polyfem] [debug] [SparseRegularizedNewton (reg_weight=1)][Backtracking] iters=6 f=15.0489 Δf=1.2166 ‖∇f‖=109 ‖Δx‖=0.796807 Δx⋅∇f(x)=-29.1193 (stopping criteria: iters=50 f=9.86304e-311 Δf=0 ‖∇f‖=1 ‖Δx‖=0 Δx⋅∇f(x)=-0)
[amdahl] linsolve SparseRegularizedNewton (reg_weight=1) n 8047 nnz 295417 residual 3.746063e-11 info {"solver_error":9.157047352968989e-13,"solver_iter":895}
[amdahl] candidates ccd vv 0 ev 0 ee 5687 fv 1536
[amdahl] collisions vv 1 ev 2 ee 0 fv 0 pv 0
[2026-09-23 08:19:42.521] [polyfem] [debug] Line search finished (nan_free_step_size=1 collision_free_step_size=1 descent_step_size=1 final_step_size=1)
[2026-09-23 08:19:42.522] [polyfem] [debug] Min distance: 0.0017737001724599415
[2026-09-23 08:19:42.522] [polyfem] [debug] [SparseRegularizedNewton (reg_weight=1)][Backtracking] iters=7 f=5.03818 Δf=10.0107 ‖∇f‖=62.4524 ‖Δx‖=0.507839 Δx⋅∇f(x)=-9.5851 (stopping criteria: iters=50 f=9.86304e-311 Δf=0 ‖∇f‖=1 ‖Δx‖=0 Δx⋅∇f(x)=-0)
[amdahl] linsolve SparseRegularizedNewton (reg_weight=1) n 8047 nnz 295417 residual 1.096513e-12 info {"solver_error":9.101181591294384e-13,"solver_iter":370}
[amdahl] candidates ccd vv 0 ev 0 ee 4959 fv 1327
[amdahl] collisions vv 0 ev 5 ee 2 fv 0 pv 0
[2026-09-23 08:19:43.067] [polyfem] [debug] Line search finished (nan_free_step_size=1 collision_free_step_size=1 descent_step_size=1 final_step_size=1)
[2026-09-23 08:19:43.068] [polyfem] [debug] Min distance: 0.001447095160730755
[2026-09-23 08:19:43.068] [polyfem] [debug] [SparseRegularizedNewton (reg_weight=1)][Backtracking] iters=8 f=0.117497 Δf=4.92069 ‖∇f‖=3.07077 ‖Δx‖=0.193999 Δx⋅∇f(x)=-0.08335 (stopping criteria: iters=50 f=9.86304e-311 Δf=0 ‖∇f‖=1 ‖Δx‖=0 Δx⋅∇f(x)=-0)
[amdahl] linsolve SparseRegularizedNewton (reg_weight=1) n 8047 nnz 295417 residual 2.097493e-12 info {"solver_error":9.44550781926512e-13,"solver_iter":602}
[amdahl] candidates ccd vv 0 ev 0 ee 4579 fv 1201
[amdahl] collisions vv 0 ev 12 ee 1 fv 0 pv 0
[2026-09-23 08:19:43.701] [polyfem] [debug] Line search finished (nan_free_step_size=1 collision_free_step_size=1 descent_step_size=1 final_step_size=1)
[2026-09-23 08:19:43.701] [polyfem] [debug] Min distance: 0.0015124881919545308
[2026-09-23 08:19:43.701] [polyfem] [debug] [SparseRegularizedNewton (reg_weight=1)][Backtracking] iters=9 f=0.0581543 Δf=0.0593425 ‖∇f‖=5.68063 ‖Δx‖=0.116166 Δx⋅∇f(x)=-0.0232138 (stopping criteria: iters=50 f=9.86304e-311 Δf=0 ‖∇f‖=1 ‖Δx‖=0 Δx⋅∇f(x)=-0)
[amdahl] linsolve SparseRegularizedNewton (reg_weight=1) n 8047 nnz 295417 residual 4.053413e-12 info {"solver_error":9.505250512401895e-13,"solver_iter":766}
[amdahl] candidates ccd vv 0 ev 0 ee 4492 fv 1173
[amdahl] collisions vv 0 ev 15 ee 0 fv 0 pv 0
[2026-09-23 08:19:44.317] [polyfem] [debug] Line search finished (nan_free_step_size=1 collision_free_step_size=1 descent_step_size=1 final_step_size=1)
[2026-09-23 08:19:44.317] [polyfem] [debug] Min distance: 0.0012515823720848562
[2026-09-23 08:19:44.317] [polyfem] [debug] [SparseRegularizedNewton (reg_weight=1)][Backtracking] iters=10 f=0.0412924 Δf=0.0168619 ‖∇f‖=6.25845 ‖Δx‖=0.0838024 Δx⋅∇f(x)=-0.0121963 (stopping criteria: iters=50 f=9.86304e-311 Δf=0 ‖∇f‖=1 ‖Δx‖=0 Δx⋅∇f(x)=-0)
[amdahl] linsolve SparseRegularizedNewton (reg_weight=1) n 8047 nnz 295417 residual 3.823496e-12 info {"solver_error":9.912694049660323e-13,"solver_iter":631}
[amdahl] candidates ccd vv 0 ev 0 ee 4354 fv 1134
[amdahl] collisions vv 0 ev 14 ee 0 fv 0 pv 0
[2026-09-23 08:19:44.996] [polyfem] [debug] Line search finished (nan_free_step_size=1 collision_free_step_size=1 descent_step_size=1 final_step_size=1)
[2026-09-23 08:19:44.996] [polyfem] [debug] [SparseRegularizedNewton (reg_weight=1)][Backtracking] SparseRegularizedNewton (reg_weight=1) was successful for 5 iterations; resetting to SparseNewton
[2026-09-23 08:19:44.997] [polyfem] [debug] Min distance: 0.0016221014595050344
[2026-09-23 08:19:44.997] [polyfem] [debug] [SparseNewton][Backtracking] iters=11 f=0.0331728 Δf=0.00811952 ‖∇f‖=7.86444 ‖Δx‖=0.0662287 Δx⋅∇f(x)=-0.00849024 (stopping criteria: iters=50 f=9.86304e-311 Δf=0 ‖∇f‖=1 ‖Δx‖=0 Δx⋅∇f(x)=-0)
[amdahl] linsolve SparseNewton n 8047 nnz 295417 residual -nan(ind) info {"solver_error":null,"solver_iter":1000}
[2026-09-23 08:19:45.545] [polyfem] [debug] [SparseNewton] large (or nan) linear solve residual -nan>1e-05 (‖∇f‖=2.7680881836516096)
[2026-09-23 08:19:45.545] [polyfem] [debug] [SparseNewton][Backtracking] Update direction could not be computed; reverting to SparseProjectedNewton
[amdahl] linsolve SparseProjectedNewton n 8047 nnz 295417 residual -nan(ind) info {"solver_error":null,"solver_iter":1000}
[2026-09-23 08:19:46.152] [polyfem] [debug] [SparseProjectedNewton] large (or nan) linear solve residual -nan>1e-05 (‖∇f‖=2.7680881836516096)
[2026-09-23 08:19:46.152] [polyfem] [debug] [SparseProjectedNewton][Backtracking] Update direction could not be computed; reverting to SparseRegularizedNewton (reg_weight=1)
[amdahl] linsolve SparseRegularizedNewton (reg_weight=1) n 8047 nnz 295417 residual -nan(ind) info {"solver_error":null,"solver_iter":1000}
[2026-09-23 08:19:46.855] [polyfem] [debug] [SparseRegularizedNewton (reg_weight=1)] large (or nan) linear solve residual -nan>1e-05 (‖∇f‖=2.7680881836516096)
[2026-09-23 08:19:46.855] [polyfem] [debug] [SparseRegularizedNewton (reg_weight=1)][Backtracking] Update direction could not be computed; reverting to SparseRegularizedNewton (reg_weight=10000)
[amdahl] linsolve SparseRegularizedNewton (reg_weight=10000) n 8047 nnz 295417 residual -nan(ind) info {"solver_error":null,"solver_iter":1000}
[2026-09-23 08:19:47.477] [polyfem] [debug] [SparseRegularizedNewton (reg_weight=10000)] large (or nan) linear solve residual -nan>1e-05 (‖∇f‖=2.7680881836516096)
[2026-09-23 08:19:47.477] [polyfem] [debug] [SparseRegularizedNewton (reg_weight=10000)][Backtracking] Update direction could not be computed; reverting to SparseRegularizedNewton (reg_weight=1e+08)
[amdahl] linsolve SparseRegularizedNewton (reg_weight=1e+08) n 8047 nnz 295417 residual -nan(ind) info {"solver_error":null,"solver_iter":1000}
[2026-09-23 08:19:48.196] [polyfem] [debug] [SparseRegularizedNewton (reg_weight=1e+08)] large (or nan) linear solve residual -nan>1e-05 (‖∇f‖=2.7680881836516096)
[2026-09-23 08:19:48.196] [polyfem] [debug] [SparseRegularizedNewton (reg_weight=1e+08)][Backtracking] Update direction could not be computed; reverting to SparseRegularizedNewton (reg_weight=1e+12)
[amdahl] linsolve SparseRegularizedNewton (reg_weight=1e+12) n 8047 nnz 295417 residual -nan(ind) info {"solver_error":null,"solver_iter":1000}
[2026-09-23 08:19:48.780] [polyfem] [debug] [SparseRegularizedNewton (reg_weight=1e+12)] large (or nan) linear solve residual -nan>1e-05 (‖∇f‖=2.7680881836516096)
[2026-09-23 08:19:48.780] [polyfem] [debug] [SparseRegularizedNewton (reg_weight=1e+12)][Backtracking] Update direction could not be computed; reverting to GradientDescent
[amdahl] candidates ccd vv 0 ev 0 ee 7886 fv 2667
[amdahl] collisions vv 0 ev 3 ee 0 fv 0 pv 0
[amdahl] collisions vv 0 ev 3 ee 0 fv 0 pv 0
[amdahl] collisions vv 0 ev 6 ee 0 fv 0 pv 0
[amdahl] collisions vv 0 ev 11 ee 0 fv 0 pv 0
[2026-09-23 08:19:48.989] [polyfem] [debug] Line search finished (nan_free_step_size=0.2895611044673265 collision_free_step_size=0.004524392257301977 descent_step_size=0.0005655490321627471 final_step_size=0.0005655490321627471)
[2026-09-23 08:19:48.989] [polyfem] [debug] Min distance: 0.0019537908195584337
[2026-09-23 08:19:48.989] [polyfem] [debug] [GradientDescent][Backtracking] iters=12 f=0.0267436 Δf=0.00642921 ‖∇f‖=2.76809 ‖Δx‖=2.76809 Δx⋅∇f(x)=-7.66231 (stopping criteria: iters=50 f=9.86304e-311 Δf=0 ‖∇f‖=1 ‖Δx‖=0 Δx⋅∇f(x)=-0)
[2026-09-23 08:19:49.001] [polyfem] [info] [GradientDescent][Backtracking] Finished: Gradient vector norm too small took 15.3492s (iters=13 f=0.0264972 Δf=0.000246455 ‖∇f‖=0.217557 ‖Δx‖=nan Δx⋅∇f(x)=nan) (stopping criteria: iters=50 f=9.86304e-311 Δf=0 ‖∇f‖=1 ‖Δx‖=0 Δx⋅∇f(x)=-0)
[2026-09-23 08:19:49.001] [polyfem] [debug] [[35mtiming[0m] f: 7.14e-02s, grad_f: 1.55e-01s, update_direction: 1.18e+01s, line_search: 3.31e+00s, constraint_set_update: 8.19e-04s
[2026-09-23 08:19:49.001] [polyfem] [debug] [[35mtiming[0m][SparseNewton] assembly: 5.73e-01s; linear_solve: 9.07e-01s
[2026-09-23 08:19:49.001] [polyfem] [debug] [[35mtiming[0m][SparseProjectedNewton] assembly: 9.97e-01s; linear_solve: 8.20e-01s
[2026-09-23 08:19:49.001] [polyfem] [debug] [[35mtiming[0m][SparseRegularizedNewton (reg_weight=1e+16)] assembly: 5.58e+00s; linear_solve: 2.90e+00s
[2026-09-23 08:19:49.001] [polyfem] [debug] [[35mtiming[0m][Backtracking] constraint_set_update 2.49e-02s, checking_for_nan_inf 4.09e-02s, broad_phase_ccd 2.92e+00s, narrow_phase_ccd 1.27e-01s, classical_line_search 7.86e-02s
[2026-09-23 08:19:49.006] [polyfem] [debug] Current eta = 0.998988454560518
[amdahl] candidates ccd vv 0 ev 0 ee 3589 fv 891
begin: ok  wall 0.53 s  cpu 0.48 s
normalisation: target_scale 0.43371484168229041 center (-0.00084284048782763449, 0.0069841528065407738, -1.956651425224248) source_scale 0.90869314092562126
phase 0 (substep 0, AL): ok  newton 13  minimize 1  post_steps 14  energy 0.026497182568297358  |grad| 0.217557  status 4  wall 17.18 s  cpu 16.31 s
final: phases 1/4  newton 13  post_steps 14  intersections none
preview ring: latest seq 13, max |preview - final| 0
time: begin+phases wall 17.79 s, cpu 16.86 s; process cpu 16.98 s; peak working set 101.8 MB
sdf grid: voxel 0.01  bricks 0 (0 voxels)  0.00 MB  distance queries 0  winding queries 0  fill 0.00 s
# exit 0  wall 18.05 s
