Testing 2 devices

Backend 1/2: CPU
  Skipping
Backend 2/2: RD0
  Device description: Godot RenderingDevice (NVIDIA GeForce RTX 4090)
  Device memory: 24576 MB (24576 MB free)

  NEG(type=f16,ne_a=[128,2,2,2],v=0): not supported [RD0] 
  NEG(type=f16,ne_a=[5,7,11,13],v=0): not supported [RD0] 
  SILU(type=f16,ne_a=[128,2,2,2],v=0): not supported [RD0] 
  SILU(type=f16,ne_a=[5,7,11,13],v=0): not supported [RD0] 
  NEG(type=f16,ne_a=[128,2,2,2],v=1): not supported [RD0] 
  NEG(type=f16,ne_a=[5,7,11,13],v=1): not supported [RD0] 
  SILU(type=f16,ne_a=[128,2,2,2],v=1): not supported [RD0] 
  SILU(type=f16,ne_a=[5,7,11,13],v=1): not supported [RD0] 
  NEG(type=f32,ne_a=[128,2,2,2],v=0): OK
  NEG(type=f32,ne_a=[5,7,11,13],v=0): OK
  SILU(type=f32,ne_a=[128,2,2,2],v=0): OK
  SILU(type=f32,ne_a=[5,7,11,13],v=0): OK
  NEG(type=f32,ne_a=[128,2,2,2],v=1): OK
  NEG(type=f32,ne_a=[5,7,11,13],v=1): OK
  SILU(type=f32,ne_a=[128,2,2,2],v=1): OK
  SILU(type=f32,ne_a=[5,7,11,13],v=1): OK
  SCALE(type=f32,ne=[10,10,10,10],scale=2.000000,bias=0.000000,inplace=0): OK
  SCALE(type=f32,ne=[10,10,10,10],scale=2.000000,bias=1.000000,inplace=0): OK
  SCALE(type=f32,ne=[10,10,10,10],scale=2.000000,bias=1.000000,inplace=1): OK
  SCALE(type=f32,ne=[100,10,10,10],scale=2.000000,bias=1.000000,inplace=0): OK
  RMS_NORM(type=f32,ne=[64,5,4,3],v=0,eps=0.000000,inplace=0): OK
  RMS_NORM(type=f32,ne=[64,5,4,3],v=1,eps=0.000000,inplace=0): OK
  RMS_NORM(type=f32,ne=[1025,5,4,3],v=0,eps=0.000000,inplace=0): OK
  RMS_NORM(type=f32,ne=[1025,5,4,3],v=1,eps=0.000000,inplace=0): OK
  RMS_NORM(type=f32,ne=[64,5,4,3],v=0,eps=0.000001,inplace=0): OK
  RMS_NORM(type=f32,ne=[64,5,4,3],v=1,eps=0.000001,inplace=0): OK
  RMS_NORM(type=f32,ne=[1025,5,4,3],v=0,eps=0.000001,inplace=0): OK
  RMS_NORM(type=f32,ne=[1025,5,4,3],v=1,eps=0.000001,inplace=0): OK
  RMS_NORM(type=f32,ne=[64,5,4,3],v=0,eps=0.000100,inplace=0): OK
  RMS_NORM(type=f32,ne=[64,5,4,3],v=1,eps=0.000100,inplace=0): OK
  RMS_NORM(type=f32,ne=[1025,5,4,3],v=0,eps=0.000100,inplace=0): OK
  RMS_NORM(type=f32,ne=[1025,5,4,3],v=1,eps=0.000100,inplace=0): OK
  RMS_NORM(type=f32,ne=[64,5,4,3],v=0,eps=0.100000,inplace=0): OK
  RMS_NORM(type=f32,ne=[64,5,4,3],v=1,eps=0.100000,inplace=0): OK
  RMS_NORM(type=f32,ne=[1025,5,4,3],v=0,eps=0.100000,inplace=0): OK
  RMS_NORM(type=f32,ne=[1025,5,4,3],v=1,eps=0.100000,inplace=0): OK
  RMS_NORM(type=f32,ne=[64,5,4,3],v=0,eps=10.000000,inplace=0): OK
  RMS_NORM(type=f32,ne=[64,5,4,3],v=1,eps=10.000000,inplace=0): OK
  RMS_NORM(type=f32,ne=[1025,5,4,3],v=0,eps=10.000000,inplace=0): OK
  RMS_NORM(type=f32,ne=[1025,5,4,3],v=1,eps=10.000000,inplace=0): OK
  RMS_NORM(type=f32,ne=[64,5,4,3],v=0,eps=0.000001,inplace=1): OK
  SOFT_MAX(type=f32,ne=[16,16,1,1],mask=0,sinks=0,m_prec=f32,nr23=[1,1],scale=1.000000,max_bias=0.000000,inplace=0): OK
  SOFT_MAX(type=f32,ne=[15,15,1,1],mask=0,sinks=0,m_prec=f32,nr23=[1,1],scale=1.000000,max_bias=0.000000,inplace=0): OK
  SOFT_MAX(type=f32,ne=[16,1024,1,1],mask=0,sinks=0,m_prec=f32,nr23=[1,1],scale=1.000000,max_bias=0.000000,inplace=0): OK
  SOFT_MAX(type=f32,ne=[15,1023,1,1],mask=0,sinks=0,m_prec=f32,nr23=[1,1],scale=1.000000,max_bias=0.000000,inplace=0): OK
  SOFT_MAX(type=f32,ne=[1024,16,1,1],mask=0,sinks=0,m_prec=f32,nr23=[1,1],scale=1.000000,max_bias=0.000000,inplace=0): OK
  SOFT_MAX(type=f32,ne=[1023,15,1,1],mask=0,sinks=0,m_prec=f32,nr23=[1,1],scale=1.000000,max_bias=0.000000,inplace=0): OK
  SOFT_MAX(type=f32,ne=[1024,1024,1,1],mask=0,sinks=0,m_prec=f32,nr23=[1,1],scale=1.000000,max_bias=0.000000,inplace=0): OK
  SOFT_MAX(type=f32,ne=[1023,1023,1,1],mask=0,sinks=0,m_prec=f32,nr23=[1,1],scale=1.000000,max_bias=0.000000,inplace=0): OK
  SOFT_MAX(type=f32,ne=[16,16,1,1],mask=0,sinks=0,m_prec=f32,nr23=[1,1],scale=0.100000,max_bias=0.000000,inplace=0): OK
  SOFT_MAX(type=f32,ne=[15,15,1,1],mask=0,sinks=0,m_prec=f32,nr23=[1,1],scale=0.100000,max_bias=0.000000,inplace=0): OK
  SOFT_MAX(type=f32,ne=[16,1024,1,1],mask=0,sinks=0,m_prec=f32,nr23=[1,1],scale=0.100000,max_bias=0.000000,inplace=0): OK
  SOFT_MAX(type=f32,ne=[15,1023,1,1],mask=0,sinks=0,m_prec=f32,nr23=[1,1],scale=0.100000,max_bias=0.000000,inplace=0): OK
  SOFT_MAX(type=f32,ne=[1024,16,1,1],mask=0,sinks=0,m_prec=f32,nr23=[1,1],scale=0.100000,max_bias=0.000000,inplace=0): OK
  SOFT_MAX(type=f32,ne=[1023,15,1,1],mask=0,sinks=0,m_prec=f32,nr23=[1,1],scale=0.100000,max_bias=0.000000,inplace=0): OK
  SOFT_MAX(type=f32,ne=[1024,1024,1,1],mask=0,sinks=0,m_prec=f32,nr23=[1,1],scale=0.100000,max_bias=0.000000,inplace=0): OK
  SOFT_MAX(type=f32,ne=[1023,1023,1,1],mask=0,sinks=0,m_prec=f32,nr23=[1,1],scale=0.100000,max_bias=0.000000,inplace=0): OK
  SOFT_MAX(type=f32,ne=[16,2,32,1],mask=0,sinks=0,m_prec=f32,nr23=[1,1],scale=0.100000,max_bias=0.000000,inplace=1): OK
  SOFT_MAX(type=f32,ne=[16,2,32,1],mask=0,sinks=0,m_prec=f16,nr23=[1,1],scale=0.100000,max_bias=0.000000,inplace=1): OK
  SOFT_MAX(type=f32,ne=[16,16,1,1],mask=0,sinks=1,m_prec=f32,nr23=[1,1],scale=1.000000,max_bias=0.000000,inplace=0): not supported [RD0] 
  SOFT_MAX(type=f32,ne=[15,15,1,1],mask=0,sinks=1,m_prec=f32,nr23=[1,1],scale=1.000000,max_bias=0.000000,inplace=0): not supported [RD0] 
  SOFT_MAX(type=f32,ne=[16,1024,1,1],mask=0,sinks=1,m_prec=f32,nr23=[1,1],scale=1.000000,max_bias=0.000000,inplace=0): not supported [RD0] 
  SOFT_MAX(type=f32,ne=[15,1023,1,1],mask=0,sinks=1,m_prec=f32,nr23=[1,1],scale=1.000000,max_bias=0.000000,inplace=0): not supported [RD0] 
  SOFT_MAX(type=f32,ne=[1024,16,1,1],mask=0,sinks=1,m_prec=f32,nr23=[1,1],scale=1.000000,max_bias=0.000000,inplace=0): not supported [RD0] 
  SOFT_MAX(type=f32,ne=[1023,15,1,1],mask=0,sinks=1,m_prec=f32,nr23=[1,1],scale=1.000000,max_bias=0.000000,inplace=0): not supported [RD0] 
  SOFT_MAX(type=f32,ne=[1024,1024,1,1],mask=0,sinks=1,m_prec=f32,nr23=[1,1],scale=1.000000,max_bias=0.000000,inplace=0): not supported [RD0] 
  SOFT_MAX(type=f32,ne=[1023,1023,1,1],mask=0,sinks=1,m_prec=f32,nr23=[1,1],scale=1.000000,max_bias=0.000000,inplace=0): not supported [RD0] 
  SOFT_MAX(type=f32,ne=[16,16,1,1],mask=0,sinks=1,m_prec=f32,nr23=[1,1],scale=0.100000,max_bias=0.000000,inplace=0): not supported [RD0] 
  SOFT_MAX(type=f32,ne=[15,15,1,1],mask=0,sinks=1,m_prec=f32,nr23=[1,1],scale=0.100000,max_bias=0.000000,inplace=0): not supported [RD0] 
  SOFT_MAX(type=f32,ne=[16,1024,1,1],mask=0,sinks=1,m_prec=f32,nr23=[1,1],scale=0.100000,max_bias=0.000000,inplace=0): not supported [RD0] 
  SOFT_MAX(type=f32,ne=[15,1023,1,1],mask=0,sinks=1,m_prec=f32,nr23=[1,1],scale=0.100000,max_bias=0.000000,inplace=0): not supported [RD0] 
  SOFT_MAX(type=f32,ne=[1024,16,1,1],mask=0,sinks=1,m_prec=f32,nr23=[1,1],scale=0.100000,max_bias=0.000000,inplace=0): not supported [RD0] 
  SOFT_MAX(type=f32,ne=[1023,15,1,1],mask=0,sinks=1,m_prec=f32,nr23=[1,1],scale=0.100000,max_bias=0.000000,inplace=0): not supported [RD0] 
  SOFT_MAX(type=f32,ne=[1024,1024,1,1],mask=0,sinks=1,m_prec=f32,nr23=[1,1],scale=0.100000,max_bias=0.000000,inplace=0): not supported [RD0] 
  SOFT_MAX(type=f32,ne=[1023,1023,1,1],mask=0,sinks=1,m_prec=f32,nr23=[1,1],scale=0.100000,max_bias=0.000000,inplace=0): not supported [RD0] 
  SOFT_MAX(type=f32,ne=[16,2,32,1],mask=0,sinks=1,m_prec=f32,nr23=[1,1],scale=0.100000,max_bias=0.000000,inplace=1): not supported [RD0] 
  SOFT_MAX(type=f32,ne=[16,2,32,1],mask=0,sinks=1,m_prec=f16,nr23=[1,1],scale=0.100000,max_bias=0.000000,inplace=1): not supported [RD0] 
  SOFT_MAX(type=f32,ne=[16,16,1,1],mask=1,sinks=0,m_prec=f32,nr23=[1,1],scale=1.000000,max_bias=0.000000,inplace=0): not supported [RD0] 
  SOFT_MAX(type=f32,ne=[15,15,1,1],mask=1,sinks=0,m_prec=f32,nr23=[1,1],scale=1.000000,max_bias=0.000000,inplace=0): not supported [RD0] 
  SOFT_MAX(type=f32,ne=[16,16,1,3],mask=1,sinks=0,m_prec=f32,nr23=[3,1],scale=1.000000,max_bias=0.000000,inplace=0): not supported [RD0] 
  SOFT_MAX(type=f32,ne=[15,15,1,1],mask=1,sinks=0,m_prec=f32,nr23=[2,3],scale=1.000000,max_bias=0.000000,inplace=0): not supported [RD0] 
  SOFT_MAX(type=f32,ne=[16,16,1,1],mask=1,sinks=0,m_prec=f16,nr23=[1,1],scale=1.000000,max_bias=0.000000,inplace=0): not supported [RD0] 
  SOFT_MAX(type=f32,ne=[15,15,1,1],mask=1,sinks=0,m_prec=f16,nr23=[1,1],scale=1.000000,max_bias=0.000000,inplace=0): not supported [RD0] 
  SOFT_MAX(type=f32,ne=[16,16,1,3],mask=1,sinks=0,m_prec=f16,nr23=[3,1],scale=1.000000,max_bias=0.000000,inplace=0): not supported [RD0] 
  SOFT_MAX(type=f32,ne=[15,15,1,1],mask=1,sinks=0,m_prec=f16,nr23=[2,3],scale=1.000000,max_bias=0.000000,inplace=0): not supported [RD0] 
  SOFT_MAX(type=f32,ne=[16,1024,1,1],mask=1,sinks=0,m_prec=f32,nr23=[1,1],scale=1.000000,max_bias=0.000000,inplace=0): not supported [RD0] 
  SOFT_MAX(type=f32,ne=[15,1023,1,1],mask=1,sinks=0,m_prec=f32,nr23=[1,1],scale=1.000000,max_bias=0.000000,inplace=0): not supported [RD0] 
  SOFT_MAX(type=f32,ne=[16,1024,1,1],mask=1,sinks=0,m_prec=f16,nr23=[1,1],scale=1.000000,max_bias=0.000000,inplace=0): not supported [RD0] 
  SOFT_MAX(type=f32,ne=[15,1023,1,1],mask=1,sinks=0,m_prec=f16,nr23=[1,1],scale=1.000000,max_bias=0.000000,inplace=0): not supported [RD0] 
  SOFT_MAX(type=f32,ne=[1024,16,1,1],mask=1,sinks=0,m_prec=f32,nr23=[1,1],scale=1.000000,max_bias=0.000000,inplace=0): not supported [RD0] 
  SOFT_MAX(type=f32,ne=[1023,15,1,1],mask=1,sinks=0,m_prec=f32,nr23=[1,1],scale=1.000000,max_bias=0.000000,inplace=0): not supported [RD0] 
  SOFT_MAX(type=f32,ne=[1024,16,1,1],mask=1,sinks=0,m_prec=f16,nr23=[1,1],scale=1.000000,max_bias=0.000000,inplace=0): not supported [RD0] 
  SOFT_MAX(type=f32,ne=[1023,15,1,1],mask=1,sinks=0,m_prec=f16,nr23=[1,1],scale=1.000000,max_bias=0.000000,inplace=0): not supported [RD0] 
  SOFT_MAX(type=f32,ne=[1024,1024,1,1],mask=1,sinks=0,m_prec=f32,nr23=[1,1],scale=1.000000,max_bias=0.000000,inplace=0): not supported [RD0] 
  SOFT_MAX(type=f32,ne=[1023,1023,1,1],mask=1,sinks=0,m_prec=f32,nr23=[1,1],scale=1.000000,max_bias=0.000000,inplace=0): not supported [RD0] 
  SOFT_MAX(type=f32,ne=[1024,1024,1,1],mask=1,sinks=0,m_prec=f16,nr23=[1,1],scale=1.000000,max_bias=0.000000,inplace=0): not supported [RD0] 
  SOFT_MAX(type=f32,ne=[1023,1023,1,1],mask=1,sinks=0,m_prec=f16,nr23=[1,1],scale=1.000000,max_bias=0.000000,inplace=0): not supported [RD0] 
  SOFT_MAX(type=f32,ne=[16,16,1,1],mask=1,sinks=0,m_prec=f32,nr23=[1,1],scale=0.100000,max_bias=0.000000,inplace=0): not supported [RD0] 
  SOFT_MAX(type=f32,ne=[15,15,1,1],mask=1,sinks=0,m_prec=f32,nr23=[1,1],scale=0.100000,max_bias=0.000000,inplace=0): not supported [RD0] 
  SOFT_MAX(type=f32,ne=[16,16,1,3],mask=1,sinks=0,m_prec=f32,nr23=[3,1],scale=0.100000,max_bias=0.000000,inplace=0): not supported [RD0] 
  SOFT_MAX(type=f32,ne=[15,15,1,1],mask=1,sinks=0,m_prec=f32,nr23=[2,3],scale=0.100000,max_bias=0.000000,inplace=0): not supported [RD0] 
  SOFT_MAX(type=f32,ne=[16,16,1,1],mask=1,sinks=0,m_prec=f16,nr23=[1,1],scale=0.100000,max_bias=0.000000,inplace=0): not supported [RD0] 
  SOFT_MAX(type=f32,ne=[15,15,1,1],mask=1,sinks=0,m_prec=f16,nr23=[1,1],scale=0.100000,max_bias=0.000000,inplace=0): not supported [RD0] 
  SOFT_MAX(type=f32,ne=[16,16,1,3],mask=1,sinks=0,m_prec=f16,nr23=[3,1],scale=0.100000,max_bias=0.000000,inplace=0): not supported [RD0] 
  SOFT_MAX(type=f32,ne=[15,15,1,1],mask=1,sinks=0,m_prec=f16,nr23=[2,3],scale=0.100000,max_bias=0.000000,inplace=0): not supported [RD0] 
  SOFT_MAX(type=f32,ne=[16,1024,1,1],mask=1,sinks=0,m_prec=f32,nr23=[1,1],scale=0.100000,max_bias=0.000000,inplace=0): not supported [RD0] 
  SOFT_MAX(type=f32,ne=[15,1023,1,1],mask=1,sinks=0,m_prec=f32,nr23=[1,1],scale=0.100000,max_bias=0.000000,inplace=0): not supported [RD0] 
  SOFT_MAX(type=f32,ne=[16,1024,1,1],mask=1,sinks=0,m_prec=f16,nr23=[1,1],scale=0.100000,max_bias=0.000000,inplace=0): not supported [RD0] 
  SOFT_MAX(type=f32,ne=[15,1023,1,1],mask=1,sinks=0,m_prec=f16,nr23=[1,1],scale=0.100000,max_bias=0.000000,inplace=0): not supported [RD0] 
  SOFT_MAX(type=f32,ne=[1024,16,1,1],mask=1,sinks=0,m_prec=f32,nr23=[1,1],scale=0.100000,max_bias=0.000000,inplace=0): not supported [RD0] 
  SOFT_MAX(type=f32,ne=[1023,15,1,1],mask=1,sinks=0,m_prec=f32,nr23=[1,1],scale=0.100000,max_bias=0.000000,inplace=0): not supported [RD0] 
  SOFT_MAX(type=f32,ne=[1024,16,1,1],mask=1,sinks=0,m_prec=f16,nr23=[1,1],scale=0.100000,max_bias=0.000000,inplace=0): not supported [RD0] 
  SOFT_MAX(type=f32,ne=[1023,15,1,1],mask=1,sinks=0,m_prec=f16,nr23=[1,1],scale=0.100000,max_bias=0.000000,inplace=0): not supported [RD0] 
  SOFT_MAX(type=f32,ne=[1024,1024,1,1],mask=1,sinks=0,m_prec=f32,nr23=[1,1],scale=0.100000,max_bias=0.000000,inplace=0): not supported [RD0] 
  SOFT_MAX(type=f32,ne=[1023,1023,1,1],mask=1,sinks=0,m_prec=f32,nr23=[1,1],scale=0.100000,max_bias=0.000000,inplace=0): not supported [RD0] 
  SOFT_MAX(type=f32,ne=[1024,1024,1,1],mask=1,sinks=0,m_prec=f16,nr23=[1,1],scale=0.100000,max_bias=0.000000,inplace=0): not supported [RD0] 
  SOFT_MAX(type=f32,ne=[1023,1023,1,1],mask=1,sinks=0,m_prec=f16,nr23=[1,1],scale=0.100000,max_bias=0.000000,inplace=0): not supported [RD0] 
  SOFT_MAX(type=f32,ne=[16,16,1,1],mask=1,sinks=0,m_prec=f32,nr23=[1,1],scale=1.000000,max_bias=8.000000,inplace=0): not supported [RD0] 
  SOFT_MAX(type=f32,ne=[15,15,1,1],mask=1,sinks=0,m_prec=f32,nr23=[1,1],scale=1.000000,max_bias=8.000000,inplace=0): not supported [RD0] 
  SOFT_MAX(type=f32,ne=[16,16,1,3],mask=1,sinks=0,m_prec=f32,nr23=[3,1],scale=1.000000,max_bias=8.000000,inplace=0): not supported [RD0] 
  SOFT_MAX(type=f32,ne=[15,15,1,1],mask=1,sinks=0,m_prec=f32,nr23=[2,3],scale=1.000000,max_bias=8.000000,inplace=0): not supported [RD0] 
  SOFT_MAX(type=f32,ne=[16,16,1,1],mask=1,sinks=0,m_prec=f16,nr23=[1,1],scale=1.000000,max_bias=8.000000,inplace=0): not supported [RD0] 
  SOFT_MAX(type=f32,ne=[15,15,1,1],mask=1,sinks=0,m_prec=f16,nr23=[1,1],scale=1.000000,max_bias=8.000000,inplace=0): not supported [RD0] 
  SOFT_MAX(type=f32,ne=[16,16,1,3],mask=1,sinks=0,m_prec=f16,nr23=[3,1],scale=1.000000,max_bias=8.000000,inplace=0): not supported [RD0] 
  SOFT_MAX(type=f32,ne=[15,15,1,1],mask=1,sinks=0,m_prec=f16,nr23=[2,3],scale=1.000000,max_bias=8.000000,inplace=0): not supported [RD0] 
  SOFT_MAX(type=f32,ne=[16,1024,1,1],mask=1,sinks=0,m_prec=f32,nr23=[1,1],scale=1.000000,max_bias=8.000000,inplace=0): not supported [RD0] 
  SOFT_MAX(type=f32,ne=[15,1023,1,1],mask=1,sinks=0,m_prec=f32,nr23=[1,1],scale=1.000000,max_bias=8.000000,inplace=0): not supported [RD0] 
  SOFT_MAX(type=f32,ne=[16,1024,1,1],mask=1,sinks=0,m_prec=f16,nr23=[1,1],scale=1.000000,max_bias=8.000000,inplace=0): not supported [RD0] 
  SOFT_MAX(type=f32,ne=[15,1023,1,1],mask=1,sinks=0,m_prec=f16,nr23=[1,1],scale=1.000000,max_bias=8.000000,inplace=0): not supported [RD0] 
  SOFT_MAX(type=f32,ne=[1024,16,1,1],mask=1,sinks=0,m_prec=f32,nr23=[1,1],scale=1.000000,max_bias=8.000000,inplace=0): not supported [RD0] 
  SOFT_MAX(type=f32,ne=[1023,15,1,1],mask=1,sinks=0,m_prec=f32,nr23=[1,1],scale=1.000000,max_bias=8.000000,inplace=0): not supported [RD0] 
  SOFT_MAX(type=f32,ne=[1024,16,1,1],mask=1,sinks=0,m_prec=f16,nr23=[1,1],scale=1.000000,max_bias=8.000000,inplace=0): not supported [RD0] 
  SOFT_MAX(type=f32,ne=[1023,15,1,1],mask=1,sinks=0,m_prec=f16,nr23=[1,1],scale=1.000000,max_bias=8.000000,inplace=0): not supported [RD0] 
  SOFT_MAX(type=f32,ne=[1024,1024,1,1],mask=1,sinks=0,m_prec=f32,nr23=[1,1],scale=1.000000,max_bias=8.000000,inplace=0): not supported [RD0] 
  SOFT_MAX(type=f32,ne=[1023,1023,1,1],mask=1,sinks=0,m_prec=f32,nr23=[1,1],scale=1.000000,max_bias=8.000000,inplace=0): not supported [RD0] 
  SOFT_MAX(type=f32,ne=[1024,1024,1,1],mask=1,sinks=0,m_prec=f16,nr23=[1,1],scale=1.000000,max_bias=8.000000,inplace=0): not supported [RD0] 
  SOFT_MAX(type=f32,ne=[1023,1023,1,1],mask=1,sinks=0,m_prec=f16,nr23=[1,1],scale=1.000000,max_bias=8.000000,inplace=0): not supported [RD0] 
  SOFT_MAX(type=f32,ne=[16,16,1,1],mask=1,sinks=0,m_prec=f32,nr23=[1,1],scale=0.100000,max_bias=8.000000,inplace=0): not supported [RD0] 
  SOFT_MAX(type=f32,ne=[15,15,1,1],mask=1,sinks=0,m_prec=f32,nr23=[1,1],scale=0.100000,max_bias=8.000000,inplace=0): not supported [RD0] 
  SOFT_MAX(type=f32,ne=[16,16,1,3],mask=1,sinks=0,m_prec=f32,nr23=[3,1],scale=0.100000,max_bias=8.000000,inplace=0): not supported [RD0] 
  SOFT_MAX(type=f32,ne=[15,15,1,1],mask=1,sinks=0,m_prec=f32,nr23=[2,3],scale=0.100000,max_bias=8.000000,inplace=0): not supported [RD0] 
  SOFT_MAX(type=f32,ne=[16,16,1,1],mask=1,sinks=0,m_prec=f16,nr23=[1,1],scale=0.100000,max_bias=8.000000,inplace=0): not supported [RD0] 
  SOFT_MAX(type=f32,ne=[15,15,1,1],mask=1,sinks=0,m_prec=f16,nr23=[1,1],scale=0.100000,max_bias=8.000000,inplace=0): not supported [RD0] 
  SOFT_MAX(type=f32,ne=[16,16,1,3],mask=1,sinks=0,m_prec=f16,nr23=[3,1],scale=0.100000,max_bias=8.000000,inplace=0): not supported [RD0] 
  SOFT_MAX(type=f32,ne=[15,15,1,1],mask=1,sinks=0,m_prec=f16,nr23=[2,3],scale=0.100000,max_bias=8.000000,inplace=0): not supported [RD0] 
  SOFT_MAX(type=f32,ne=[16,1024,1,1],mask=1,sinks=0,m_prec=f32,nr23=[1,1],scale=0.100000,max_bias=8.000000,inplace=0): not supported [RD0] 
  SOFT_MAX(type=f32,ne=[15,1023,1,1],mask=1,sinks=0,m_prec=f32,nr23=[1,1],scale=0.100000,max_bias=8.000000,inplace=0): not supported [RD0] 
  SOFT_MAX(type=f32,ne=[16,1024,1,1],mask=1,sinks=0,m_prec=f16,nr23=[1,1],scale=0.100000,max_bias=8.000000,inplace=0): not supported [RD0] 
  SOFT_MAX(type=f32,ne=[15,1023,1,1],mask=1,sinks=0,m_prec=f16,nr23=[1,1],scale=0.100000,max_bias=8.000000,inplace=0): not supported [RD0] 
  SOFT_MAX(type=f32,ne=[1024,16,1,1],mask=1,sinks=0,m_prec=f32,nr23=[1,1],scale=0.100000,max_bias=8.000000,inplace=0): not supported [RD0] 
  SOFT_MAX(type=f32,ne=[1023,15,1,1],mask=1,sinks=0,m_prec=f32,nr23=[1,1],scale=0.100000,max_bias=8.000000,inplace=0): not supported [RD0] 
  SOFT_MAX(type=f32,ne=[1024,16,1,1],mask=1,sinks=0,m_prec=f16,nr23=[1,1],scale=0.100000,max_bias=8.000000,inplace=0): not supported [RD0] 
  SOFT_MAX(type=f32,ne=[1023,15,1,1],mask=1,sinks=0,m_prec=f16,nr23=[1,1],scale=0.100000,max_bias=8.000000,inplace=0): not supported [RD0] 
  SOFT_MAX(type=f32,ne=[1024,1024,1,1],mask=1,sinks=0,m_prec=f32,nr23=[1,1],scale=0.100000,max_bias=8.000000,inplace=0): not supported [RD0] 
  SOFT_MAX(type=f32,ne=[1023,1023,1,1],mask=1,sinks=0,m_prec=f32,nr23=[1,1],scale=0.100000,max_bias=8.000000,inplace=0): not supported [RD0] 
  SOFT_MAX(type=f32,ne=[1024,1024,1,1],mask=1,sinks=0,m_prec=f16,nr23=[1,1],scale=0.100000,max_bias=8.000000,inplace=0): not supported [RD0] 
  SOFT_MAX(type=f32,ne=[1023,1023,1,1],mask=1,sinks=0,m_prec=f16,nr23=[1,1],scale=0.100000,max_bias=8.000000,inplace=0): not supported [RD0] 
  SOFT_MAX(type=f32,ne=[16,2,32,1],mask=1,sinks=0,m_prec=f32,nr23=[1,1],scale=0.100000,max_bias=0.000000,inplace=1): not supported [RD0] 
  SOFT_MAX(type=f32,ne=[16,2,32,1],mask=1,sinks=0,m_prec=f16,nr23=[1,1],scale=0.100000,max_bias=0.000000,inplace=1): not supported [RD0] 
  SOFT_MAX(type=f32,ne=[16,16,1,1],mask=1,sinks=1,m_prec=f32,nr23=[1,1],scale=1.000000,max_bias=0.000000,inplace=0): not supported [RD0] 
  SOFT_MAX(type=f32,ne=[15,15,1,1],mask=1,sinks=1,m_prec=f32,nr23=[1,1],scale=1.000000,max_bias=0.000000,inplace=0): not supported [RD0] 
  SOFT_MAX(type=f32,ne=[16,16,1,3],mask=1,sinks=1,m_prec=f32,nr23=[3,1],scale=1.000000,max_bias=0.000000,inplace=0): not supported [RD0] 
  SOFT_MAX(type=f32,ne=[15,15,1,1],mask=1,sinks=1,m_prec=f32,nr23=[2,3],scale=1.000000,max_bias=0.000000,inplace=0): not supported [RD0] 
  SOFT_MAX(type=f32,ne=[16,16,1,1],mask=1,sinks=1,m_prec=f16,nr23=[1,1],scale=1.000000,max_bias=0.000000,inplace=0): not supported [RD0] 
  SOFT_MAX(type=f32,ne=[15,15,1,1],mask=1,sinks=1,m_prec=f16,nr23=[1,1],scale=1.000000,max_bias=0.000000,inplace=0): not supported [RD0] 
  SOFT_MAX(type=f32,ne=[16,16,1,3],mask=1,sinks=1,m_prec=f16,nr23=[3,1],scale=1.000000,max_bias=0.000000,inplace=0): not supported [RD0] 
  SOFT_MAX(type=f32,ne=[15,15,1,1],mask=1,sinks=1,m_prec=f16,nr23=[2,3],scale=1.000000,max_bias=0.000000,inplace=0): not supported [RD0] 
  SOFT_MAX(type=f32,ne=[16,1024,1,1],mask=1,sinks=1,m_prec=f32,nr23=[1,1],scale=1.000000,max_bias=0.000000,inplace=0): not supported [RD0] 
  SOFT_MAX(type=f32,ne=[15,1023,1,1],mask=1,sinks=1,m_prec=f32,nr23=[1,1],scale=1.000000,max_bias=0.000000,inplace=0): not supported [RD0] 
  SOFT_MAX(type=f32,ne=[16,1024,1,1],mask=1,sinks=1,m_prec=f16,nr23=[1,1],scale=1.000000,max_bias=0.000000,inplace=0): not supported [RD0] 
  SOFT_MAX(type=f32,ne=[15,1023,1,1],mask=1,sinks=1,m_prec=f16,nr23=[1,1],scale=1.000000,max_bias=0.000000,inplace=0): not supported [RD0] 
  SOFT_MAX(type=f32,ne=[1024,16,1,1],mask=1,sinks=1,m_prec=f32,nr23=[1,1],scale=1.000000,max_bias=0.000000,inplace=0): not supported [RD0] 
  SOFT_MAX(type=f32,ne=[1023,15,1,1],mask=1,sinks=1,m_prec=f32,nr23=[1,1],scale=1.000000,max_bias=0.000000,inplace=0): not supported [RD0] 
  SOFT_MAX(type=f32,ne=[1024,16,1,1],mask=1,sinks=1,m_prec=f16,nr23=[1,1],scale=1.000000,max_bias=0.000000,inplace=0): not supported [RD0] 
  SOFT_MAX(type=f32,ne=[1023,15,1,1],mask=1,sinks=1,m_prec=f16,nr23=[1,1],scale=1.000000,max_bias=0.000000,inplace=0): not supported [RD0] 
  SOFT_MAX(type=f32,ne=[1024,1024,1,1],mask=1,sinks=1,m_prec=f32,nr23=[1,1],scale=1.000000,max_bias=0.000000,inplace=0): not supported [RD0] 
  SOFT_MAX(type=f32,ne=[1023,1023,1,1],mask=1,sinks=1,m_prec=f32,nr23=[1,1],scale=1.000000,max_bias=0.000000,inplace=0): not supported [RD0] 
  SOFT_MAX(type=f32,ne=[1024,1024,1,1],mask=1,sinks=1,m_prec=f16,nr23=[1,1],scale=1.000000,max_bias=0.000000,inplace=0): not supported [RD0] 
  SOFT_MAX(type=f32,ne=[1023,1023,1,1],mask=1,sinks=1,m_prec=f16,nr23=[1,1],scale=1.000000,max_bias=0.000000,inplace=0): not supported [RD0] 
  SOFT_MAX(type=f32,ne=[16,16,1,1],mask=1,sinks=1,m_prec=f32,nr23=[1,1],scale=0.100000,max_bias=0.000000,inplace=0): not supported [RD0] 
  SOFT_MAX(type=f32,ne=[15,15,1,1],mask=1,sinks=1,m_prec=f32,nr23=[1,1],scale=0.100000,max_bias=0.000000,inplace=0): not supported [RD0] 
  SOFT_MAX(type=f32,ne=[16,16,1,3],mask=1,sinks=1,m_prec=f32,nr23=[3,1],scale=0.100000,max_bias=0.000000,inplace=0): not supported [RD0] 
  SOFT_MAX(type=f32,ne=[15,15,1,1],mask=1,sinks=1,m_prec=f32,nr23=[2,3],scale=0.100000,max_bias=0.000000,inplace=0): not supported [RD0] 
  SOFT_MAX(type=f32,ne=[16,16,1,1],mask=1,sinks=1,m_prec=f16,nr23=[1,1],scale=0.100000,max_bias=0.000000,inplace=0): not supported [RD0] 
  SOFT_MAX(type=f32,ne=[15,15,1,1],mask=1,sinks=1,m_prec=f16,nr23=[1,1],scale=0.100000,max_bias=0.000000,inplace=0): not supported [RD0] 
  SOFT_MAX(type=f32,ne=[16,16,1,3],mask=1,sinks=1,m_prec=f16,nr23=[3,1],scale=0.100000,max_bias=0.000000,inplace=0): not supported [RD0] 
  SOFT_MAX(type=f32,ne=[15,15,1,1],mask=1,sinks=1,m_prec=f16,nr23=[2,3],scale=0.100000,max_bias=0.000000,inplace=0): not supported [RD0] 
  SOFT_MAX(type=f32,ne=[16,1024,1,1],mask=1,sinks=1,m_prec=f32,nr23=[1,1],scale=0.100000,max_bias=0.000000,inplace=0): not supported [RD0] 
  SOFT_MAX(type=f32,ne=[15,1023,1,1],mask=1,sinks=1,m_prec=f32,nr23=[1,1],scale=0.100000,max_bias=0.000000,inplace=0): not supported [RD0] 
  SOFT_MAX(type=f32,ne=[16,1024,1,1],mask=1,sinks=1,m_prec=f16,nr23=[1,1],scale=0.100000,max_bias=0.000000,inplace=0): not supported [RD0] 
  SOFT_MAX(type=f32,ne=[15,1023,1,1],mask=1,sinks=1,m_prec=f16,nr23=[1,1],scale=0.100000,max_bias=0.000000,inplace=0): not supported [RD0] 
  SOFT_MAX(type=f32,ne=[1024,16,1,1],mask=1,sinks=1,m_prec=f32,nr23=[1,1],scale=0.100000,max_bias=0.000000,inplace=0): not supported [RD0] 
  SOFT_MAX(type=f32,ne=[1023,15,1,1],mask=1,sinks=1,m_prec=f32,nr23=[1,1],scale=0.100000,max_bias=0.000000,inplace=0): not supported [RD0] 
  SOFT_MAX(type=f32,ne=[1024,16,1,1],mask=1,sinks=1,m_prec=f16,nr23=[1,1],scale=0.100000,max_bias=0.000000,inplace=0): not supported [RD0] 
  SOFT_MAX(type=f32,ne=[1023,15,1,1],mask=1,sinks=1,m_prec=f16,nr23=[1,1],scale=0.100000,max_bias=0.000000,inplace=0): not supported [RD0] 
  SOFT_MAX(type=f32,ne=[1024,1024,1,1],mask=1,sinks=1,m_prec=f32,nr23=[1,1],scale=0.100000,max_bias=0.000000,inplace=0): not supported [RD0] 
  SOFT_MAX(type=f32,ne=[1023,1023,1,1],mask=1,sinks=1,m_prec=f32,nr23=[1,1],scale=0.100000,max_bias=0.000000,inplace=0): not supported [RD0] 
  SOFT_MAX(type=f32,ne=[1024,1024,1,1],mask=1,sinks=1,m_prec=f16,nr23=[1,1],scale=0.100000,max_bias=0.000000,inplace=0): not supported [RD0] 
  SOFT_MAX(type=f32,ne=[1023,1023,1,1],mask=1,sinks=1,m_prec=f16,nr23=[1,1],scale=0.100000,max_bias=0.000000,inplace=0): not supported [RD0] 
  SOFT_MAX(type=f32,ne=[16,16,1,1],mask=1,sinks=1,m_prec=f32,nr23=[1,1],scale=1.000000,max_bias=8.000000,inplace=0): not supported [RD0] 
  SOFT_MAX(type=f32,ne=[15,15,1,1],mask=1,sinks=1,m_prec=f32,nr23=[1,1],scale=1.000000,max_bias=8.000000,inplace=0): not supported [RD0] 
  SOFT_MAX(type=f32,ne=[16,16,1,3],mask=1,sinks=1,m_prec=f32,nr23=[3,1],scale=1.000000,max_bias=8.000000,inplace=0): not supported [RD0] 
  SOFT_MAX(type=f32,ne=[15,15,1,1],mask=1,sinks=1,m_prec=f32,nr23=[2,3],scale=1.000000,max_bias=8.000000,inplace=0): not supported [RD0] 
  SOFT_MAX(type=f32,ne=[16,16,1,1],mask=1,sinks=1,m_prec=f16,nr23=[1,1],scale=1.000000,max_bias=8.000000,inplace=0): not supported [RD0] 
  SOFT_MAX(type=f32,ne=[15,15,1,1],mask=1,sinks=1,m_prec=f16,nr23=[1,1],scale=1.000000,max_bias=8.000000,inplace=0): not supported [RD0] 
  SOFT_MAX(type=f32,ne=[16,16,1,3],mask=1,sinks=1,m_prec=f16,nr23=[3,1],scale=1.000000,max_bias=8.000000,inplace=0): not supported [RD0] 
  SOFT_MAX(type=f32,ne=[15,15,1,1],mask=1,sinks=1,m_prec=f16,nr23=[2,3],scale=1.000000,max_bias=8.000000,inplace=0): not supported [RD0] 
  SOFT_MAX(type=f32,ne=[16,1024,1,1],mask=1,sinks=1,m_prec=f32,nr23=[1,1],scale=1.000000,max_bias=8.000000,inplace=0): not supported [RD0] 
  SOFT_MAX(type=f32,ne=[15,1023,1,1],mask=1,sinks=1,m_prec=f32,nr23=[1,1],scale=1.000000,max_bias=8.000000,inplace=0): not supported [RD0] 
  SOFT_MAX(type=f32,ne=[16,1024,1,1],mask=1,sinks=1,m_prec=f16,nr23=[1,1],scale=1.000000,max_bias=8.000000,inplace=0): not supported [RD0] 
  SOFT_MAX(type=f32,ne=[15,1023,1,1],mask=1,sinks=1,m_prec=f16,nr23=[1,1],scale=1.000000,max_bias=8.000000,inplace=0): not supported [RD0] 
  SOFT_MAX(type=f32,ne=[1024,16,1,1],mask=1,sinks=1,m_prec=f32,nr23=[1,1],scale=1.000000,max_bias=8.000000,inplace=0): not supported [RD0] 
  SOFT_MAX(type=f32,ne=[1023,15,1,1],mask=1,sinks=1,m_prec=f32,nr23=[1,1],scale=1.000000,max_bias=8.000000,inplace=0): not supported [RD0] 
  SOFT_MAX(type=f32,ne=[1024,16,1,1],mask=1,sinks=1,m_prec=f16,nr23=[1,1],scale=1.000000,max_bias=8.000000,inplace=0): not supported [RD0] 
  SOFT_MAX(type=f32,ne=[1023,15,1,1],mask=1,sinks=1,m_prec=f16,nr23=[1,1],scale=1.000000,max_bias=8.000000,inplace=0): not supported [RD0] 
  SOFT_MAX(type=f32,ne=[1024,1024,1,1],mask=1,sinks=1,m_prec=f32,nr23=[1,1],scale=1.000000,max_bias=8.000000,inplace=0): not supported [RD0] 
  SOFT_MAX(type=f32,ne=[1023,1023,1,1],mask=1,sinks=1,m_prec=f32,nr23=[1,1],scale=1.000000,max_bias=8.000000,inplace=0): not supported [RD0] 
  SOFT_MAX(type=f32,ne=[1024,1024,1,1],mask=1,sinks=1,m_prec=f16,nr23=[1,1],scale=1.000000,max_bias=8.000000,inplace=0): not supported [RD0] 
  SOFT_MAX(type=f32,ne=[1023,1023,1,1],mask=1,sinks=1,m_prec=f16,nr23=[1,1],scale=1.000000,max_bias=8.000000,inplace=0): not supported [RD0] 
  SOFT_MAX(type=f32,ne=[16,16,1,1],mask=1,sinks=1,m_prec=f32,nr23=[1,1],scale=0.100000,max_bias=8.000000,inplace=0): not supported [RD0] 
  SOFT_MAX(type=f32,ne=[15,15,1,1],mask=1,sinks=1,m_prec=f32,nr23=[1,1],scale=0.100000,max_bias=8.000000,inplace=0): not supported [RD0] 
  SOFT_MAX(type=f32,ne=[16,16,1,3],mask=1,sinks=1,m_prec=f32,nr23=[3,1],scale=0.100000,max_bias=8.000000,inplace=0): not supported [RD0] 
  SOFT_MAX(type=f32,ne=[15,15,1,1],mask=1,sinks=1,m_prec=f32,nr23=[2,3],scale=0.100000,max_bias=8.000000,inplace=0): not supported [RD0] 
  SOFT_MAX(type=f32,ne=[16,16,1,1],mask=1,sinks=1,m_prec=f16,nr23=[1,1],scale=0.100000,max_bias=8.000000,inplace=0): not supported [RD0] 
  SOFT_MAX(type=f32,ne=[15,15,1,1],mask=1,sinks=1,m_prec=f16,nr23=[1,1],scale=0.100000,max_bias=8.000000,inplace=0): not supported [RD0] 
  SOFT_MAX(type=f32,ne=[16,16,1,3],mask=1,sinks=1,m_prec=f16,nr23=[3,1],scale=0.100000,max_bias=8.000000,inplace=0): not supported [RD0] 
  SOFT_MAX(type=f32,ne=[15,15,1,1],mask=1,sinks=1,m_prec=f16,nr23=[2,3],scale=0.100000,max_bias=8.000000,inplace=0): not supported [RD0] 
  SOFT_MAX(type=f32,ne=[16,1024,1,1],mask=1,sinks=1,m_prec=f32,nr23=[1,1],scale=0.100000,max_bias=8.000000,inplace=0): not supported [RD0] 
  SOFT_MAX(type=f32,ne=[15,1023,1,1],mask=1,sinks=1,m_prec=f32,nr23=[1,1],scale=0.100000,max_bias=8.000000,inplace=0): not supported [RD0] 
  SOFT_MAX(type=f32,ne=[16,1024,1,1],mask=1,sinks=1,m_prec=f16,nr23=[1,1],scale=0.100000,max_bias=8.000000,inplace=0): not supported [RD0] 
  SOFT_MAX(type=f32,ne=[15,1023,1,1],mask=1,sinks=1,m_prec=f16,nr23=[1,1],scale=0.100000,max_bias=8.000000,inplace=0): not supported [RD0] 
  SOFT_MAX(type=f32,ne=[1024,16,1,1],mask=1,sinks=1,m_prec=f32,nr23=[1,1],scale=0.100000,max_bias=8.000000,inplace=0): not supported [RD0] 
  SOFT_MAX(type=f32,ne=[1023,15,1,1],mask=1,sinks=1,m_prec=f32,nr23=[1,1],scale=0.100000,max_bias=8.000000,inplace=0): not supported [RD0] 
  SOFT_MAX(type=f32,ne=[1024,16,1,1],mask=1,sinks=1,m_prec=f16,nr23=[1,1],scale=0.100000,max_bias=8.000000,inplace=0): not supported [RD0] 
  SOFT_MAX(type=f32,ne=[1023,15,1,1],mask=1,sinks=1,m_prec=f16,nr23=[1,1],scale=0.100000,max_bias=8.000000,inplace=0): not supported [RD0] 
  SOFT_MAX(type=f32,ne=[1024,1024,1,1],mask=1,sinks=1,m_prec=f32,nr23=[1,1],scale=0.100000,max_bias=8.000000,inplace=0): not supported [RD0] 
  SOFT_MAX(type=f32,ne=[1023,1023,1,1],mask=1,sinks=1,m_prec=f32,nr23=[1,1],scale=0.100000,max_bias=8.000000,inplace=0): not supported [RD0] 
  SOFT_MAX(type=f32,ne=[1024,1024,1,1],mask=1,sinks=1,m_prec=f16,nr23=[1,1],scale=0.100000,max_bias=8.000000,inplace=0): not supported [RD0] 
  SOFT_MAX(type=f32,ne=[1023,1023,1,1],mask=1,sinks=1,m_prec=f16,nr23=[1,1],scale=0.100000,max_bias=8.000000,inplace=0): not supported [RD0] 
  SOFT_MAX(type=f32,ne=[16,2,32,1],mask=1,sinks=1,m_prec=f32,nr23=[1,1],scale=0.100000,max_bias=0.000000,inplace=1): not supported [RD0] 
  SOFT_MAX(type=f32,ne=[16,2,32,1],mask=1,sinks=1,m_prec=f16,nr23=[1,1],scale=0.100000,max_bias=0.000000,inplace=1): not supported [RD0] 
  SOFT_MAX(type=f32,ne=[16,2,32,1],mask=1,sinks=1,m_prec=f32,nr23=[1,1],scale=0.100000,max_bias=0.000000,inplace=0): not supported [RD0] 
  SOFT_MAX(type=f32,ne=[16,2,32,1],mask=1,sinks=0,m_prec=f16,nr23=[1,1],scale=0.100000,max_bias=0.000000,inplace=0): not supported [RD0] 
  SOFT_MAX(type=f32,ne=[16,2,32,1],mask=0,sinks=1,m_prec=f32,nr23=[1,1],scale=0.100000,max_bias=0.000000,inplace=0): not supported [RD0] 
  SOFT_MAX(type=f32,ne=[32,2,32,1],mask=1,sinks=1,m_prec=f32,nr23=[1,1],scale=0.100000,max_bias=0.000000,inplace=0): not supported [RD0] 
  SOFT_MAX(type=f32,ne=[32,2,32,1],mask=1,sinks=0,m_prec=f16,nr23=[1,1],scale=0.100000,max_bias=0.000000,inplace=0): not supported [RD0] 
  SOFT_MAX(type=f32,ne=[32,2,32,1],mask=1,sinks=1,m_prec=f32,nr23=[1,1],scale=0.100000,max_bias=8.000000,inplace=0): not supported [RD0] 
  SOFT_MAX(type=f32,ne=[32,2,32,1],mask=1,sinks=1,m_prec=f16,nr23=[1,1],scale=0.100000,max_bias=8.000000,inplace=0): not supported [RD0] 
  SOFT_MAX(type=f32,ne=[200001,2,3,1],mask=1,sinks=1,m_prec=f32,nr23=[1,1],scale=0.100000,max_bias=8.000000,inplace=0): not supported [RD0] 
  SOFT_MAX(type=f32,ne=[200001,2,3,1],mask=1,sinks=1,m_prec=f16,nr23=[1,1],scale=0.100000,max_bias=8.000000,inplace=0): not supported [RD0] 
  SOFT_MAX(type=f32,ne=[200000,1,1,1],mask=0,sinks=0,m_prec=f32,nr23=[1,1],scale=1.000000,max_bias=0.000000,inplace=0): OK
  SOFT_MAX(type=f32,ne=[200000,4,1,1],mask=0,sinks=0,m_prec=f32,nr23=[1,1],scale=1.000000,max_bias=0.000000,inplace=0): OK
  SOFT_MAX(type=f32,ne=[643251,3,1,1],mask=0,sinks=0,m_prec=f32,nr23=[1,1],scale=1.000000,max_bias=0.000000,inplace=0): OK
  ROPE(type=f32,ne_a=[128,32,2,1],n_dims=128,mode=0,n_ctx=512,fs=1.000000,ef=0.000000,af=1.000000,ff=0,v=0,inplace=0): not supported [RD0] 
  ROPE(type=f32,ne_a=[128,40,2,1],n_dims=128,mode=0,n_ctx=512,fs=1.000000,ef=0.000000,af=1.000000,ff=0,v=0,inplace=0): not supported [RD0] 
  ROPE(type=f32,ne_a=[128,52,2,1],n_dims=128,mode=0,n_ctx=512,fs=1.000000,ef=0.000000,af=1.000000,ff=0,v=0,inplace=0): not supported [RD0] 
  ROPE(type=f32,ne_a=[128,64,2,1],n_dims=128,mode=0,n_ctx=512,fs=1.000000,ef=0.000000,af=1.000000,ff=0,v=0,inplace=0): not supported [RD0] 
  ROPE(type=f32,ne_a=[16,16,8192,1],n_dims=16,mode=0,n_ctx=512,fs=1.000000,ef=0.000000,af=1.000000,ff=0,v=0,inplace=0): not supported [RD0] 
  ROPE(type=f32,ne_a=[64,1,2,1],n_dims=64,mode=2,n_ctx=512,fs=1.000000,ef=0.000000,af=1.000000,ff=0,v=0,inplace=0): OK
  ROPE(type=f32,ne_a=[64,71,2,1],n_dims=64,mode=2,n_ctx=512,fs=1.000000,ef=0.000000,af=1.000000,ff=0,v=0,inplace=0): OK
  ROPE(type=f32,ne_a=[64,8,2,1],n_dims=64,mode=2,n_ctx=512,fs=1.000000,ef=0.000000,af=1.000000,ff=0,v=0,inplace=0): OK
  ROPE(type=f32,ne_a=[80,32,2,1],n_dims=20,mode=0,n_ctx=512,fs=1.000000,ef=0.000000,af=1.000000,ff=0,v=0,inplace=0): not supported [RD0] 
  ROPE(type=f32,ne_a=[80,32,2,1],n_dims=32,mode=0,n_ctx=512,fs=1.000000,ef=0.000000,af=1.000000,ff=0,v=0,inplace=0): not supported [RD0] 
  ROPE(type=f32,ne_a=[80,32,4,1],n_dims=32,mode=0,n_ctx=512,fs=1.000000,ef=0.000000,af=1.000000,ff=0,v=0,inplace=0): not supported [RD0] 
  ROPE(type=f32,ne_a=[80,32,2,1],n_dims=20,mode=2,n_ctx=512,fs=1.000000,ef=0.000000,af=1.000000,ff=0,v=0,inplace=0): OK
  ROPE(type=f32,ne_a=[80,32,2,1],n_dims=32,mode=2,n_ctx=512,fs=1.000000,ef=0.000000,af=1.000000,ff=0,v=0,inplace=0): OK
  ROPE(type=f32,ne_a=[80,32,4,1],n_dims=32,mode=2,n_ctx=512,fs=1.000000,ef=0.000000,af=1.000000,ff=0,v=0,inplace=0): OK
  ROPE(type=f32,ne_a=[16,16,8192,1],n_dims=16,mode=2,n_ctx=512,fs=1.000000,ef=0.000000,af=1.000000,ff=0,v=0,inplace=0): OK
  ROPE(type=f32,ne_a=[128,12,2,1],n_dims=128,mode=8,n_ctx=512,fs=1.000000,ef=0.000000,af=1.000000,ff=0,v=0,inplace=0): not supported [RD0] 
  ROPE(type=f32,ne_a=[128,28,2,1],n_dims=128,mode=8,n_ctx=512,fs=1.000000,ef=0.000000,af=1.000000,ff=0,v=0,inplace=0): not supported [RD0] 
  ROPE(type=f32,ne_a=[128,12,2,1],n_dims=20,mode=8,n_ctx=512,fs=1.000000,ef=0.000000,af=1.000000,ff=0,v=0,inplace=0): not supported [RD0] 
  ROPE(type=f32,ne_a=[128,28,2,1],n_dims=32,mode=8,n_ctx=512,fs=1.000000,ef=0.000000,af=1.000000,ff=0,v=0,inplace=0): not supported [RD0] 
  ROPE(type=f32,ne_a=[128,12,2,1],n_dims=128,mode=40,n_ctx=512,fs=1.000000,ef=0.000000,af=1.000000,ff=0,v=0,inplace=0): not supported [RD0] 
  ROPE(type=f32,ne_a=[128,28,2,1],n_dims=128,mode=40,n_ctx=512,fs=1.000000,ef=0.000000,af=1.000000,ff=0,v=0,inplace=0): not supported [RD0] 
  ROPE(type=f32,ne_a=[128,12,2,1],n_dims=20,mode=40,n_ctx=512,fs=1.000000,ef=0.000000,af=1.000000,ff=0,v=0,inplace=0): not supported [RD0] 
  ROPE(type=f32,ne_a=[128,28,2,1],n_dims=32,mode=40,n_ctx=512,fs=1.000000,ef=0.000000,af=1.000000,ff=0,v=0,inplace=0): not supported [RD0] 
  ROPE(type=f32,ne_a=[80,16,2,1],n_dims=80,mode=24,n_ctx=512,fs=1.000000,ef=0.000000,af=1.000000,ff=0,v=0,inplace=0): not supported [RD0] 
  ROPE(type=f32,ne_a=[128,16,2,1],n_dims=128,mode=40,n_ctx=512,fs=1.000000,ef=0.000000,af=1.000000,ff=0,v=0,inplace=0): not supported [RD0] 
  ROPE(type=f32,ne_a=[16,16,8192,1],n_dims=16,mode=40,n_ctx=512,fs=1.000000,ef=0.000000,af=1.000000,ff=0,v=0,inplace=0): not supported [RD0] 
  ROPE(type=f32,ne_a=[64,128,2,1],n_dims=64,mode=2,n_ctx=512,fs=1.000000,ef=0.000000,af=1.000000,ff=0,v=0,inplace=0): OK
  ROPE(type=f32,ne_a=[128,32,2,1],n_dims=128,mode=0,n_ctx=512,fs=1.000000,ef=0.000000,af=1.000000,ff=0,v=1,inplace=0): not supported [RD0] 
  ROPE(type=f32,ne_a=[128,40,2,1],n_dims=128,mode=0,n_ctx=512,fs=1.000000,ef=0.000000,af=1.000000,ff=0,v=1,inplace=0): not supported [RD0] 
  ROPE(type=f32,ne_a=[128,52,2,1],n_dims=128,mode=0,n_ctx=512,fs=1.000000,ef=0.000000,af=1.000000,ff=0,v=1,inplace=0): not supported [RD0] 
  ROPE(type=f32,ne_a=[128,64,2,1],n_dims=128,mode=0,n_ctx=512,fs=1.000000,ef=0.000000,af=1.000000,ff=0,v=1,inplace=0): not supported [RD0] 
  ROPE(type=f32,ne_a=[16,16,8192,1],n_dims=16,mode=0,n_ctx=512,fs=1.000000,ef=0.000000,af=1.000000,ff=0,v=1,inplace=0): not supported [RD0] 
  ROPE(type=f32,ne_a=[64,1,2,1],n_dims=64,mode=2,n_ctx=512,fs=1.000000,ef=0.000000,af=1.000000,ff=0,v=1,inplace=0): OK
  ROPE(type=f32,ne_a=[64,71,2,1],n_dims=64,mode=2,n_ctx=512,fs=1.000000,ef=0.000000,af=1.000000,ff=0,v=1,inplace=0): OK
  ROPE(type=f32,ne_a=[64,8,2,1],n_dims=64,mode=2,n_ctx=512,fs=1.000000,ef=0.000000,af=1.000000,ff=0,v=1,inplace=0): OK
  ROPE(type=f32,ne_a=[80,32,2,1],n_dims=20,mode=0,n_ctx=512,fs=1.000000,ef=0.000000,af=1.000000,ff=0,v=1,inplace=0): not supported [RD0] 
  ROPE(type=f32,ne_a=[80,32,2,1],n_dims=32,mode=0,n_ctx=512,fs=1.000000,ef=0.000000,af=1.000000,ff=0,v=1,inplace=0): not supported [RD0] 
  ROPE(type=f32,ne_a=[80,32,4,1],n_dims=32,mode=0,n_ctx=512,fs=1.000000,ef=0.000000,af=1.000000,ff=0,v=1,inplace=0): not supported [RD0] 
  ROPE(type=f32,ne_a=[80,32,2,1],n_dims=20,mode=2,n_ctx=512,fs=1.000000,ef=0.000000,af=1.000000,ff=0,v=1,inplace=0): OK
  ROPE(type=f32,ne_a=[80,32,2,1],n_dims=32,mode=2,n_ctx=512,fs=1.000000,ef=0.000000,af=1.000000,ff=0,v=1,inplace=0): OK
  ROPE(type=f32,ne_a=[80,32,4,1],n_dims=32,mode=2,n_ctx=512,fs=1.000000,ef=0.000000,af=1.000000,ff=0,v=1,inplace=0): OK
  ROPE(type=f32,ne_a=[16,16,8192,1],n_dims=16,mode=2,n_ctx=512,fs=1.000000,ef=0.000000,af=1.000000,ff=0,v=1,inplace=0): OK
  ROPE(type=f32,ne_a=[128,12,2,1],n_dims=128,mode=8,n_ctx=512,fs=1.000000,ef=0.000000,af=1.000000,ff=0,v=1,inplace=0): not supported [RD0] 
  ROPE(type=f32,ne_a=[128,28,2,1],n_dims=128,mode=8,n_ctx=512,fs=1.000000,ef=0.000000,af=1.000000,ff=0,v=1,inplace=0): not supported [RD0] 
  ROPE(type=f32,ne_a=[128,12,2,1],n_dims=20,mode=8,n_ctx=512,fs=1.000000,ef=0.000000,af=1.000000,ff=0,v=1,inplace=0): not supported [RD0] 
  ROPE(type=f32,ne_a=[128,28,2,1],n_dims=32,mode=8,n_ctx=512,fs=1.000000,ef=0.000000,af=1.000000,ff=0,v=1,inplace=0): not supported [RD0] 
  ROPE(type=f32,ne_a=[128,12,2,1],n_dims=128,mode=40,n_ctx=512,fs=1.000000,ef=0.000000,af=1.000000,ff=0,v=1,inplace=0): not supported [RD0] 
  ROPE(type=f32,ne_a=[128,28,2,1],n_dims=128,mode=40,n_ctx=512,fs=1.000000,ef=0.000000,af=1.000000,ff=0,v=1,inplace=0): not supported [RD0] 
  ROPE(type=f32,ne_a=[128,12,2,1],n_dims=20,mode=40,n_ctx=512,fs=1.000000,ef=0.000000,af=1.000000,ff=0,v=1,inplace=0): not supported [RD0] 
  ROPE(type=f32,ne_a=[128,28,2,1],n_dims=32,mode=40,n_ctx=512,fs=1.000000,ef=0.000000,af=1.000000,ff=0,v=1,inplace=0): not supported [RD0] 
  ROPE(type=f32,ne_a=[80,16,2,1],n_dims=80,mode=24,n_ctx=512,fs=1.000000,ef=0.000000,af=1.000000,ff=0,v=1,inplace=0): not supported [RD0] 
  ROPE(type=f32,ne_a=[128,16,2,1],n_dims=128,mode=40,n_ctx=512,fs=1.000000,ef=0.000000,af=1.000000,ff=0,v=1,inplace=0): not supported [RD0] 
  ROPE(type=f32,ne_a=[16,16,8192,1],n_dims=16,mode=40,n_ctx=512,fs=1.000000,ef=0.000000,af=1.000000,ff=0,v=1,inplace=0): not supported [RD0] 
  ROPE(type=f32,ne_a=[64,128,2,1],n_dims=64,mode=2,n_ctx=512,fs=1.000000,ef=0.000000,af=1.000000,ff=0,v=1,inplace=0): OK
  ROPE(type=f32,ne_a=[36,16,2457,1],n_dims=36,mode=0,n_ctx=512,fs=1.000000,ef=0.000000,af=1.000000,ff=0,v=2,inplace=0): not supported [RD0] 
  ROPE(type=f32,ne_a=[36,16,2457,1],n_dims=36,mode=2,n_ctx=512,fs=1.000000,ef=0.000000,af=1.000000,ff=0,v=2,inplace=0): OK
  ROPE(type=f32,ne_a=[36,16,2457,1],n_dims=36,mode=8,n_ctx=512,fs=1.000000,ef=0.000000,af=1.000000,ff=0,v=2,inplace=0): not supported [RD0] 
  ROPE(type=f32,ne_a=[36,16,2457,1],n_dims=36,mode=40,n_ctx=512,fs=1.000000,ef=0.000000,af=1.000000,ff=0,v=2,inplace=0): not supported [RD0] 
  ROPE(type=f32,ne_a=[36,16,2457,1],n_dims=36,mode=24,n_ctx=512,fs=1.000000,ef=0.000000,af=1.000000,ff=0,v=2,inplace=0): not supported [RD0] 
  ROPE(type=f32,ne_a=[128,32,2,1],n_dims=128,mode=0,n_ctx=512,fs=1.000000,ef=0.000000,af=1.000000,ff=1,v=0,inplace=0): not supported [RD0] 
  ROPE(type=f32,ne_a=[128,40,2,1],n_dims=128,mode=0,n_ctx=512,fs=1.000000,ef=0.000000,af=1.000000,ff=1,v=0,inplace=0): not supported [RD0] 
  ROPE(type=f32,ne_a=[128,52,2,1],n_dims=128,mode=0,n_ctx=512,fs=1.000000,ef=0.000000,af=1.000000,ff=1,v=0,inplace=0): not supported [RD0] 
  ROPE(type=f32,ne_a=[128,64,2,1],n_dims=128,mode=0,n_ctx=512,fs=1.000000,ef=0.000000,af=1.000000,ff=1,v=0,inplace=0): not supported [RD0] 
  ROPE(type=f32,ne_a=[16,16,8192,1],n_dims=16,mode=0,n_ctx=512,fs=1.000000,ef=0.000000,af=1.000000,ff=1,v=0,inplace=0): not supported [RD0] 
  ROPE(type=f32,ne_a=[64,1,2,1],n_dims=64,mode=2,n_ctx=512,fs=1.000000,ef=0.000000,af=1.000000,ff=1,v=0,inplace=0): not supported [RD0] 
  ROPE(type=f32,ne_a=[64,71,2,1],n_dims=64,mode=2,n_ctx=512,fs=1.000000,ef=0.000000,af=1.000000,ff=1,v=0,inplace=0): not supported [RD0] 
  ROPE(type=f32,ne_a=[64,8,2,1],n_dims=64,mode=2,n_ctx=512,fs=1.000000,ef=0.000000,af=1.000000,ff=1,v=0,inplace=0): not supported [RD0] 
  ROPE(type=f32,ne_a=[80,32,2,1],n_dims=20,mode=0,n_ctx=512,fs=1.000000,ef=0.000000,af=1.000000,ff=1,v=0,inplace=0): not supported [RD0] 
  ROPE(type=f32,ne_a=[80,32,2,1],n_dims=32,mode=0,n_ctx=512,fs=1.000000,ef=0.000000,af=1.000000,ff=1,v=0,inplace=0): not supported [RD0] 
  ROPE(type=f32,ne_a=[80,32,4,1],n_dims=32,mode=0,n_ctx=512,fs=1.000000,ef=0.000000,af=1.000000,ff=1,v=0,inplace=0): not supported [RD0] 
  ROPE(type=f32,ne_a=[80,32,2,1],n_dims=20,mode=2,n_ctx=512,fs=1.000000,ef=0.000000,af=1.000000,ff=1,v=0,inplace=0): not supported [RD0] 
  ROPE(type=f32,ne_a=[80,32,2,1],n_dims=32,mode=2,n_ctx=512,fs=1.000000,ef=0.000000,af=1.000000,ff=1,v=0,inplace=0): not supported [RD0] 
  ROPE(type=f32,ne_a=[80,32,4,1],n_dims=32,mode=2,n_ctx=512,fs=1.000000,ef=0.000000,af=1.000000,ff=1,v=0,inplace=0): not supported [RD0] 
  ROPE(type=f32,ne_a=[16,16,8192,1],n_dims=16,mode=2,n_ctx=512,fs=1.000000,ef=0.000000,af=1.000000,ff=1,v=0,inplace=0): not supported [RD0] 
  ROPE(type=f32,ne_a=[128,12,2,1],n_dims=128,mode=8,n_ctx=512,fs=1.000000,ef=0.000000,af=1.000000,ff=1,v=0,inplace=0): not supported [RD0] 
  ROPE(type=f32,ne_a=[128,28,2,1],n_dims=128,mode=8,n_ctx=512,fs=1.000000,ef=0.000000,af=1.000000,ff=1,v=0,inplace=0): not supported [RD0] 
  ROPE(type=f32,ne_a=[128,12,2,1],n_dims=20,mode=8,n_ctx=512,fs=1.000000,ef=0.000000,af=1.000000,ff=1,v=0,inplace=0): not supported [RD0] 
  ROPE(type=f32,ne_a=[128,28,2,1],n_dims=32,mode=8,n_ctx=512,fs=1.000000,ef=0.000000,af=1.000000,ff=1,v=0,inplace=0): not supported [RD0] 
  ROPE(type=f32,ne_a=[128,12,2,1],n_dims=128,mode=40,n_ctx=512,fs=1.000000,ef=0.000000,af=1.000000,ff=1,v=0,inplace=0): not supported [RD0] 
  ROPE(type=f32,ne_a=[128,28,2,1],n_dims=128,mode=40,n_ctx=512,fs=1.000000,ef=0.000000,af=1.000000,ff=1,v=0,inplace=0): not supported [RD0] 
  ROPE(type=f32,ne_a=[128,12,2,1],n_dims=20,mode=40,n_ctx=512,fs=1.000000,ef=0.000000,af=1.000000,ff=1,v=0,inplace=0): not supported [RD0] 
  ROPE(type=f32,ne_a=[128,28,2,1],n_dims=32,mode=40,n_ctx=512,fs=1.000000,ef=0.000000,af=1.000000,ff=1,v=0,inplace=0): not supported [RD0] 
  ROPE(type=f32,ne_a=[80,16,2,1],n_dims=80,mode=24,n_ctx=512,fs=1.000000,ef=0.000000,af=1.000000,ff=1,v=0,inplace=0): not supported [RD0] 
  ROPE(type=f32,ne_a=[128,16,2,1],n_dims=128,mode=40,n_ctx=512,fs=1.000000,ef=0.000000,af=1.000000,ff=1,v=0,inplace=0): not supported [RD0] 
  ROPE(type=f32,ne_a=[16,16,8192,1],n_dims=16,mode=40,n_ctx=512,fs=1.000000,ef=0.000000,af=1.000000,ff=1,v=0,inplace=0): not supported [RD0] 
  ROPE(type=f32,ne_a=[64,128,2,1],n_dims=64,mode=2,n_ctx=512,fs=1.000000,ef=0.000000,af=1.000000,ff=1,v=0,inplace=0): not supported [RD0] 
  ROPE(type=f32,ne_a=[128,32,2,1],n_dims=128,mode=0,n_ctx=512,fs=1.000000,ef=0.000000,af=1.000000,ff=1,v=1,inplace=0): not supported [RD0] 
  ROPE(type=f32,ne_a=[128,40,2,1],n_dims=128,mode=0,n_ctx=512,fs=1.000000,ef=0.000000,af=1.000000,ff=1,v=1,inplace=0): not supported [RD0] 
  ROPE(type=f32,ne_a=[128,52,2,1],n_dims=128,mode=0,n_ctx=512,fs=1.000000,ef=0.000000,af=1.000000,ff=1,v=1,inplace=0): not supported [RD0] 
  ROPE(type=f32,ne_a=[128,64,2,1],n_dims=128,mode=0,n_ctx=512,fs=1.000000,ef=0.000000,af=1.000000,ff=1,v=1,inplace=0): not supported [RD0] 
  ROPE(type=f32,ne_a=[16,16,8192,1],n_dims=16,mode=0,n_ctx=512,fs=1.000000,ef=0.000000,af=1.000000,ff=1,v=1,inplace=0): not supported [RD0] 
  ROPE(type=f32,ne_a=[64,1,2,1],n_dims=64,mode=2,n_ctx=512,fs=1.000000,ef=0.000000,af=1.000000,ff=1,v=1,inplace=0): not supported [RD0] 
  ROPE(type=f32,ne_a=[64,71,2,1],n_dims=64,mode=2,n_ctx=512,fs=1.000000,ef=0.000000,af=1.000000,ff=1,v=1,inplace=0): not supported [RD0] 
  ROPE(type=f32,ne_a=[64,8,2,1],n_dims=64,mode=2,n_ctx=512,fs=1.000000,ef=0.000000,af=1.000000,ff=1,v=1,inplace=0): not supported [RD0] 
  ROPE(type=f32,ne_a=[80,32,2,1],n_dims=20,mode=0,n_ctx=512,fs=1.000000,ef=0.000000,af=1.000000,ff=1,v=1,inplace=0): not supported [RD0] 
  ROPE(type=f32,ne_a=[80,32,2,1],n_dims=32,mode=0,n_ctx=512,fs=1.000000,ef=0.000000,af=1.000000,ff=1,v=1,inplace=0): not supported [RD0] 
  ROPE(type=f32,ne_a=[80,32,4,1],n_dims=32,mode=0,n_ctx=512,fs=1.000000,ef=0.000000,af=1.000000,ff=1,v=1,inplace=0): not supported [RD0] 
  ROPE(type=f32,ne_a=[80,32,2,1],n_dims=20,mode=2,n_ctx=512,fs=1.000000,ef=0.000000,af=1.000000,ff=1,v=1,inplace=0): not supported [RD0] 
  ROPE(type=f32,ne_a=[80,32,2,1],n_dims=32,mode=2,n_ctx=512,fs=1.000000,ef=0.000000,af=1.000000,ff=1,v=1,inplace=0): not supported [RD0] 
  ROPE(type=f32,ne_a=[80,32,4,1],n_dims=32,mode=2,n_ctx=512,fs=1.000000,ef=0.000000,af=1.000000,ff=1,v=1,inplace=0): not supported [RD0] 
  ROPE(type=f32,ne_a=[16,16,8192,1],n_dims=16,mode=2,n_ctx=512,fs=1.000000,ef=0.000000,af=1.000000,ff=1,v=1,inplace=0): not supported [RD0] 
  ROPE(type=f32,ne_a=[128,12,2,1],n_dims=128,mode=8,n_ctx=512,fs=1.000000,ef=0.000000,af=1.000000,ff=1,v=1,inplace=0): not supported [RD0] 
  ROPE(type=f32,ne_a=[128,28,2,1],n_dims=128,mode=8,n_ctx=512,fs=1.000000,ef=0.000000,af=1.000000,ff=1,v=1,inplace=0): not supported [RD0] 
  ROPE(type=f32,ne_a=[128,12,2,1],n_dims=20,mode=8,n_ctx=512,fs=1.000000,ef=0.000000,af=1.000000,ff=1,v=1,inplace=0): not supported [RD0] 
  ROPE(type=f32,ne_a=[128,28,2,1],n_dims=32,mode=8,n_ctx=512,fs=1.000000,ef=0.000000,af=1.000000,ff=1,v=1,inplace=0): not supported [RD0] 
  ROPE(type=f32,ne_a=[128,12,2,1],n_dims=128,mode=40,n_ctx=512,fs=1.000000,ef=0.000000,af=1.000000,ff=1,v=1,inplace=0): not supported [RD0] 
  ROPE(type=f32,ne_a=[128,28,2,1],n_dims=128,mode=40,n_ctx=512,fs=1.000000,ef=0.000000,af=1.000000,ff=1,v=1,inplace=0): not supported [RD0] 
  ROPE(type=f32,ne_a=[128,12,2,1],n_dims=20,mode=40,n_ctx=512,fs=1.000000,ef=0.000000,af=1.000000,ff=1,v=1,inplace=0): not supported [RD0] 
  ROPE(type=f32,ne_a=[128,28,2,1],n_dims=32,mode=40,n_ctx=512,fs=1.000000,ef=0.000000,af=1.000000,ff=1,v=1,inplace=0): not supported [RD0] 
  ROPE(type=f32,ne_a=[80,16,2,1],n_dims=80,mode=24,n_ctx=512,fs=1.000000,ef=0.000000,af=1.000000,ff=1,v=1,inplace=0): not supported [RD0] 
  ROPE(type=f32,ne_a=[128,16,2,1],n_dims=128,mode=40,n_ctx=512,fs=1.000000,ef=0.000000,af=1.000000,ff=1,v=1,inplace=0): not supported [RD0] 
  ROPE(type=f32,ne_a=[16,16,8192,1],n_dims=16,mode=40,n_ctx=512,fs=1.000000,ef=0.000000,af=1.000000,ff=1,v=1,inplace=0): not supported [RD0] 
  ROPE(type=f32,ne_a=[64,128,2,1],n_dims=64,mode=2,n_ctx=512,fs=1.000000,ef=0.000000,af=1.000000,ff=1,v=1,inplace=0): not supported [RD0] 
  ROPE(type=f32,ne_a=[36,16,2457,1],n_dims=36,mode=0,n_ctx=512,fs=1.000000,ef=0.000000,af=1.000000,ff=1,v=2,inplace=0): not supported [RD0] 
  ROPE(type=f32,ne_a=[36,16,2457,1],n_dims=36,mode=2,n_ctx=512,fs=1.000000,ef=0.000000,af=1.000000,ff=1,v=2,inplace=0): not supported [RD0] 
  ROPE(type=f32,ne_a=[36,16,2457,1],n_dims=36,mode=8,n_ctx=512,fs=1.000000,ef=0.000000,af=1.000000,ff=1,v=2,inplace=0): not supported [RD0] 
  ROPE(type=f32,ne_a=[36,16,2457,1],n_dims=36,mode=40,n_ctx=512,fs=1.000000,ef=0.000000,af=1.000000,ff=1,v=2,inplace=0): not supported [RD0] 
  ROPE(type=f32,ne_a=[36,16,2457,1],n_dims=36,mode=24,n_ctx=512,fs=1.000000,ef=0.000000,af=1.000000,ff=1,v=2,inplace=0): not supported [RD0] 
  ROPE(type=f16,ne_a=[128,32,2,1],n_dims=128,mode=0,n_ctx=512,fs=1.000000,ef=0.000000,af=1.000000,ff=0,v=0,inplace=0): not supported [RD0] 
  ROPE(type=f16,ne_a=[64,128,2,1],n_dims=64,mode=2,n_ctx=512,fs=1.000000,ef=0.000000,af=1.000000,ff=0,v=0,inplace=0): not supported [RD0] 
  ROPE(type=f16,ne_a=[128,32,2,1],n_dims=128,mode=0,n_ctx=512,fs=1.000000,ef=0.000000,af=1.000000,ff=0,v=1,inplace=0): not supported [RD0] 
  ROPE(type=f16,ne_a=[64,128,2,1],n_dims=64,mode=2,n_ctx=512,fs=1.000000,ef=0.000000,af=1.000000,ff=0,v=1,inplace=0): not supported [RD0] 
  ROPE(type=f16,ne_a=[36,16,2457,1],n_dims=36,mode=0,n_ctx=512,fs=1.000000,ef=0.000000,af=1.000000,ff=0,v=2,inplace=0): not supported [RD0] 
  ROPE(type=f16,ne_a=[36,16,2457,1],n_dims=36,mode=2,n_ctx=512,fs=1.000000,ef=0.000000,af=1.000000,ff=0,v=2,inplace=0): not supported [RD0] 
  ROPE(type=f16,ne_a=[36,16,2457,1],n_dims=36,mode=8,n_ctx=512,fs=1.000000,ef=0.000000,af=1.000000,ff=0,v=2,inplace=0): not supported [RD0] 
  ROPE(type=f16,ne_a=[36,16,2457,1],n_dims=36,mode=40,n_ctx=512,fs=1.000000,ef=0.000000,af=1.000000,ff=0,v=2,inplace=0): not supported [RD0] 
  ROPE(type=f16,ne_a=[36,16,2457,1],n_dims=36,mode=24,n_ctx=512,fs=1.000000,ef=0.000000,af=1.000000,ff=0,v=2,inplace=0): not supported [RD0] 
  ROPE(type=f16,ne_a=[128,32,2,1],n_dims=128,mode=0,n_ctx=512,fs=1.000000,ef=0.000000,af=1.000000,ff=1,v=0,inplace=0): not supported [RD0] 
  ROPE(type=f16,ne_a=[64,128,2,1],n_dims=64,mode=2,n_ctx=512,fs=1.000000,ef=0.000000,af=1.000000,ff=1,v=0,inplace=0): not supported [RD0] 
  ROPE(type=f16,ne_a=[128,32,2,1],n_dims=128,mode=0,n_ctx=512,fs=1.000000,ef=0.000000,af=1.000000,ff=1,v=1,inplace=0): not supported [RD0] 
  ROPE(type=f16,ne_a=[64,128,2,1],n_dims=64,mode=2,n_ctx=512,fs=1.000000,ef=0.000000,af=1.000000,ff=1,v=1,inplace=0): not supported [RD0] 
  ROPE(type=f16,ne_a=[36,16,2457,1],n_dims=36,mode=0,n_ctx=512,fs=1.000000,ef=0.000000,af=1.000000,ff=1,v=2,inplace=0): not supported [RD0] 
  ROPE(type=f16,ne_a=[36,16,2457,1],n_dims=36,mode=2,n_ctx=512,fs=1.000000,ef=0.000000,af=1.000000,ff=1,v=2,inplace=0): not supported [RD0] 
  ROPE(type=f16,ne_a=[36,16,2457,1],n_dims=36,mode=8,n_ctx=512,fs=1.000000,ef=0.000000,af=1.000000,ff=1,v=2,inplace=0): not supported [RD0] 
  ROPE(type=f16,ne_a=[36,16,2457,1],n_dims=36,mode=40,n_ctx=512,fs=1.000000,ef=0.000000,af=1.000000,ff=1,v=2,inplace=0): not supported [RD0] 
  ROPE(type=f16,ne_a=[36,16,2457,1],n_dims=36,mode=24,n_ctx=512,fs=1.000000,ef=0.000000,af=1.000000,ff=1,v=2,inplace=0): not supported [RD0] 
  ROPE(type=f32,ne_a=[128,32,2,1],n_dims=128,mode=0,n_ctx=512,fs=1.000000,ef=0.000000,af=1.424500,ff=0,v=0,inplace=0): not supported [RD0] 
  ROPE(type=f32,ne_a=[64,128,2,1],n_dims=64,mode=2,n_ctx=512,fs=1.000000,ef=0.000000,af=1.424500,ff=0,v=0,inplace=0): OK
  ROPE(type=f32,ne_a=[128,32,2,1],n_dims=128,mode=0,n_ctx=512,fs=1.000000,ef=0.000000,af=1.424500,ff=0,v=1,inplace=0): not supported [RD0] 
  ROPE(type=f32,ne_a=[64,128,2,1],n_dims=64,mode=2,n_ctx=512,fs=1.000000,ef=0.000000,af=1.424500,ff=0,v=1,inplace=0): OK
  ROPE(type=f32,ne_a=[36,16,2457,1],n_dims=36,mode=0,n_ctx=512,fs=1.000000,ef=0.000000,af=1.424500,ff=0,v=2,inplace=0): not supported [RD0] 
  ROPE(type=f32,ne_a=[36,16,2457,1],n_dims=36,mode=2,n_ctx=512,fs=1.000000,ef=0.000000,af=1.424500,ff=0,v=2,inplace=0): OK
  ROPE(type=f32,ne_a=[36,16,2457,1],n_dims=36,mode=8,n_ctx=512,fs=1.000000,ef=0.000000,af=1.424500,ff=0,v=2,inplace=0): not supported [RD0] 
  ROPE(type=f32,ne_a=[36,16,2457,1],n_dims=36,mode=40,n_ctx=512,fs=1.000000,ef=0.000000,af=1.424500,ff=0,v=2,inplace=0): not supported [RD0] 
  ROPE(type=f32,ne_a=[36,16,2457,1],n_dims=36,mode=24,n_ctx=512,fs=1.000000,ef=0.000000,af=1.424500,ff=0,v=2,inplace=0): not supported [RD0] 
  ROPE(type=f32,ne_a=[128,32,2,1],n_dims=128,mode=0,n_ctx=512,fs=1.000000,ef=0.000000,af=1.424500,ff=1,v=0,inplace=0): not supported [RD0] 
  ROPE(type=f32,ne_a=[64,128,2,1],n_dims=64,mode=2,n_ctx=512,fs=1.000000,ef=0.000000,af=1.424500,ff=1,v=0,inplace=0): not supported [RD0] 
  ROPE(type=f32,ne_a=[128,32,2,1],n_dims=128,mode=0,n_ctx=512,fs=1.000000,ef=0.000000,af=1.424500,ff=1,v=1,inplace=0): not supported [RD0] 
  ROPE(type=f32,ne_a=[64,128,2,1],n_dims=64,mode=2,n_ctx=512,fs=1.000000,ef=0.000000,af=1.424500,ff=1,v=1,inplace=0): not supported [RD0] 
  ROPE(type=f32,ne_a=[36,16,2457,1],n_dims=36,mode=0,n_ctx=512,fs=1.000000,ef=0.000000,af=1.424500,ff=1,v=2,inplace=0): not supported [RD0] 
  ROPE(type=f32,ne_a=[36,16,2457,1],n_dims=36,mode=2,n_ctx=512,fs=1.000000,ef=0.000000,af=1.424500,ff=1,v=2,inplace=0): not supported [RD0] 
  ROPE(type=f32,ne_a=[36,16,2457,1],n_dims=36,mode=8,n_ctx=512,fs=1.000000,ef=0.000000,af=1.424500,ff=1,v=2,inplace=0): not supported [RD0] 
  ROPE(type=f32,ne_a=[36,16,2457,1],n_dims=36,mode=40,n_ctx=512,fs=1.000000,ef=0.000000,af=1.424500,ff=1,v=2,inplace=0): not supported [RD0] 
  ROPE(type=f32,ne_a=[36,16,2457,1],n_dims=36,mode=24,n_ctx=512,fs=1.000000,ef=0.000000,af=1.424500,ff=1,v=2,inplace=0): not supported [RD0] 
  ROPE(type=f16,ne_a=[128,32,2,1],n_dims=128,mode=0,n_ctx=512,fs=1.000000,ef=0.000000,af=1.424500,ff=0,v=0,inplace=0): not supported [RD0] 
  ROPE(type=f16,ne_a=[64,128,2,1],n_dims=64,mode=2,n_ctx=512,fs=1.000000,ef=0.000000,af=1.424500,ff=0,v=0,inplace=0): not supported [RD0] 
  ROPE(type=f16,ne_a=[128,32,2,1],n_dims=128,mode=0,n_ctx=512,fs=1.000000,ef=0.000000,af=1.424500,ff=0,v=1,inplace=0): not supported [RD0] 
  ROPE(type=f16,ne_a=[64,128,2,1],n_dims=64,mode=2,n_ctx=512,fs=1.000000,ef=0.000000,af=1.424500,ff=0,v=1,inplace=0): not supported [RD0] 
  ROPE(type=f16,ne_a=[36,16,2457,1],n_dims=36,mode=0,n_ctx=512,fs=1.000000,ef=0.000000,af=1.424500,ff=0,v=2,inplace=0): not supported [RD0] 
  ROPE(type=f16,ne_a=[36,16,2457,1],n_dims=36,mode=2,n_ctx=512,fs=1.000000,ef=0.000000,af=1.424500,ff=0,v=2,inplace=0): not supported [RD0] 
  ROPE(type=f16,ne_a=[36,16,2457,1],n_dims=36,mode=8,n_ctx=512,fs=1.000000,ef=0.000000,af=1.424500,ff=0,v=2,inplace=0): not supported [RD0] 
  ROPE(type=f16,ne_a=[36,16,2457,1],n_dims=36,mode=40,n_ctx=512,fs=1.000000,ef=0.000000,af=1.424500,ff=0,v=2,inplace=0): not supported [RD0] 
  ROPE(type=f16,ne_a=[36,16,2457,1],n_dims=36,mode=24,n_ctx=512,fs=1.000000,ef=0.000000,af=1.424500,ff=0,v=2,inplace=0): not supported [RD0] 
  ROPE(type=f16,ne_a=[128,32,2,1],n_dims=128,mode=0,n_ctx=512,fs=1.000000,ef=0.000000,af=1.424500,ff=1,v=0,inplace=0): not supported [RD0] 
  ROPE(type=f16,ne_a=[64,128,2,1],n_dims=64,mode=2,n_ctx=512,fs=1.000000,ef=0.000000,af=1.424500,ff=1,v=0,inplace=0): not supported [RD0] 
  ROPE(type=f16,ne_a=[128,32,2,1],n_dims=128,mode=0,n_ctx=512,fs=1.000000,ef=0.000000,af=1.424500,ff=1,v=1,inplace=0): not supported [RD0] 
  ROPE(type=f16,ne_a=[64,128,2,1],n_dims=64,mode=2,n_ctx=512,fs=1.000000,ef=0.000000,af=1.424500,ff=1,v=1,inplace=0): not supported [RD0] 
  ROPE(type=f16,ne_a=[36,16,2457,1],n_dims=36,mode=0,n_ctx=512,fs=1.000000,ef=0.000000,af=1.424500,ff=1,v=2,inplace=0): not supported [RD0] 
  ROPE(type=f16,ne_a=[36,16,2457,1],n_dims=36,mode=2,n_ctx=512,fs=1.000000,ef=0.000000,af=1.424500,ff=1,v=2,inplace=0): not supported [RD0] 
  ROPE(type=f16,ne_a=[36,16,2457,1],n_dims=36,mode=8,n_ctx=512,fs=1.000000,ef=0.000000,af=1.424500,ff=1,v=2,inplace=0): not supported [RD0] 
  ROPE(type=f16,ne_a=[36,16,2457,1],n_dims=36,mode=40,n_ctx=512,fs=1.000000,ef=0.000000,af=1.424500,ff=1,v=2,inplace=0): not supported [RD0] 
  ROPE(type=f16,ne_a=[36,16,2457,1],n_dims=36,mode=24,n_ctx=512,fs=1.000000,ef=0.000000,af=1.424500,ff=1,v=2,inplace=0): not supported [RD0] 
  ROPE(type=f32,ne_a=[128,32,2,1],n_dims=128,mode=0,n_ctx=512,fs=1.000000,ef=0.746500,af=1.000000,ff=0,v=0,inplace=0): not supported [RD0] 
  ROPE(type=f32,ne_a=[64,128,2,1],n_dims=64,mode=2,n_ctx=512,fs=1.000000,ef=0.746500,af=1.000000,ff=0,v=0,inplace=0): OK
  ROPE(type=f32,ne_a=[128,32,2,1],n_dims=128,mode=0,n_ctx=512,fs=1.000000,ef=0.746500,af=1.000000,ff=0,v=1,inplace=0): not supported [RD0] 
  ROPE(type=f32,ne_a=[64,128,2,1],n_dims=64,mode=2,n_ctx=512,fs=1.000000,ef=0.746500,af=1.000000,ff=0,v=1,inplace=0): OK
  ROPE(type=f32,ne_a=[36,16,2457,1],n_dims=36,mode=0,n_ctx=512,fs=1.000000,ef=0.746500,af=1.000000,ff=0,v=2,inplace=0): not supported [RD0] 
  ROPE(type=f32,ne_a=[36,16,2457,1],n_dims=36,mode=2,n_ctx=512,fs=1.000000,ef=0.746500,af=1.000000,ff=0,v=2,inplace=0): OK
  ROPE(type=f32,ne_a=[36,16,2457,1],n_dims=36,mode=8,n_ctx=512,fs=1.000000,ef=0.746500,af=1.000000,ff=0,v=2,inplace=0): not supported [RD0] 
  ROPE(type=f32,ne_a=[36,16,2457,1],n_dims=36,mode=40,n_ctx=512,fs=1.000000,ef=0.746500,af=1.000000,ff=0,v=2,inplace=0): not supported [RD0] 
  ROPE(type=f32,ne_a=[36,16,2457,1],n_dims=36,mode=24,n_ctx=512,fs=1.000000,ef=0.746500,af=1.000000,ff=0,v=2,inplace=0): not supported [RD0] 
  ROPE(type=f32,ne_a=[128,32,2,1],n_dims=128,mode=0,n_ctx=512,fs=1.000000,ef=0.746500,af=1.000000,ff=1,v=0,inplace=0): not supported [RD0] 
  ROPE(type=f32,ne_a=[64,128,2,1],n_dims=64,mode=2,n_ctx=512,fs=1.000000,ef=0.746500,af=1.000000,ff=1,v=0,inplace=0): not supported [RD0] 
  ROPE(type=f32,ne_a=[128,32,2,1],n_dims=128,mode=0,n_ctx=512,fs=1.000000,ef=0.746500,af=1.000000,ff=1,v=1,inplace=0): not supported [RD0] 
  ROPE(type=f32,ne_a=[64,128,2,1],n_dims=64,mode=2,n_ctx=512,fs=1.000000,ef=0.746500,af=1.000000,ff=1,v=1,inplace=0): not supported [RD0] 
  ROPE(type=f32,ne_a=[36,16,2457,1],n_dims=36,mode=0,n_ctx=512,fs=1.000000,ef=0.746500,af=1.000000,ff=1,v=2,inplace=0): not supported [RD0] 
  ROPE(type=f32,ne_a=[36,16,2457,1],n_dims=36,mode=2,n_ctx=512,fs=1.000000,ef=0.746500,af=1.000000,ff=1,v=2,inplace=0): not supported [RD0] 
  ROPE(type=f32,ne_a=[36,16,2457,1],n_dims=36,mode=8,n_ctx=512,fs=1.000000,ef=0.746500,af=1.000000,ff=1,v=2,inplace=0): not supported [RD0] 
  ROPE(type=f32,ne_a=[36,16,2457,1],n_dims=36,mode=40,n_ctx=512,fs=1.000000,ef=0.746500,af=1.000000,ff=1,v=2,inplace=0): not supported [RD0] 
  ROPE(type=f32,ne_a=[36,16,2457,1],n_dims=36,mode=24,n_ctx=512,fs=1.000000,ef=0.746500,af=1.000000,ff=1,v=2,inplace=0): not supported [RD0] 
  ROPE(type=f16,ne_a=[128,32,2,1],n_dims=128,mode=0,n_ctx=512,fs=1.000000,ef=0.746500,af=1.000000,ff=0,v=0,inplace=0): not supported [RD0] 
  ROPE(type=f16,ne_a=[64,128,2,1],n_dims=64,mode=2,n_ctx=512,fs=1.000000,ef=0.746500,af=1.000000,ff=0,v=0,inplace=0): not supported [RD0] 
  ROPE(type=f16,ne_a=[128,32,2,1],n_dims=128,mode=0,n_ctx=512,fs=1.000000,ef=0.746500,af=1.000000,ff=0,v=1,inplace=0): not supported [RD0] 
  ROPE(type=f16,ne_a=[64,128,2,1],n_dims=64,mode=2,n_ctx=512,fs=1.000000,ef=0.746500,af=1.000000,ff=0,v=1,inplace=0): not supported [RD0] 
  ROPE(type=f16,ne_a=[36,16,2457,1],n_dims=36,mode=0,n_ctx=512,fs=1.000000,ef=0.746500,af=1.000000,ff=0,v=2,inplace=0): not supported [RD0] 
  ROPE(type=f16,ne_a=[36,16,2457,1],n_dims=36,mode=2,n_ctx=512,fs=1.000000,ef=0.746500,af=1.000000,ff=0,v=2,inplace=0): not supported [RD0] 
  ROPE(type=f16,ne_a=[36,16,2457,1],n_dims=36,mode=8,n_ctx=512,fs=1.000000,ef=0.746500,af=1.000000,ff=0,v=2,inplace=0): not supported [RD0] 
  ROPE(type=f16,ne_a=[36,16,2457,1],n_dims=36,mode=40,n_ctx=512,fs=1.000000,ef=0.746500,af=1.000000,ff=0,v=2,inplace=0): not supported [RD0] 
  ROPE(type=f16,ne_a=[36,16,2457,1],n_dims=36,mode=24,n_ctx=512,fs=1.000000,ef=0.746500,af=1.000000,ff=0,v=2,inplace=0): not supported [RD0] 
  ROPE(type=f16,ne_a=[128,32,2,1],n_dims=128,mode=0,n_ctx=512,fs=1.000000,ef=0.746500,af=1.000000,ff=1,v=0,inplace=0): not supported [RD0] 
  ROPE(type=f16,ne_a=[64,128,2,1],n_dims=64,mode=2,n_ctx=512,fs=1.000000,ef=0.746500,af=1.000000,ff=1,v=0,inplace=0): not supported [RD0] 
  ROPE(type=f16,ne_a=[128,32,2,1],n_dims=128,mode=0,n_ctx=512,fs=1.000000,ef=0.746500,af=1.000000,ff=1,v=1,inplace=0): not supported [RD0] 
  ROPE(type=f16,ne_a=[64,128,2,1],n_dims=64,mode=2,n_ctx=512,fs=1.000000,ef=0.746500,af=1.000000,ff=1,v=1,inplace=0): not supported [RD0] 
  ROPE(type=f16,ne_a=[36,16,2457,1],n_dims=36,mode=0,n_ctx=512,fs=1.000000,ef=0.746500,af=1.000000,ff=1,v=2,inplace=0): not supported [RD0] 
  ROPE(type=f16,ne_a=[36,16,2457,1],n_dims=36,mode=2,n_ctx=512,fs=1.000000,ef=0.746500,af=1.000000,ff=1,v=2,inplace=0): not supported [RD0] 
  ROPE(type=f16,ne_a=[36,16,2457,1],n_dims=36,mode=8,n_ctx=512,fs=1.000000,ef=0.746500,af=1.000000,ff=1,v=2,inplace=0): not supported [RD0] 
  ROPE(type=f16,ne_a=[36,16,2457,1],n_dims=36,mode=40,n_ctx=512,fs=1.000000,ef=0.746500,af=1.000000,ff=1,v=2,inplace=0): not supported [RD0] 
  ROPE(type=f16,ne_a=[36,16,2457,1],n_dims=36,mode=24,n_ctx=512,fs=1.000000,ef=0.746500,af=1.000000,ff=1,v=2,inplace=0): not supported [RD0] 
  ROPE(type=f32,ne_a=[128,32,2,1],n_dims=128,mode=0,n_ctx=512,fs=1.000000,ef=0.746500,af=1.424500,ff=0,v=0,inplace=0): not supported [RD0] 
  ROPE(type=f32,ne_a=[64,128,2,1],n_dims=64,mode=2,n_ctx=512,fs=1.000000,ef=0.746500,af=1.424500,ff=0,v=0,inplace=0): OK
  ROPE(type=f32,ne_a=[128,32,2,1],n_dims=128,mode=0,n_ctx=512,fs=1.000000,ef=0.746500,af=1.424500,ff=0,v=1,inplace=0): not supported [RD0] 
  ROPE(type=f32,ne_a=[64,128,2,1],n_dims=64,mode=2,n_ctx=512,fs=1.000000,ef=0.746500,af=1.424500,ff=0,v=1,inplace=0): OK
  ROPE(type=f32,ne_a=[36,16,2457,1],n_dims=36,mode=0,n_ctx=512,fs=1.000000,ef=0.746500,af=1.424500,ff=0,v=2,inplace=0): not supported [RD0] 
  ROPE(type=f32,ne_a=[36,16,2457,1],n_dims=36,mode=2,n_ctx=512,fs=1.000000,ef=0.746500,af=1.424500,ff=0,v=2,inplace=0): OK
  ROPE(type=f32,ne_a=[36,16,2457,1],n_dims=36,mode=8,n_ctx=512,fs=1.000000,ef=0.746500,af=1.424500,ff=0,v=2,inplace=0): not supported [RD0] 
  ROPE(type=f32,ne_a=[36,16,2457,1],n_dims=36,mode=40,n_ctx=512,fs=1.000000,ef=0.746500,af=1.424500,ff=0,v=2,inplace=0): not supported [RD0] 
  ROPE(type=f32,ne_a=[36,16,2457,1],n_dims=36,mode=24,n_ctx=512,fs=1.000000,ef=0.746500,af=1.424500,ff=0,v=2,inplace=0): not supported [RD0] 
  ROPE(type=f32,ne_a=[128,32,2,1],n_dims=128,mode=0,n_ctx=512,fs=1.000000,ef=0.746500,af=1.424500,ff=1,v=0,inplace=0): not supported [RD0] 
  ROPE(type=f32,ne_a=[64,128,2,1],n_dims=64,mode=2,n_ctx=512,fs=1.000000,ef=0.746500,af=1.424500,ff=1,v=0,inplace=0): not supported [RD0] 
  ROPE(type=f32,ne_a=[128,32,2,1],n_dims=128,mode=0,n_ctx=512,fs=1.000000,ef=0.746500,af=1.424500,ff=1,v=1,inplace=0): not supported [RD0] 
  ROPE(type=f32,ne_a=[64,128,2,1],n_dims=64,mode=2,n_ctx=512,fs=1.000000,ef=0.746500,af=1.424500,ff=1,v=1,inplace=0): not supported [RD0] 
  ROPE(type=f32,ne_a=[36,16,2457,1],n_dims=36,mode=0,n_ctx=512,fs=1.000000,ef=0.746500,af=1.424500,ff=1,v=2,inplace=0): not supported [RD0] 
  ROPE(type=f32,ne_a=[36,16,2457,1],n_dims=36,mode=2,n_ctx=512,fs=1.000000,ef=0.746500,af=1.424500,ff=1,v=2,inplace=0): not supported [RD0] 
  ROPE(type=f32,ne_a=[36,16,2457,1],n_dims=36,mode=8,n_ctx=512,fs=1.000000,ef=0.746500,af=1.424500,ff=1,v=2,inplace=0): not supported [RD0] 
  ROPE(type=f32,ne_a=[36,16,2457,1],n_dims=36,mode=40,n_ctx=512,fs=1.000000,ef=0.746500,af=1.424500,ff=1,v=2,inplace=0): not supported [RD0] 
  ROPE(type=f32,ne_a=[36,16,2457,1],n_dims=36,mode=24,n_ctx=512,fs=1.000000,ef=0.746500,af=1.424500,ff=1,v=2,inplace=0): not supported [RD0] 
  ROPE(type=f16,ne_a=[128,32,2,1],n_dims=128,mode=0,n_ctx=512,fs=1.000000,ef=0.746500,af=1.424500,ff=0,v=0,inplace=0): not supported [RD0] 
  ROPE(type=f16,ne_a=[64,128,2,1],n_dims=64,mode=2,n_ctx=512,fs=1.000000,ef=0.746500,af=1.424500,ff=0,v=0,inplace=0): not supported [RD0] 
  ROPE(type=f16,ne_a=[128,32,2,1],n_dims=128,mode=0,n_ctx=512,fs=1.000000,ef=0.746500,af=1.424500,ff=0,v=1,inplace=0): not supported [RD0] 
  ROPE(type=f16,ne_a=[64,128,2,1],n_dims=64,mode=2,n_ctx=512,fs=1.000000,ef=0.746500,af=1.424500,ff=0,v=1,inplace=0): not supported [RD0] 
  ROPE(type=f16,ne_a=[36,16,2457,1],n_dims=36,mode=0,n_ctx=512,fs=1.000000,ef=0.746500,af=1.424500,ff=0,v=2,inplace=0): not supported [RD0] 
  ROPE(type=f16,ne_a=[36,16,2457,1],n_dims=36,mode=2,n_ctx=512,fs=1.000000,ef=0.746500,af=1.424500,ff=0,v=2,inplace=0): not supported [RD0] 
  ROPE(type=f16,ne_a=[36,16,2457,1],n_dims=36,mode=8,n_ctx=512,fs=1.000000,ef=0.746500,af=1.424500,ff=0,v=2,inplace=0): not supported [RD0] 
  ROPE(type=f16,ne_a=[36,16,2457,1],n_dims=36,mode=40,n_ctx=512,fs=1.000000,ef=0.746500,af=1.424500,ff=0,v=2,inplace=0): not supported [RD0] 
  ROPE(type=f16,ne_a=[36,16,2457,1],n_dims=36,mode=24,n_ctx=512,fs=1.000000,ef=0.746500,af=1.424500,ff=0,v=2,inplace=0): not supported [RD0] 
  ROPE(type=f16,ne_a=[128,32,2,1],n_dims=128,mode=0,n_ctx=512,fs=1.000000,ef=0.746500,af=1.424500,ff=1,v=0,inplace=0): not supported [RD0] 
  ROPE(type=f16,ne_a=[64,128,2,1],n_dims=64,mode=2,n_ctx=512,fs=1.000000,ef=0.746500,af=1.424500,ff=1,v=0,inplace=0): not supported [RD0] 
  ROPE(type=f16,ne_a=[128,32,2,1],n_dims=128,mode=0,n_ctx=512,fs=1.000000,ef=0.746500,af=1.424500,ff=1,v=1,inplace=0): not supported [RD0] 
  ROPE(type=f16,ne_a=[64,128,2,1],n_dims=64,mode=2,n_ctx=512,fs=1.000000,ef=0.746500,af=1.424500,ff=1,v=1,inplace=0): not supported [RD0] 
  ROPE(type=f16,ne_a=[36,16,2457,1],n_dims=36,mode=0,n_ctx=512,fs=1.000000,ef=0.746500,af=1.424500,ff=1,v=2,inplace=0): not supported [RD0] 
  ROPE(type=f16,ne_a=[36,16,2457,1],n_dims=36,mode=2,n_ctx=512,fs=1.000000,ef=0.746500,af=1.424500,ff=1,v=2,inplace=0): not supported [RD0] 
  ROPE(type=f16,ne_a=[36,16,2457,1],n_dims=36,mode=8,n_ctx=512,fs=1.000000,ef=0.746500,af=1.424500,ff=1,v=2,inplace=0): not supported [RD0] 
  ROPE(type=f16,ne_a=[36,16,2457,1],n_dims=36,mode=40,n_ctx=512,fs=1.000000,ef=0.746500,af=1.424500,ff=1,v=2,inplace=0): not supported [RD0] 
  ROPE(type=f16,ne_a=[36,16,2457,1],n_dims=36,mode=24,n_ctx=512,fs=1.000000,ef=0.746500,af=1.424500,ff=1,v=2,inplace=0): not supported [RD0] 
  ROPE(type=f32,ne_a=[128,32,2,1],n_dims=128,mode=0,n_ctx=512,fs=1.424500,ef=0.000000,af=1.000000,ff=0,v=0,inplace=0): not supported [RD0] 
  ROPE(type=f32,ne_a=[64,128,2,1],n_dims=64,mode=2,n_ctx=512,fs=1.424500,ef=0.000000,af=1.000000,ff=0,v=0,inplace=0): OK
  ROPE(type=f32,ne_a=[128,32,2,1],n_dims=128,mode=0,n_ctx=512,fs=1.424500,ef=0.000000,af=1.000000,ff=0,v=1,inplace=0): not supported [RD0] 
  ROPE(type=f32,ne_a=[64,128,2,1],n_dims=64,mode=2,n_ctx=512,fs=1.424500,ef=0.000000,af=1.000000,ff=0,v=1,inplace=0): OK
  ROPE(type=f32,ne_a=[36,16,2457,1],n_dims=36,mode=0,n_ctx=512,fs=1.424500,ef=0.000000,af=1.000000,ff=0,v=2,inplace=0): not supported [RD0] 
  ROPE(type=f32,ne_a=[36,16,2457,1],n_dims=36,mode=2,n_ctx=512,fs=1.424500,ef=0.000000,af=1.000000,ff=0,v=2,inplace=0): OK
  ROPE(type=f32,ne_a=[36,16,2457,1],n_dims=36,mode=8,n_ctx=512,fs=1.424500,ef=0.000000,af=1.000000,ff=0,v=2,inplace=0): not supported [RD0] 
  ROPE(type=f32,ne_a=[36,16,2457,1],n_dims=36,mode=40,n_ctx=512,fs=1.424500,ef=0.000000,af=1.000000,ff=0,v=2,inplace=0): not supported [RD0] 
  ROPE(type=f32,ne_a=[36,16,2457,1],n_dims=36,mode=24,n_ctx=512,fs=1.424500,ef=0.000000,af=1.000000,ff=0,v=2,inplace=0): not supported [RD0] 
  ROPE(type=f32,ne_a=[128,32,2,1],n_dims=128,mode=0,n_ctx=512,fs=1.424500,ef=0.000000,af=1.000000,ff=1,v=0,inplace=0): not supported [RD0] 
  ROPE(type=f32,ne_a=[64,128,2,1],n_dims=64,mode=2,n_ctx=512,fs=1.424500,ef=0.000000,af=1.000000,ff=1,v=0,inplace=0): not supported [RD0] 
  ROPE(type=f32,ne_a=[128,32,2,1],n_dims=128,mode=0,n_ctx=512,fs=1.424500,ef=0.000000,af=1.000000,ff=1,v=1,inplace=0): not supported [RD0] 
  ROPE(type=f32,ne_a=[64,128,2,1],n_dims=64,mode=2,n_ctx=512,fs=1.424500,ef=0.000000,af=1.000000,ff=1,v=1,inplace=0): not supported [RD0] 
  ROPE(type=f32,ne_a=[36,16,2457,1],n_dims=36,mode=0,n_ctx=512,fs=1.424500,ef=0.000000,af=1.000000,ff=1,v=2,inplace=0): not supported [RD0] 
  ROPE(type=f32,ne_a=[36,16,2457,1],n_dims=36,mode=2,n_ctx=512,fs=1.424500,ef=0.000000,af=1.000000,ff=1,v=2,inplace=0): not supported [RD0] 
  ROPE(type=f32,ne_a=[36,16,2457,1],n_dims=36,mode=8,n_ctx=512,fs=1.424500,ef=0.000000,af=1.000000,ff=1,v=2,inplace=0): not supported [RD0] 
  ROPE(type=f32,ne_a=[36,16,2457,1],n_dims=36,mode=40,n_ctx=512,fs=1.424500,ef=0.000000,af=1.000000,ff=1,v=2,inplace=0): not supported [RD0] 
  ROPE(type=f32,ne_a=[36,16,2457,1],n_dims=36,mode=24,n_ctx=512,fs=1.424500,ef=0.000000,af=1.000000,ff=1,v=2,inplace=0): not supported [RD0] 
  ROPE(type=f16,ne_a=[128,32,2,1],n_dims=128,mode=0,n_ctx=512,fs=1.424500,ef=0.000000,af=1.000000,ff=0,v=0,inplace=0): not supported [RD0] 
  ROPE(type=f16,ne_a=[64,128,2,1],n_dims=64,mode=2,n_ctx=512,fs=1.424500,ef=0.000000,af=1.000000,ff=0,v=0,inplace=0): not supported [RD0] 
  ROPE(type=f16,ne_a=[128,32,2,1],n_dims=128,mode=0,n_ctx=512,fs=1.424500,ef=0.000000,af=1.000000,ff=0,v=1,inplace=0): not supported [RD0] 
  ROPE(type=f16,ne_a=[64,128,2,1],n_dims=64,mode=2,n_ctx=512,fs=1.424500,ef=0.000000,af=1.000000,ff=0,v=1,inplace=0): not supported [RD0] 
  ROPE(type=f16,ne_a=[36,16,2457,1],n_dims=36,mode=0,n_ctx=512,fs=1.424500,ef=0.000000,af=1.000000,ff=0,v=2,inplace=0): not supported [RD0] 
  ROPE(type=f16,ne_a=[36,16,2457,1],n_dims=36,mode=2,n_ctx=512,fs=1.424500,ef=0.000000,af=1.000000,ff=0,v=2,inplace=0): not supported [RD0] 
  ROPE(type=f16,ne_a=[36,16,2457,1],n_dims=36,mode=8,n_ctx=512,fs=1.424500,ef=0.000000,af=1.000000,ff=0,v=2,inplace=0): not supported [RD0] 
  ROPE(type=f16,ne_a=[36,16,2457,1],n_dims=36,mode=40,n_ctx=512,fs=1.424500,ef=0.000000,af=1.000000,ff=0,v=2,inplace=0): not supported [RD0] 
  ROPE(type=f16,ne_a=[36,16,2457,1],n_dims=36,mode=24,n_ctx=512,fs=1.424500,ef=0.000000,af=1.000000,ff=0,v=2,inplace=0): not supported [RD0] 
  ROPE(type=f16,ne_a=[128,32,2,1],n_dims=128,mode=0,n_ctx=512,fs=1.424500,ef=0.000000,af=1.000000,ff=1,v=0,inplace=0): not supported [RD0] 
  ROPE(type=f16,ne_a=[64,128,2,1],n_dims=64,mode=2,n_ctx=512,fs=1.424500,ef=0.000000,af=1.000000,ff=1,v=0,inplace=0): not supported [RD0] 
  ROPE(type=f16,ne_a=[128,32,2,1],n_dims=128,mode=0,n_ctx=512,fs=1.424500,ef=0.000000,af=1.000000,ff=1,v=1,inplace=0): not supported [RD0] 
  ROPE(type=f16,ne_a=[64,128,2,1],n_dims=64,mode=2,n_ctx=512,fs=1.424500,ef=0.000000,af=1.000000,ff=1,v=1,inplace=0): not supported [RD0] 
  ROPE(type=f16,ne_a=[36,16,2457,1],n_dims=36,mode=0,n_ctx=512,fs=1.424500,ef=0.000000,af=1.000000,ff=1,v=2,inplace=0): not supported [RD0] 
  ROPE(type=f16,ne_a=[36,16,2457,1],n_dims=36,mode=2,n_ctx=512,fs=1.424500,ef=0.000000,af=1.000000,ff=1,v=2,inplace=0): not supported [RD0] 
  ROPE(type=f16,ne_a=[36,16,2457,1],n_dims=36,mode=8,n_ctx=512,fs=1.424500,ef=0.000000,af=1.000000,ff=1,v=2,inplace=0): not supported [RD0] 
  ROPE(type=f16,ne_a=[36,16,2457,1],n_dims=36,mode=40,n_ctx=512,fs=1.424500,ef=0.000000,af=1.000000,ff=1,v=2,inplace=0): not supported [RD0] 
  ROPE(type=f16,ne_a=[36,16,2457,1],n_dims=36,mode=24,n_ctx=512,fs=1.424500,ef=0.000000,af=1.000000,ff=1,v=2,inplace=0): not supported [RD0] 
  ROPE(type=f32,ne_a=[128,32,2,1],n_dims=128,mode=0,n_ctx=512,fs=1.424500,ef=0.000000,af=1.424500,ff=0,v=0,inplace=0): not supported [RD0] 
  ROPE(type=f32,ne_a=[64,128,2,1],n_dims=64,mode=2,n_ctx=512,fs=1.424500,ef=0.000000,af=1.424500,ff=0,v=0,inplace=0): OK
  ROPE(type=f32,ne_a=[128,32,2,1],n_dims=128,mode=0,n_ctx=512,fs=1.424500,ef=0.000000,af=1.424500,ff=0,v=1,inplace=0): not supported [RD0] 
  ROPE(type=f32,ne_a=[64,128,2,1],n_dims=64,mode=2,n_ctx=512,fs=1.424500,ef=0.000000,af=1.424500,ff=0,v=1,inplace=0): OK
  ROPE(type=f32,ne_a=[36,16,2457,1],n_dims=36,mode=0,n_ctx=512,fs=1.424500,ef=0.000000,af=1.424500,ff=0,v=2,inplace=0): not supported [RD0] 
  ROPE(type=f32,ne_a=[36,16,2457,1],n_dims=36,mode=2,n_ctx=512,fs=1.424500,ef=0.000000,af=1.424500,ff=0,v=2,inplace=0): OK
  ROPE(type=f32,ne_a=[36,16,2457,1],n_dims=36,mode=8,n_ctx=512,fs=1.424500,ef=0.000000,af=1.424500,ff=0,v=2,inplace=0): not supported [RD0] 
  ROPE(type=f32,ne_a=[36,16,2457,1],n_dims=36,mode=40,n_ctx=512,fs=1.424500,ef=0.000000,af=1.424500,ff=0,v=2,inplace=0): not supported [RD0] 
  ROPE(type=f32,ne_a=[36,16,2457,1],n_dims=36,mode=24,n_ctx=512,fs=1.424500,ef=0.000000,af=1.424500,ff=0,v=2,inplace=0): not supported [RD0] 
  ROPE(type=f32,ne_a=[128,32,2,1],n_dims=128,mode=0,n_ctx=512,fs=1.424500,ef=0.000000,af=1.424500,ff=1,v=0,inplace=0): not supported [RD0] 
  ROPE(type=f32,ne_a=[64,128,2,1],n_dims=64,mode=2,n_ctx=512,fs=1.424500,ef=0.000000,af=1.424500,ff=1,v=0,inplace=0): not supported [RD0] 
  ROPE(type=f32,ne_a=[128,32,2,1],n_dims=128,mode=0,n_ctx=512,fs=1.424500,ef=0.000000,af=1.424500,ff=1,v=1,inplace=0): not supported [RD0] 
  ROPE(type=f32,ne_a=[64,128,2,1],n_dims=64,mode=2,n_ctx=512,fs=1.424500,ef=0.000000,af=1.424500,ff=1,v=1,inplace=0): not supported [RD0] 
  ROPE(type=f32,ne_a=[36,16,2457,1],n_dims=36,mode=0,n_ctx=512,fs=1.424500,ef=0.000000,af=1.424500,ff=1,v=2,inplace=0): not supported [RD0] 
  ROPE(type=f32,ne_a=[36,16,2457,1],n_dims=36,mode=2,n_ctx=512,fs=1.424500,ef=0.000000,af=1.424500,ff=1,v=2,inplace=0): not supported [RD0] 
  ROPE(type=f32,ne_a=[36,16,2457,1],n_dims=36,mode=8,n_ctx=512,fs=1.424500,ef=0.000000,af=1.424500,ff=1,v=2,inplace=0): not supported [RD0] 
  ROPE(type=f32,ne_a=[36,16,2457,1],n_dims=36,mode=40,n_ctx=512,fs=1.424500,ef=0.000000,af=1.424500,ff=1,v=2,inplace=0): not supported [RD0] 
  ROPE(type=f32,ne_a=[36,16,2457,1],n_dims=36,mode=24,n_ctx=512,fs=1.424500,ef=0.000000,af=1.424500,ff=1,v=2,inplace=0): not supported [RD0] 
  ROPE(type=f16,ne_a=[128,32,2,1],n_dims=128,mode=0,n_ctx=512,fs=1.424500,ef=0.000000,af=1.424500,ff=0,v=0,inplace=0): not supported [RD0] 
  ROPE(type=f16,ne_a=[64,128,2,1],n_dims=64,mode=2,n_ctx=512,fs=1.424500,ef=0.000000,af=1.424500,ff=0,v=0,inplace=0): not supported [RD0] 
  ROPE(type=f16,ne_a=[128,32,2,1],n_dims=128,mode=0,n_ctx=512,fs=1.424500,ef=0.000000,af=1.424500,ff=0,v=1,inplace=0): not supported [RD0] 
  ROPE(type=f16,ne_a=[64,128,2,1],n_dims=64,mode=2,n_ctx=512,fs=1.424500,ef=0.000000,af=1.424500,ff=0,v=1,inplace=0): not supported [RD0] 
  ROPE(type=f16,ne_a=[36,16,2457,1],n_dims=36,mode=0,n_ctx=512,fs=1.424500,ef=0.000000,af=1.424500,ff=0,v=2,inplace=0): not supported [RD0] 
  ROPE(type=f16,ne_a=[36,16,2457,1],n_dims=36,mode=2,n_ctx=512,fs=1.424500,ef=0.000000,af=1.424500,ff=0,v=2,inplace=0): not supported [RD0] 
  ROPE(type=f16,ne_a=[36,16,2457,1],n_dims=36,mode=8,n_ctx=512,fs=1.424500,ef=0.000000,af=1.424500,ff=0,v=2,inplace=0): not supported [RD0] 
  ROPE(type=f16,ne_a=[36,16,2457,1],n_dims=36,mode=40,n_ctx=512,fs=1.424500,ef=0.000000,af=1.424500,ff=0,v=2,inplace=0): not supported [RD0] 
  ROPE(type=f16,ne_a=[36,16,2457,1],n_dims=36,mode=24,n_ctx=512,fs=1.424500,ef=0.000000,af=1.424500,ff=0,v=2,inplace=0): not supported [RD0] 
  ROPE(type=f16,ne_a=[128,32,2,1],n_dims=128,mode=0,n_ctx=512,fs=1.424500,ef=0.000000,af=1.424500,ff=1,v=0,inplace=0): not supported [RD0] 
  ROPE(type=f16,ne_a=[64,128,2,1],n_dims=64,mode=2,n_ctx=512,fs=1.424500,ef=0.000000,af=1.424500,ff=1,v=0,inplace=0): not supported [RD0] 
  ROPE(type=f16,ne_a=[128,32,2,1],n_dims=128,mode=0,n_ctx=512,fs=1.424500,ef=0.000000,af=1.424500,ff=1,v=1,inplace=0): not supported [RD0] 
  ROPE(type=f16,ne_a=[64,128,2,1],n_dims=64,mode=2,n_ctx=512,fs=1.424500,ef=0.000000,af=1.424500,ff=1,v=1,inplace=0): not supported [RD0] 
  ROPE(type=f16,ne_a=[36,16,2457,1],n_dims=36,mode=0,n_ctx=512,fs=1.424500,ef=0.000000,af=1.424500,ff=1,v=2,inplace=0): not supported [RD0] 
  ROPE(type=f16,ne_a=[36,16,2457,1],n_dims=36,mode=2,n_ctx=512,fs=1.424500,ef=0.000000,af=1.424500,ff=1,v=2,inplace=0): not supported [RD0] 
  ROPE(type=f16,ne_a=[36,16,2457,1],n_dims=36,mode=8,n_ctx=512,fs=1.424500,ef=0.000000,af=1.424500,ff=1,v=2,inplace=0): not supported [RD0] 
  ROPE(type=f16,ne_a=[36,16,2457,1],n_dims=36,mode=40,n_ctx=512,fs=1.424500,ef=0.000000,af=1.424500,ff=1,v=2,inplace=0): not supported [RD0] 
  ROPE(type=f16,ne_a=[36,16,2457,1],n_dims=36,mode=24,n_ctx=512,fs=1.424500,ef=0.000000,af=1.424500,ff=1,v=2,inplace=0): not supported [RD0] 
  ROPE(type=f32,ne_a=[128,32,2,1],n_dims=128,mode=0,n_ctx=512,fs=1.424500,ef=0.746500,af=1.000000,ff=0,v=0,inplace=0): not supported [RD0] 
  ROPE(type=f32,ne_a=[64,128,2,1],n_dims=64,mode=2,n_ctx=512,fs=1.424500,ef=0.746500,af=1.000000,ff=0,v=0,inplace=0): OK
  ROPE(type=f32,ne_a=[128,32,2,1],n_dims=128,mode=0,n_ctx=512,fs=1.424500,ef=0.746500,af=1.000000,ff=0,v=1,inplace=0): not supported [RD0] 
  ROPE(type=f32,ne_a=[64,128,2,1],n_dims=64,mode=2,n_ctx=512,fs=1.424500,ef=0.746500,af=1.000000,ff=0,v=1,inplace=0): OK
  ROPE(type=f32,ne_a=[36,16,2457,1],n_dims=36,mode=0,n_ctx=512,fs=1.424500,ef=0.746500,af=1.000000,ff=0,v=2,inplace=0): not supported [RD0] 
  ROPE(type=f32,ne_a=[36,16,2457,1],n_dims=36,mode=2,n_ctx=512,fs=1.424500,ef=0.746500,af=1.000000,ff=0,v=2,inplace=0): OK
  ROPE(type=f32,ne_a=[36,16,2457,1],n_dims=36,mode=8,n_ctx=512,fs=1.424500,ef=0.746500,af=1.000000,ff=0,v=2,inplace=0): not supported [RD0] 
  ROPE(type=f32,ne_a=[36,16,2457,1],n_dims=36,mode=40,n_ctx=512,fs=1.424500,ef=0.746500,af=1.000000,ff=0,v=2,inplace=0): not supported [RD0] 
  ROPE(type=f32,ne_a=[36,16,2457,1],n_dims=36,mode=24,n_ctx=512,fs=1.424500,ef=0.746500,af=1.000000,ff=0,v=2,inplace=0): not supported [RD0] 
  ROPE(type=f32,ne_a=[128,32,2,1],n_dims=128,mode=0,n_ctx=512,fs=1.424500,ef=0.746500,af=1.000000,ff=1,v=0,inplace=0): not supported [RD0] 
  ROPE(type=f32,ne_a=[64,128,2,1],n_dims=64,mode=2,n_ctx=512,fs=1.424500,ef=0.746500,af=1.000000,ff=1,v=0,inplace=0): not supported [RD0] 
  ROPE(type=f32,ne_a=[128,32,2,1],n_dims=128,mode=0,n_ctx=512,fs=1.424500,ef=0.746500,af=1.000000,ff=1,v=1,inplace=0): not supported [RD0] 
  ROPE(type=f32,ne_a=[64,128,2,1],n_dims=64,mode=2,n_ctx=512,fs=1.424500,ef=0.746500,af=1.000000,ff=1,v=1,inplace=0): not supported [RD0] 
  ROPE(type=f32,ne_a=[36,16,2457,1],n_dims=36,mode=0,n_ctx=512,fs=1.424500,ef=0.746500,af=1.000000,ff=1,v=2,inplace=0): not supported [RD0] 
  ROPE(type=f32,ne_a=[36,16,2457,1],n_dims=36,mode=2,n_ctx=512,fs=1.424500,ef=0.746500,af=1.000000,ff=1,v=2,inplace=0): not supported [RD0] 
  ROPE(type=f32,ne_a=[36,16,2457,1],n_dims=36,mode=8,n_ctx=512,fs=1.424500,ef=0.746500,af=1.000000,ff=1,v=2,inplace=0): not supported [RD0] 
  ROPE(type=f32,ne_a=[36,16,2457,1],n_dims=36,mode=40,n_ctx=512,fs=1.424500,ef=0.746500,af=1.000000,ff=1,v=2,inplace=0): not supported [RD0] 
  ROPE(type=f32,ne_a=[36,16,2457,1],n_dims=36,mode=24,n_ctx=512,fs=1.424500,ef=0.746500,af=1.000000,ff=1,v=2,inplace=0): not supported [RD0] 
  ROPE(type=f16,ne_a=[128,32,2,1],n_dims=128,mode=0,n_ctx=512,fs=1.424500,ef=0.746500,af=1.000000,ff=0,v=0,inplace=0): not supported [RD0] 
  ROPE(type=f16,ne_a=[64,128,2,1],n_dims=64,mode=2,n_ctx=512,fs=1.424500,ef=0.746500,af=1.000000,ff=0,v=0,inplace=0): not supported [RD0] 
  ROPE(type=f16,ne_a=[128,32,2,1],n_dims=128,mode=0,n_ctx=512,fs=1.424500,ef=0.746500,af=1.000000,ff=0,v=1,inplace=0): not supported [RD0] 
  ROPE(type=f16,ne_a=[64,128,2,1],n_dims=64,mode=2,n_ctx=512,fs=1.424500,ef=0.746500,af=1.000000,ff=0,v=1,inplace=0): not supported [RD0] 
  ROPE(type=f16,ne_a=[36,16,2457,1],n_dims=36,mode=0,n_ctx=512,fs=1.424500,ef=0.746500,af=1.000000,ff=0,v=2,inplace=0): not supported [RD0] 
  ROPE(type=f16,ne_a=[36,16,2457,1],n_dims=36,mode=2,n_ctx=512,fs=1.424500,ef=0.746500,af=1.000000,ff=0,v=2,inplace=0): not supported [RD0] 
  ROPE(type=f16,ne_a=[36,16,2457,1],n_dims=36,mode=8,n_ctx=512,fs=1.424500,ef=0.746500,af=1.000000,ff=0,v=2,inplace=0): not supported [RD0] 
  ROPE(type=f16,ne_a=[36,16,2457,1],n_dims=36,mode=40,n_ctx=512,fs=1.424500,ef=0.746500,af=1.000000,ff=0,v=2,inplace=0): not supported [RD0] 
  ROPE(type=f16,ne_a=[36,16,2457,1],n_dims=36,mode=24,n_ctx=512,fs=1.424500,ef=0.746500,af=1.000000,ff=0,v=2,inplace=0): not supported [RD0] 
  ROPE(type=f16,ne_a=[128,32,2,1],n_dims=128,mode=0,n_ctx=512,fs=1.424500,ef=0.746500,af=1.000000,ff=1,v=0,inplace=0): not supported [RD0] 
  ROPE(type=f16,ne_a=[64,128,2,1],n_dims=64,mode=2,n_ctx=512,fs=1.424500,ef=0.746500,af=1.000000,ff=1,v=0,inplace=0): not supported [RD0] 
  ROPE(type=f16,ne_a=[128,32,2,1],n_dims=128,mode=0,n_ctx=512,fs=1.424500,ef=0.746500,af=1.000000,ff=1,v=1,inplace=0): not supported [RD0] 
  ROPE(type=f16,ne_a=[64,128,2,1],n_dims=64,mode=2,n_ctx=512,fs=1.424500,ef=0.746500,af=1.000000,ff=1,v=1,inplace=0): not supported [RD0] 
  ROPE(type=f16,ne_a=[36,16,2457,1],n_dims=36,mode=0,n_ctx=512,fs=1.424500,ef=0.746500,af=1.000000,ff=1,v=2,inplace=0): not supported [RD0] 
  ROPE(type=f16,ne_a=[36,16,2457,1],n_dims=36,mode=2,n_ctx=512,fs=1.424500,ef=0.746500,af=1.000000,ff=1,v=2,inplace=0): not supported [RD0] 
  ROPE(type=f16,ne_a=[36,16,2457,1],n_dims=36,mode=8,n_ctx=512,fs=1.424500,ef=0.746500,af=1.000000,ff=1,v=2,inplace=0): not supported [RD0] 
  ROPE(type=f16,ne_a=[36,16,2457,1],n_dims=36,mode=40,n_ctx=512,fs=1.424500,ef=0.746500,af=1.000000,ff=1,v=2,inplace=0): not supported [RD0] 
  ROPE(type=f16,ne_a=[36,16,2457,1],n_dims=36,mode=24,n_ctx=512,fs=1.424500,ef=0.746500,af=1.000000,ff=1,v=2,inplace=0): not supported [RD0] 
  ROPE(type=f32,ne_a=[128,32,2,1],n_dims=128,mode=0,n_ctx=512,fs=1.424500,ef=0.746500,af=1.424500,ff=0,v=0,inplace=0): not supported [RD0] 
  ROPE(type=f32,ne_a=[64,128,2,1],n_dims=64,mode=2,n_ctx=512,fs=1.424500,ef=0.746500,af=1.424500,ff=0,v=0,inplace=0): OK
  ROPE(type=f32,ne_a=[128,32,2,1],n_dims=128,mode=0,n_ctx=512,fs=1.424500,ef=0.746500,af=1.424500,ff=0,v=1,inplace=0): not supported [RD0] 
  ROPE(type=f32,ne_a=[64,128,2,1],n_dims=64,mode=2,n_ctx=512,fs=1.424500,ef=0.746500,af=1.424500,ff=0,v=1,inplace=0): OK
  ROPE(type=f32,ne_a=[36,16,2457,1],n_dims=36,mode=0,n_ctx=512,fs=1.424500,ef=0.746500,af=1.424500,ff=0,v=2,inplace=0): not supported [RD0] 
  ROPE(type=f32,ne_a=[36,16,2457,1],n_dims=36,mode=2,n_ctx=512,fs=1.424500,ef=0.746500,af=1.424500,ff=0,v=2,inplace=0): OK
  ROPE(type=f32,ne_a=[36,16,2457,1],n_dims=36,mode=8,n_ctx=512,fs=1.424500,ef=0.746500,af=1.424500,ff=0,v=2,inplace=0): not supported [RD0] 
  ROPE(type=f32,ne_a=[36,16,2457,1],n_dims=36,mode=40,n_ctx=512,fs=1.424500,ef=0.746500,af=1.424500,ff=0,v=2,inplace=0): not supported [RD0] 
  ROPE(type=f32,ne_a=[36,16,2457,1],n_dims=36,mode=24,n_ctx=512,fs=1.424500,ef=0.746500,af=1.424500,ff=0,v=2,inplace=0): not supported [RD0] 
  ROPE(type=f32,ne_a=[128,32,2,1],n_dims=128,mode=0,n_ctx=512,fs=1.424500,ef=0.746500,af=1.424500,ff=1,v=0,inplace=0): not supported [RD0] 
  ROPE(type=f32,ne_a=[64,128,2,1],n_dims=64,mode=2,n_ctx=512,fs=1.424500,ef=0.746500,af=1.424500,ff=1,v=0,inplace=0): not supported [RD0] 
  ROPE(type=f32,ne_a=[128,32,2,1],n_dims=128,mode=0,n_ctx=512,fs=1.424500,ef=0.746500,af=1.424500,ff=1,v=1,inplace=0): not supported [RD0] 
  ROPE(type=f32,ne_a=[64,128,2,1],n_dims=64,mode=2,n_ctx=512,fs=1.424500,ef=0.746500,af=1.424500,ff=1,v=1,inplace=0): not supported [RD0] 
  ROPE(type=f32,ne_a=[36,16,2457,1],n_dims=36,mode=0,n_ctx=512,fs=1.424500,ef=0.746500,af=1.424500,ff=1,v=2,inplace=0): not supported [RD0] 
  ROPE(type=f32,ne_a=[36,16,2457,1],n_dims=36,mode=2,n_ctx=512,fs=1.424500,ef=0.746500,af=1.424500,ff=1,v=2,inplace=0): not supported [RD0] 
  ROPE(type=f32,ne_a=[36,16,2457,1],n_dims=36,mode=8,n_ctx=512,fs=1.424500,ef=0.746500,af=1.424500,ff=1,v=2,inplace=0): not supported [RD0] 
  ROPE(type=f32,ne_a=[36,16,2457,1],n_dims=36,mode=40,n_ctx=512,fs=1.424500,ef=0.746500,af=1.424500,ff=1,v=2,inplace=0): not supported [RD0] 
  ROPE(type=f32,ne_a=[36,16,2457,1],n_dims=36,mode=24,n_ctx=512,fs=1.424500,ef=0.746500,af=1.424500,ff=1,v=2,inplace=0): not supported [RD0] 
  ROPE(type=f16,ne_a=[128,32,2,1],n_dims=128,mode=0,n_ctx=512,fs=1.424500,ef=0.746500,af=1.424500,ff=0,v=0,inplace=0): not supported [RD0] 
  ROPE(type=f16,ne_a=[64,128,2,1],n_dims=64,mode=2,n_ctx=512,fs=1.424500,ef=0.746500,af=1.424500,ff=0,v=0,inplace=0): not supported [RD0] 
  ROPE(type=f16,ne_a=[128,32,2,1],n_dims=128,mode=0,n_ctx=512,fs=1.424500,ef=0.746500,af=1.424500,ff=0,v=1,inplace=0): not supported [RD0] 
  ROPE(type=f16,ne_a=[64,128,2,1],n_dims=64,mode=2,n_ctx=512,fs=1.424500,ef=0.746500,af=1.424500,ff=0,v=1,inplace=0): not supported [RD0] 
  ROPE(type=f16,ne_a=[36,16,2457,1],n_dims=36,mode=0,n_ctx=512,fs=1.424500,ef=0.746500,af=1.424500,ff=0,v=2,inplace=0): not supported [RD0] 
  ROPE(type=f16,ne_a=[36,16,2457,1],n_dims=36,mode=2,n_ctx=512,fs=1.424500,ef=0.746500,af=1.424500,ff=0,v=2,inplace=0): not supported [RD0] 
  ROPE(type=f16,ne_a=[36,16,2457,1],n_dims=36,mode=8,n_ctx=512,fs=1.424500,ef=0.746500,af=1.424500,ff=0,v=2,inplace=0): not supported [RD0] 
  ROPE(type=f16,ne_a=[36,16,2457,1],n_dims=36,mode=40,n_ctx=512,fs=1.424500,ef=0.746500,af=1.424500,ff=0,v=2,inplace=0): not supported [RD0] 
  ROPE(type=f16,ne_a=[36,16,2457,1],n_dims=36,mode=24,n_ctx=512,fs=1.424500,ef=0.746500,af=1.424500,ff=0,v=2,inplace=0): not supported [RD0] 
  ROPE(type=f16,ne_a=[128,32,2,1],n_dims=128,mode=0,n_ctx=512,fs=1.424500,ef=0.746500,af=1.424500,ff=1,v=0,inplace=0): not supported [RD0] 
  ROPE(type=f16,ne_a=[64,128,2,1],n_dims=64,mode=2,n_ctx=512,fs=1.424500,ef=0.746500,af=1.424500,ff=1,v=0,inplace=0): not supported [RD0] 
  ROPE(type=f16,ne_a=[128,32,2,1],n_dims=128,mode=0,n_ctx=512,fs=1.424500,ef=0.746500,af=1.424500,ff=1,v=1,inplace=0): not supported [RD0] 
  ROPE(type=f16,ne_a=[64,128,2,1],n_dims=64,mode=2,n_ctx=512,fs=1.424500,ef=0.746500,af=1.424500,ff=1,v=1,inplace=0): not supported [RD0] 
  ROPE(type=f16,ne_a=[36,16,2457,1],n_dims=36,mode=0,n_ctx=512,fs=1.424500,ef=0.746500,af=1.424500,ff=1,v=2,inplace=0): not supported [RD0] 
  ROPE(type=f16,ne_a=[36,16,2457,1],n_dims=36,mode=2,n_ctx=512,fs=1.424500,ef=0.746500,af=1.424500,ff=1,v=2,inplace=0): not supported [RD0] 
  ROPE(type=f16,ne_a=[36,16,2457,1],n_dims=36,mode=8,n_ctx=512,fs=1.424500,ef=0.746500,af=1.424500,ff=1,v=2,inplace=0): not supported [RD0] 
  ROPE(type=f16,ne_a=[36,16,2457,1],n_dims=36,mode=40,n_ctx=512,fs=1.424500,ef=0.746500,af=1.424500,ff=1,v=2,inplace=0): not supported [RD0] 
  ROPE(type=f16,ne_a=[36,16,2457,1],n_dims=36,mode=24,n_ctx=512,fs=1.424500,ef=0.746500,af=1.424500,ff=1,v=2,inplace=0): not supported [RD0] 
  ROPE(type=f32,ne_a=[128,32,2,1],n_dims=128,mode=0,n_ctx=512,fs=1.424500,ef=0.746500,af=1.424500,ff=0,v=0,inplace=1): not supported [RD0] 
  ROPE(type=f32,ne_a=[128,32,2,1],n_dims=128,mode=0,n_ctx=512,fs=1.424500,ef=0.746500,af=1.424500,ff=0,v=1,inplace=1): not supported [RD0] 
  ROPE(type=f32,ne_a=[128,32,2,3],n_dims=128,mode=0,n_ctx=512,fs=1.424500,ef=0.746500,af=1.424500,ff=0,v=1,inplace=1): not supported [RD0] 
  ROPE(type=f32,ne_a=[128,32,2,1],n_dims=128,mode=0,n_ctx=512,fs=1.424500,ef=0.746500,af=1.424500,ff=1,v=0,inplace=1): not supported [RD0] 
  ROPE(type=f32,ne_a=[128,32,2,1],n_dims=128,mode=0,n_ctx=512,fs=1.424500,ef=0.746500,af=1.424500,ff=1,v=1,inplace=1): not supported [RD0] 
  ROPE(type=f32,ne_a=[128,32,2,3],n_dims=128,mode=0,n_ctx=512,fs=1.424500,ef=0.746500,af=1.424500,ff=1,v=1,inplace=1): not supported [RD0] 
  ROPE(type=f32,ne_a=[128,32,2,1],n_dims=128,mode=2,n_ctx=512,fs=1.424500,ef=0.746500,af=1.424500,ff=0,v=0,inplace=1): OK
  ROPE(type=f32,ne_a=[128,32,2,1],n_dims=128,mode=2,n_ctx=512,fs=1.424500,ef=0.746500,af=1.424500,ff=0,v=1,inplace=1): OK
  ROPE(type=f32,ne_a=[128,32,2,3],n_dims=128,mode=2,n_ctx=512,fs=1.424500,ef=0.746500,af=1.424500,ff=0,v=1,inplace=1): OK
  ROPE(type=f32,ne_a=[128,32,2,1],n_dims=128,mode=2,n_ctx=512,fs=1.424500,ef=0.746500,af=1.424500,ff=1,v=0,inplace=1): not supported [RD0] 
  ROPE(type=f32,ne_a=[128,32,2,1],n_dims=128,mode=2,n_ctx=512,fs=1.424500,ef=0.746500,af=1.424500,ff=1,v=1,inplace=1): not supported [RD0] 
  ROPE(type=f32,ne_a=[128,32,2,3],n_dims=128,mode=2,n_ctx=512,fs=1.424500,ef=0.746500,af=1.424500,ff=1,v=1,inplace=1): not supported [RD0] 
  ROPE(type=f32,ne_a=[128,32,2,1],n_dims=128,mode=8,n_ctx=512,fs=1.424500,ef=0.746500,af=1.424500,ff=0,v=0,inplace=1): not supported [RD0] 
  ROPE(type=f32,ne_a=[128,32,2,1],n_dims=128,mode=8,n_ctx=512,fs=1.424500,ef=0.746500,af=1.424500,ff=0,v=1,inplace=1): not supported [RD0] 
  ROPE(type=f32,ne_a=[128,32,2,3],n_dims=128,mode=8,n_ctx=512,fs=1.424500,ef=0.746500,af=1.424500,ff=0,v=1,inplace=1): not supported [RD0] 
  ROPE(type=f32,ne_a=[128,32,2,1],n_dims=128,mode=8,n_ctx=512,fs=1.424500,ef=0.746500,af=1.424500,ff=1,v=0,inplace=1): not supported [RD0] 
  ROPE(type=f32,ne_a=[128,32,2,1],n_dims=128,mode=8,n_ctx=512,fs=1.424500,ef=0.746500,af=1.424500,ff=1,v=1,inplace=1): not supported [RD0] 
  ROPE(type=f32,ne_a=[128,32,2,3],n_dims=128,mode=8,n_ctx=512,fs=1.424500,ef=0.746500,af=1.424500,ff=1,v=1,inplace=1): not supported [RD0] 
  ROPE(type=f32,ne_a=[128,32,2,1],n_dims=128,mode=40,n_ctx=512,fs=1.424500,ef=0.746500,af=1.424500,ff=0,v=0,inplace=1): not supported [RD0] 
  ROPE(type=f32,ne_a=[128,32,2,1],n_dims=128,mode=40,n_ctx=512,fs=1.424500,ef=0.746500,af=1.424500,ff=0,v=1,inplace=1): not supported [RD0] 
  ROPE(type=f32,ne_a=[128,32,2,3],n_dims=128,mode=40,n_ctx=512,fs=1.424500,ef=0.746500,af=1.424500,ff=0,v=1,inplace=1): not supported [RD0] 
  ROPE(type=f32,ne_a=[128,32,2,1],n_dims=128,mode=40,n_ctx=512,fs=1.424500,ef=0.746500,af=1.424500,ff=1,v=0,inplace=1): not supported [RD0] 
  ROPE(type=f32,ne_a=[128,32,2,1],n_dims=128,mode=40,n_ctx=512,fs=1.424500,ef=0.746500,af=1.424500,ff=1,v=1,inplace=1): not supported [RD0] 
  ROPE(type=f32,ne_a=[128,32,2,3],n_dims=128,mode=40,n_ctx=512,fs=1.424500,ef=0.746500,af=1.424500,ff=1,v=1,inplace=1): not supported [RD0] 
  ROPE(type=f32,ne_a=[128,32,2,1],n_dims=128,mode=24,n_ctx=512,fs=1.424500,ef=0.746500,af=1.424500,ff=0,v=0,inplace=1): not supported [RD0] 
  ROPE(type=f32,ne_a=[128,32,2,1],n_dims=128,mode=24,n_ctx=512,fs=1.424500,ef=0.746500,af=1.424500,ff=0,v=1,inplace=1): not supported [RD0] 
  ROPE(type=f32,ne_a=[128,32,2,3],n_dims=128,mode=24,n_ctx=512,fs=1.424500,ef=0.746500,af=1.424500,ff=0,v=1,inplace=1): not supported [RD0] 
  ROPE(type=f32,ne_a=[128,32,2,1],n_dims=128,mode=24,n_ctx=512,fs=1.424500,ef=0.746500,af=1.424500,ff=1,v=0,inplace=1): not supported [RD0] 
  ROPE(type=f32,ne_a=[128,32,2,1],n_dims=128,mode=24,n_ctx=512,fs=1.424500,ef=0.746500,af=1.424500,ff=1,v=1,inplace=1): not supported [RD0] 
  ROPE(type=f32,ne_a=[128,32,2,3],n_dims=128,mode=24,n_ctx=512,fs=1.424500,ef=0.746500,af=1.424500,ff=1,v=1,inplace=1): not supported [RD0] 
  ROPE(type=f16,ne_a=[128,32,2,1],n_dims=128,mode=0,n_ctx=512,fs=1.424500,ef=0.746500,af=1.424500,ff=0,v=0,inplace=1): not supported [RD0] 
  ROPE(type=f16,ne_a=[128,32,2,1],n_dims=128,mode=0,n_ctx=512,fs=1.424500,ef=0.746500,af=1.424500,ff=0,v=1,inplace=1): not supported [RD0] 
  ROPE(type=f16,ne_a=[128,32,2,3],n_dims=128,mode=0,n_ctx=512,fs=1.424500,ef=0.746500,af=1.424500,ff=0,v=1,inplace=1): not supported [RD0] 
  ROPE(type=f16,ne_a=[128,32,2,1],n_dims=128,mode=0,n_ctx=512,fs=1.424500,ef=0.746500,af=1.424500,ff=1,v=0,inplace=1): not supported [RD0] 
  ROPE(type=f16,ne_a=[128,32,2,1],n_dims=128,mode=0,n_ctx=512,fs=1.424500,ef=0.746500,af=1.424500,ff=1,v=1,inplace=1): not supported [RD0] 
  ROPE(type=f16,ne_a=[128,32,2,3],n_dims=128,mode=0,n_ctx=512,fs=1.424500,ef=0.746500,af=1.424500,ff=1,v=1,inplace=1): not supported [RD0] 
  ROPE(type=f16,ne_a=[128,32,2,1],n_dims=128,mode=2,n_ctx=512,fs=1.424500,ef=0.746500,af=1.424500,ff=0,v=0,inplace=1): not supported [RD0] 
  ROPE(type=f16,ne_a=[128,32,2,1],n_dims=128,mode=2,n_ctx=512,fs=1.424500,ef=0.746500,af=1.424500,ff=0,v=1,inplace=1): not supported [RD0] 
  ROPE(type=f16,ne_a=[128,32,2,3],n_dims=128,mode=2,n_ctx=512,fs=1.424500,ef=0.746500,af=1.424500,ff=0,v=1,inplace=1): not supported [RD0] 
  ROPE(type=f16,ne_a=[128,32,2,1],n_dims=128,mode=2,n_ctx=512,fs=1.424500,ef=0.746500,af=1.424500,ff=1,v=0,inplace=1): not supported [RD0] 
  ROPE(type=f16,ne_a=[128,32,2,1],n_dims=128,mode=2,n_ctx=512,fs=1.424500,ef=0.746500,af=1.424500,ff=1,v=1,inplace=1): not supported [RD0] 
  ROPE(type=f16,ne_a=[128,32,2,3],n_dims=128,mode=2,n_ctx=512,fs=1.424500,ef=0.746500,af=1.424500,ff=1,v=1,inplace=1): not supported [RD0] 
  ROPE(type=f16,ne_a=[128,32,2,1],n_dims=128,mode=8,n_ctx=512,fs=1.424500,ef=0.746500,af=1.424500,ff=0,v=0,inplace=1): not supported [RD0] 
  ROPE(type=f16,ne_a=[128,32,2,1],n_dims=128,mode=8,n_ctx=512,fs=1.424500,ef=0.746500,af=1.424500,ff=0,v=1,inplace=1): not supported [RD0] 
  ROPE(type=f16,ne_a=[128,32,2,3],n_dims=128,mode=8,n_ctx=512,fs=1.424500,ef=0.746500,af=1.424500,ff=0,v=1,inplace=1): not supported [RD0] 
  ROPE(type=f16,ne_a=[128,32,2,1],n_dims=128,mode=8,n_ctx=512,fs=1.424500,ef=0.746500,af=1.424500,ff=1,v=0,inplace=1): not supported [RD0] 
  ROPE(type=f16,ne_a=[128,32,2,1],n_dims=128,mode=8,n_ctx=512,fs=1.424500,ef=0.746500,af=1.424500,ff=1,v=1,inplace=1): not supported [RD0] 
  ROPE(type=f16,ne_a=[128,32,2,3],n_dims=128,mode=8,n_ctx=512,fs=1.424500,ef=0.746500,af=1.424500,ff=1,v=1,inplace=1): not supported [RD0] 
  ROPE(type=f16,ne_a=[128,32,2,1],n_dims=128,mode=40,n_ctx=512,fs=1.424500,ef=0.746500,af=1.424500,ff=0,v=0,inplace=1): not supported [RD0] 
  ROPE(type=f16,ne_a=[128,32,2,1],n_dims=128,mode=40,n_ctx=512,fs=1.424500,ef=0.746500,af=1.424500,ff=0,v=1,inplace=1): not supported [RD0] 
  ROPE(type=f16,ne_a=[128,32,2,3],n_dims=128,mode=40,n_ctx=512,fs=1.424500,ef=0.746500,af=1.424500,ff=0,v=1,inplace=1): not supported [RD0] 
  ROPE(type=f16,ne_a=[128,32,2,1],n_dims=128,mode=40,n_ctx=512,fs=1.424500,ef=0.746500,af=1.424500,ff=1,v=0,inplace=1): not supported [RD0] 
  ROPE(type=f16,ne_a=[128,32,2,1],n_dims=128,mode=40,n_ctx=512,fs=1.424500,ef=0.746500,af=1.424500,ff=1,v=1,inplace=1): not supported [RD0] 
  ROPE(type=f16,ne_a=[128,32,2,3],n_dims=128,mode=40,n_ctx=512,fs=1.424500,ef=0.746500,af=1.424500,ff=1,v=1,inplace=1): not supported [RD0] 
  ROPE(type=f16,ne_a=[128,32,2,1],n_dims=128,mode=24,n_ctx=512,fs=1.424500,ef=0.746500,af=1.424500,ff=0,v=0,inplace=1): not supported [RD0] 
  ROPE(type=f16,ne_a=[128,32,2,1],n_dims=128,mode=24,n_ctx=512,fs=1.424500,ef=0.746500,af=1.424500,ff=0,v=1,inplace=1): not supported [RD0] 
  ROPE(type=f16,ne_a=[128,32,2,3],n_dims=128,mode=24,n_ctx=512,fs=1.424500,ef=0.746500,af=1.424500,ff=0,v=1,inplace=1): not supported [RD0] 
  ROPE(type=f16,ne_a=[128,32,2,1],n_dims=128,mode=24,n_ctx=512,fs=1.424500,ef=0.746500,af=1.424500,ff=1,v=0,inplace=1): not supported [RD0] 
  ROPE(type=f16,ne_a=[128,32,2,1],n_dims=128,mode=24,n_ctx=512,fs=1.424500,ef=0.746500,af=1.424500,ff=1,v=1,inplace=1): not supported [RD0] 
  ROPE(type=f16,ne_a=[128,32,2,3],n_dims=128,mode=24,n_ctx=512,fs=1.424500,ef=0.746500,af=1.424500,ff=1,v=1,inplace=1): not supported [RD0] 
  95/95 tests passed
  Backend RD0: OK
2/2 backends passed
OK
ggml_test: test-backend-ops returned 0
ggml_test: rd stats graphs=724 nodes=7227 dispatches=5856 skipped=1371 barriers=2403 failed_graphs=0 last{nodes=1 dispatches=0 barriers=0 skipped=1} pipelines=26 set0_created=198 slots_created=256 coop_yields=1 waits=264 faults=0 params_bytes=1499136 set_bytes=1075785512 get_bytes=1583707028 copies=0 clears=0 buffers_live=0 bytes_live=0
