inputs: avatar 5128 v / 10171 f, garment 932 v / 1728 f, skeleton 15 v / 14 b, no-fit 0, float32 yes, harness file opens 5
[2026-09-23 13:35:29.935] [polyfem] [info] Solver Eigen::SimplicialLDLT is the highest priority available solver; using it.
[2026-09-23 13:35:30.203] [polyfem] [info] Preserving texture coordinates and material data during avatar projection
[2026-09-23 13:35:30.203] [polyfem] [info] Normals will be recomputed after projection to match the new geometry
[2026-09-23 13:35:30.204] [polyfem] [info] Preserving mesh topology - skipping iterative distance reduction
[2026-09-23 13:35:30.205] [polyfem] [info] Shrunk avatar blended 0.010 toward the target body (0 = fully collapsed onto the skeleton, 1 = no shrink)
[2026-09-23 13:35:30.292] [polyfem] [debug] curve 0 has 3 bone intersections
[2026-09-23 13:35:30.292] [polyfem] [debug] curve normal [-0.001570745039186717, -0.999998492064723, 0.0007406944728769044]
[2026-09-23 13:35:30.292] [polyfem] [debug] CurveTargetForm set curve center to bone 0 - 15, direction is [-0.0015707450391867154, -0.9999984920647229, 0.00074069447287689]
[2026-09-23 13:35:30.292] [polyfem] [debug] curve 1 has 4 bone intersections
[2026-09-23 13:35:30.292] [polyfem] [debug] curve normal [0.0014144871549556395, -0.9999919760558087, -0.003747939445532376]
[2026-09-23 13:35:30.292] [polyfem] [debug] CurveTargetForm set curve center to bone 0 - 12, direction is [0.00141448715495564, -0.9999919760558087, -0.003747939445532359]
[2026-09-23 13:35:30.292] [polyfem] [info] Start substep 1 out of 1
[2026-09-23 13:35:30.503] [polyfem] [debug] Set initial AL weight to 1
[2026-09-23 13:35:31.345] [polyfem] [debug] Solving AL Problem with weight 1
[2026-09-23 13:35:31.498] [polyfem] [debug] Starting SparseProjectedNewton with Backtracking solve f₀=134.166 (stopping criteria: iters=50 f=1.27787e-310 Δf=0 ‖∇f‖=1 ‖Δx‖=0 Δx⋅∇f(x)=-0)
[2026-09-23 13:35:32.240] [polyfem] [debug] Line search finished (nan_free_step_size=0.5000000000000706 collision_free_step_size=0.5000000000000706 descent_step_size=0.5000000000000706 final_step_size=0.5000000000000706)
[2026-09-23 13:35:32.240] [polyfem] [debug] [SparseProjectedNewton][Backtracking] iters=0 f=134.166 Δf=nan ‖∇f‖=413.368 ‖Δx‖=6.46339 Δx⋅∇f(x)=-268.255 (stopping criteria: iters=50 f=1.27787e-310 Δf=0 ‖∇f‖=1 ‖Δx‖=0 Δx⋅∇f(x)=-0)
[2026-09-23 13:35:32.611] [polyfem] [debug] Line search finished (nan_free_step_size=1 collision_free_step_size=0.8125 descent_step_size=0.8125 final_step_size=0.8125)
[2026-09-23 13:35:32.612] [polyfem] [debug] Min distance: 8.56342878489884e-05
[2026-09-23 13:35:32.612] [polyfem] [debug] [SparseProjectedNewton][Backtracking] iters=1 f=33.5609 Δf=100.605 ‖∇f‖=239.985 ‖Δx‖=3.5417 Δx⋅∇f(x)=-67.0757 (stopping criteria: iters=50 f=1.27787e-310 Δf=0 ‖∇f‖=1 ‖Δx‖=0 Δx⋅∇f(x)=-0)
[2026-09-23 13:35:32.813] [polyfem] [debug] Line search finished (nan_free_step_size=1 collision_free_step_size=0.125 descent_step_size=0.125 final_step_size=0.125)
[2026-09-23 13:35:32.813] [polyfem] [debug] Min distance: 9.671543635075825e-05
[2026-09-23 13:35:32.813] [polyfem] [debug] [SparseProjectedNewton][Backtracking] iters=2 f=1.20008 Δf=32.3608 ‖∇f‖=104.368 ‖Δx‖=0.668586 Δx⋅∇f(x)=-2.36651 (stopping criteria: iters=50 f=1.27787e-310 Δf=0 ‖∇f‖=1 ‖Δx‖=0 Δx⋅∇f(x)=-0)
[2026-09-23 13:35:33.012] [polyfem] [debug] Line search finished (nan_free_step_size=1 collision_free_step_size=0.34375 descent_step_size=0.34375 final_step_size=0.34375)
[2026-09-23 13:35:33.012] [polyfem] [debug] Min distance: 0.00013153655617715237
[2026-09-23 13:35:33.012] [polyfem] [debug] [SparseProjectedNewton][Backtracking] iters=3 f=0.922763 Δf=0.277315 ‖∇f‖=92.7233 ‖Δx‖=0.711402 Δx⋅∇f(x)=-1.81362 (stopping criteria: iters=50 f=1.27787e-310 Δf=0 ‖∇f‖=1 ‖Δx‖=0 Δx⋅∇f(x)=-0)
[2026-09-23 13:35:33.204] [polyfem] [debug] Line search finished (nan_free_step_size=1 collision_free_step_size=1 descent_step_size=1 final_step_size=1)
[2026-09-23 13:35:33.204] [polyfem] [debug] Min distance: 0.00027249560150972195
[2026-09-23 13:35:33.204] [polyfem] [debug] [SparseProjectedNewton][Backtracking] iters=4 f=0.415942 Δf=0.506821 ‖∇f‖=69.7832 ‖Δx‖=0.417888 Δx⋅∇f(x)=-0.799262 (stopping criteria: iters=50 f=1.27787e-310 Δf=0 ‖∇f‖=1 ‖Δx‖=0 Δx⋅∇f(x)=-0)
[2026-09-23 13:35:33.381] [polyfem] [debug] Line search finished (nan_free_step_size=1 collision_free_step_size=1 descent_step_size=1 final_step_size=1)
[2026-09-23 13:35:33.382] [polyfem] [debug] Min distance: 0.0005870964470727171
[2026-09-23 13:35:33.382] [polyfem] [debug] [SparseProjectedNewton][Backtracking] iters=5 f=0.0131573 Δf=0.402785 ‖∇f‖=34.7078 ‖Δx‖=0.0957598 Δx⋅∇f(x)=-0.00970302 (stopping criteria: iters=50 f=1.27787e-310 Δf=0 ‖∇f‖=1 ‖Δx‖=0 Δx⋅∇f(x)=-0)
[2026-09-23 13:35:33.564] [polyfem] [debug] Line search finished (nan_free_step_size=1 collision_free_step_size=1 descent_step_size=1 final_step_size=1)
[2026-09-23 13:35:33.565] [polyfem] [debug] Min distance: 0.0012317503555307483
[2026-09-23 13:35:33.565] [polyfem] [debug] [SparseProjectedNewton][Backtracking] iters=6 f=0.00652064 Δf=0.00663666 ‖∇f‖=17.683 ‖Δx‖=0.0767423 Δx⋅∇f(x)=-0.0083518 (stopping criteria: iters=50 f=1.27787e-310 Δf=0 ‖∇f‖=1 ‖Δx‖=0 Δx⋅∇f(x)=-0)
[2026-09-23 13:35:33.738] [polyfem] [debug] Line search finished (nan_free_step_size=1 collision_free_step_size=1 descent_step_size=1 final_step_size=1)
[2026-09-23 13:35:33.739] [polyfem] [debug] Min distance: 0.0019063007733637113
[2026-09-23 13:35:33.739] [polyfem] [debug] [SparseProjectedNewton][Backtracking] iters=7 f=0.00122718 Δf=0.00529347 ‖∇f‖=5.80308 ‖Δx‖=0.128734 Δx⋅∇f(x)=-0.00194285 (stopping criteria: iters=50 f=1.27787e-310 Δf=0 ‖∇f‖=1 ‖Δx‖=0 Δx⋅∇f(x)=-0)
[2026-09-23 13:35:33.742] [polyfem] [info] [SparseProjectedNewton][Backtracking] Finished: Gradient vector norm too small took 2.24507s (iters=8 f=0.000107333 Δf=0.00111984 ‖∇f‖=0.0728491 ‖Δx‖=nan Δx⋅∇f(x)=nan) (stopping criteria: iters=50 f=1.27787e-310 Δf=0 ‖∇f‖=1 ‖Δx‖=0 Δx⋅∇f(x)=-0)
[2026-09-23 13:35:33.742] [polyfem] [debug] [[35mtiming[0m] f: 8.24e-03s, grad_f: 1.76e-02s, update_direction: 8.77e-01s, line_search: 1.34e+00s, constraint_set_update: 2.67e-04s
[2026-09-23 13:35:33.742] [polyfem] [debug] [[35mtiming[0m][SparseProjectedNewton] assembly: 6.28e-01s; linear_solve: 2.46e-01s
[2026-09-23 13:35:33.742] [polyfem] [debug] [[35mtiming[0m][Backtracking] constraint_set_update 1.23e-02s, checking_for_nan_inf 7.35e-03s, broad_phase_ccd 1.19e+00s, narrow_phase_ccd 8.81e-02s, classical_line_search 2.12e-02s
[2026-09-23 13:35:33.743] [polyfem] [debug] Current eta = 0.999998828029579
begin: ok  wall 0.36 s  cpu 0.39 s
normalisation: target_scale 1.5276081186803154 center (-0.00084284095419066558, -1.5261948035249069, -0.0069841535617863326) source_scale 1.5276081186803154
phase 0 (substep 0, AL): ok  newton 8  minimize 1  post_steps 9  energy 0.00010733284371672409  |grad| 0.0728491  status 4  wall 3.51 s  cpu 3.45 s
[2026-09-23 13:35:33.906] [polyfem] [debug] Successfully applied boundary conditions; solving in reduced space
[2026-09-23 13:35:34.676] [polyfem] [debug] Starting SparseProjectedNewton with Backtracking solve f₀=0.159902 (stopping criteria: iters=5000 f=2.2629e-310 Δf=0 ‖∇f‖=0.01 ‖Δx‖=0 Δx⋅∇f(x)=-0)
[2026-09-23 13:35:35.043] [polyfem] [debug] Line search finished (nan_free_step_size=1 collision_free_step_size=0.140625 descent_step_size=0.140625 final_step_size=0.140625)
[2026-09-23 13:35:35.043] [polyfem] [debug] [SparseProjectedNewton][Backtracking] iters=0 f=0.159902 Δf=nan ‖∇f‖=0.10495 ‖Δx‖=5.01884 Δx⋅∇f(x)=-0.292041 (stopping criteria: iters=5000 f=2.2629e-310 Δf=0 ‖∇f‖=0.01 ‖Δx‖=0 Δx⋅∇f(x)=-0)
[2026-09-23 13:35:35.401] [polyfem] [debug] Line search finished (nan_free_step_size=1 collision_free_step_size=0.28125 descent_step_size=0.28125 final_step_size=0.28125)
[2026-09-23 13:35:35.402] [polyfem] [debug] Min distance: 0.0004358019417881223
[2026-09-23 13:35:35.402] [polyfem] [debug] [SparseProjectedNewton][Backtracking] iters=1 f=0.126188 Δf=0.0337136 ‖∇f‖=6.28488 ‖Δx‖=3.65977 Δx⋅∇f(x)=-0.218501 (stopping criteria: iters=5000 f=2.2629e-310 Δf=0 ‖∇f‖=0.01 ‖Δx‖=0 Δx⋅∇f(x)=-0)
[2026-09-23 13:35:35.648] [polyfem] [debug] Line search finished (nan_free_step_size=1 collision_free_step_size=0.1875 descent_step_size=0.1875 final_step_size=0.1875)
[2026-09-23 13:35:35.649] [polyfem] [debug] Min distance: 0.0005352060322323611
[2026-09-23 13:35:35.649] [polyfem] [debug] [SparseProjectedNewton][Backtracking] iters=2 f=0.0860359 Δf=0.0401521 ‖∇f‖=27.0298 ‖Δx‖=2.60534 Δx⋅∇f(x)=-0.130499 (stopping criteria: iters=5000 f=2.2629e-310 Δf=0 ‖∇f‖=0.01 ‖Δx‖=0 Δx⋅∇f(x)=-0)
[2026-09-23 13:35:35.878] [polyfem] [debug] Line search finished (nan_free_step_size=1 collision_free_step_size=0.0546875 descent_step_size=0.0546875 final_step_size=0.0546875)
[2026-09-23 13:35:35.878] [polyfem] [debug] Min distance: 0.0004925346457469796
[2026-09-23 13:35:35.878] [polyfem] [debug] [SparseProjectedNewton][Backtracking] iters=3 f=0.0740396 Δf=0.0119963 ‖∇f‖=27.7635 ‖Δx‖=2.10166 Δx⋅∇f(x)=-0.102972 (stopping criteria: iters=5000 f=2.2629e-310 Δf=0 ‖∇f‖=0.01 ‖Δx‖=0 Δx⋅∇f(x)=-0)
[2026-09-23 13:35:36.198] [polyfem] [debug] Line search finished (nan_free_step_size=1 collision_free_step_size=0.2890625 descent_step_size=0.2890625 final_step_size=0.2890625)
[2026-09-23 13:35:36.199] [polyfem] [debug] Min distance: 0.0006885884133492722
[2026-09-23 13:35:36.199] [polyfem] [debug] [SparseProjectedNewton][Backtracking] iters=4 f=0.072513 Δf=0.00152658 ‖∇f‖=27.0271 ‖Δx‖=1.97504 Δx⋅∇f(x)=-0.0978743 (stopping criteria: iters=5000 f=2.2629e-310 Δf=0 ‖∇f‖=0.01 ‖Δx‖=0 Δx⋅∇f(x)=-0)
[2026-09-23 13:35:36.430] [polyfem] [debug] Line search finished (nan_free_step_size=1 collision_free_step_size=0.09375 descent_step_size=0.09375 final_step_size=0.09375)
[2026-09-23 13:35:36.430] [polyfem] [debug] Min distance: 0.0004831808405745524
[2026-09-23 13:35:36.430] [polyfem] [debug] [SparseProjectedNewton][Backtracking] iters=5 f=0.0636132 Δf=0.0088998 ‖∇f‖=56.2956 ‖Δx‖=1.32568 Δx⋅∇f(x)=-0.077668 (stopping criteria: iters=5000 f=2.2629e-310 Δf=0 ‖∇f‖=0.01 ‖Δx‖=0 Δx⋅∇f(x)=-0)
[2026-09-23 13:35:36.647] [polyfem] [debug] Line search finished (nan_free_step_size=1 collision_free_step_size=0.21875 descent_step_size=0.21875 final_step_size=0.21875)
[2026-09-23 13:35:36.647] [polyfem] [debug] Min distance: 0.0007074931630343756
[2026-09-23 13:35:36.647] [polyfem] [debug] [SparseProjectedNewton][Backtracking] iters=6 f=0.0606503 Δf=0.00296295 ‖∇f‖=51.6359 ‖Δx‖=1.2054 Δx⋅∇f(x)=-0.0706449 (stopping criteria: iters=5000 f=2.2629e-310 Δf=0 ‖∇f‖=0.01 ‖Δx‖=0 Δx⋅∇f(x)=-0)
[2026-09-23 13:35:36.914] [polyfem] [debug] Line search finished (nan_free_step_size=1 collision_free_step_size=0.5 descent_step_size=0.5 final_step_size=0.5)
[2026-09-23 13:35:36.914] [polyfem] [debug] Min distance: 0.00039938876238622065
[2026-09-23 13:35:36.914] [polyfem] [debug] [SparseProjectedNewton][Backtracking] iters=7 f=0.0509466 Δf=0.00970366 ‖∇f‖=41.8271 ‖Δx‖=0.91365 Δx⋅∇f(x)=-0.0539318 (stopping criteria: iters=5000 f=2.2629e-310 Δf=0 ‖∇f‖=0.01 ‖Δx‖=0 Δx⋅∇f(x)=-0)
[2026-09-23 13:35:37.148] [polyfem] [debug] Line search finished (nan_free_step_size=1 collision_free_step_size=0.09375 descent_step_size=0.046875 final_step_size=0.046875)
[2026-09-23 13:35:37.148] [polyfem] [debug] Min distance: 0.00042776291259253576
[2026-09-23 13:35:37.148] [polyfem] [debug] [SparseProjectedNewton][Backtracking] iters=8 f=0.0376864 Δf=0.0132603 ‖∇f‖=25.0967 ‖Δx‖=0.490815 Δx⋅∇f(x)=-0.0282912 (stopping criteria: iters=5000 f=2.2629e-310 Δf=0 ‖∇f‖=0.01 ‖Δx‖=0 Δx⋅∇f(x)=-0)
[2026-09-23 13:35:37.365] [polyfem] [debug] Line search finished (nan_free_step_size=1 collision_free_step_size=0.15625 descent_step_size=0.15625 final_step_size=0.15625)
[2026-09-23 13:35:37.365] [polyfem] [debug] Min distance: 0.0005337145489148151
[2026-09-23 13:35:37.365] [polyfem] [debug] [SparseProjectedNewton][Backtracking] iters=9 f=0.0370687 Δf=0.000617631 ‖∇f‖=24.063 ‖Δx‖=0.391733 Δx⋅∇f(x)=-0.0271037 (stopping criteria: iters=5000 f=2.2629e-310 Δf=0 ‖∇f‖=0.01 ‖Δx‖=0 Δx⋅∇f(x)=-0)
[2026-09-23 13:35:37.602] [polyfem] [debug] Line search finished (nan_free_step_size=1 collision_free_step_size=0.421875 descent_step_size=0.421875 final_step_size=0.421875)
[2026-09-23 13:35:37.602] [polyfem] [debug] Min distance: 0.0005785721455094645
[2026-09-23 13:35:37.602] [polyfem] [debug] [SparseProjectedNewton][Backtracking] iters=10 f=0.0369773 Δf=9.14028e-05 ‖∇f‖=21.6627 ‖Δx‖=0.326806 Δx⋅∇f(x)=-0.0269206 (stopping criteria: iters=5000 f=2.2629e-310 Δf=0 ‖∇f‖=0.01 ‖Δx‖=0 Δx⋅∇f(x)=-0)
[2026-09-23 13:35:37.850] [polyfem] [debug] Line search finished (nan_free_step_size=1 collision_free_step_size=0.75 descent_step_size=0.375 final_step_size=0.375)
[2026-09-23 13:35:37.851] [polyfem] [debug] Min distance: 0.0008024734879835954
[2026-09-23 13:35:37.851] [polyfem] [debug] [SparseProjectedNewton][Backtracking] iters=11 f=0.0324145 Δf=0.00456284 ‖∇f‖=15.5418 ‖Δx‖=0.180263 Δx⋅∇f(x)=-0.0200724 (stopping criteria: iters=5000 f=2.2629e-310 Δf=0 ‖∇f‖=0.01 ‖Δx‖=0 Δx⋅∇f(x)=-0)
[2026-09-23 13:35:38.081] [polyfem] [debug] Line search finished (nan_free_step_size=1 collision_free_step_size=0.5 descent_step_size=0.25 final_step_size=0.25)
[2026-09-23 13:35:38.081] [polyfem] [debug] Min distance: 0.0009515082894859295
[2026-09-23 13:35:38.081] [polyfem] [debug] [SparseProjectedNewton][Backtracking] iters=12 f=0.0260745 Δf=0.00633998 ‖∇f‖=10.2956 ‖Δx‖=0.128382 Δx⋅∇f(x)=-0.0114838 (stopping criteria: iters=5000 f=2.2629e-310 Δf=0 ‖∇f‖=0.01 ‖Δx‖=0 Δx⋅∇f(x)=-0)
[2026-09-23 13:35:38.322] [polyfem] [debug] Line search finished (nan_free_step_size=1 collision_free_step_size=1 descent_step_size=0.5 final_step_size=0.5)
[2026-09-23 13:35:38.322] [polyfem] [debug] Min distance: 0.0012193693213892974
[2026-09-23 13:35:38.322] [polyfem] [debug] [SparseProjectedNewton][Backtracking] iters=13 f=0.0236509 Δf=0.0024236 ‖∇f‖=7.90205 ‖Δx‖=0.0838304 Δx⋅∇f(x)=-0.00803335 (stopping criteria: iters=5000 f=2.2629e-310 Δf=0 ‖∇f‖=0.01 ‖Δx‖=0 Δx⋅∇f(x)=-0)
[2026-09-23 13:35:38.561] [polyfem] [debug] Line search finished (nan_free_step_size=1 collision_free_step_size=1 descent_step_size=0.5 final_step_size=0.5)
[2026-09-23 13:35:38.561] [polyfem] [debug] Min distance: 0.0014096237107914951
[2026-09-23 13:35:38.561] [polyfem] [debug] [SparseProjectedNewton][Backtracking] iters=14 f=0.020418 Δf=0.00323294 ‖∇f‖=4.37135 ‖Δx‖=0.0675904 Δx⋅∇f(x)=-0.00394429 (stopping criteria: iters=5000 f=2.2629e-310 Δf=0 ‖∇f‖=0.01 ‖Δx‖=0 Δx⋅∇f(x)=-0)
[2026-09-23 13:35:38.782] [polyfem] [debug] Line search finished (nan_free_step_size=1 collision_free_step_size=1 descent_step_size=0.5 final_step_size=0.5)
[2026-09-23 13:35:38.782] [polyfem] [debug] Min distance: 0.001540667345518657
[2026-09-23 13:35:38.782] [polyfem] [debug] [SparseProjectedNewton][Backtracking] iters=15 f=0.0188107 Δf=0.0016073 ‖∇f‖=2.35961 ‖Δx‖=0.0490473 Δx⋅∇f(x)=-0.00175148 (stopping criteria: iters=5000 f=2.2629e-310 Δf=0 ‖∇f‖=0.01 ‖Δx‖=0 Δx⋅∇f(x)=-0)
[2026-09-23 13:35:38.999] [polyfem] [debug] Line search finished (nan_free_step_size=1 collision_free_step_size=0.75 descent_step_size=0.375 final_step_size=0.375)
[2026-09-23 13:35:38.999] [polyfem] [debug] Min distance: 0.0016404051652813127
[2026-09-23 13:35:38.999] [polyfem] [debug] [SparseProjectedNewton][Backtracking] iters=16 f=0.0181283 Δf=0.000682413 ‖∇f‖=1.33058 ‖Δx‖=0.0417461 Δx⋅∇f(x)=-0.00101487 (stopping criteria: iters=5000 f=2.2629e-310 Δf=0 ‖∇f‖=0.01 ‖Δx‖=0 Δx⋅∇f(x)=-0)
[2026-09-23 13:35:39.202] [polyfem] [debug] Line search finished (nan_free_step_size=1 collision_free_step_size=1 descent_step_size=1 final_step_size=1)
[2026-09-23 13:35:39.202] [polyfem] [debug] Min distance: 0.0017689683384667038
[2026-09-23 13:35:39.202] [polyfem] [debug] [SparseProjectedNewton][Backtracking] iters=17 f=0.0178424 Δf=0.000285871 ‖∇f‖=0.966879 ‖Δx‖=0.0385675 Δx⋅∇f(x)=-0.000709471 (stopping criteria: iters=5000 f=2.2629e-310 Δf=0 ‖∇f‖=0.01 ‖Δx‖=0 Δx⋅∇f(x)=-0)
[2026-09-23 13:35:39.406] [polyfem] [debug] Line search finished (nan_free_step_size=1 collision_free_step_size=1 descent_step_size=1 final_step_size=1)
[2026-09-23 13:35:39.406] [polyfem] [debug] Min distance: 0.0018199269159565774
[2026-09-23 13:35:39.406] [polyfem] [debug] [SparseProjectedNewton][Backtracking] iters=18 f=0.0174117 Δf=0.000430643 ‖∇f‖=0.509571 ‖Δx‖=0.0454261 Δx⋅∇f(x)=-0.000305416 (stopping criteria: iters=5000 f=2.2629e-310 Δf=0 ‖∇f‖=0.01 ‖Δx‖=0 Δx⋅∇f(x)=-0)
[2026-09-23 13:35:39.623] [polyfem] [debug] Line search finished (nan_free_step_size=1 collision_free_step_size=1 descent_step_size=1 final_step_size=1)
[2026-09-23 13:35:39.623] [polyfem] [debug] Min distance: 0.0018156230714154386
[2026-09-23 13:35:39.623] [polyfem] [debug] [SparseProjectedNewton][Backtracking] iters=19 f=0.017249 Δf=0.000162707 ‖∇f‖=0.600494 ‖Δx‖=0.070582 Δx⋅∇f(x)=-0.000448636 (stopping criteria: iters=5000 f=2.2629e-310 Δf=0 ‖∇f‖=0.01 ‖Δx‖=0 Δx⋅∇f(x)=-0)
[2026-09-23 13:35:39.873] [polyfem] [debug] Line search finished (nan_free_step_size=1 collision_free_step_size=0.09375 descent_step_size=0.01171875 final_step_size=0.01171875)
[2026-09-23 13:35:39.874] [polyfem] [debug] Min distance: 0.0018165292031364104
[2026-09-23 13:35:39.874] [polyfem] [debug] [SparseProjectedNewton][Backtracking] iters=20 f=0.0169617 Δf=0.000287372 ‖∇f‖=0.179322 ‖Δx‖=0.152144 Δx⋅∇f(x)=-0.00089691 (stopping criteria: iters=5000 f=2.2629e-310 Δf=0 ‖∇f‖=0.01 ‖Δx‖=0 Δx⋅∇f(x)=-0)
[2026-09-23 13:35:40.118] [polyfem] [debug] Line search finished (nan_free_step_size=1 collision_free_step_size=0.25 descent_step_size=0.03125 final_step_size=0.03125)
[2026-09-23 13:35:40.119] [polyfem] [debug] Min distance: 0.001819130715774805
[2026-09-23 13:35:40.119] [polyfem] [debug] [SparseProjectedNewton][Backtracking] iters=21 f=0.0169537 Δf=7.96434e-06 ‖∇f‖=0.177907 ‖Δx‖=0.0965259 Δx⋅∇f(x)=-0.000448377 (stopping criteria: iters=5000 f=2.2629e-310 Δf=0 ‖∇f‖=0.01 ‖Δx‖=0 Δx⋅∇f(x)=-0)
[2026-09-23 13:35:40.316] [polyfem] [debug] Line search finished (nan_free_step_size=1 collision_free_step_size=1 descent_step_size=1 final_step_size=1)
[2026-09-23 13:35:40.316] [polyfem] [debug] Min distance: 0.0017997394464041342
[2026-09-23 13:35:40.316] [polyfem] [debug] [SparseProjectedNewton][Backtracking] iters=22 f=0.0169462 Δf=7.49066e-06 ‖∇f‖=0.194809 ‖Δx‖=0.0559529 Δx⋅∇f(x)=-0.000190088 (stopping criteria: iters=5000 f=2.2629e-310 Δf=0 ‖∇f‖=0.01 ‖Δx‖=0 Δx⋅∇f(x)=-0)
[2026-09-23 13:35:40.571] [polyfem] [debug] Line search finished (nan_free_step_size=1 collision_free_step_size=0.75 descent_step_size=0.09375 final_step_size=0.09375)
[2026-09-23 13:35:40.571] [polyfem] [debug] Min distance: 0.0018099488333703383
[2026-09-23 13:35:40.571] [polyfem] [debug] [SparseProjectedNewton][Backtracking] iters=23 f=0.0168442 Δf=0.000102052 ‖∇f‖=0.189617 ‖Δx‖=0.0435276 Δx⋅∇f(x)=-0.000131419 (stopping criteria: iters=5000 f=2.2629e-310 Δf=0 ‖∇f‖=0.01 ‖Δx‖=0 Δx⋅∇f(x)=-0)
[2026-09-23 13:35:40.775] [polyfem] [debug] Line search finished (nan_free_step_size=1 collision_free_step_size=1 descent_step_size=1 final_step_size=1)
[2026-09-23 13:35:40.775] [polyfem] [debug] Min distance: 0.0018823003621573785
[2026-09-23 13:35:40.775] [polyfem] [debug] [SparseProjectedNewton][Backtracking] iters=24 f=0.0168348 Δf=9.34618e-06 ‖∇f‖=0.177288 ‖Δx‖=0.0416399 Δx⋅∇f(x)=-0.00010759 (stopping criteria: iters=5000 f=2.2629e-310 Δf=0 ‖∇f‖=0.01 ‖Δx‖=0 Δx⋅∇f(x)=-0)
[2026-09-23 13:35:40.976] [polyfem] [debug] Line search finished (nan_free_step_size=1 collision_free_step_size=1 descent_step_size=1 final_step_size=1)
[2026-09-23 13:35:40.976] [polyfem] [debug] Min distance: 0.0019010208013280703
[2026-09-23 13:35:40.976] [polyfem] [debug] [SparseProjectedNewton][Backtracking] iters=25 f=0.0167575 Δf=7.72663e-05 ‖∇f‖=0.0301734 ‖Δx‖=0.0512856 Δx⋅∇f(x)=-6.37502e-05 (stopping criteria: iters=5000 f=2.2629e-310 Δf=0 ‖∇f‖=0.01 ‖Δx‖=0 Δx⋅∇f(x)=-0)
[2026-09-23 13:35:41.235] [polyfem] [debug] Line search finished (nan_free_step_size=1 collision_free_step_size=0.375 descent_step_size=0.0234375 final_step_size=0.0234375)
[2026-09-23 13:35:41.236] [polyfem] [debug] Min distance: 0.0019013363183216908
[2026-09-23 13:35:41.236] [polyfem] [debug] [SparseProjectedNewton][Backtracking] iters=26 f=0.0167084 Δf=4.91669e-05 ‖∇f‖=0.0267706 ‖Δx‖=0.0736099 Δx⋅∇f(x)=-0.000136719 (stopping criteria: iters=5000 f=2.2629e-310 Δf=0 ‖∇f‖=0.01 ‖Δx‖=0 Δx⋅∇f(x)=-0)
[2026-09-23 13:35:41.451] [polyfem] [debug] Line search finished (nan_free_step_size=1 collision_free_step_size=1 descent_step_size=1 final_step_size=1)
[2026-09-23 13:35:41.452] [polyfem] [debug] Min distance: 0.0018089311848412104
[2026-09-23 13:35:41.452] [polyfem] [debug] [SparseProjectedNewton][Backtracking] iters=27 f=0.0167061 Δf=2.26224e-06 ‖∇f‖=0.0250068 ‖Δx‖=0.0502886 Δx⋅∇f(x)=-4.01606e-05 (stopping criteria: iters=5000 f=2.2629e-310 Δf=0 ‖∇f‖=0.01 ‖Δx‖=0 Δx⋅∇f(x)=-0)
[2026-09-23 13:35:41.716] [polyfem] [debug] Line search finished (nan_free_step_size=1 collision_free_step_size=0.75 descent_step_size=0.046875 final_step_size=0.046875)
[2026-09-23 13:35:41.716] [polyfem] [debug] Min distance: 0.0018133818497075912
[2026-09-23 13:35:41.716] [polyfem] [debug] [SparseProjectedNewton][Backtracking] iters=28 f=0.0166924 Δf=1.36709e-05 ‖∇f‖=0.262693 ‖Δx‖=0.0339147 Δx⋅∇f(x)=-0.000102402 (stopping criteria: iters=5000 f=2.2629e-310 Δf=0 ‖∇f‖=0.01 ‖Δx‖=0 Δx⋅∇f(x)=-0)
[2026-09-23 13:35:41.914] [polyfem] [debug] Line search finished (nan_free_step_size=1 collision_free_step_size=1 descent_step_size=1 final_step_size=1)
[2026-09-23 13:35:41.914] [polyfem] [debug] Min distance: 0.0019114729643893336
[2026-09-23 13:35:41.914] [polyfem] [debug] [SparseProjectedNewton][Backtracking] iters=29 f=0.0166887 Δf=3.74447e-06 ‖∇f‖=0.250358 ‖Δx‖=0.0331943 Δx⋅∇f(x)=-5.05645e-05 (stopping criteria: iters=5000 f=2.2629e-310 Δf=0 ‖∇f‖=0.01 ‖Δx‖=0 Δx⋅∇f(x)=-0)
[2026-09-23 13:35:42.133] [polyfem] [debug] Line search finished (nan_free_step_size=1 collision_free_step_size=1 descent_step_size=0.5 final_step_size=0.5)
[2026-09-23 13:35:42.133] [polyfem] [debug] Min distance: 0.0019114640355508041
[2026-09-23 13:35:42.133] [polyfem] [debug] [SparseProjectedNewton][Backtracking] iters=30 f=0.0166546 Δf=3.40619e-05 ‖∇f‖=0.0889774 ‖Δx‖=0.0319035 Δx⋅∇f(x)=-2.85366e-05 (stopping criteria: iters=5000 f=2.2629e-310 Δf=0 ‖∇f‖=0.01 ‖Δx‖=0 Δx⋅∇f(x)=-0)
[2026-09-23 13:35:42.370] [polyfem] [debug] Line search finished (nan_free_step_size=1 collision_free_step_size=1 descent_step_size=0.125 final_step_size=0.125)
[2026-09-23 13:35:42.371] [polyfem] [debug] Min distance: 0.0019114568343503286
[2026-09-23 13:35:42.371] [polyfem] [debug] [SparseProjectedNewton][Backtracking] iters=31 f=0.0166424 Δf=1.22095e-05 ‖∇f‖=0.0463434 ‖Δx‖=0.0354871 Δx⋅∇f(x)=-2.10327e-05 (stopping criteria: iters=5000 f=2.2629e-310 Δf=0 ‖∇f‖=0.01 ‖Δx‖=0 Δx⋅∇f(x)=-0)
[2026-09-23 13:35:42.571] [polyfem] [debug] Line search finished (nan_free_step_size=1 collision_free_step_size=1 descent_step_size=1 final_step_size=1)
[2026-09-23 13:35:42.571] [polyfem] [debug] Min distance: 0.001911479296523898
[2026-09-23 13:35:42.571] [polyfem] [debug] [SparseProjectedNewton][Backtracking] iters=32 f=0.0166399 Δf=2.49746e-06 ‖∇f‖=0.0404173 ‖Δx‖=0.0174885 Δx⋅∇f(x)=-7.96904e-06 (stopping criteria: iters=5000 f=2.2629e-310 Δf=0 ‖∇f‖=0.01 ‖Δx‖=0 Δx⋅∇f(x)=-0)
[2026-09-23 13:35:42.766] [polyfem] [debug] Line search finished (nan_free_step_size=1 collision_free_step_size=1 descent_step_size=1 final_step_size=1)
[2026-09-23 13:35:42.766] [polyfem] [debug] Min distance: 0.001911521895881693
[2026-09-23 13:35:42.766] [polyfem] [debug] [SparseProjectedNewton][Backtracking] iters=33 f=0.0166349 Δf=5.06448e-06 ‖∇f‖=0.022496 ‖Δx‖=0.00950285 Δx⋅∇f(x)=-2.2358e-06 (stopping criteria: iters=5000 f=2.2629e-310 Δf=0 ‖∇f‖=0.01 ‖Δx‖=0 Δx⋅∇f(x)=-0)
[2026-09-23 13:35:42.771] [polyfem] [info] [SparseProjectedNewton][Backtracking] Finished: Gradient vector norm too small took 8.09694s (iters=34 f=0.0166331 Δf=1.75479e-06 ‖∇f‖=0.00767927 ‖Δx‖=nan Δx⋅∇f(x)=nan) (stopping criteria: iters=5000 f=2.2629e-310 Δf=0 ‖∇f‖=0.01 ‖Δx‖=0 Δx⋅∇f(x)=-0)
[2026-09-23 13:35:42.771] [polyfem] [debug] [[35mtiming[0m] f: 5.06e-02s, grad_f: 1.17e-01s, update_direction: 3.87e+00s, line_search: 4.05e+00s, constraint_set_update: 7.68e-01s
[2026-09-23 13:35:42.771] [polyfem] [debug] [[35mtiming[0m][SparseProjectedNewton] assembly: 2.88e+00s; linear_solve: 9.67e-01s
[2026-09-23 13:35:42.771] [polyfem] [debug] [[35mtiming[0m][Backtracking] constraint_set_update 1.23e+00s, checking_for_nan_inf 5.20e-02s, broad_phase_ccd 2.06e+00s, narrow_phase_ccd 4.19e-01s, classical_line_search 1.34e+00s
phase 1 (substep 0, reduced): ok  newton 34  minimize 1  post_steps 35  energy 0.016633107709935327  |grad| 0.00767927  status 4  wall 8.97 s  cpu 8.83 s
final: phases 2/2  newton 42  post_steps 44  intersections none
preview ring: latest seq 43, max |preview - final| 0
time: begin+phases wall 12.88 s, cpu 12.70 s; process cpu 12.75 s; peak working set 59.8 MB
sdf grid: voxel 0.01  bricks 672 (344064 voxels)  2.65 MB  distance queries 344064  winding queries 344064  fill 1.21 s
