inputs: avatar 5128 v / 10171 f, garment 932 v / 1728 f, skeleton 15 v / 14 b, no-fit 0, float32 yes, harness file opens 5
[2026-09-23 13:36:31.861] [polyfem] [info] Solver Eigen::SimplicialLDLT is the highest priority available solver; using it.
[2026-09-23 13:36:32.117] [polyfem] [info] Preserving texture coordinates and material data during avatar projection
[2026-09-23 13:36:32.117] [polyfem] [info] Normals will be recomputed after projection to match the new geometry
[2026-09-23 13:36:32.118] [polyfem] [info] Preserving mesh topology - skipping iterative distance reduction
[2026-09-23 13:36:32.119] [polyfem] [info] Shrunk avatar blended 0.010 toward the target body (0 = fully collapsed onto the skeleton, 1 = no shrink)
[2026-09-23 13:36:32.220] [polyfem] [debug] curve 0 has 3 bone intersections
[2026-09-23 13:36:32.220] [polyfem] [debug] curve normal [-0.000841398794544701, -0.9999989106591651, 0.0012127359777627435]
[2026-09-23 13:36:32.220] [polyfem] [debug] CurveTargetForm set curve center to bone 17 - 18, direction is [-0.0008413987945446971, -0.9999989106591651, 0.0012127359777627446]
[2026-09-23 13:36:32.220] [polyfem] [debug] curve 1 has 4 bone intersections
[2026-09-23 13:36:32.220] [polyfem] [debug] curve normal [-0.0005515666498888959, -0.9999942038991377, -0.0033597533183944888]
[2026-09-23 13:36:32.220] [polyfem] [debug] CurveTargetForm set curve center to bone 0 - 1, direction is [-0.0005515666498888969, -0.9999942038991377, -0.0033597533183945053]
[2026-09-23 13:36:32.220] [polyfem] [info] Start substep 1 out of 1
[2026-09-23 13:36:32.416] [polyfem] [debug] Set initial AL weight to 1
[2026-09-23 13:36:33.165] [polyfem] [debug] Solving AL Problem with weight 1
[2026-09-23 13:36:33.301] [polyfem] [debug] Starting SparseProjectedNewton with Backtracking solve f₀=134.168 (stopping criteria: iters=50 f=1.20041e-310 Δf=0 ‖∇f‖=1 ‖Δx‖=0 Δx⋅∇f(x)=-0)
[2026-09-23 13:36:33.877] [polyfem] [debug] Line search finished (nan_free_step_size=0.2641739287038873 collision_free_step_size=0.12125170555744827 descent_step_size=0.12125170555744827 final_step_size=0.12125170555744827)
[2026-09-23 13:36:33.877] [polyfem] [debug] [SparseProjectedNewton][Backtracking] iters=0 f=134.168 Δf=nan ‖∇f‖=414.492 ‖Δx‖=57.8522 Δx⋅∇f(x)=-268.254 (stopping criteria: iters=50 f=1.20041e-310 Δf=0 ‖∇f‖=1 ‖Δx‖=0 Δx⋅∇f(x)=-0)
[2026-09-23 13:36:34.340] [polyfem] [debug] Line search finished (nan_free_step_size=0.5695133375101298 collision_free_step_size=0.07118916718876622 descent_step_size=0.07118916718876622 final_step_size=0.07118916718876622)
[2026-09-23 13:36:34.341] [polyfem] [debug] Min distance: 3.319415726279244e-05
[2026-09-23 13:36:34.341] [polyfem] [debug] [SparseProjectedNewton][Backtracking] iters=1 f=103.631 Δf=30.5374 ‖∇f‖=363.905 ‖Δx‖=11.7288 Δx⋅∇f(x)=-206.975 (stopping criteria: iters=50 f=1.20041e-310 Δf=0 ‖∇f‖=1 ‖Δx‖=0 Δx⋅∇f(x)=-0)
[2026-09-23 13:36:34.761] [polyfem] [debug] Line search finished (nan_free_step_size=0.612748999005297 collision_free_step_size=0.22499377307225749 descent_step_size=0.22499377307225749 final_step_size=0.22499377307225749)
[2026-09-23 13:36:34.762] [polyfem] [debug] Min distance: 4.1133828116340415e-05
[2026-09-23 13:36:34.762] [polyfem] [debug] [SparseProjectedNewton][Backtracking] iters=2 f=89.4199 Δf=14.2108 ‖∇f‖=338.798 ‖Δx‖=5.36697 Δx⋅∇f(x)=-178.699 (stopping criteria: iters=50 f=1.20041e-310 Δf=0 ‖∇f‖=1 ‖Δx‖=0 Δx⋅∇f(x)=-0)
[2026-09-23 13:36:35.163] [polyfem] [debug] Line search finished (nan_free_step_size=0.7905468575586734 collision_free_step_size=0.7781945629093191 descent_step_size=0.7781945629093191 final_step_size=0.7781945629093191)
[2026-09-23 13:36:35.163] [polyfem] [debug] Min distance: 8.033047131315991e-05
[2026-09-23 13:36:35.163] [polyfem] [debug] [SparseProjectedNewton][Backtracking] iters=3 f=53.7361 Δf=35.6838 ‖∇f‖=268.61 ‖Δx‖=3.96662 Δx⋅∇f(x)=-107.367 (stopping criteria: iters=50 f=1.20041e-310 Δf=0 ‖∇f‖=1 ‖Δx‖=0 Δx⋅∇f(x)=-0)
[2026-09-23 13:36:35.385] [polyfem] [debug] Line search finished (nan_free_step_size=1 collision_free_step_size=0.25 descent_step_size=0.25 final_step_size=0.25)
[2026-09-23 13:36:35.385] [polyfem] [debug] Min distance: 0.00010118996939745162
[2026-09-23 13:36:35.385] [polyfem] [debug] [SparseProjectedNewton][Backtracking] iters=4 f=2.69152 Δf=51.0446 ‖∇f‖=114.436 ‖Δx‖=0.918735 Δx⋅∇f(x)=-5.26859 (stopping criteria: iters=50 f=1.20041e-310 Δf=0 ‖∇f‖=1 ‖Δx‖=0 Δx⋅∇f(x)=-0)
[2026-09-23 13:36:35.590] [polyfem] [debug] Line search finished (nan_free_step_size=1 collision_free_step_size=0.875 descent_step_size=0.875 final_step_size=0.875)
[2026-09-23 13:36:35.590] [polyfem] [debug] Min distance: 0.00019555355557920637
[2026-09-23 13:36:35.590] [polyfem] [debug] [SparseProjectedNewton][Backtracking] iters=5 f=1.53828 Δf=1.15323 ‖∇f‖=91.2278 ‖Δx‖=0.840695 Δx⋅∇f(x)=-2.99121 (stopping criteria: iters=50 f=1.20041e-310 Δf=0 ‖∇f‖=1 ‖Δx‖=0 Δx⋅∇f(x)=-0)
[2026-09-23 13:36:35.782] [polyfem] [debug] Line search finished (nan_free_step_size=1 collision_free_step_size=1 descent_step_size=1 final_step_size=1)
[2026-09-23 13:36:35.783] [polyfem] [debug] Min distance: 0.0004109596555548935
[2026-09-23 13:36:35.783] [polyfem] [debug] [SparseProjectedNewton][Backtracking] iters=6 f=0.0712226 Δf=1.46706 ‖∇f‖=59.4223 ‖Δx‖=0.363117 Δx⋅∇f(x)=-0.0814877 (stopping criteria: iters=50 f=1.20041e-310 Δf=0 ‖∇f‖=1 ‖Δx‖=0 Δx⋅∇f(x)=-0)
[2026-09-23 13:36:35.959] [polyfem] [debug] Line search finished (nan_free_step_size=1 collision_free_step_size=0.8125 descent_step_size=0.8125 final_step_size=0.8125)
[2026-09-23 13:36:35.960] [polyfem] [debug] Min distance: 0.0008030795991626321
[2026-09-23 13:36:35.960] [polyfem] [debug] [SparseProjectedNewton][Backtracking] iters=7 f=0.0220688 Δf=0.0491538 ‖∇f‖=26.7515 ‖Δx‖=0.665543 Δx⋅∇f(x)=-0.0186112 (stopping criteria: iters=50 f=1.20041e-310 Δf=0 ‖∇f‖=1 ‖Δx‖=0 Δx⋅∇f(x)=-0)
[2026-09-23 13:36:36.166] [polyfem] [debug] Line search finished (nan_free_step_size=1 collision_free_step_size=0.015625 descent_step_size=0.00390625 final_step_size=0.00390625)
[2026-09-23 13:36:36.166] [polyfem] [debug] Min distance: 0.0008056399939510284
[2026-09-23 13:36:36.166] [polyfem] [debug] [SparseProjectedNewton][Backtracking] iters=8 f=0.0116245 Δf=0.0104443 ‖∇f‖=12.9022 ‖Δx‖=3.67746 Δx⋅∇f(x)=-0.00989939 (stopping criteria: iters=50 f=1.20041e-310 Δf=0 ‖∇f‖=1 ‖Δx‖=0 Δx⋅∇f(x)=-0)
[2026-09-23 13:36:36.342] [polyfem] [debug] Line search finished (nan_free_step_size=1 collision_free_step_size=1 descent_step_size=1 final_step_size=1)
[2026-09-23 13:36:36.342] [polyfem] [debug] Min distance: 0.0014701267083097266
[2026-09-23 13:36:36.342] [polyfem] [debug] [SparseProjectedNewton][Backtracking] iters=9 f=0.0115864 Δf=3.80814e-05 ‖∇f‖=12.8531 ‖Δx‖=0.786303 Δx⋅∇f(x)=-0.00806925 (stopping criteria: iters=50 f=1.20041e-310 Δf=0 ‖∇f‖=1 ‖Δx‖=0 Δx⋅∇f(x)=-0)
[2026-09-23 13:36:36.550] [polyfem] [debug] Line search finished (nan_free_step_size=1 collision_free_step_size=0.025390625 descent_step_size=0.00634765625 final_step_size=0.00634765625)
[2026-09-23 13:36:36.550] [polyfem] [debug] Min distance: 0.001471908901547977
[2026-09-23 13:36:36.550] [polyfem] [debug] [SparseProjectedNewton][Backtracking] iters=10 f=0.00663534 Δf=0.00495105 ‖∇f‖=2.78952 ‖Δx‖=3.27683 Δx⋅∇f(x)=-0.00383403 (stopping criteria: iters=50 f=1.20041e-310 Δf=0 ‖∇f‖=1 ‖Δx‖=0 Δx⋅∇f(x)=-0)
[2026-09-23 13:36:36.727] [polyfem] [debug] Line search finished (nan_free_step_size=1 collision_free_step_size=0.34375 descent_step_size=0.171875 final_step_size=0.171875)
[2026-09-23 13:36:36.728] [polyfem] [debug] Min distance: 0.0015219002951807961
[2026-09-23 13:36:36.728] [polyfem] [debug] [SparseProjectedNewton][Backtracking] iters=11 f=0.00663398 Δf=1.36189e-06 ‖∇f‖=2.78347 ‖Δx‖=0.556236 Δx⋅∇f(x)=-0.00231165 (stopping criteria: iters=50 f=1.20041e-310 Δf=0 ‖∇f‖=1 ‖Δx‖=0 Δx⋅∇f(x)=-0)
[2026-09-23 13:36:36.899] [polyfem] [debug] Line search finished (nan_free_step_size=1 collision_free_step_size=1 descent_step_size=1 final_step_size=1)
[2026-09-23 13:36:36.899] [polyfem] [debug] Min distance: 0.0017781793894184436
[2026-09-23 13:36:36.899] [polyfem] [debug] [SparseProjectedNewton][Backtracking] iters=12 f=0.00639059 Δf=0.00024339 ‖∇f‖=2.50862 ‖Δx‖=0.337359 Δx⋅∇f(x)=-0.0011391 (stopping criteria: iters=50 f=1.20041e-310 Δf=0 ‖∇f‖=1 ‖Δx‖=0 Δx⋅∇f(x)=-0)
[2026-09-23 13:36:36.902] [polyfem] [info] [SparseProjectedNewton][Backtracking] Finished: Gradient vector norm too small took 3.60182s (iters=13 f=0.00570083 Δf=0.000689759 ‖∇f‖=0.479606 ‖Δx‖=nan Δx⋅∇f(x)=nan) (stopping criteria: iters=50 f=1.20041e-310 Δf=0 ‖∇f‖=1 ‖Δx‖=0 Δx⋅∇f(x)=-0)
[2026-09-23 13:36:36.902] [polyfem] [debug] [[35mtiming[0m] f: 1.13e-02s, grad_f: 2.72e-02s, update_direction: 1.38e+00s, line_search: 2.17e+00s, constraint_set_update: 2.30e-04s
[2026-09-23 13:36:36.902] [polyfem] [debug] [[35mtiming[0m][SparseProjectedNewton] assembly: 9.52e-01s; linear_solve: 4.28e-01s
[2026-09-23 13:36:36.902] [polyfem] [debug] [[35mtiming[0m][Backtracking] constraint_set_update 5.23e-02s, checking_for_nan_inf 1.07e-02s, broad_phase_ccd 1.70e+00s, narrow_phase_ccd 3.52e-01s, classical_line_search 6.92e-02s
[2026-09-23 13:36:36.903] [polyfem] [debug] Current eta = 0.999953786899865
begin: ok  wall 0.36 s  cpu 0.36 s
normalisation: target_scale 1.5276081186803154 center (-0.00084284095419066558, -1.5261948035249069, -0.0069841535617863326) source_scale 1.5276081186803154
phase 0 (substep 0, AL): ok  newton 13  minimize 1  post_steps 14  energy 0.0057008273667128427  |grad| 0.479606  status 4  wall 4.74 s  cpu 4.70 s
[2026-09-23 13:36:37.062] [polyfem] [debug] Successfully applied boundary conditions; solving in reduced space
[2026-09-23 13:36:37.671] [polyfem] [debug] Starting SparseProjectedNewton with Backtracking solve f₀=0.330462 (stopping criteria: iters=5000 f=1.55033e-310 Δf=0 ‖∇f‖=0.01 ‖Δx‖=0 Δx⋅∇f(x)=-0)
[2026-09-23 13:36:38.031] [polyfem] [debug] Line search finished (nan_free_step_size=1 collision_free_step_size=0.25 descent_step_size=0.25 final_step_size=0.25)
[2026-09-23 13:36:38.031] [polyfem] [debug] [SparseProjectedNewton][Backtracking] iters=0 f=0.330462 Δf=nan ‖∇f‖=0.492472 ‖Δx‖=6.65784 Δx⋅∇f(x)=-0.620402 (stopping criteria: iters=5000 f=1.55033e-310 Δf=0 ‖∇f‖=0.01 ‖Δx‖=0 Δx⋅∇f(x)=-0)
[2026-09-23 13:36:38.387] [polyfem] [debug] Line search finished (nan_free_step_size=1 collision_free_step_size=0.4296875 descent_step_size=0.4296875 final_step_size=0.4296875)
[2026-09-23 13:36:38.387] [polyfem] [debug] Min distance: 0.0003697070925646621
[2026-09-23 13:36:38.387] [polyfem] [debug] [SparseProjectedNewton][Backtracking] iters=1 f=0.199679 Δf=0.130783 ‖∇f‖=6.3428 ‖Δx‖=5.02469 Δx⋅∇f(x)=-0.357609 (stopping criteria: iters=5000 f=1.55033e-310 Δf=0 ‖∇f‖=0.01 ‖Δx‖=0 Δx⋅∇f(x)=-0)
[2026-09-23 13:36:38.635] [polyfem] [debug] Line search finished (nan_free_step_size=1 collision_free_step_size=0.0859375 descent_step_size=0.0859375 final_step_size=0.0859375)
[2026-09-23 13:36:38.635] [polyfem] [debug] Min distance: 0.0004093296342982281
[2026-09-23 13:36:38.635] [polyfem] [debug] [SparseProjectedNewton][Backtracking] iters=2 f=0.0899975 Δf=0.109682 ‖∇f‖=22.3546 ‖Δx‖=3.07977 Δx⋅∇f(x)=-0.140593 (stopping criteria: iters=5000 f=1.55033e-310 Δf=0 ‖∇f‖=0.01 ‖Δx‖=0 Δx⋅∇f(x)=-0)
[2026-09-23 13:36:38.953] [polyfem] [debug] Line search finished (nan_free_step_size=1 collision_free_step_size=0.5625 descent_step_size=0.5625 final_step_size=0.5625)
[2026-09-23 13:36:38.953] [polyfem] [debug] Min distance: 0.0007000798733061803
[2026-09-23 13:36:38.953] [polyfem] [debug] [SparseProjectedNewton][Backtracking] iters=3 f=0.0883778 Δf=0.00161965 ‖∇f‖=24.2061 ‖Δx‖=2.79379 Δx⋅∇f(x)=-0.132097 (stopping criteria: iters=5000 f=1.55033e-310 Δf=0 ‖∇f‖=0.01 ‖Δx‖=0 Δx⋅∇f(x)=-0)
[2026-09-23 13:36:39.236] [polyfem] [debug] Line search finished (nan_free_step_size=1 collision_free_step_size=0.6328125 descent_step_size=0.6328125 final_step_size=0.6328125)
[2026-09-23 13:36:39.237] [polyfem] [debug] Min distance: 0.0003641424764879793
[2026-09-23 13:36:39.237] [polyfem] [debug] [SparseProjectedNewton][Backtracking] iters=4 f=0.0417504 Δf=0.0466275 ‖∇f‖=21.8049 ‖Δx‖=1.38194 Δx⋅∇f(x)=-0.0498746 (stopping criteria: iters=5000 f=1.55033e-310 Δf=0 ‖∇f‖=0.01 ‖Δx‖=0 Δx⋅∇f(x)=-0)
[2026-09-23 13:36:39.475] [polyfem] [debug] Line search finished (nan_free_step_size=1 collision_free_step_size=0.09375 descent_step_size=0.046875 final_step_size=0.046875)
[2026-09-23 13:36:39.475] [polyfem] [debug] Min distance: 0.00038862869112528446
[2026-09-23 13:36:39.475] [polyfem] [debug] [SparseProjectedNewton][Backtracking] iters=5 f=0.035247 Δf=0.00650338 ‖∇f‖=28.0364 ‖Δx‖=0.476523 Δx⋅∇f(x)=-0.0297839 (stopping criteria: iters=5000 f=1.55033e-310 Δf=0 ‖∇f‖=0.01 ‖Δx‖=0 Δx⋅∇f(x)=-0)
[2026-09-23 13:36:39.699] [polyfem] [debug] Line search finished (nan_free_step_size=1 collision_free_step_size=0.3125 descent_step_size=0.15625 final_step_size=0.15625)
[2026-09-23 13:36:39.699] [polyfem] [debug] Min distance: 0.0004732981540510165
[2026-09-23 13:36:39.699] [polyfem] [debug] [SparseProjectedNewton][Backtracking] iters=6 f=0.0342864 Δf=0.000960601 ‖∇f‖=26.8361 ‖Δx‖=0.364542 Δx⋅∇f(x)=-0.028493 (stopping criteria: iters=5000 f=1.55033e-310 Δf=0 ‖∇f‖=0.01 ‖Δx‖=0 Δx⋅∇f(x)=-0)
[2026-09-23 13:36:39.915] [polyfem] [debug] Line search finished (nan_free_step_size=1 collision_free_step_size=0.1875 descent_step_size=0.09375 final_step_size=0.09375)
[2026-09-23 13:36:39.916] [polyfem] [debug] Min distance: 0.0005284372222134578
[2026-09-23 13:36:39.916] [polyfem] [debug] [SparseProjectedNewton][Backtracking] iters=7 f=0.0301439 Δf=0.00414252 ‖∇f‖=23.1066 ‖Δx‖=0.310974 Δx⋅∇f(x)=-0.0243359 (stopping criteria: iters=5000 f=1.55033e-310 Δf=0 ‖∇f‖=0.01 ‖Δx‖=0 Δx⋅∇f(x)=-0)
[2026-09-23 13:36:40.136] [polyfem] [debug] Line search finished (nan_free_step_size=1 collision_free_step_size=0.09375 descent_step_size=0.046875 final_step_size=0.046875)
[2026-09-23 13:36:40.137] [polyfem] [debug] Min distance: 0.0005566765021272333
[2026-09-23 13:36:40.137] [polyfem] [debug] [SparseProjectedNewton][Backtracking] iters=8 f=0.0279594 Δf=0.00218452 ‖∇f‖=21.0982 ‖Δx‖=0.284907 Δx⋅∇f(x)=-0.0219099 (stopping criteria: iters=5000 f=1.55033e-310 Δf=0 ‖∇f‖=0.01 ‖Δx‖=0 Δx⋅∇f(x)=-0)
[2026-09-23 13:36:40.352] [polyfem] [debug] Line search finished (nan_free_step_size=1 collision_free_step_size=0.15625 descent_step_size=0.078125 final_step_size=0.078125)
[2026-09-23 13:36:40.352] [polyfem] [debug] Min distance: 0.0006040485330139538
[2026-09-23 13:36:40.352] [polyfem] [debug] [SparseProjectedNewton][Backtracking] iters=9 f=0.027727 Δf=0.000232378 ‖∇f‖=20.8056 ‖Δx‖=0.213679 Δx⋅∇f(x)=-0.021587 (stopping criteria: iters=5000 f=1.55033e-310 Δf=0 ‖∇f‖=0.01 ‖Δx‖=0 Δx⋅∇f(x)=-0)
[2026-09-23 13:36:40.564] [polyfem] [debug] Line search finished (nan_free_step_size=1 collision_free_step_size=0.375 descent_step_size=0.375 final_step_size=0.375)
[2026-09-23 13:36:40.565] [polyfem] [debug] Min distance: 0.0008074124789216916
[2026-09-23 13:36:40.565] [polyfem] [debug] [SparseProjectedNewton][Backtracking] iters=10 f=0.0261275 Δf=0.00159944 ‖∇f‖=19.2751 ‖Δx‖=0.160164 Δx⋅∇f(x)=-0.0194409 (stopping criteria: iters=5000 f=1.55033e-310 Δf=0 ‖∇f‖=0.01 ‖Δx‖=0 Δx⋅∇f(x)=-0)
[2026-09-23 13:36:40.776] [polyfem] [debug] Line search finished (nan_free_step_size=1 collision_free_step_size=1 descent_step_size=1 final_step_size=1)
[2026-09-23 13:36:40.777] [polyfem] [debug] Min distance: 0.000730620184738433
[2026-09-23 13:36:40.777] [polyfem] [debug] [SparseProjectedNewton][Backtracking] iters=11 f=0.0251598 Δf=0.00096773 ‖∇f‖=16.4784 ‖Δx‖=0.10218 Δx⋅∇f(x)=-0.019033 (stopping criteria: iters=5000 f=1.55033e-310 Δf=0 ‖∇f‖=0.01 ‖Δx‖=0 Δx⋅∇f(x)=-0)
[2026-09-23 13:36:40.981] [polyfem] [debug] Line search finished (nan_free_step_size=1 collision_free_step_size=0.25 descent_step_size=0.25 final_step_size=0.25)
[2026-09-23 13:36:40.981] [polyfem] [debug] Min distance: 0.0008896572262580505
[2026-09-23 13:36:40.981] [polyfem] [debug] [SparseProjectedNewton][Backtracking] iters=12 f=0.0211095 Δf=0.00405036 ‖∇f‖=11.2077 ‖Δx‖=0.150446 Δx⋅∇f(x)=-0.0135657 (stopping criteria: iters=5000 f=1.55033e-310 Δf=0 ‖∇f‖=0.01 ‖Δx‖=0 Δx⋅∇f(x)=-0)
[2026-09-23 13:36:41.197] [polyfem] [debug] Line search finished (nan_free_step_size=1 collision_free_step_size=0.625 descent_step_size=0.3125 final_step_size=0.3125)
[2026-09-23 13:36:41.198] [polyfem] [debug] Min distance: 0.0010737561046953823
[2026-09-23 13:36:41.198] [polyfem] [debug] [SparseProjectedNewton][Backtracking] iters=13 f=0.0196644 Δf=0.00144509 ‖∇f‖=9.22762 ‖Δx‖=0.069585 Δx⋅∇f(x)=-0.0113276 (stopping criteria: iters=5000 f=1.55033e-310 Δf=0 ‖∇f‖=0.01 ‖Δx‖=0 Δx⋅∇f(x)=-0)
[2026-09-23 13:36:41.400] [polyfem] [debug] Line search finished (nan_free_step_size=1 collision_free_step_size=1 descent_step_size=1 final_step_size=1)
[2026-09-23 13:36:41.401] [polyfem] [debug] Min distance: 0.0012979176045472228
[2026-09-23 13:36:41.401] [polyfem] [debug] [SparseProjectedNewton][Backtracking] iters=14 f=0.01747 Δf=0.00219435 ‖∇f‖=6.78387 ‖Δx‖=0.105096 Δx⋅∇f(x)=-0.0083515 (stopping criteria: iters=5000 f=1.55033e-310 Δf=0 ‖∇f‖=0.01 ‖Δx‖=0 Δx⋅∇f(x)=-0)
[2026-09-23 13:36:41.640] [polyfem] [debug] Line search finished (nan_free_step_size=1 collision_free_step_size=0.25 descent_step_size=0.0625 final_step_size=0.0625)
[2026-09-23 13:36:41.640] [polyfem] [debug] Min distance: 0.0013267470033286866
[2026-09-23 13:36:41.640] [polyfem] [debug] [SparseProjectedNewton][Backtracking] iters=15 f=0.0141639 Δf=0.0033061 ‖∇f‖=4.40288 ‖Δx‖=0.0821409 Δx⋅∇f(x)=-0.00408 (stopping criteria: iters=5000 f=1.55033e-310 Δf=0 ‖∇f‖=0.01 ‖Δx‖=0 Δx⋅∇f(x)=-0)
[2026-09-23 13:36:41.839] [polyfem] [debug] Line search finished (nan_free_step_size=1 collision_free_step_size=1 descent_step_size=1 final_step_size=1)
[2026-09-23 13:36:41.839] [polyfem] [debug] Min distance: 0.0012915836858168185
[2026-09-23 13:36:41.839] [polyfem] [debug] [SparseProjectedNewton][Backtracking] iters=16 f=0.0139332 Δf=0.00023067 ‖∇f‖=4.12801 ‖Δx‖=0.0566914 Δx⋅∇f(x)=-0.00338228 (stopping criteria: iters=5000 f=1.55033e-310 Δf=0 ‖∇f‖=0.01 ‖Δx‖=0 Δx⋅∇f(x)=-0)
[2026-09-23 13:36:42.082] [polyfem] [debug] Line search finished (nan_free_step_size=1 collision_free_step_size=0.3125 descent_step_size=0.0390625 final_step_size=0.0390625)
[2026-09-23 13:36:42.082] [polyfem] [debug] Min distance: 0.0013075001530511755
[2026-09-23 13:36:42.082] [polyfem] [debug] [SparseProjectedNewton][Backtracking] iters=17 f=0.0123475 Δf=0.00158573 ‖∇f‖=1.61132 ‖Δx‖=0.0692904 Δx⋅∇f(x)=-0.00146928 (stopping criteria: iters=5000 f=1.55033e-310 Δf=0 ‖∇f‖=0.01 ‖Δx‖=0 Δx⋅∇f(x)=-0)
[2026-09-23 13:36:42.295] [polyfem] [debug] Line search finished (nan_free_step_size=1 collision_free_step_size=1 descent_step_size=0.5 final_step_size=0.5)
[2026-09-23 13:36:42.295] [polyfem] [debug] Min distance: 0.0015190666317618318
[2026-09-23 13:36:42.295] [polyfem] [debug] [SparseProjectedNewton][Backtracking] iters=18 f=0.0123025 Δf=4.50041e-05 ‖∇f‖=1.56749 ‖Δx‖=0.0633987 Δx⋅∇f(x)=-0.00130469 (stopping criteria: iters=5000 f=1.55033e-310 Δf=0 ‖∇f‖=0.01 ‖Δx‖=0 Δx⋅∇f(x)=-0)
[2026-09-23 13:36:42.503] [polyfem] [debug] Line search finished (nan_free_step_size=1 collision_free_step_size=1 descent_step_size=1 final_step_size=1)
[2026-09-23 13:36:42.504] [polyfem] [debug] Min distance: 0.0017893874776520706
[2026-09-23 13:36:42.504] [polyfem] [debug] [SparseProjectedNewton][Backtracking] iters=19 f=0.0117685 Δf=0.000533978 ‖∇f‖=0.79759 ‖Δx‖=0.100232 Δx⋅∇f(x)=-0.000773317 (stopping criteria: iters=5000 f=1.55033e-310 Δf=0 ‖∇f‖=0.01 ‖Δx‖=0 Δx⋅∇f(x)=-0)
[2026-09-23 13:36:42.773] [polyfem] [debug] Line search finished (nan_free_step_size=1 collision_free_step_size=0.046875 descent_step_size=0.005859375 final_step_size=0.005859375)
[2026-09-23 13:36:42.773] [polyfem] [debug] Min distance: 0.0017900586551904498
[2026-09-23 13:36:42.773] [polyfem] [debug] [SparseProjectedNewton][Backtracking] iters=20 f=0.0112938 Δf=0.000474734 ‖∇f‖=0.653157 ‖Δx‖=0.34133 Δx⋅∇f(x)=-0.00273263 (stopping criteria: iters=5000 f=1.55033e-310 Δf=0 ‖∇f‖=0.01 ‖Δx‖=0 Δx⋅∇f(x)=-0)
[2026-09-23 13:36:43.012] [polyfem] [debug] Line search finished (nan_free_step_size=1 collision_free_step_size=0.3125 descent_step_size=0.0390625 final_step_size=0.0390625)
[2026-09-23 13:36:43.012] [polyfem] [debug] Min distance: 0.0017941785828502852
[2026-09-23 13:36:43.012] [polyfem] [debug] [SparseProjectedNewton][Backtracking] iters=21 f=0.0112853 Δf=8.50133e-06 ‖∇f‖=0.672565 ‖Δx‖=0.211036 Δx⋅∇f(x)=-0.00171796 (stopping criteria: iters=5000 f=1.55033e-310 Δf=0 ‖∇f‖=0.01 ‖Δx‖=0 Δx⋅∇f(x)=-0)
[2026-09-23 13:36:43.255] [polyfem] [debug] Line search finished (nan_free_step_size=1 collision_free_step_size=0.375 descent_step_size=0.09375 final_step_size=0.09375)
[2026-09-23 13:36:43.255] [polyfem] [debug] Min distance: 0.001689711100207471
[2026-09-23 13:36:43.255] [polyfem] [debug] [SparseProjectedNewton][Backtracking] iters=22 f=0.0112253 Δf=6.00377e-05 ‖∇f‖=0.650183 ‖Δx‖=0.118647 Δx⋅∇f(x)=-0.000896923 (stopping criteria: iters=5000 f=1.55033e-310 Δf=0 ‖∇f‖=0.01 ‖Δx‖=0 Δx⋅∇f(x)=-0)
[2026-09-23 13:36:43.525] [polyfem] [debug] Line search finished (nan_free_step_size=1 collision_free_step_size=0.875 descent_step_size=0.21875 final_step_size=0.21875)
[2026-09-23 13:36:43.526] [polyfem] [debug] Min distance: 0.0016709787073570606
[2026-09-23 13:36:43.526] [polyfem] [debug] [SparseProjectedNewton][Backtracking] iters=23 f=0.011198 Δf=2.72675e-05 ‖∇f‖=0.715858 ‖Δx‖=0.12484 Δx⋅∇f(x)=-0.000916428 (stopping criteria: iters=5000 f=1.55033e-310 Δf=0 ‖∇f‖=0.01 ‖Δx‖=0 Δx⋅∇f(x)=-0)
[2026-09-23 13:36:43.764] [polyfem] [debug] Line search finished (nan_free_step_size=1 collision_free_step_size=0.5 descent_step_size=0.25 final_step_size=0.25)
[2026-09-23 13:36:43.765] [polyfem] [debug] Min distance: 0.0017141395825273566
[2026-09-23 13:36:43.765] [polyfem] [debug] [SparseProjectedNewton][Backtracking] iters=24 f=0.0110591 Δf=0.000138843 ‖∇f‖=0.65978 ‖Δx‖=0.181067 Δx⋅∇f(x)=-0.00119208 (stopping criteria: iters=5000 f=1.55033e-310 Δf=0 ‖∇f‖=0.01 ‖Δx‖=0 Δx⋅∇f(x)=-0)
[2026-09-23 13:36:44.054] [polyfem] [debug] Line search finished (nan_free_step_size=1 collision_free_step_size=0.1875 descent_step_size=0.01171875 final_step_size=0.01171875)
[2026-09-23 13:36:44.055] [polyfem] [debug] Min distance: 0.0017158780593894154
[2026-09-23 13:36:44.055] [polyfem] [debug] [SparseProjectedNewton][Backtracking] iters=25 f=0.011016 Δf=4.31814e-05 ‖∇f‖=2.19801 ‖Δx‖=0.141318 Δx⋅∇f(x)=-0.00104687 (stopping criteria: iters=5000 f=1.55033e-310 Δf=0 ‖∇f‖=0.01 ‖Δx‖=0 Δx⋅∇f(x)=-0)
[2026-09-23 13:36:44.280] [polyfem] [debug] Line search finished (nan_free_step_size=1 collision_free_step_size=1 descent_step_size=1 final_step_size=1)
[2026-09-23 13:36:44.281] [polyfem] [debug] Min distance: 0.0018633155576275983
[2026-09-23 13:36:44.281] [polyfem] [debug] [SparseProjectedNewton][Backtracking] iters=26 f=0.0110063 Δf=9.69306e-06 ‖∇f‖=2.17273 ‖Δx‖=0.0850892 Δx⋅∇f(x)=-0.000790825 (stopping criteria: iters=5000 f=1.55033e-310 Δf=0 ‖∇f‖=0.01 ‖Δx‖=0 Δx⋅∇f(x)=-0)
[2026-09-23 13:36:44.566] [polyfem] [debug] Line search finished (nan_free_step_size=1 collision_free_step_size=0.09375 descent_step_size=0.01171875 final_step_size=0.01171875)
[2026-09-23 13:36:44.566] [polyfem] [debug] Min distance: 0.0018411251534954543
[2026-09-23 13:36:44.566] [polyfem] [debug] [SparseProjectedNewton][Backtracking] iters=27 f=0.0104863 Δf=0.000519974 ‖∇f‖=0.125468 ‖Δx‖=0.295336 Δx⋅∇f(x)=-0.00165704 (stopping criteria: iters=5000 f=1.55033e-310 Δf=0 ‖∇f‖=0.01 ‖Δx‖=0 Δx⋅∇f(x)=-0)
[2026-09-23 13:36:44.827] [polyfem] [debug] Line search finished (nan_free_step_size=1 collision_free_step_size=0.28125 descent_step_size=0.03515625 final_step_size=0.03515625)
[2026-09-23 13:36:44.827] [polyfem] [debug] Min distance: 0.0018056601439496553
[2026-09-23 13:36:44.827] [polyfem] [debug] [SparseProjectedNewton][Backtracking] iters=28 f=0.0104755 Δf=1.08174e-05 ‖∇f‖=0.144819 ‖Δx‖=0.16758 Δx⋅∇f(x)=-0.000923861 (stopping criteria: iters=5000 f=1.55033e-310 Δf=0 ‖∇f‖=0.01 ‖Δx‖=0 Δx⋅∇f(x)=-0)
[2026-09-23 13:36:45.070] [polyfem] [debug] Line search finished (nan_free_step_size=1 collision_free_step_size=0.375 descent_step_size=0.09375 final_step_size=0.09375)
[2026-09-23 13:36:45.070] [polyfem] [debug] Min distance: 0.0018153966613541942
[2026-09-23 13:36:45.070] [polyfem] [debug] [SparseProjectedNewton][Backtracking] iters=29 f=0.0104544 Δf=2.10489e-05 ‖∇f‖=0.171715 ‖Δx‖=0.153041 Δx⋅∇f(x)=-0.000822019 (stopping criteria: iters=5000 f=1.55033e-310 Δf=0 ‖∇f‖=0.01 ‖Δx‖=0 Δx⋅∇f(x)=-0)
[2026-09-23 13:36:45.303] [polyfem] [debug] Line search finished (nan_free_step_size=1 collision_free_step_size=1 descent_step_size=0.5 final_step_size=0.5)
[2026-09-23 13:36:45.303] [polyfem] [debug] Min distance: 0.0015992566913350932
[2026-09-23 13:36:45.303] [polyfem] [debug] [SparseProjectedNewton][Backtracking] iters=30 f=0.0103821 Δf=7.22954e-05 ‖∇f‖=0.160228 ‖Δx‖=0.109806 Δx⋅∇f(x)=-0.000500215 (stopping criteria: iters=5000 f=1.55033e-310 Δf=0 ‖∇f‖=0.01 ‖Δx‖=0 Δx⋅∇f(x)=-0)
[2026-09-23 13:36:45.564] [polyfem] [debug] Line search finished (nan_free_step_size=1 collision_free_step_size=0.53125 descent_step_size=0.06640625 final_step_size=0.06640625)
[2026-09-23 13:36:45.564] [polyfem] [debug] Min distance: 0.0016145419695631333
[2026-09-23 13:36:45.564] [polyfem] [debug] [SparseProjectedNewton][Backtracking] iters=31 f=0.010245 Δf=0.000137145 ‖∇f‖=0.558772 ‖Δx‖=0.219569 Δx⋅∇f(x)=-0.0010006 (stopping criteria: iters=5000 f=1.55033e-310 Δf=0 ‖∇f‖=0.01 ‖Δx‖=0 Δx⋅∇f(x)=-0)
[2026-09-23 13:36:45.777] [polyfem] [debug] Line search finished (nan_free_step_size=1 collision_free_step_size=1 descent_step_size=0.5 final_step_size=0.5)
[2026-09-23 13:36:45.777] [polyfem] [debug] Min distance: 0.0016949724291247471
[2026-09-23 13:36:45.777] [polyfem] [debug] [SparseProjectedNewton][Backtracking] iters=32 f=0.0101982 Δf=4.6812e-05 ‖∇f‖=0.546683 ‖Δx‖=0.128007 Δx⋅∇f(x)=-0.000641833 (stopping criteria: iters=5000 f=1.55033e-310 Δf=0 ‖∇f‖=0.01 ‖Δx‖=0 Δx⋅∇f(x)=-0)
[2026-09-23 13:36:46.035] [polyfem] [debug] Line search finished (nan_free_step_size=1 collision_free_step_size=0.078125 descent_step_size=0.0048828125 final_step_size=0.0048828125)
[2026-09-23 13:36:46.035] [polyfem] [debug] Min distance: 0.0016957494950959166
[2026-09-23 13:36:46.035] [polyfem] [debug] [SparseProjectedNewton][Backtracking] iters=33 f=0.00996907 Δf=0.000229111 ‖∇f‖=0.503287 ‖Δx‖=0.335866 Δx⋅∇f(x)=-0.00152714 (stopping criteria: iters=5000 f=1.55033e-310 Δf=0 ‖∇f‖=0.01 ‖Δx‖=0 Δx⋅∇f(x)=-0)
[2026-09-23 13:36:46.293] [polyfem] [debug] Line search finished (nan_free_step_size=1 collision_free_step_size=0.75 descent_step_size=0.046875 final_step_size=0.046875)
[2026-09-23 13:36:46.294] [polyfem] [debug] Min distance: 0.0017031744935148677
[2026-09-23 13:36:46.294] [polyfem] [debug] [SparseProjectedNewton][Backtracking] iters=34 f=0.00996282 Δf=6.25356e-06 ‖∇f‖=0.501241 ‖Δx‖=0.170141 Δx⋅∇f(x)=-0.000642028 (stopping criteria: iters=5000 f=1.55033e-310 Δf=0 ‖∇f‖=0.01 ‖Δx‖=0 Δx⋅∇f(x)=-0)
[2026-09-23 13:36:46.561] [polyfem] [debug] Line search finished (nan_free_step_size=1 collision_free_step_size=1 descent_step_size=0.25 final_step_size=0.25)
[2026-09-23 13:36:46.562] [polyfem] [debug] Min distance: 0.0016704399235799375
[2026-09-23 13:36:46.562] [polyfem] [debug] [SparseProjectedNewton][Backtracking] iters=35 f=0.00994926 Δf=1.35592e-05 ‖∇f‖=0.593626 ‖Δx‖=0.152896 Δx⋅∇f(x)=-0.000569998 (stopping criteria: iters=5000 f=1.55033e-310 Δf=0 ‖∇f‖=0.01 ‖Δx‖=0 Δx⋅∇f(x)=-0)
[2026-09-23 13:36:46.845] [polyfem] [debug] Line search finished (nan_free_step_size=1 collision_free_step_size=0.1875 descent_step_size=0.046875 final_step_size=0.046875)
[2026-09-23 13:36:46.845] [polyfem] [debug] Min distance: 0.0016784504660187643
[2026-09-23 13:36:46.845] [polyfem] [debug] [SparseProjectedNewton][Backtracking] iters=36 f=0.00986574 Δf=8.35156e-05 ‖∇f‖=0.522247 ‖Δx‖=0.132073 Δx⋅∇f(x)=-0.000535766 (stopping criteria: iters=5000 f=1.55033e-310 Δf=0 ‖∇f‖=0.01 ‖Δx‖=0 Δx⋅∇f(x)=-0)
[2026-09-23 13:36:47.067] [polyfem] [debug] Line search finished (nan_free_step_size=1 collision_free_step_size=0.75 descent_step_size=0.1875 final_step_size=0.1875)
[2026-09-23 13:36:47.067] [polyfem] [debug] Min distance: 0.0017115305934770958
[2026-09-23 13:36:47.067] [polyfem] [debug] [SparseProjectedNewton][Backtracking] iters=37 f=0.00984404 Δf=2.17e-05 ‖∇f‖=0.500074 ‖Δx‖=0.0870079 Δx⋅∇f(x)=-0.00041949 (stopping criteria: iters=5000 f=1.55033e-310 Δf=0 ‖∇f‖=0.01 ‖Δx‖=0 Δx⋅∇f(x)=-0)
[2026-09-23 13:36:47.259] [polyfem] [debug] Line search finished (nan_free_step_size=1 collision_free_step_size=1 descent_step_size=1 final_step_size=1)
[2026-09-23 13:36:47.259] [polyfem] [debug] Min distance: 0.0014867625610124969
[2026-09-23 13:36:47.259] [polyfem] [debug] [SparseProjectedNewton][Backtracking] iters=38 f=0.00979782 Δf=4.62261e-05 ‖∇f‖=0.458708 ‖Δx‖=0.0667297 Δx⋅∇f(x)=-0.000302731 (stopping criteria: iters=5000 f=1.55033e-310 Δf=0 ‖∇f‖=0.01 ‖Δx‖=0 Δx⋅∇f(x)=-0)
[2026-09-23 13:36:47.495] [polyfem] [debug] Line search finished (nan_free_step_size=1 collision_free_step_size=0.15625 descent_step_size=0.01953125 final_step_size=0.01953125)
[2026-09-23 13:36:47.496] [polyfem] [debug] Min distance: 0.0014917500808203016
[2026-09-23 13:36:47.496] [polyfem] [debug] [SparseProjectedNewton][Backtracking] iters=39 f=0.0097905 Δf=7.31165e-06 ‖∇f‖=0.85253 ‖Δx‖=0.129782 Δx⋅∇f(x)=-0.000599201 (stopping criteria: iters=5000 f=1.55033e-310 Δf=0 ‖∇f‖=0.01 ‖Δx‖=0 Δx⋅∇f(x)=-0)
[2026-09-23 13:36:47.725] [polyfem] [debug] Line search finished (nan_free_step_size=1 collision_free_step_size=1 descent_step_size=0.5 final_step_size=0.5)
[2026-09-23 13:36:47.726] [polyfem] [debug] Min distance: 0.0016243725639909963
[2026-09-23 13:36:47.726] [polyfem] [debug] [SparseProjectedNewton][Backtracking] iters=40 f=0.00978011 Δf=1.03983e-05 ‖∇f‖=0.836275 ‖Δx‖=0.0799109 Δx⋅∇f(x)=-0.000487594 (stopping criteria: iters=5000 f=1.55033e-310 Δf=0 ‖∇f‖=0.01 ‖Δx‖=0 Δx⋅∇f(x)=-0)
[2026-09-23 13:36:47.915] [polyfem] [debug] Line search finished (nan_free_step_size=1 collision_free_step_size=1 descent_step_size=1 final_step_size=1)
[2026-09-23 13:36:47.915] [polyfem] [debug] Min distance: 0.0017680342338003594
[2026-09-23 13:36:47.915] [polyfem] [debug] [SparseProjectedNewton][Backtracking] iters=41 f=0.0095812 Δf=0.000198909 ‖∇f‖=0.466726 ‖Δx‖=0.0778252 Δx⋅∇f(x)=-0.000252234 (stopping criteria: iters=5000 f=1.55033e-310 Δf=0 ‖∇f‖=0.01 ‖Δx‖=0 Δx⋅∇f(x)=-0)
[2026-09-23 13:36:48.163] [polyfem] [debug] Line search finished (nan_free_step_size=1 collision_free_step_size=0.125 descent_step_size=0.0078125 final_step_size=0.0078125)
[2026-09-23 13:36:48.163] [polyfem] [debug] Min distance: 0.0017688137526130712
[2026-09-23 13:36:48.163] [polyfem] [debug] [SparseProjectedNewton][Backtracking] iters=42 f=0.00943449 Δf=0.000146703 ‖∇f‖=0.218573 ‖Δx‖=0.194299 Δx⋅∇f(x)=-0.000567223 (stopping criteria: iters=5000 f=1.55033e-310 Δf=0 ‖∇f‖=0.01 ‖Δx‖=0 Δx⋅∇f(x)=-0)
[2026-09-23 13:36:48.391] [polyfem] [debug] Line search finished (nan_free_step_size=1 collision_free_step_size=1 descent_step_size=0.125 final_step_size=0.125)
[2026-09-23 13:36:48.391] [polyfem] [debug] Min distance: 0.0017811973855298728
[2026-09-23 13:36:48.391] [polyfem] [debug] [SparseProjectedNewton][Backtracking] iters=43 f=0.00943141 Δf=3.07966e-06 ‖∇f‖=0.216781 ‖Δx‖=0.0849331 Δx⋅∇f(x)=-0.000154171 (stopping criteria: iters=5000 f=1.55033e-310 Δf=0 ‖∇f‖=0.01 ‖Δx‖=0 Δx⋅∇f(x)=-0)
[2026-09-23 13:36:48.588] [polyfem] [debug] Line search finished (nan_free_step_size=1 collision_free_step_size=1 descent_step_size=1 final_step_size=1)
[2026-09-23 13:36:48.588] [polyfem] [debug] Min distance: 0.0018784797575223198
[2026-09-23 13:36:48.588] [polyfem] [debug] [SparseProjectedNewton][Backtracking] iters=44 f=0.00941797 Δf=1.34432e-05 ‖∇f‖=0.204486 ‖Δx‖=0.0734744 Δx⋅∇f(x)=-0.000136962 (stopping criteria: iters=5000 f=1.55033e-310 Δf=0 ‖∇f‖=0.01 ‖Δx‖=0 Δx⋅∇f(x)=-0)
[2026-09-23 13:36:48.825] [polyfem] [debug] Line search finished (nan_free_step_size=1 collision_free_step_size=0.0625 descent_step_size=0.0078125 final_step_size=0.0078125)
[2026-09-23 13:36:48.825] [polyfem] [debug] Min distance: 0.0018788018973417803
[2026-09-23 13:36:48.825] [polyfem] [debug] [SparseProjectedNewton][Backtracking] iters=45 f=0.00931603 Δf=0.000101938 ‖∇f‖=0.0505792 ‖Δx‖=0.296492 Δx⋅∇f(x)=-0.00111937 (stopping criteria: iters=5000 f=1.55033e-310 Δf=0 ‖∇f‖=0.01 ‖Δx‖=0 Δx⋅∇f(x)=-0)
[2026-09-23 13:36:49.052] [polyfem] [debug] Line search finished (nan_free_step_size=1 collision_free_step_size=0.75 descent_step_size=0.09375 final_step_size=0.09375)
[2026-09-23 13:36:49.052] [polyfem] [debug] Min distance: 0.0018317025029441698
[2026-09-23 13:36:49.052] [polyfem] [debug] [SparseProjectedNewton][Backtracking] iters=46 f=0.00931311 Δf=2.92012e-06 ‖∇f‖=0.0785858 ‖Δx‖=0.071249 Δx⋅∇f(x)=-0.000150813 (stopping criteria: iters=5000 f=1.55033e-310 Δf=0 ‖∇f‖=0.01 ‖Δx‖=0 Δx⋅∇f(x)=-0)
[2026-09-23 13:36:49.239] [polyfem] [debug] Line search finished (nan_free_step_size=1 collision_free_step_size=1 descent_step_size=1 final_step_size=1)
[2026-09-23 13:36:49.240] [polyfem] [debug] Min distance: 0.0016230529378514528
[2026-09-23 13:36:49.240] [polyfem] [debug] [SparseProjectedNewton][Backtracking] iters=47 f=0.00930788 Δf=5.23408e-06 ‖∇f‖=0.105236 ‖Δx‖=0.06177 Δx⋅∇f(x)=-0.000128644 (stopping criteria: iters=5000 f=1.55033e-310 Δf=0 ‖∇f‖=0.01 ‖Δx‖=0 Δx⋅∇f(x)=-0)
[2026-09-23 13:36:49.485] [polyfem] [debug] Line search finished (nan_free_step_size=1 collision_free_step_size=0.109375 descent_step_size=0.0068359375 final_step_size=0.0068359375)
[2026-09-23 13:36:49.486] [polyfem] [debug] Min distance: 0.0016244350854285187
[2026-09-23 13:36:49.486] [polyfem] [debug] [SparseProjectedNewton][Backtracking] iters=48 f=0.00928347 Δf=2.44108e-05 ‖∇f‖=0.430417 ‖Δx‖=0.274206 Δx⋅∇f(x)=-0.000817943 (stopping criteria: iters=5000 f=1.55033e-310 Δf=0 ‖∇f‖=0.01 ‖Δx‖=0 Δx⋅∇f(x)=-0)
[2026-09-23 13:36:49.723] [polyfem] [debug] Line search finished (nan_free_step_size=1 collision_free_step_size=0.25 descent_step_size=0.03125 final_step_size=0.03125)
[2026-09-23 13:36:49.723] [polyfem] [debug] Min distance: 0.0016307123254128133
[2026-09-23 13:36:49.723] [polyfem] [debug] [SparseProjectedNewton][Backtracking] iters=49 f=0.00927894 Δf=4.53262e-06 ‖∇f‖=0.427585 ‖Δx‖=0.119154 Δx⋅∇f(x)=-0.000407976 (stopping criteria: iters=5000 f=1.55033e-310 Δf=0 ‖∇f‖=0.01 ‖Δx‖=0 Δx⋅∇f(x)=-0)
[2026-09-23 13:36:49.934] [polyfem] [debug] Line search finished (nan_free_step_size=1 collision_free_step_size=1 descent_step_size=1 final_step_size=1)
[2026-09-23 13:36:49.935] [polyfem] [debug] Min distance: 0.0018420721075653736
[2026-09-23 13:36:49.935] [polyfem] [debug] [SparseProjectedNewton][Backtracking] iters=50 f=0.00926845 Δf=1.04812e-05 ‖∇f‖=0.414853 ‖Δx‖=0.0742571 Δx⋅∇f(x)=-0.000217601 (stopping criteria: iters=5000 f=1.55033e-310 Δf=0 ‖∇f‖=0.01 ‖Δx‖=0 Δx⋅∇f(x)=-0)
[2026-09-23 13:36:50.188] [polyfem] [debug] Line search finished (nan_free_step_size=1 collision_free_step_size=0.15625 descent_step_size=0.009765625 final_step_size=0.009765625)
[2026-09-23 13:36:50.189] [polyfem] [debug] Min distance: 0.0018428823039286764
[2026-09-23 13:36:50.189] [polyfem] [debug] [SparseProjectedNewton][Backtracking] iters=51 f=0.00912311 Δf=0.000145347 ‖∇f‖=0.135978 ‖Δx‖=0.19159 Δx⋅∇f(x)=-0.000657503 (stopping criteria: iters=5000 f=1.55033e-310 Δf=0 ‖∇f‖=0.01 ‖Δx‖=0 Δx⋅∇f(x)=-0)
[2026-09-23 13:36:50.437] [polyfem] [debug] Line search finished (nan_free_step_size=1 collision_free_step_size=0.25 descent_step_size=0.015625 final_step_size=0.015625)
[2026-09-23 13:36:50.437] [polyfem] [debug] Min distance: 0.0018441369233673781
[2026-09-23 13:36:50.437] [polyfem] [debug] [SparseProjectedNewton][Backtracking] iters=52 f=0.00911891 Δf=4.1932e-06 ‖∇f‖=0.13829 ‖Δx‖=0.100637 Δx⋅∇f(x)=-0.000301132 (stopping criteria: iters=5000 f=1.55033e-310 Δf=0 ‖∇f‖=0.01 ‖Δx‖=0 Δx⋅∇f(x)=-0)
[2026-09-23 13:36:50.675] [polyfem] [debug] Line search finished (nan_free_step_size=1 collision_free_step_size=0.6875 descent_step_size=0.0859375 final_step_size=0.0859375)
[2026-09-23 13:36:50.675] [polyfem] [debug] Min distance: 0.0018314307757093904
[2026-09-23 13:36:50.675] [polyfem] [debug] [SparseProjectedNewton][Backtracking] iters=53 f=0.00911558 Δf=3.33262e-06 ‖∇f‖=0.137375 ‖Δx‖=0.0528625 Δx⋅∇f(x)=-0.000106703 (stopping criteria: iters=5000 f=1.55033e-310 Δf=0 ‖∇f‖=0.01 ‖Δx‖=0 Δx⋅∇f(x)=-0)
[2026-09-23 13:36:50.870] [polyfem] [debug] Line search finished (nan_free_step_size=1 collision_free_step_size=1 descent_step_size=1 final_step_size=1)
[2026-09-23 13:36:50.870] [polyfem] [debug] Min distance: 0.00190519757523645
[2026-09-23 13:36:50.870] [polyfem] [debug] [SparseProjectedNewton][Backtracking] iters=54 f=0.00911399 Δf=1.59215e-06 ‖∇f‖=0.144772 ‖Δx‖=0.0461631 Δx⋅∇f(x)=-6.37435e-05 (stopping criteria: iters=5000 f=1.55033e-310 Δf=0 ‖∇f‖=0.01 ‖Δx‖=0 Δx⋅∇f(x)=-0)
[2026-09-23 13:36:51.136] [polyfem] [debug] Line search finished (nan_free_step_size=1 collision_free_step_size=0.125 descent_step_size=0.00390625 final_step_size=0.00390625)
[2026-09-23 13:36:51.136] [polyfem] [debug] Min distance: 0.0019053964530100235
[2026-09-23 13:36:51.136] [polyfem] [debug] [SparseProjectedNewton][Backtracking] iters=55 f=0.00906829 Δf=4.56972e-05 ‖∇f‖=0.0535179 ‖Δx‖=0.0826691 Δx⋅∇f(x)=-0.000200366 (stopping criteria: iters=5000 f=1.55033e-310 Δf=0 ‖∇f‖=0.01 ‖Δx‖=0 Δx⋅∇f(x)=-0)
[2026-09-23 13:36:51.343] [polyfem] [debug] Line search finished (nan_free_step_size=1 collision_free_step_size=1 descent_step_size=0.5 final_step_size=0.5)
[2026-09-23 13:36:51.343] [polyfem] [debug] Min distance: 0.0019146656985756041
[2026-09-23 13:36:51.343] [polyfem] [debug] [SparseProjectedNewton][Backtracking] iters=56 f=0.00906774 Δf=5.53385e-07 ‖∇f‖=0.0542921 ‖Δx‖=0.0711407 Δx⋅∇f(x)=-7.25922e-05 (stopping criteria: iters=5000 f=1.55033e-310 Δf=0 ‖∇f‖=0.01 ‖Δx‖=0 Δx⋅∇f(x)=-0)
[2026-09-23 13:36:51.591] [polyfem] [debug] Line search finished (nan_free_step_size=1 collision_free_step_size=0.3125 descent_step_size=0.01953125 final_step_size=0.01953125)
[2026-09-23 13:36:51.592] [polyfem] [debug] Min distance: 0.0019061887095763567
[2026-09-23 13:36:51.592] [polyfem] [debug] [SparseProjectedNewton][Backtracking] iters=57 f=0.00903598 Δf=3.17578e-05 ‖∇f‖=0.0610797 ‖Δx‖=0.0813973 Δx⋅∇f(x)=-0.000189709 (stopping criteria: iters=5000 f=1.55033e-310 Δf=0 ‖∇f‖=0.01 ‖Δx‖=0 Δx⋅∇f(x)=-0)
[2026-09-23 13:36:51.788] [polyfem] [debug] Line search finished (nan_free_step_size=1 collision_free_step_size=1 descent_step_size=1 final_step_size=1)
[2026-09-23 13:36:51.789] [polyfem] [debug] Min distance: 0.0019149788709700922
[2026-09-23 13:36:51.789] [polyfem] [debug] [SparseProjectedNewton][Backtracking] iters=58 f=0.00903365 Δf=2.33156e-06 ‖∇f‖=0.0606108 ‖Δx‖=0.0572693 Δx⋅∇f(x)=-5.85761e-05 (stopping criteria: iters=5000 f=1.55033e-310 Δf=0 ‖∇f‖=0.01 ‖Δx‖=0 Δx⋅∇f(x)=-0)
[2026-09-23 13:36:52.037] [polyfem] [debug] Line search finished (nan_free_step_size=1 collision_free_step_size=0.0625 descent_step_size=0.00390625 final_step_size=0.00390625)
[2026-09-23 13:36:52.038] [polyfem] [debug] Min distance: 0.001914995370678313
[2026-09-23 13:36:52.038] [polyfem] [debug] [SparseProjectedNewton][Backtracking] iters=59 f=0.00898952 Δf=4.41309e-05 ‖∇f‖=0.0338131 ‖Δx‖=0.222502 Δx⋅∇f(x)=-0.00100616 (stopping criteria: iters=5000 f=1.55033e-310 Δf=0 ‖∇f‖=0.01 ‖Δx‖=0 Δx⋅∇f(x)=-0)
[2026-09-23 13:36:52.290] [polyfem] [debug] Line search finished (nan_free_step_size=1 collision_free_step_size=0.875 descent_step_size=0.0546875 final_step_size=0.0546875)
[2026-09-23 13:36:52.290] [polyfem] [debug] Min distance: 0.0019150056212570276
[2026-09-23 13:36:52.290] [polyfem] [debug] [SparseProjectedNewton][Backtracking] iters=60 f=0.00898912 Δf=4.03008e-07 ‖∇f‖=0.0911235 ‖Δx‖=0.0397877 Δx⋅∇f(x)=-4.14623e-05 (stopping criteria: iters=5000 f=1.55033e-310 Δf=0 ‖∇f‖=0.01 ‖Δx‖=0 Δx⋅∇f(x)=-0)
[2026-09-23 13:36:52.496] [polyfem] [debug] Line search finished (nan_free_step_size=1 collision_free_step_size=1 descent_step_size=1 final_step_size=1)
[2026-09-23 13:36:52.497] [polyfem] [debug] Min distance: 0.0019153290952670958
[2026-09-23 13:36:52.497] [polyfem] [debug] [SparseProjectedNewton][Backtracking] iters=61 f=0.00898746 Δf=1.65099e-06 ‖∇f‖=0.0874377 ‖Δx‖=0.0390051 Δx⋅∇f(x)=-3.88783e-05 (stopping criteria: iters=5000 f=1.55033e-310 Δf=0 ‖∇f‖=0.01 ‖Δx‖=0 Δx⋅∇f(x)=-0)
[2026-09-23 13:36:52.725] [polyfem] [debug] Line search finished (nan_free_step_size=1 collision_free_step_size=1 descent_step_size=0.25 final_step_size=0.25)
[2026-09-23 13:36:52.726] [polyfem] [debug] Min distance: 0.0018657005132088394
[2026-09-23 13:36:52.726] [polyfem] [debug] [SparseProjectedNewton][Backtracking] iters=62 f=0.00895652 Δf=3.09415e-05 ‖∇f‖=0.0229464 ‖Δx‖=0.0838897 Δx⋅∇f(x)=-6.39933e-05 (stopping criteria: iters=5000 f=1.55033e-310 Δf=0 ‖∇f‖=0.01 ‖Δx‖=0 Δx⋅∇f(x)=-0)
[2026-09-23 13:36:52.932] [polyfem] [debug] Line search finished (nan_free_step_size=1 collision_free_step_size=1 descent_step_size=1 final_step_size=1)
[2026-09-23 13:36:52.932] [polyfem] [debug] Min distance: 0.0019057269973088637
[2026-09-23 13:36:52.932] [polyfem] [debug] [SparseProjectedNewton][Backtracking] iters=63 f=0.00894516 Δf=1.13633e-05 ‖∇f‖=0.0561069 ‖Δx‖=0.0457961 Δx⋅∇f(x)=-3.58885e-05 (stopping criteria: iters=5000 f=1.55033e-310 Δf=0 ‖∇f‖=0.01 ‖Δx‖=0 Δx⋅∇f(x)=-0)
[2026-09-23 13:36:53.184] [polyfem] [debug] Line search finished (nan_free_step_size=1 collision_free_step_size=0.875 descent_step_size=0.0546875 final_step_size=0.0546875)
[2026-09-23 13:36:53.184] [polyfem] [debug] Min distance: 0.0019029808705490977
[2026-09-23 13:36:53.184] [polyfem] [debug] [SparseProjectedNewton][Backtracking] iters=64 f=0.00891761 Δf=2.7546e-05 ‖∇f‖=0.0332132 ‖Δx‖=0.0487273 Δx⋅∇f(x)=-3.35107e-05 (stopping criteria: iters=5000 f=1.55033e-310 Δf=0 ‖∇f‖=0.01 ‖Δx‖=0 Δx⋅∇f(x)=-0)
[2026-09-23 13:36:53.380] [polyfem] [debug] Line search finished (nan_free_step_size=1 collision_free_step_size=1 descent_step_size=1 final_step_size=1)
[2026-09-23 13:36:53.381] [polyfem] [debug] Min distance: 0.001900730480538353
[2026-09-23 13:36:53.381] [polyfem] [debug] [SparseProjectedNewton][Backtracking] iters=65 f=0.00891724 Δf=3.71114e-07 ‖∇f‖=0.0417753 ‖Δx‖=0.0372549 Δx⋅∇f(x)=-2.2434e-05 (stopping criteria: iters=5000 f=1.55033e-310 Δf=0 ‖∇f‖=0.01 ‖Δx‖=0 Δx⋅∇f(x)=-0)
[2026-09-23 13:36:53.610] [polyfem] [debug] Line search finished (nan_free_step_size=1 collision_free_step_size=1 descent_step_size=0.25 final_step_size=0.25)
[2026-09-23 13:36:53.610] [polyfem] [debug] Min distance: 0.0019086474123570527
[2026-09-23 13:36:53.610] [polyfem] [debug] [SparseProjectedNewton][Backtracking] iters=66 f=0.0089034 Δf=1.38384e-05 ‖∇f‖=0.0257737 ‖Δx‖=0.0232954 Δx⋅∇f(x)=-7.3703e-06 (stopping criteria: iters=5000 f=1.55033e-310 Δf=0 ‖∇f‖=0.01 ‖Δx‖=0 Δx⋅∇f(x)=-0)
[2026-09-23 13:36:53.812] [polyfem] [debug] Line search finished (nan_free_step_size=1 collision_free_step_size=1 descent_step_size=1 final_step_size=1)
[2026-09-23 13:36:53.812] [polyfem] [debug] Min distance: 0.0019162360062460109
[2026-09-23 13:36:53.812] [polyfem] [debug] [SparseProjectedNewton][Backtracking] iters=67 f=0.00890244 Δf=9.60755e-07 ‖∇f‖=0.0281865 ‖Δx‖=0.0197549 Δx⋅∇f(x)=-6.38232e-06 (stopping criteria: iters=5000 f=1.55033e-310 Δf=0 ‖∇f‖=0.01 ‖Δx‖=0 Δx⋅∇f(x)=-0)
[2026-09-23 13:36:53.817] [polyfem] [info] [SparseProjectedNewton][Backtracking] Finished: Gradient vector norm too small took 16.1479s (iters=68 f=0.00889767 Δf=4.77539e-06 ‖∇f‖=0.00896463 ‖Δx‖=nan Δx⋅∇f(x)=nan) (stopping criteria: iters=5000 f=1.55033e-310 Δf=0 ‖∇f‖=0.01 ‖Δx‖=0 Δx⋅∇f(x)=-0)
[2026-09-23 13:36:53.817] [polyfem] [debug] [[35mtiming[0m] f: 9.53e-02s, grad_f: 2.20e-01s, update_direction: 7.34e+00s, line_search: 8.47e+00s, constraint_set_update: 6.07e-01s
[2026-09-23 13:36:53.817] [polyfem] [debug] [[35mtiming[0m][SparseProjectedNewton] assembly: 5.40e+00s; linear_solve: 1.89e+00s
[2026-09-23 13:36:53.817] [polyfem] [debug] [[35mtiming[0m][Backtracking] constraint_set_update 2.68e+00s, checking_for_nan_inf 9.99e-02s, broad_phase_ccd 4.07e+00s, narrow_phase_ccd 9.71e-01s, classical_line_search 2.97e+00s
phase 1 (substep 0, reduced): ok  newton 68  minimize 1  post_steps 69  energy 0.0088976680749169139  |grad| 0.00896463  status 4  wall 16.86 s  cpu 16.73 s
final: phases 2/2  newton 81  post_steps 83  intersections none
preview ring: latest seq 82, max |preview - final| 0
time: begin+phases wall 22.00 s, cpu 21.84 s; process cpu 21.88 s; peak working set 60.7 MB
sdf grid: voxel 0.01  bricks 559 (286208 voxels)  2.20 MB  distance queries 286208  winding queries 286208  fill 1.00 s
