# g6g0 c0-double-psd: C:/b/g6g0/fit_native.exe --phases 1 --out C:/b/g6g0-out/c0-double-psd  env: G6G_FORMS=double  (cap 300s)  2026-09-23T10:02:52-07:00
inputs: avatar 5128 v / 10171 f, garment 2682 v / 5220 f, skeleton 15 v / 14 b, no-fit 2005, float32 yes, harness file opens 7
[2026-09-23 10:02:52.521] [polyfem] [info] Solver Eigen::SimplicialLDLT is the highest priority available solver; using it.
[2026-09-23 10:02:52.878] [polyfem] [info] Preserving texture coordinates and material data during avatar projection
[2026-09-23 10:02:52.878] [polyfem] [info] Normals will be recomputed after projection to match the new geometry
[2026-09-23 10:02:52.879] [polyfem] [info] Preserving mesh topology - skipping iterative distance reduction
[2026-09-23 10:02:52.880] [polyfem] [info] Shrunk avatar blended 0.010 toward the target body (0 = fully collapsed onto the skeleton, 1 = no shrink)
[2026-09-23 10:02:53.019] [polyfem] [debug] curve 0 has 3 bone intersections
[2026-09-23 10:02:53.019] [polyfem] [debug] curve normal [-0.011034943664410036, 0.055700501234311195, -0.9983865404644485]
[2026-09-23 10:02:53.019] [polyfem] [debug] CurveTargetForm set curve center to bone 15 - 16, direction is [-0.011034943664410032, 0.055700501234311174, -0.9983865404644484]
[2026-09-23 10:02:53.019] [polyfem] [debug] curve 1 has 1 bone intersections
[2026-09-23 10:02:53.019] [polyfem] [debug] curve normal [0.004042139558851457, -0.06527869003077968, 0.9978588846804203]
[2026-09-23 10:02:53.019] [polyfem] [debug] CurveTargetForm set curve center to bone 0 - 1, direction is [-0.011034943664410032, 0.055700501234311174, -0.9983865404644484]
[2026-09-23 10:02:53.019] [polyfem] [info] Start substep 1 out of 2
[2026-09-23 10:02:53.312] [polyfem] [debug] Set initial AL weight to 1
[2026-09-23 10:02:54.229] [polyfem] [debug] Solving AL Problem with weight 1
[2026-09-23 10:02:54.440] [polyfem] [debug] Starting SparseProjectedNewton with Backtracking solve f₀=53.6213 (stopping criteria: iters=50 f=9.97975e-311 Δf=0 ‖∇f‖=1 ‖Δx‖=0 Δx⋅∇f(x)=-0)
[2026-09-23 10:02:54.452] [polyfem] [debug] [g6g-it] iter=0 strategy=SparseProjectedNewton f=53.621289260257349 grad_norm=214.48515704102945
[2026-09-23 10:02:56.528] [polyfem] [debug] Line search finished (nan_free_step_size=1 collision_free_step_size=0.5 descent_step_size=0.5 final_step_size=0.5)
[2026-09-23 10:02:56.528] [polyfem] [debug] [SparseProjectedNewton][Backtracking] iters=0 f=53.6213 Δf=nan ‖∇f‖=214.485 ‖Δx‖=16.9839 Δx⋅∇f(x)=-107.243 (stopping criteria: iters=50 f=9.97975e-311 Δf=0 ‖∇f‖=1 ‖Δx‖=0 Δx⋅∇f(x)=-0)
[2026-09-23 10:02:56.534] [polyfem] [debug] [g6g-it] iter=1 strategy=SparseProjectedNewton f=13.412437256532842 grad_norm=106.63009975025089
[2026-09-23 10:02:57.987] [polyfem] [debug] Line search finished (nan_free_step_size=0.1968228462035182 collision_free_step_size=0.08284242843136362 descent_step_size=0.08284242843136362 final_step_size=0.08284242843136362)
[2026-09-23 10:02:57.987] [polyfem] [debug] Min distance: 0.00044417616983655835
[2026-09-23 10:02:57.987] [polyfem] [debug] [SparseProjectedNewton][Backtracking] iters=1 f=13.4124 Δf=40.2089 ‖∇f‖=106.63 ‖Δx‖=75.3337 Δx⋅∇f(x)=-26.9463 (stopping criteria: iters=50 f=9.97975e-311 Δf=0 ‖∇f‖=1 ‖Δx‖=0 Δx⋅∇f(x)=-0)
[2026-09-23 10:02:57.994] [polyfem] [debug] [g6g-it] iter=2 strategy=SparseProjectedNewton f=11.315965386969127 grad_norm=112.71280064728154
[2026-09-23 10:02:59.038] [polyfem] [debug] Line search finished (nan_free_step_size=0.5740885180753288 collision_free_step_size=0.03251673246911042 descent_step_size=0.03251673246911042 final_step_size=0.03251673246911042)
[2026-09-23 10:02:59.038] [polyfem] [debug] Min distance: 0.0004625790561848787
[2026-09-23 10:02:59.038] [polyfem] [debug] [SparseProjectedNewton][Backtracking] iters=2 f=11.316 Δf=2.09647 ‖∇f‖=112.713 ‖Δx‖=18.2691 Δx⋅∇f(x)=-22.6331 (stopping criteria: iters=50 f=9.97975e-311 Δf=0 ‖∇f‖=1 ‖Δx‖=0 Δx⋅∇f(x)=-0)
[2026-09-23 10:02:59.043] [polyfem] [debug] [g6g-it] iter=3 strategy=SparseProjectedNewton f=10.606735042045175 grad_norm=109.01763581743026
[2026-09-23 10:03:00.165] [polyfem] [debug] Line search finished (nan_free_step_size=1 collision_free_step_size=0.1171875 descent_step_size=0.1171875 final_step_size=0.1171875)
[2026-09-23 10:03:00.166] [polyfem] [debug] Min distance: 0.000386455629106767
[2026-09-23 10:03:00.166] [polyfem] [debug] [SparseProjectedNewton][Backtracking] iters=3 f=10.6067 Δf=0.70923 ‖∇f‖=109.018 ‖Δx‖=6.64958 Δx⋅∇f(x)=-21.1866 (stopping criteria: iters=50 f=9.97975e-311 Δf=0 ‖∇f‖=1 ‖Δx‖=0 Δx⋅∇f(x)=-0)
[2026-09-23 10:03:00.174] [polyfem] [debug] [g6g-it] iter=4 strategy=SparseProjectedNewton f=8.2809508712116884 grad_norm=97.666203484609255
[2026-09-23 10:03:00.961] [polyfem] [debug] Line search finished (nan_free_step_size=1 collision_free_step_size=0.5625 descent_step_size=0.5625 final_step_size=0.5625)
[2026-09-23 10:03:00.961] [polyfem] [debug] Min distance: 0.0004449908211275677
[2026-09-23 10:03:00.961] [polyfem] [debug] [SparseProjectedNewton][Backtracking] iters=4 f=8.28095 Δf=2.32578 ‖∇f‖=97.6662 ‖Δx‖=3.28636 Δx⋅∇f(x)=-16.5228 (stopping criteria: iters=50 f=9.97975e-311 Δf=0 ‖∇f‖=1 ‖Δx‖=0 Δx⋅∇f(x)=-0)
[2026-09-23 10:03:00.969] [polyfem] [debug] [g6g-it] iter=5 strategy=SparseProjectedNewton f=1.6036140597935682 grad_norm=48.982382902653207
[2026-09-23 10:03:01.541] [polyfem] [debug] Line search finished (nan_free_step_size=1 collision_free_step_size=0.71875 descent_step_size=0.71875 final_step_size=0.71875)
[2026-09-23 10:03:01.541] [polyfem] [debug] Min distance: 0.0008200830866300709
[2026-09-23 10:03:01.541] [polyfem] [debug] [SparseProjectedNewton][Backtracking] iters=5 f=1.60361 Δf=6.67734 ‖∇f‖=48.9824 ‖Δx‖=1.87071 Δx⋅∇f(x)=-3.18739 (stopping criteria: iters=50 f=9.97975e-311 Δf=0 ‖∇f‖=1 ‖Δx‖=0 Δx⋅∇f(x)=-0)
[2026-09-23 10:03:01.547] [polyfem] [debug] [g6g-it] iter=6 strategy=SparseProjectedNewton f=0.15101885962487133 grad_norm=31.010013233662669
[2026-09-23 10:03:02.019] [polyfem] [debug] Line search finished (nan_free_step_size=1 collision_free_step_size=1 descent_step_size=1 final_step_size=1)
[2026-09-23 10:03:02.019] [polyfem] [debug] Min distance: 0.00141240809312752
[2026-09-23 10:03:02.019] [polyfem] [debug] [SparseProjectedNewton][Backtracking] iters=6 f=0.151019 Δf=1.4526 ‖∇f‖=31.01 ‖Δx‖=0.412824 Δx⋅∇f(x)=-0.28856 (stopping criteria: iters=50 f=9.97975e-311 Δf=0 ‖∇f‖=1 ‖Δx‖=0 Δx⋅∇f(x)=-0)
[2026-09-23 10:03:02.026] [polyfem] [debug] [g6g-it] iter=7 strategy=SparseProjectedNewton f=0.0033974320464197488 grad_norm=7.0965932490628543
[2026-09-23 10:03:02.462] [polyfem] [debug] Line search finished (nan_free_step_size=1 collision_free_step_size=1 descent_step_size=1 final_step_size=1)
[2026-09-23 10:03:02.463] [polyfem] [debug] Min distance: 0.0017052351772717223
[2026-09-23 10:03:02.463] [polyfem] [debug] [SparseProjectedNewton][Backtracking] iters=7 f=0.00339743 Δf=0.147621 ‖∇f‖=7.09659 ‖Δx‖=0.140878 Δx⋅∇f(x)=-0.003987 (stopping criteria: iters=50 f=9.97975e-311 Δf=0 ‖∇f‖=1 ‖Δx‖=0 Δx⋅∇f(x)=-0)
[2026-09-23 10:03:02.469] [polyfem] [debug] [g6g-it] iter=8 strategy=SparseProjectedNewton f=0.0010556693823613611 grad_norm=1.5443037397468486
[2026-09-23 10:03:02.940] [polyfem] [debug] Line search finished (nan_free_step_size=1 collision_free_step_size=1 descent_step_size=1 final_step_size=1)
[2026-09-23 10:03:02.940] [polyfem] [debug] Min distance: 0.001535597388525553
[2026-09-23 10:03:02.940] [polyfem] [debug] [SparseProjectedNewton][Backtracking] iters=8 f=0.00105567 Δf=0.00234176 ‖∇f‖=1.5443 ‖Δx‖=0.273341 Δx⋅∇f(x)=-0.000644973 (stopping criteria: iters=50 f=9.97975e-311 Δf=0 ‖∇f‖=1 ‖Δx‖=0 Δx⋅∇f(x)=-0)
[2026-09-23 10:03:02.945] [polyfem] [debug] [g6g-it] iter=9 strategy=SparseProjectedNewton f=0.00093586647877255962 grad_norm=1.7754284455203264
[2026-09-23 10:03:03.426] [polyfem] [debug] Line search finished (nan_free_step_size=1 collision_free_step_size=1 descent_step_size=1 final_step_size=1)
[2026-09-23 10:03:03.427] [polyfem] [debug] Min distance: 0.0018676726790889794
[2026-09-23 10:03:03.427] [polyfem] [debug] [SparseProjectedNewton][Backtracking] iters=9 f=0.000935866 Δf=0.000119803 ‖∇f‖=1.77543 ‖Δx‖=0.284742 Δx⋅∇f(x)=-0.000739322 (stopping criteria: iters=50 f=9.97975e-311 Δf=0 ‖∇f‖=1 ‖Δx‖=0 Δx⋅∇f(x)=-0)
[2026-09-23 10:03:03.436] [polyfem] [debug] [g6g-it] iter=10 strategy=SparseProjectedNewton f=0.00048603156308044793 grad_norm=0.25002031850469558
[2026-09-23 10:03:03.436] [polyfem] [info] [SparseProjectedNewton][Backtracking] Finished: Gradient vector norm too small took 8.99802s (iters=10 f=0.000486032 Δf=0.000449835 ‖∇f‖=0.25002 ‖Δx‖=nan Δx⋅∇f(x)=nan) (stopping criteria: iters=50 f=9.97975e-311 Δf=0 ‖∇f‖=1 ‖Δx‖=0 Δx⋅∇f(x)=-0)
[2026-09-23 10:03:03.436] [polyfem] [debug] [[35mtiming[0m] f: 2.21e-02s, grad_f: 5.45e-02s, update_direction: 3.60e+00s, line_search: 5.31e+00s, constraint_set_update: 3.63e-04s
[2026-09-23 10:03:03.436] [polyfem] [debug] [[35mtiming[0m][SparseProjectedNewton] assembly: 2.35e+00s; linear_solve: 1.24e+00s
[2026-09-23 10:03:03.436] [polyfem] [debug] [[35mtiming[0m][Backtracking] constraint_set_update 3.04e-01s, checking_for_nan_inf 1.92e-02s, broad_phase_ccd 2.38e+00s, narrow_phase_ccd 2.51e+00s, classical_line_search 3.27e-01s
[2026-09-23 10:03:03.439] [polyfem] [debug] Current eta = 0.999993994574943
begin: ok  wall 0.50 s  cpu 0.53 s
normalisation: target_scale 0.43371484168229041 center (-0.00084284048782763449, 0.0069841528065407738, -1.956651425224248) source_scale 0.90869314092562126
phase 0 (substep 0, AL): ok  newton 10  minimize 1  post_steps 11  energy 0.00048603156308044793  |grad| 0.25002  status 4  wall 10.52 s  cpu 10.25 s
final: phases 1/4  newton 10  post_steps 11  intersections none
preview ring: latest seq 10, max |preview - final| 0
time: begin+phases wall 11.09 s, cpu 10.83 s; process cpu 10.94 s; peak working set 130.2 MB
sdf grid: voxel 0.01  bricks 0 (0 voxels)  0.00 MB  distance queries 0  winding queries 0  fill 0.00 s
[g6g] config forms=double ccd=ticcd audit=0 df_bits=48 bound_ub=2^-44
# exit 0  wall 11.35 s
